11-27 10:03:10.728  2302  2343 D MTProto : res -> TL_help_countriesList : {"countries":[{"country_codes":[{"country_code":"376","flags":2,"patterns":["XX XX XX"],"prefixes":[]}],"default_name":"Andorra","flags":0,"hidden":false,"iso2":"AD"},{"country_codes":[{"country_code":"971","flags":2,"patterns":["XX XXX XXXX"],"prefixes":[]}],"default_name":"United Arab Emirates","flags":0,"hidden":false,"iso2":"AE"},{"country_codes":[{"country_code":"93","flags":2,"patterns":["XXX XXX XXX"],"prefixes":[]}],"default_name":"Afghanistan","flags":0,"hidden":false,"iso2":"AF"},{"country_codes":[{"country_code":"1268","flags":2,"patterns":["XXX XXXX"],"prefixes":[]}],"default_name":"Antigua \u0026 Barbuda","flags":0,"hidden":false,"iso2":"AG"},{"country_codes":[{"country_code":"1264","flags":2,"patterns":["XXX XXXX"],"prefixes":[]}],"default_name":"Anguilla","flags":0,"hidden":false,"iso2":"AI"},{"country_codes":[{"country_code":"355","flags":2,"patterns":["XX XXX XXXX"],"prefixes":[]}],"default_name":"Albania","flags":0,"hidden":false,"iso2":"AL"},{"country_codes":[{"country_code":"374","flags":2,"patterns":["XX XXX XXX"],"prefixes":[]}],"default_name":"Armenia","flags":0,"hidden":false,"iso2":"AM"},{"country_codes":[{"country_code":"244","flags":2,"patterns":["XXX XXX XXX"],"prefixes":[]}],"default_name":"Angola","flags":0,"hidden":false,"iso2":"AO"},{"country_codes":[{"country_code":"54","flags":0,"patterns":[],"prefixes":[]}],"default_name":"Argentina","flags":0,"hidden":false,"iso2":"AR"},{"country_codes":[{"country_code":"1684","flags":2,"patterns":["XXX XXXX"],"prefixes":[]}],"default_name":"American Samoa","flags":0,"hidden":false,"iso2":"AS"},{"country_codes":[{"country_code":"43","flags":2,"patterns":["XXX XXXXXX"],"prefixes":[]}],"default_name":"Austria","flags":0,"hidden":false,"iso2":"AT"},{"country_codes":[{"country_code":"61","flags":2,"patterns":["X XXXX XXXX"],"prefixes":[]}],"default_name":"Australia","flags":0,"hidden":false,"iso2":"AU"},{"country_codes":[{"country_code":"297","flags":2,"patterns":["XXX XXXX"],"prefixes":[]}],"default_name":"Aruba","flags":0,"hidden":false,"iso2":"AW"},{"country_codes":[{"country_code":"994","flags":2,"patterns":["XX XXX XXXX"],"prefixes":[]}],"default_name":"Azerbaijan","flags":0,"hidden":false,"iso2":"AZ"},{"country_codes":[{"country_code":"387","flags":2,"patterns":["XX XXX XXX"],"prefixes":[]}],"default_name":"Bosnia \u0026 Herzegovina","flags":0,"hidden":false,"iso2":"BA"},{"country_codes":[{"country_code":"1246","flags":2,"patterns":["XXX XXXX"],"prefixes":[]}],"default_name":"Barbados","flags":0,"hidden":false,"iso2":"BB"},{"country_codes":[{"country_code":"880","flags":2,"patterns":["XX XXX XXX"],"prefixes":[]}],"default_name":"Bangladesh","flags":0,"hidden":false,"iso2":"BD"},{"country_codes":[{"country_code":"32","flags":2,"patterns":["XXX XX XX XX"],"prefixes":[]}],"default_name":"Belgium","flags":0,"hidden":false,"iso2":"BE"},{"country_codes":[{"country_code":"226","flags":2,"patterns":["XX XX XX XX"],"prefixes":[]}],"default_name":"Burkina Faso","flags":0,"hidden":false,"iso2":"BF"},{"country_codes":[{"country_code":"359","flags":0,"patterns":[],"prefixes":[]}],"default_name":"Bulgaria","flags":0,"hidden":false,"iso2":"BG"},{"country_codes":[{"country_code":"973","flags":2,"patterns":["XXXX XXXX"],"prefixes":[]}],"default_name":"Bahrain","flags":0,"hidden":false,"iso2":"BH"},{"country_codes":[{"country_code":"257","flags":2,"patterns":["XX XX XXXX"],"prefixes":[]}],"default_name":"Burundi","flags":0,"hidden":false,"iso2":"BI"},{"country_codes":[{"country_code":"229","flags":2,"patterns":["XX XXX XXX"],"prefixes":[]}],"default_name":"Benin","flags":0,"hidden":false,"iso2":"BJ"},{"country_codes":[{"country_code":"1441","flags":2,"patterns":["XXX XXXX"],"prefixes":[]}],"default_name":"Bermuda","flags":0,"hidden":false,"iso2":"BM"},{"country_codes":[{"country_code":"673","flags":2,"patterns":["XXX XXXX"],"prefixes":[]}],"default_name":"Brunei Darussalam","flags":0,"hidden":false,"iso2":"BN"},{"country_codes":[{"country_code":"591","flags":2,"patterns":["X XXX XXXX"],"prefixes":[]}
11-27 10:03:10.728  2302  2343 D MTProto :  
11-27 10:03:15.040  2302  2365 D tgnet   : connection(0x710f0f20d6e0) reset last event time, no requests
11-27 10:03:15.040  2302  2365 D tgnet   : [  ConnectionSocket.cpp:1089] connection(0x710f0f20d6e0) reset last event time, no requests
11-27 10:03:18.111  2302  2302 D tmessages: sim status = 0
11-27 10:03:18.990  2302  2302 D tmessages: sim status = 0
11-27 10:03:18.993  2302  2353 D tmessages: send request org.telegram.tgnet.TLRPC$TL_auth_sendCode@3d286a6 with token = 14
11-27 10:03:19.001  2302  2365 D tgnet   : Config(0x710e3f22d700, /data/user/0/org.chatengine.messenger.beta/files/tgnet.dat) config write ok
11-27 10:03:19.001  2302  2365 D tgnet   : [            Config.cpp: 129] Config(0x710e3f22d700, /data/user/0/org.chatengine.messenger.beta/files/tgnet.dat) config write ok
11-27 10:03:19.001  2302  2365 D tgnet   : send request 0x710e4f257710 - 14TL_api_request
11-27 10:03:19.001  2302  2365 D tgnet   : [ConnectionsManager.cpp:1875] send request 0x710e4f257710 - 14TL_api_request
11-27 10:03:19.001  2302  2365 D tgnet   : send request wrapped 0x710e4f257710 - 14TL_api_request
11-27 10:03:19.001  2302  2365 D tgnet   : [ConnectionsManager.cpp:1882] send request wrapped 0x710e4f257710 - 14TL_api_request
11-27 10:03:19.001  2302  2365 D tgnet   : messageId for token = 14, 0x692821e700418800
11-27 10:03:19.001  2302  2365 D tgnet   : [ConnectionsManager.cpp:2609] messageId for token = 14, 0x692821e700418800
11-27 10:03:19.001  2302  2365 D tgnet   : send message (session: 0xabcd1b243292dab5, seqno: 1, messageid: 7577343649076316160  0x692821e700418800): 14TL_api_request(0x710e4f257710)
11-27 10:03:19.001  2302  2365 D tgnet   : [        Datacenter.cpp:1186] send message (session: 0xabcd1b243292dab5, seqno: 1, messageid: 7577343649076316160  0x692821e700418800): 14TL_api_request(0x710e4f257710)
11-27 10:03:19.094  2302  2365 D tgnet   : connection(0x710f0f20d6e0, account0, dc1, type 1) received message len (currentPacketLength) 104 but packet (buffer->remaining()) larger 209
11-27 10:03:19.094  2302  2365 D tgnet   : [        Connection.cpp: 269] connection(0x710f0f20d6e0, account0, dc1, type 1) received message len (currentPacketLength) 104 but packet (buffer->remaining()) larger 209
11-27 10:03:19.094  2302  2365 D tgnet   : connection(0x710f0f20d6e0, account0, dc1, type 1) received object 22TL_new_session_created
11-27 10:03:19.094  2302  2365 D tgnet   : [ConnectionsManager.cpp:1008] connection(0x710f0f20d6e0, account0, dc1, type 1) received object 22TL_new_session_created
11-27 10:03:19.094  2302  2365 D tgnet   : process server response 0x710e5f44c560 - 22TL_new_session_created
11-27 10:03:19.094  2302  2365 D tgnet   : [ConnectionsManager.cpp:1122] process server response 0x710e5f44c560 - 22TL_new_session_created
11-27 10:03:19.094  2302  2365 D tgnet   : connection(0x710f0f20d6e0, account0, dc1, type 1) new session created (first message id: 0x692821e700418800, server salt: 0x7e95388e40d688e9, unique id: 0x112c5995201216ea)
11-27 10:03:19.094  2302  2365 D tgnet   : [ConnectionsManager.cpp:1131] connection(0x710f0f20d6e0, account0, dc1, type 1) new session created (first message id: 0x692821e700418800, server salt: 0x7e95388e40d688e9, unique id: 0x112c5995201216ea)
11-27 10:03:19.100  2302  2365 D tgnet   : Config(0x710e3f22d700, /data/user/0/org.chatengine.messenger.beta/files/tgnet.dat) config write ok
11-27 10:03:19.100  2302  2365 D tgnet   : [            Config.cpp: 129] Config(0x710e3f22d700, /data/user/0/org.chatengine.messenger.beta/files/tgnet.dat) config write ok
11-27 10:03:19.100  2302  2365 D tgnet   : received message len 104 (currentPacketLength) equal to packet size
11-27 10:03:19.100  2302  2365 D tgnet   : [        Connection.cpp: 275] received message len 104 (currentPacketLength) equal to packet size
11-27 10:03:19.108  2302  2365 D tgnet   : received message len 152 (currentPacketLength) equal to packet size
11-27 10:03:19.108  2302  2365 D tgnet   : [        Connection.cpp: 275] received message len 152 (currentPacketLength) equal to packet size
11-27 10:03:19.108  2302  2365 D tgnet   : api request constructor 0x5e002502, don't parse
11-27 10:03:19.108  2302  2365 D tgnet   : [ConnectionsManager.cpp:1096] api request constructor 0x5e002502, don't parse
11-27 10:03:19.108  2302  2365 D tgnet   : connection(0x710f0f20d6e0, account0, dc1, type 1) received object 13TL_rpc_result
11-27 10:03:19.108  2302  2365 D tgnet   : [ConnectionsManager.cpp:1008] connection(0x710f0f20d6e0, account0, dc1, type 1) received object 13TL_rpc_result
11-27 10:03:19.108  2302  2365 D tgnet   : process server response 0x710e4f231df0 - 13TL_rpc_result
11-27 10:03:19.108  2302  2365 D tgnet   : [ConnectionsManager.cpp:1122] process server response 0x710e4f231df0 - 13TL_rpc_result
11-27 10:03:19.108  2302  2365 D tgnet   : message_id 7577343649083520713 connection(0x710f0f20d6e0, account0, dc1, type 1) received rpc_result with 15TL_api_response
11-27 10:03:19.108  2302  2365 D tgnet   : [ConnectionsManager.cpp:1267] message_id 7577343649083520713 connection(0x710f0f20d6e0, account0, dc1, type 1) received rpc_result with 15TL_api_response
11-27 10:03:19.108  2302  2365 D tgnet   : got response for request 0x710e4f257710 - 14TL_api_request
11-27 10:03:19.108  2302  2365 D tgnet   : [ConnectionsManager.cpp:1303] got response for request 0x710e4f257710 - 14TL_api_request
11-27 10:03:19.108  2302  2365 D tmessages: CM java buff saved to /sdcard/Android/data/org.chatengine.messenger.beta/files/buff_1764237799108.bin
11-27 10:03:19.109  2302  2365 D tmessages: java received org.telegram.tgnet.TLRPC$TL_auth_sentCode@4106732 error = null
11-27 10:03:19.112  2302  2343 D MTProto : requestMsgId=124303261873456 requestingTime=118 request_token=14
11-27 10:03:19.112  2302  2343 D MTProto : req -> TL_auth_sendCode : {"api_hash":"014b35b6184100b085b0d0572f9b5103","api_id":4,"phone_number":"6281998219323","settings":{"allow_app_hash":false,"allow_firebase":false,"allow_flashcall":false,"allow_missed_call":false,"app_sandbox":false,"current_number":false,"flags":64,"logout_tokens":[]}}
11-27 10:03:19.112  2302  2343 D MTProto : res -> TL_auth_sentCode : {"flags":6,"next_type":{},"phone_code_hash":"c5235635b742df669bdf194255ee6982","timeout":60,"type":{"apple_signin_allowed":false,"flags":0,"google_signin_allowed":false,"length":5,"next_phone_login_date":0,"push_timeout":0,"reset_available_period":0,"reset_pending_date":0,"verifiedFirebase":false}}
11-27 10:03:19.112  2302  2343 D MTProto :  
11-27 10:03:21.634  2302  2353 D tmessages: send request org.telegram.tgnet.TLRPC$TL_auth_signIn@aee83e4 with token = 15
11-27 10:03:21.634  2302  2365 D tgnet   : send request 0x710e4f22e010 - 14TL_api_request
11-27 10:03:21.634  2302  2365 D tgnet   : [ConnectionsManager.cpp:1875] send request 0x710e4f22e010 - 14TL_api_request
11-27 10:03:21.634  2302  2365 D tgnet   : send request wrapped 0x710e4f22e010 - 14TL_api_request
11-27 10:03:21.634  2302  2365 D tgnet   : [ConnectionsManager.cpp:1882] send request wrapped 0x710e4f22e010 - 14TL_api_request
11-27 10:03:21.634  2302  2365 D tgnet   : messageId for token = 15, 0x692821e9a24dd400
11-27 10:03:21.634  2302  2365 D tgnet   : [ConnectionsManager.cpp:2609] messageId for token = 15, 0x692821e9a24dd400
11-27 10:03:21.634  2302  2365 D tgnet   : send message (session: 0xabcd1b243292dab5, seqno: 3, messageid: 7577343660384965632  0x692821e9a24dd400): 14TL_api_request(0x710e4f22e010)
11-27 10:03:21.634  2302  2365 D tgnet   : [        Datacenter.cpp:1186] send message (session: 0xabcd1b243292dab5, seqno: 3, messageid: 7577343660384965632  0x692821e9a24dd400): 14TL_api_request(0x710e4f22e010)
11-27 10:03:21.751  2302  2365 D tgnet   : received message len 88 (currentPacketLength) equal to packet size
11-27 10:03:21.751  2302  2365 D tgnet   : [        Connection.cpp: 275] received message len 88 (currentPacketLength) equal to packet size
11-27 10:03:21.752  2302  2365 D tgnet   : api request constructor 0x44747e9a, don't parse
11-27 10:03:21.752  2302  2365 D tgnet   : [ConnectionsManager.cpp:1096] api request constructor 0x44747e9a, don't parse
11-27 10:03:21.752  2302  2365 D tgnet   : connection(0x710f0f20d6e0, account0, dc1, type 1) received object 13TL_rpc_result
11-27 10:03:21.752  2302  2365 D tgnet   : [ConnectionsManager.cpp:1008] connection(0x710f0f20d6e0, account0, dc1, type 1) received object 13TL_rpc_result
11-27 10:03:21.752  2302  2365 D tgnet   : process server response 0x710e4f2551f0 - 13TL_rpc_result
11-27 10:03:21.752  2302  2365 D tgnet   : [ConnectionsManager.cpp:1122] process server response 0x710e4f2551f0 - 13TL_rpc_result
11-27 10:03:21.752  2302  2365 D tgnet   : message_id 7577343659013535449 connection(0x710f0f20d6e0, account0, dc1, type 1) received rpc_result with 15TL_api_response
11-27 10:03:21.752  2302  2365 D tgnet   : [ConnectionsManager.cpp:1267] message_id 7577343659013535449 connection(0x710f0f20d6e0, account0, dc1, type 1) received rpc_result with 15TL_api_response
11-27 10:03:21.752  2302  2365 D tgnet   : got response for request 0x710e4f22e010 - 14TL_api_request
11-27 10:03:21.752  2302  2365 D tgnet   : [ConnectionsManager.cpp:1303] got response for request 0x710e4f22e010 - 14TL_api_request
11-27 10:03:21.753  2302  2365 D tmessages: CM java buff saved to /sdcard/Android/data/org.chatengine.messenger.beta/files/buff_1764237801752.bin
11-27 10:03:21.753  2302  2365 D tmessages: java received org.telegram.tgnet.TLRPC$TL_auth_authorizationSignUpRequired@301fa50 error = null
11-27 10:03:21.757  2302  2343 D MTProto : requestMsgId=124303261873456 requestingTime=122 request_token=15
11-27 10:03:21.757  2302  2343 D MTProto : req -> TL_auth_signIn : {"flags":1,"phone_code":"12345","phone_code_hash":"c5235635b742df669bdf194255ee6982","phone_number":"6281998219323"}
11-27 10:03:21.757  2302  2343 D MTProto : res -> TL_auth_authorizationSignUpRequired : {"flags":0}
11-27 10:03:21.757  2302  2343 D MTProto :  
11-27 10:03:25.916  2302  2365 D tgnet   : connection(0x710f0f20d6e0) reset last event time, no requests
11-27 10:03:25.916  2302  2365 D tgnet   : [  ConnectionSocket.cpp:1089] connection(0x710f0f20d6e0) reset last event time, no requests
11-27 10:03:25.916  2302  2365 D tgnet   : send message (session: 0xabcd1b243292dab5, seqno: 4, messageid: 7577343678776015872  0x692821edea7efc00): 24TL_ping_delay_disconnect(0x710e4f25aa10) ping_id: 1
11-27 10:03:25.916  2302  2365 D tgnet   : [        Datacenter.cpp:1184] send message (session: 0xabcd1b243292dab5, seqno: 4, messageid: 7577343678776015872  0x692821edea7efc00): 24TL_ping_delay_disconnect(0x710e4f25aa10) ping_id: 1
11-27 10:03:25.916  2302  2365 D tgnet   : send message (session: 0xabcd1b243292dab5, seqno: 4, messageid: 7577343678776015872  0x692821edea7efc00): 24TL_ping_delay_disconnect(0x710e4f25aa10)
11-27 10:03:25.916  2302  2365 D tgnet   : [        Datacenter.cpp:1186] send message (session: 0xabcd1b243292dab5, seqno: 4, messageid: 7577343678776015872  0x692821edea7efc00): 24TL_ping_delay_disconnect(0x710e4f25aa10)
11-27 10:03:26.012  2302  2365 D tgnet   : received message len 88 (currentPacketLength) equal to packet size
11-27 10:03:26.012  2302  2365 D tgnet   : [        Connection.cpp: 275] received message len 88 (currentPacketLength) equal to packet size
11-27 10:03:26.012  2302  2365 D tgnet   : connection(0x710f0f20d6e0, account0, dc1, type 1) received object 7TL_pong
11-27 10:03:26.012  2302  2365 D tgnet   : [ConnectionsManager.cpp:1008] connection(0x710f0f20d6e0, account0, dc1, type 1) received object 7TL_pong
11-27 10:03:26.012  2302  2365 D tgnet   : process server response 0x710e4f2586d0 - 7TL_pong
11-27 10:03:26.012  2302  2365 D tgnet   : [ConnectionsManager.cpp:1122] process server response 0x710e4f2586d0 - 7TL_pong
11-27 10:03:30.172  2302  2365 D tgnet   : connection(0x710f0f20d6e0) reset last event time, no requests
11-27 10:03:30.172  2302  2365 D tgnet   : [  ConnectionSocket.cpp:1089] connection(0x710f0f20d6e0) reset last event time, no requests
11-27 10:03:30.265  2302  2353 D tmessages: send request org.telegram.tgnet.TLRPC$TL_auth_signUp@e29351e with token = 16
11-27 10:03:30.265  2302  2365 D tgnet   : send request 0x710e4f25a650 - 14TL_api_request
11-27 10:03:30.265  2302  2365 D tgnet   : [ConnectionsManager.cpp:1875] send request 0x710e4f25a650 - 14TL_api_request
11-27 10:03:30.265  2302  2365 D tgnet   : send request wrapped 0x710e4f25a650 - 14TL_api_request
11-27 10:03:30.265  2302  2365 D tgnet   : [ConnectionsManager.cpp:1882] send request wrapped 0x710e4f25a650 - 14TL_api_request
11-27 10:03:30.265  2302  2365 D tgnet   : messageId for token = 16, 0x692821f243d70c00
11-27 10:03:30.265  2302  2365 D tgnet   : [ConnectionsManager.cpp:2609] messageId for token = 16, 0x692821f243d70c00
11-27 10:03:30.265  2302  2365 D tgnet   : send message (session: 0xabcd1b243292dab5, seqno: 5, messageid: 7577343697454828544  0x692821f243d70c00): 14TL_api_request(0x710e4f25a650)
11-27 10:03:30.265  2302  2365 D tgnet   : [        Datacenter.cpp:1186] send message (session: 0xabcd1b243292dab5, seqno: 5, messageid: 7577343697454828544  0x692821f243d70c00): 14TL_api_request(0x710e4f25a650)
11-27 10:03:30.404  2302  2365 D tgnet   : received message len 152 (currentPacketLength) equal to packet size
11-27 10:03:30.404  2302  2365 D tgnet   : [        Connection.cpp: 275] received message len 152 (currentPacketLength) equal to packet size
11-27 10:03:30.404  2302  2365 D tgnet   : api request constructor 0x2ea2c0d4, don't parse
11-27 10:03:30.404  2302  2365 D tgnet   : [ConnectionsManager.cpp:1096] api request constructor 0x2ea2c0d4, don't parse
11-27 10:03:30.404  2302  2365 D tgnet   : connection(0x710f0f20d6e0, account0, dc1, type 1) received object 13TL_rpc_result
11-27 10:03:30.404  2302  2365 D tgnet   : [ConnectionsManager.cpp:1008] connection(0x710f0f20d6e0, account0, dc1, type 1) received object 13TL_rpc_result
11-27 10:03:30.404  2302  2365 D tgnet   : process server response 0x710e4f2615b0 - 13TL_rpc_result
11-27 10:03:30.404  2302  2365 D tgnet   : [ConnectionsManager.cpp:1122] process server response 0x710e4f2615b0 - 13TL_rpc_result
11-27 10:03:30.404  2302  2365 D tgnet   : message_id 7577343696940529409 connection(0x710f0f20d6e0, account0, dc1, type 1) received rpc_result with 15TL_api_response
11-27 10:03:30.404  2302  2365 D tgnet   : [ConnectionsManager.cpp:1267] message_id 7577343696940529409 connection(0x710f0f20d6e0, account0, dc1, type 1) received rpc_result with 15TL_api_response
11-27 10:03:30.404  2302  2365 D tgnet   : got response for request 0x710e4f25a650 - 14TL_api_request
11-27 10:03:30.404  2302  2365 D tgnet   : [ConnectionsManager.cpp:1303] got response for request 0x710e4f25a650 - 14TL_api_request
11-27 10:03:30.404  2302  2365 D tmessages: CM java buff saved to /sdcard/Android/data/org.chatengine.messenger.beta/files/buff_1764237810404.bin
11-27 10:03:30.406  2302  2365 D tmessages: java received org.telegram.tgnet.TLRPC$TL_auth_authorization@64aaf1b error = null
11-27 10:03:30.420  2302  2343 D MTProto : requestMsgId=124303261873456 requestingTime=155 request_token=16
11-27 10:03:30.421  2302  2343 D MTProto : req -> TL_auth_signUp : {"first_name":"U","last_name":"6","phone_code_hash":"c5235635b742df669bdf194255ee6982","phone_number":"6281998219323"}
11-27 10:03:30.421  2302  2343 D MTProto : res -> TL_auth_authorization : {"flags":0,"otherwise_relogin_days":0,"setup_password_required":false,"tmp_sessions":0,"user":{"access_hash":1249598286941389209,"apply_min_photo":false,"attach_menu_enabled":false,"bot":false,"bot_attach_menu":false,"bot_chat_history":false,"bot_info_version":0,"bot_inline_geo":false,"bot_menu_webview":false,"bot_nochats":false,"contact":true,"deleted":false,"explicit_content":false,"fake":false,"first_name":"U","flags":7255,"flags2":0,"id":1271292217,"inactive":false,"last_name":"6","min":false,"mutual_contact":true,"premium":false,"restricted":false,"restriction_reason":[],"scam":false,"self":true,"status":{"expires":1764237870},"support":false,"usernames":[],"verified":false}}
11-27 10:03:30.421  2302  2343 D MTProto :  
11-27 10:03:30.656  2302  2353 D tmessages: send request org.telegram.tgnet.TLRPC$TL_help_getPromoData@47068c4 with token = 17
11-27 10:03:30.656  2302  2365 D tgnet   : send request 0x710e4f260470 - 14TL_api_request
11-27 10:03:30.656  2302  2365 D tgnet   : [ConnectionsManager.cpp:1875] send request 0x710e4f260470 - 14TL_api_request
11-27 10:03:30.656  2302  2365 D tgnet   : send request wrapped 0x710e4f260470 - 14TL_api_request
11-27 10:03:30.656  2302  2365 D tgnet   : [ConnectionsManager.cpp:1882] send request wrapped 0x710e4f260470 - 14TL_api_request
11-27 10:03:30.656  2302  2365 D tgnet   : messageId for token = 17, 0x692821f2a7efa000
11-27 10:03:30.656  2302  2365 D tgnet   : [ConnectionsManager.cpp:2609] messageId for token = 17, 0x692821f2a7efa000
11-27 10:03:30.656  2302  2365 D tgnet   : send message (session: 0xabcd1b243292dab5, seqno: 7, messageid: 7577343699134160896  0x692821f2a7efa000): 14TL_api_request(0x710e4f260470)
11-27 10:03:30.656  2302  2365 D tgnet   : [        Datacenter.cpp:1186] send message (session: 0xabcd1b243292dab5, seqno: 7, messageid: 7577343699134160896  0x692821f2a7efa000): 14TL_api_request(0x710e4f260470)
11-27 10:03:30.694  2302  2353 D tmessages: load contacts from cache
11-27 10:03:30.694  2302  2302 D tmessages: onAuthSuccess future_auth_token is empty
11-27 10:03:30.694  2302  2353 D tmessages: send request org.telegram.tgnet.TLRPC$TL_help_getPromoData@b7f9f2e with token = 18
11-27 10:03:30.694  2302  2365 D tgnet   : called from sendRequest
11-27 10:03:30.694  2302  2365 D tgnet   : [ConnectionsManager.cpp:1818] called from sendRequest
11-27 10:03:30.694  2302  2365 D tgnet   : cancelled running rpc request 0x710e4f260470 - 14TL_api_request
11-27 10:03:30.694  2302  2365 D tgnet   : [ConnectionsManager.cpp:2010] cancelled running rpc request 0x710e4f260470 - 14TL_api_request
11-27 10:03:30.694  2302  2365 D tgnet   : send request 0x710e4f260bf0 - 14TL_api_request
11-27 10:03:30.694  2302  2365 D tgnet   : [ConnectionsManager.cpp:1875] send request 0x710e4f260bf0 - 14TL_api_request
11-27 10:03:30.694  2302  2365 D tgnet   : send request wrapped 0x710e4f260bf0 - 14TL_api_request
11-27 10:03:30.694  2302  2365 D tgnet   : [ConnectionsManager.cpp:1882] send request wrapped 0x710e4f260bf0 - 14TL_api_request
11-27 10:03:30.694  2302  2365 D tgnet   : messageId for token = 18, 0x692821f2b1a9fc00
11-27 10:03:30.694  2302  2365 D tgnet   : [ConnectionsManager.cpp:2609] messageId for token = 18, 0x692821f2b1a9fc00
11-27 10:03:30.694  2302  2365 D tgnet   : send message (session: 0xabcd1b243292dab5, seqno: 9, messageid: 7577343699297369088  0x692821f2b1a9fc00): 14TL_api_request(0x710e4f260bf0)
11-27 10:03:30.694  2302  2365 D tgnet   : [        Datacenter.cpp:1186] send message (session: 0xabcd1b243292dab5, seqno: 9, messageid: 7577343699297369088  0x692821f2b1a9fc00): 14TL_api_request(0x710e4f260bf0)
11-27 10:03:30.695  2302  2365 D tgnet   : messageId for token = 50000000, 0x692821f2b1eb8400
11-27 10:03:30.695  2302  2365 D tgnet   : [ConnectionsManager.cpp:2609] messageId for token = 50000000, 0x692821f2b1eb8400
11-27 10:03:30.695  2302  2365 E tgnet   : connection(0x692821f2b1a9fc00) request (msg_id: 0)
11-27 10:03:30.695  2302  2365 E tgnet   : connection(0x710f0f20d6e0) (type: 1 == 1 && num: 0 == 0) || (token: 1 == 1)
11-27 10:03:30.695  2302  2365 D tgnet   : send message (session: 0xabcd1b243292dab5, seqno: 11, messageid: 7577343699301663744  0x692821f2b1eb8400): 18TL_rpc_drop_answer(0x710e4f260d10)
11-27 10:03:30.695  2302  2365 D tgnet   : [        Datacenter.cpp:1186] send message (session: 0xabcd1b243292dab5, seqno: 11, messageid: 7577343699301663744  0x692821f2b1eb8400): 18TL_rpc_drop_answer(0x710e4f260d10)
11-27 10:03:30.695  2302  2353 D tmessages: send request org.telegram.tgnet.TLRPC$TL_account_updateStatus@8120c5c with token = 19
11-27 10:03:30.695  2302  2365 D tgnet   : send request 0x710e4f2611f0 - 14TL_api_request
11-27 10:03:30.695  2302  2365 D tgnet   : [ConnectionsManager.cpp:1875] send request 0x710e4f2611f0 - 14TL_api_request
11-27 10:03:30.695  2302  2353 D tmessages: send request org.telegram.tgnet.TLRPC$TL_help_getTermsOfServiceUpdate@a9b7b65 with token = 20
11-27 10:03:30.695  2302  2365 D tgnet   : send request wrapped 0x710e4f2611f0 - 14TL_api_request
11-27 10:03:30.695  2302  2365 D tgnet   : [ConnectionsManager.cpp:1882] send request wrapped 0x710e4f2611f0 - 14TL_api_request
11-27 10:03:30.695  2302  2365 D tgnet   : messageId for token = 19, 0x692821f2b1eb8404
11-27 10:03:30.696  2302  2365 D tgnet   : [ConnectionsManager.cpp:2609] messageId for token = 19, 0x692821f2b1eb8404
11-27 10:03:30.696  2302  2365 E tgnet   : connection(0x692821f2b1a9fc00) request (msg_id: 0)
11-27 10:03:30.696  2302  2365 E tgnet   : connection(0x710f0f20d6e0) (type: 1 == 1 && num: 0 == 0) || (token: 1 == 1)
11-27 10:03:30.696  2302  2365 D tgnet   : send message (session: 0xabcd1b243292dab5, seqno: 13, messageid: 7577343699301663748  0x692821f2b1eb8404): 14TL_api_request(0x710e4f2611f0)
11-27 10:03:30.696  2302  2365 D tgnet   : [        Datacenter.cpp:1186] send message (session: 0xabcd1b243292dab5, seqno: 13, messageid: 7577343699301663748  0x692821f2b1eb8404): 14TL_api_request(0x710e4f2611f0)
11-27 10:03:30.696  2302  2365 D tgnet   : send request 0x710e4f261eb0 - 14TL_api_request
11-27 10:03:30.696  2302  2365 D tgnet   : [ConnectionsManager.cpp:1875] send request 0x710e4f261eb0 - 14TL_api_request
11-27 10:03:30.696  2302  2365 D tgnet   : send request wrapped 0x710e4f261eb0 - 14TL_api_request
11-27 10:03:30.696  2302  2365 D tgnet   : [ConnectionsManager.cpp:1882] send request wrapped 0x710e4f261eb0 - 14TL_api_request
11-27 10:03:30.696  2302  2365 D tgnet   : messageId for token = 20, 0x692821f2b22d1000
11-27 10:03:30.696  2302  2365 D tgnet   : [ConnectionsManager.cpp:2609] messageId for token = 20, 0x692821f2b22d1000
11-27 10:03:30.696  2302  2365 E tgnet   : connection(0x692821f2b1a9fc00) request (msg_id: 0)
11-27 10:03:30.696  2302  2365 E tgnet   : connection(0x710f0f20d6e0) (type: 1 == 1 && num: 0 == 0) || (token: 1 == 1)
11-27 10:03:30.697  2302  2365 D tgnet   : send message (session: 0xabcd1b243292dab5, seqno: 15, messageid: 7577343699305959424  0x692821f2b22d1000): 14TL_api_request(0x710e4f261eb0)
11-27 10:03:30.697  2302  2365 D tgnet   : [        Datacenter.cpp:1186] send message (session: 0xabcd1b243292dab5, seqno: 15, messageid: 7577343699305959424  0x692821f2b22d1000): 14TL_api_request(0x710e4f261eb0)
11-27 10:03:30.702  2302  2353 D tmessages: send request org.telegram.tgnet.TLRPC$TL_account_getNotifySettings@8ea803a with token = 21
11-27 10:03:30.702  2302  2302 D tmessages: folderId = 0 load cacheOffset = 0 count = 100 cache = true
11-27 10:03:30.702  2302  2365 D tgnet   : send request 0x710e4f261130 - 14TL_api_request
11-27 10:03:30.702  2302  2365 D tgnet   : [ConnectionsManager.cpp:1875] send request 0x710e4f261130 - 14TL_api_request
11-27 10:03:30.702  2302  2353 D tmessages: send request org.telegram.tgnet.TLRPC$TL_account_getNotifySettings@5c674eb with token = 22
11-27 10:03:30.702  2302  2365 D tgnet   : send request wrapped 0x710e4f261130 - 14TL_api_request
11-27 10:03:30.702  2302  2365 D tgnet   : [ConnectionsManager.cpp:1882] send request wrapped 0x710e4f261130 - 14TL_api_request
11-27 10:03:30.702  2302  2365 D tgnet   : messageId for token = 21, 0x692821f2b3b64800
11-27 10:03:30.702  2302  2365 D tgnet   : [ConnectionsManager.cpp:2609] messageId for token = 21, 0x692821f2b3b64800
11-27 10:03:30.702  2302  2353 D tmessages: send request org.telegram.tgnet.TLRPC$TL_account_getNotifySettings@5e19248 with token = 23
11-27 10:03:30.702  2302  2365 E tgnet   : connection(0x692821f2b1a9fc00) request (msg_id: 0)
11-27 10:03:30.702  2302  2365 E tgnet   : connection(0x710f0f20d6e0) (type: 1 == 1 && num: 0 == 0) || (token: 1 == 1)
11-27 10:03:30.702  2302  2365 D tgnet   : send message (session: 0xabcd1b243292dab5, seqno: 17, messageid: 7577343699331729408  0x692821f2b3b64800): 14TL_api_request(0x710e4f261130)
11-27 10:03:30.702  2302  2353 D tmessages: send request org.telegram.tgnet.TLRPC$TL_account_getContactSignUpNotification@74d68e1 with token = 24
11-27 10:03:30.702  2302  2365 D tgnet   : [        Datacenter.cpp:1186] send message (session: 0xabcd1b243292dab5, seqno: 17, messageid: 7577343699331729408  0x692821f2b3b64800): 14TL_api_request(0x710e4f261130)
11-27 10:03:30.702  2302  2353 D tmessages: send request org.telegram.tgnet.TLRPC$TL_help_getInviteText@f06606 with token = 25
11-27 10:03:30.703  2302  2353 D tmessages: send request org.telegram.tgnet.TLRPC$TL_messages_getStickers@41574c7 with token = 26
11-27 10:03:30.703  2302  2365 D tgnet   : send request 0x710e4f2618b0 - 14TL_api_request
11-27 10:03:30.703  2302  2365 D tgnet   : [ConnectionsManager.cpp:1875] send request 0x710e4f2618b0 - 14TL_api_request
11-27 10:03:30.703  2302  2353 D tmessages: send request org.telegram.tgnet.TLRPC$TL_messages_getStickerSet@fa18af4 with token = 27
11-27 10:03:30.703  2302  2365 D tgnet   : send request wrapped 0x710e4f2618b0 - 14TL_api_request
11-27 10:03:30.703  2302  2365 D tgnet   : [ConnectionsManager.cpp:1882] send request wrapped 0x710e4f2618b0 - 14TL_api_request
11-27 10:03:30.703  2302  2365 D tgnet   : messageId for token = 22, 0x692821f2b3f7d000
11-27 10:03:30.703  2302  2353 D tmessages: send request org.telegram.tgnet.TLRPC$TL_messages_getStickerSet@cd6b21d with token = 28
11-27 10:03:30.703  2302  2365 D tgnet   : [ConnectionsManager.cpp:2609] messageId for token = 22, 0x692821f2b3f7d000
11-27 10:03:30.703  2302  2365 E tgnet   : connection(0x692821f2b1a9fc00) request (msg_id: 0)
11-27 10:03:30.703  2302  2353 D tmessages: send request org.telegram.tgnet.TLRPC$TL_messages_getPinnedDialogs@11cdc92 with token = 29
11-27 10:03:30.703  2302  2365 E tgnet   : connection(0x710f0f20d6e0) (type: 1 == 1 && num: 0 == 0) || (token: 1 == 1)
11-27 10:03:30.703  2302  2365 D tgnet   : send message (session: 0xabcd1b243292dab5, seqno: 19, messageid: 7577343699336024064  0x692821f2b3f7d000): 14TL_api_request(0x710e4f2618b0)
11-27 10:03:30.703  2302  2365 D tgnet   : [        Datacenter.cpp:1186] send message (session: 0xabcd1b243292dab5, seqno: 19, messageid: 7577343699336024064  0x692821f2b3f7d000): 14TL_api_request(0x710e4f2618b0)
11-27 10:03:30.703  2302  2365 D tgnet   : send request 0x710e4f260c50 - 14TL_api_request
11-27 10:03:30.703  2302  2365 D tgnet   : [ConnectionsManager.cpp:1875] send request 0x710e4f260c50 - 14TL_api_request
11-27 10:03:30.703  2302  2365 D tgnet   : send request wrapped 0x710e4f260c50 - 14TL_api_request
11-27 10:03:30.703  2302  2365 D tgnet   : [ConnectionsManager.cpp:1882] send request wrapped 0x710e4f260c50 - 14TL_api_request
11-27 10:03:30.703  2302  2365 D tgnet   : messageId for token = 23, 0x692821f2b3f7d004
11-27 10:03:30.703  2302  2365 D tgnet   : [ConnectionsManager.cpp:2609] messageId for token = 23, 0x692821f2b3f7d004
11-27 10:03:30.703  2302  2365 E tgnet   : connection(0x692821f2b1a9fc00) request (msg_id: 0)
11-27 10:03:30.703  2302  2365 E tgnet   : connection(0x710f0f20d6e0) (type: 1 == 1 && num: 0 == 0) || (token: 1 == 1)
11-27 10:03:30.703  2302  2365 D tgnet   : send message (session: 0xabcd1b243292dab5, seqno: 21, messageid: 7577343699336024068  0x692821f2b3f7d004): 14TL_api_request(0x710e4f260c50)
11-27 10:03:30.703  2302  2365 D tgnet   : [        Datacenter.cpp:1186] send message (session: 0xabcd1b243292dab5, seqno: 21, messageid: 7577343699336024068  0x692821f2b3f7d004): 14TL_api_request(0x710e4f260c50)
11-27 10:03:30.704  2302  2365 D tgnet   : send request 0x710e4f260470 - 14TL_api_request
11-27 10:03:30.704  2302  2365 D tgnet   : [ConnectionsManager.cpp:1875] send request 0x710e4f260470 - 14TL_api_request
11-27 10:03:30.704  2302  2365 D tgnet   : send request wrapped 0x710e4f260470 - 14TL_api_request
11-27 10:03:30.704  2302  2365 D tgnet   : [ConnectionsManager.cpp:1882] send request wrapped 0x710e4f260470 - 14TL_api_request
11-27 10:03:30.704  2302  2365 D tgnet   : messageId for token = 24, 0x692821f2b4395800
11-27 10:03:30.704  2302  2365 D tgnet   : [ConnectionsManager.cpp:2609] messageId for token = 24, 0x692821f2b4395800
11-27 10:03:30.704  2302  2365 E tgnet   : connection(0x692821f2b1a9fc00) request (msg_id: 0)
11-27 10:03:30.704  2302  2365 E tgnet   : connection(0x710f0f20d6e0) (type: 1 == 1 && num: 0 == 0) || (token: 1 == 1)
11-27 10:03:30.704  2302  2365 D tgnet   : send message (session: 0xabcd1b243292dab5, seqno: 23, messageid: 7577343699340318720  0x692821f2b4395800): 14TL_api_request(0x710e4f260470)
11-27 10:03:30.704  2302  2365 D tgnet   : [        Datacenter.cpp:1186] send message (session: 0xabcd1b243292dab5, seqno: 23, messageid: 7577343699340318720  0x692821f2b4395800): 14TL_api_request(0x710e4f260470)
11-27 10:03:30.704  2302  2365 D tgnet   : send request 0x710e4f25a650 - 14TL_api_request
11-27 10:03:30.704  2302  2365 D tgnet   : [ConnectionsManager.cpp:1875] send request 0x710e4f25a650 - 14TL_api_request
11-27 10:03:30.704  2302  2365 D tgnet   : send request wrapped 0x710e4f25a650 - 14TL_api_request
11-27 10:03:30.704  2302  2365 D tgnet   : [ConnectionsManager.cpp:1882] send request wrapped 0x710e4f25a650 - 14TL_api_request
11-27 10:03:30.704  2302  2365 D tgnet   : messageId for token = 25, 0x692821f2b4395804
11-27 10:03:30.704  2302  2365 D tgnet   : [ConnectionsManager.cpp:2609] messageId for token = 25, 0x692821f2b4395804
11-27 10:03:30.704  2302  2365 E tgnet   : connection(0x692821f2b1a9fc00) request (msg_id: 0)
11-27 10:03:30.704  2302  2365 E tgnet   : connection(0x710f0f20d6e0) (type: 1 == 1 && num: 0 == 0) || (token: 1 == 1)
11-27 10:03:30.704  2302  2365 D tgnet   : send message (session: 0xabcd1b243292dab5, seqno: 25, messageid: 7577343699340318724  0x692821f2b4395804): 14TL_api_request(0x710e4f25a650)
11-27 10:03:30.704  2302  2365 D tgnet   : [        Datacenter.cpp:1186] send message (session: 0xabcd1b243292dab5, seqno: 25, messageid: 7577343699340318724  0x692821f2b4395804): 14TL_api_request(0x710e4f25a650)
11-27 10:03:30.705  2302  2365 D tgnet   : send request 0x710e4f22beb0 - 14TL_api_request
11-27 10:03:30.705  2302  2365 D tgnet   : [ConnectionsManager.cpp:1875] send request 0x710e4f22beb0 - 14TL_api_request
11-27 10:03:30.705  2302  2365 D tgnet   : send request wrapped 0x710e4f22beb0 - 14TL_api_request
11-27 10:03:30.705  2302  2365 D tgnet   : [ConnectionsManager.cpp:1882] send request wrapped 0x710e4f22beb0 - 14TL_api_request
11-27 10:03:30.705  2302  2365 D tgnet   : messageId for token = 26, 0x692821f2b47ae000
11-27 10:03:30.705  2302  2365 D tgnet   : [ConnectionsManager.cpp:2609] messageId for token = 26, 0x692821f2b47ae000
11-27 10:03:30.705  2302  2365 E tgnet   : connection(0x692821f2b1a9fc00) request (msg_id: 0)
11-27 10:03:30.705  2302  2365 E tgnet   : connection(0x710f0f20d6e0) (type: 1 == 1 && num: 0 == 0) || (token: 1 == 1)
11-27 10:03:30.705  2302  2365 D tgnet   : send message (session: 0xabcd1b243292dab5, seqno: 27, messageid: 7577343699344613376  0x692821f2b47ae000): 14TL_api_request(0x710e4f22beb0)
11-27 10:03:30.705  2302  2365 D tgnet   : [        Datacenter.cpp:1186] send message (session: 0xabcd1b243292dab5, seqno: 27, messageid: 7577343699344613376  0x692821f2b47ae000): 14TL_api_request(0x710e4f22beb0)
11-27 10:03:30.705  2302  2365 D tgnet   : send request 0x710e4f2603b0 - 14TL_api_request
11-27 10:03:30.705  2302  2365 D tgnet   : [ConnectionsManager.cpp:1875] send request 0x710e4f2603b0 - 14TL_api_request
11-27 10:03:30.705  2302  2365 D tgnet   : send request wrapped 0x710e4f2603b0 - 14TL_api_request
11-27 10:03:30.705  2302  2365 D tgnet   : [ConnectionsManager.cpp:1882] send request wrapped 0x710e4f2603b0 - 14TL_api_request
11-27 10:03:30.705  2302  2365 D tgnet   : messageId for token = 27, 0x692821f2b47ae004
11-27 10:03:30.705  2302  2365 D tgnet   : [ConnectionsManager.cpp:2609] messageId for token = 27, 0x692821f2b47ae004
11-27 10:03:30.705  2302  2365 E tgnet   : connection(0x692821f2b1a9fc00) request (msg_id: 0)
11-27 10:03:30.705  2302  2365 E tgnet   : connection(0x710f0f20d6e0) (type: 1 == 1 && num: 0 == 0) || (token: 1 == 1)
11-27 10:03:30.705  2302  2365 D tgnet   : send message (session: 0xabcd1b243292dab5, seqno: 29, messageid: 7577343699344613380  0x692821f2b47ae004): 14TL_api_request(0x710e4f2603b0)
11-27 10:03:30.705  2302  2365 D tgnet   : [        Datacenter.cpp:1186] send message (session: 0xabcd1b243292dab5, seqno: 29, messageid: 7577343699344613380  0x692821f2b47ae004): 14TL_api_request(0x710e4f2603b0)
11-27 10:03:30.705  2302  2365 D tgnet   : send request 0x710e4f25f6f0 - 14TL_api_request
11-27 10:03:30.705  2302  2365 D tgnet   : [ConnectionsManager.cpp:1875] send request 0x710e4f25f6f0 - 14TL_api_request
11-27 10:03:30.705  2302  2365 D tgnet   : send request wrapped 0x710e4f25f6f0 - 14TL_api_request
11-27 10:03:30.705  2302  2365 D tgnet   : [ConnectionsManager.cpp:1882] send request wrapped 0x710e4f25f6f0 - 14TL_api_request
11-27 10:03:30.705  2302  2365 D tgnet   : messageId for token = 28, 0x692821f2b47ae008
11-27 10:03:30.705  2302  2365 D tgnet   : [ConnectionsManager.cpp:2609] messageId for token = 28, 0x692821f2b47ae008
11-27 10:03:30.705  2302  2365 E tgnet   : connection(0x692821f2b1a9fc00) request (msg_id: 0)
11-27 10:03:30.705  2302  2365 E tgnet   : connection(0x710f0f20d6e0) (type: 1 == 1 && num: 0 == 0) || (token: 1 == 1)
11-27 10:03:30.705  2302  2365 D tgnet   : send message (session: 0xabcd1b243292dab5, seqno: 31, messageid: 7577343699344613384  0x692821f2b47ae008): 14TL_api_request(0x710e4f25f6f0)
11-27 10:03:30.705  2302  2365 D tgnet   : [        Datacenter.cpp:1186] send message (session: 0xabcd1b243292dab5, seqno: 31, messageid: 7577343699344613384  0x692821f2b47ae008): 14TL_api_request(0x710e4f25f6f0)
11-27 10:03:30.705  2302  2365 D tgnet   : send request 0x710e4f25f750 - 14TL_api_request
11-27 10:03:30.705  2302  2365 D tgnet   : [ConnectionsManager.cpp:1875] send request 0x710e4f25f750 - 14TL_api_request
11-27 10:03:30.705  2302  2365 D tgnet   : send request wrapped 0x710e4f25f750 - 14TL_api_request
11-27 10:03:30.705  2302  2365 D tgnet   : [ConnectionsManager.cpp:1882] send request wrapped 0x710e4f25f750 - 14TL_api_request
11-27 10:03:30.705  2302  2365 D tgnet   : messageId for token = 29, 0x692821f2b47ae00c
11-27 10:03:30.705  2302  2365 D tgnet   : [ConnectionsManager.cpp:2609] messageId for token = 29, 0x692821f2b47ae00c
11-27 10:03:30.705  2302  2365 E tgnet   : connection(0x692821f2b1a9fc00) request (msg_id: 0)
11-27 10:03:30.705  2302  2365 E tgnet   : connection(0x710f0f20d6e0) (type: 1 == 1 && num: 0 == 0) || (token: 1 == 1)
11-27 10:03:30.705  2302  2365 D tgnet   : send message (session: 0xabcd1b243292dab5, seqno: 33, messageid: 7577343699344613388  0x692821f2b47ae00c): 14TL_api_request(0x710e4f25f750)
11-27 10:03:30.705  2302  2365 D tgnet   : [        Datacenter.cpp:1186] send message (session: 0xabcd1b243292dab5, seqno: 33, messageid: 7577343699344613388  0x692821f2b47ae00c): 14TL_api_request(0x710e4f25f750)
11-27 10:03:30.726  2302  2350 D tmessages: create new database
11-27 10:03:30.754  2302  2365 D tgnet   : received message len 88 (currentPacketLength) equal to packet size
11-27 10:03:30.754  2302  2365 D tgnet   : [        Connection.cpp: 275] received message len 88 (currentPacketLength) equal to packet size
11-27 10:03:30.754  2302  2365 D tgnet   : not found request to parse constructor 0x98f6ac75
11-27 10:03:30.754  2302  2365 D tgnet   : [ConnectionsManager.cpp:1105] not found request to parse constructor 0x98f6ac75
11-27 10:03:30.756  2302  2365 D tmessages: java received unknown constructor 0xf35c6d01
11-27 10:03:30.786  2302  2365 D tgnet   : connection(0x710f0f20d6e0, account0, dc1, type 1) received message len (currentPacketLength) 88 but packet (buffer->remaining()) larger 177
11-27 10:03:30.786  2302  2365 D tgnet   : [        Connection.cpp: 269] connection(0x710f0f20d6e0, account0, dc1, type 1) received message len (currentPacketLength) 88 but packet (buffer->remaining()) larger 177
11-27 10:03:30.786  2302  2365 D tgnet   : connection(0x710f0f20d6e0, account0, dc1, type 1) received object 13TL_rpc_result
11-27 10:03:30.786  2302  2365 D tgnet   : [ConnectionsManager.cpp:1008] connection(0x710f0f20d6e0, account0, dc1, type 1) received object 13TL_rpc_result
11-27 10:03:30.786  2302  2365 D tgnet   : process server response 0x710e4f261df0 - 13TL_rpc_result
11-27 10:03:30.786  2302  2365 D tgnet   : [ConnectionsManager.cpp:1122] process server response 0x710e4f261df0 - 13TL_rpc_result
11-27 10:03:30.786  2302  2365 D tgnet   : message_id 7577343697773098769 connection(0x710f0f20d6e0, account0, dc1, type 1) received rpc_result with 21TL_rpc_answer_unknown
11-27 10:03:30.786  2302  2365 D tgnet   : [ConnectionsManager.cpp:1267] message_id 7577343697773098769 connection(0x710f0f20d6e0, account0, dc1, type 1) received rpc_result with 21TL_rpc_answer_unknown
11-27 10:03:30.786  2302  2365 D tgnet   : got response for request 0x710e4f260d10 - 18TL_rpc_drop_answer
11-27 10:03:30.786  2302  2365 D tgnet   : [ConnectionsManager.cpp:1303] got response for request 0x710e4f260d10 - 18TL_rpc_drop_answer
11-27 10:03:30.786  2302  2365 D tgnet   : received message len 88 (currentPacketLength) equal to packet size
11-27 10:03:30.786  2302  2365 D tgnet   : [        Connection.cpp: 275] received message len 88 (currentPacketLength) equal to packet size
11-27 10:03:30.786  2302  2365 D tgnet   : api request constructor 0x997275b5, don't parse
11-27 10:03:30.786  2302  2365 D tgnet   : [ConnectionsManager.cpp:1096] api request constructor 0x997275b5, don't parse
11-27 10:03:30.786  2302  2365 D tgnet   : connection(0x710f0f20d6e0, account0, dc1, type 1) received object 13TL_rpc_result
11-27 10:03:30.786  2302  2365 D tgnet   : [ConnectionsManager.cpp:1008] connection(0x710f0f20d6e0, account0, dc1, type 1) received object 13TL_rpc_result
11-27 10:03:30.786  2302  2365 D tgnet   : process server response 0x710e4f261df0 - 13TL_rpc_result
11-27 10:03:30.786  2302  2365 D tgnet   : [ConnectionsManager.cpp:1122] process server response 0x710e4f261df0 - 13TL_rpc_result
11-27 10:03:30.786  2302  2365 D tgnet   : message_id 7577343697775195929 connection(0x710f0f20d6e0, account0, dc1, type 1) received rpc_result with 15TL_api_response
11-27 10:03:30.786  2302  2365 D tgnet   : [ConnectionsManager.cpp:1267] message_id 7577343697775195929 connection(0x710f0f20d6e0, account0, dc1, type 1) received rpc_result with 15TL_api_response
11-27 10:03:30.786  2302  2365 D tgnet   : got response for request 0x710e4f2611f0 - 14TL_api_request
11-27 10:03:30.786  2302  2365 D tgnet   : [ConnectionsManager.cpp:1303] got response for request 0x710e4f2611f0 - 14TL_api_request
11-27 10:03:30.786  2302  2365 D tmessages: CM java buff saved to /sdcard/Android/data/org.chatengine.messenger.beta/files/buff_1764237810786.bin
11-27 10:03:30.787  2302  2365 D tmessages: java received org.telegram.tgnet.TLRPC$TL_boolTrue@cedc397 error = null
11-27 10:03:30.787  2302  2343 D MTProto : requestMsgId=124303261873456 requestingTime=92 request_token=19
11-27 10:03:30.787  2302  2343 D MTProto : req -> TL_account_updateStatus : {"offline":false}
11-27 10:03:30.787  2302  2343 D MTProto : res -> TL_boolTrue : {}
11-27 10:03:30.787  2302  2343 D MTProto :  
11-27 10:03:30.789  2302  2353 D tmessages: send request org.telegram.tgnet.TLRPC$TL_langpack_getLanguages@ff29ee with token = 30
11-27 10:03:30.789  2302  2365 D tgnet   : send request 0x710e4f261c70 - 14TL_api_request
11-27 10:03:30.789  2302  2365 D tgnet   : [ConnectionsManager.cpp:1875] send request 0x710e4f261c70 - 14TL_api_request
11-27 10:03:30.789  2302  2365 D tgnet   : send request wrapped 0x710e4f261c70 - 14TL_api_request
11-27 10:03:30.789  2302  2365 D tgnet   : [ConnectionsManager.cpp:1882] send request wrapped 0x710e4f261c70 - 14TL_api_request
11-27 10:03:30.789  2302  2365 D tgnet   : messageId for token = 30, 0x692821f2c9fbe800
11-27 10:03:30.789  2302  2365 D tgnet   : [ConnectionsManager.cpp:2609] messageId for token = 30, 0x692821f2c9fbe800
11-27 10:03:30.789  2302  2365 E tgnet   : connection(0x692821f2b1a9fc00) request (msg_id: 0)
11-27 10:03:30.789  2302  2365 E tgnet   : connection(0x710f0f20d6e0) (type: 1 == 1 && num: 0 == 0) || (token: 1 == 1)
11-27 10:03:30.789  2302  2365 D tgnet   : send message (session: 0xabcd1b243292dab5, seqno: 35, messageid: 7577343699705391104  0x692821f2c9fbe800): 14TL_api_request(0x710e4f261c70)
11-27 10:03:30.789  2302  2365 D tgnet   : [        Datacenter.cpp:1186] send message (session: 0xabcd1b243292dab5, seqno: 35, messageid: 7577343699705391104  0x692821f2c9fbe800): 14TL_api_request(0x710e4f261c70)
11-27 10:03:30.791  2302  2365 D tgnet   : connection(0x710f0f20d6e0, account0, dc1, type 1) received message len (currentPacketLength) 88 but packet (buffer->remaining()) larger 177
11-27 10:03:30.791  2302  2365 D tgnet   : [        Connection.cpp: 269] connection(0x710f0f20d6e0, account0, dc1, type 1) received message len (currentPacketLength) 88 but packet (buffer->remaining()) larger 177
11-27 10:03:30.791  2302  2365 D tgnet   : api request constructor 0xe3309f7f, don't parse
11-27 10:03:30.791  2302  2365 D tgnet   : [ConnectionsManager.cpp:1096] api request constructor 0xe3309f7f, don't parse
11-27 10:03:30.791  2302  2365 D tgnet   : connection(0x710f0f20d6e0, account0, dc1, type 1) received object 13TL_rpc_result
11-27 10:03:30.791  2302  2365 D tgnet   : [ConnectionsManager.cpp:1008] connection(0x710f0f20d6e0, account0, dc1, type 1) received object 13TL_rpc_result
11-27 10:03:30.791  2302  2365 D tgnet   : process server response 0x710e4f261df0 - 13TL_rpc_result
11-27 10:03:30.791  2302  2365 D tgnet   : [ConnectionsManager.cpp:1122] process server response 0x710e4f261df0 - 13TL_rpc_result
11-27 10:03:30.791  2302  2365 D tgnet   : message_id 7577343697777293089 connection(0x710f0f20d6e0, account0, dc1, type 1) received rpc_result with 15TL_api_response
11-27 10:03:30.791  2302  2365 D tgnet   : [ConnectionsManager.cpp:1267] message_id 7577343697777293089 connection(0x710f0f20d6e0, account0, dc1, type 1) received rpc_result with 15TL_api_response
11-27 10:03:30.791  2302  2365 D tgnet   : got response for request 0x710e4f261eb0 - 14TL_api_request
11-27 10:03:30.791  2302  2365 D tgnet   : [ConnectionsManager.cpp:1303] got response for request 0x710e4f261eb0 - 14TL_api_request
11-27 10:03:30.792  2302  2365 D tmessages: CM java buff saved to /sdcard/Android/data/org.chatengine.messenger.beta/files/buff_1764237810791.bin
11-27 10:03:30.792  2302  2365 D tmessages: java received org.telegram.tgnet.TLRPC$TL_help_termsOfServiceUpdateEmpty@76d9525 error = null
11-27 10:03:30.792  2302  2365 D tgnet   : received message len 88 (currentPacketLength) equal to packet size
11-27 10:03:30.792  2302  2365 D tgnet   : [        Connection.cpp: 275] received message len 88 (currentPacketLength) equal to packet size
11-27 10:03:30.792  2302  2365 D tgnet   : api request constructor 0x98f6ac75, don't parse
11-27 10:03:30.792  2302  2365 D tgnet   : [ConnectionsManager.cpp:1096] api request constructor 0x98f6ac75, don't parse
11-27 10:03:30.792  2302  2365 D tgnet   : connection(0x710f0f20d6e0, account0, dc1, type 1) received object 13TL_rpc_result
11-27 10:03:30.792  2302  2365 D tgnet   : [ConnectionsManager.cpp:1008] connection(0x710f0f20d6e0, account0, dc1, type 1) received object 13TL_rpc_result
11-27 10:03:30.792  2302  2365 D tgnet   : process server response 0x710e4f261df0 - 13TL_rpc_result
11-27 10:03:30.792  2302  2365 D tgnet   : [ConnectionsManager.cpp:1122] process server response 0x710e4f261df0 - 13TL_rpc_result
11-27 10:03:30.792  2302  2365 D tgnet   : message_id 7577343697779390249 connection(0x710f0f20d6e0, account0, dc1, type 1) received rpc_result with 15TL_api_response
11-27 10:03:30.792  2302  2365 D tgnet   : [ConnectionsManager.cpp:1267] message_id 7577343697779390249 connection(0x710f0f20d6e0, account0, dc1, type 1) received rpc_result with 15TL_api_response
11-27 10:03:30.792  2302  2365 D tgnet   : got response for request 0x710e4f260bf0 - 14TL_api_request
11-27 10:03:30.792  2302  2365 D tgnet   : [ConnectionsManager.cpp:1303] got response for request 0x710e4f260bf0 - 14TL_api_request
11-27 10:03:30.792  2302  2343 D MTProto : requestMsgId=124303261873456 requestingTime=97 request_token=20
11-27 10:03:30.792  2302  2343 D MTProto : req -> TL_help_getTermsOfServiceUpdate : {}
11-27 10:03:30.792  2302  2343 D MTProto : res -> TL_help_termsOfServiceUpdateEmpty : {"expires":1764241410}
11-27 10:03:30.792  2302  2343 D MTProto :  
11-27 10:03:30.792  2302  2365 D tmessages: CM java buff saved to /sdcard/Android/data/org.chatengine.messenger.beta/files/buff_1764237810792.bin
11-27 10:03:30.792  2302  2365 D tmessages: java received org.telegram.tgnet.TLRPC$TL_help_promoDataEmpty@430c087 error = null
11-27 10:03:30.793  2302  2365 D tgnet   : connection(0x710f0f20d6e0, account0, dc1, type 1) received message len (currentPacketLength) 104 but packet (buffer->remaining()) larger 209
11-27 10:03:30.793  2302  2365 D tgnet   : [        Connection.cpp: 269] connection(0x710f0f20d6e0, account0, dc1, type 1) received message len (currentPacketLength) 104 but packet (buffer->remaining()) larger 209
11-27 10:03:30.793  2302  2365 D tgnet   : api request constructor 0xa83b0426, don't parse
11-27 10:03:30.793  2302  2365 D tgnet   : [ConnectionsManager.cpp:1096] api request constructor 0xa83b0426, don't parse
11-27 10:03:30.793  2302  2365 D tgnet   : connection(0x710f0f20d6e0, account0, dc1, type 1) received object 13TL_rpc_result
