11-27 10:03:32.757  2302  2365 D tgnet   : [ConnectionsManager.cpp:1267] message_id 7577343706264467825 connection(0x710f0f20d6e0, account0, dc1, type 1) received rpc_result with 14TL_gzip_packed
11-27 10:03:32.757  2302  2365 D tgnet   : got response for request 0x710e4f24bfb0 - 14TL_api_request
11-27 10:03:32.757  2302  2365 D tgnet   : [ConnectionsManager.cpp:1303] got response for request 0x710e4f24bfb0 - 14TL_api_request
11-27 10:03:32.757  2302  2365 D tgnet   : api request constructor 0x3371c354, don't parse
11-27 10:03:32.758  2302  2365 D tgnet   : [ConnectionsManager.cpp:1096] api request constructor 0x3371c354, don't parse
11-27 10:03:32.759  2302  2365 D tmessages: CM java buff saved to /sdcard/Android/data/org.chatengine.messenger.beta/files/buff_1764237812758.bin
11-27 10:03:32.759  2302  2365 D tmessages: java received org.telegram.tgnet.TLRPC$TL_messages_peerDialogs@f727d00 error = null
11-27 10:03:32.764  2302  2343 D MTProto : requestMsgId=124303261873456 requestingTime=95 request_token=70
11-27 10:03:32.765  2302  2343 D MTProto : req -> TL_messages_getPeerDialogs : {"peers":[{"peer":{"access_hash":6599886787491911851,"channel_id":0,"chat_id":0,"msg_id":0,"user_id":777000}}]}
11-27 10:03:32.765  2302  2343 D MTProto : res -> TL_messages_peerDialogs : {"chats":[],"dialogs":[{"flags":0,"folder_id":0,"id":0,"isFolder":false,"last_message_date":0,"notify_settings":{"events_mask":0,"flags":0,"mute_until":0,"show_previews":false,"silent":false},"peer":{"channel_id":0,"chat_id":0,"user_id":777000},"pinned":false,"pinnedNum":0,"pts":0,"read_inbox_max_id":0,"read_outbox_max_id":0,"top_message":1,"ttl_period":0,"unread_count":1,"unread_mark":false,"unread_mentions_count":0,"unread_reactions_count":0}],"messages":[{"attachPath":"","date":1764237812,"destroyTime":0,"dialog_id":0,"edit_date":0,"edit_hide":false,"entities":[{"length":11,"offset":0},{"length":3,"offset":22}],"expire_date":0,"flags":128,"forwards":0,"from_id":{"channel_id":0,"chat_id":0,"user_id":777000},"from_scheduled":false,"fwd_msg_id":0,"grouped_id":0,"id":1,"isThreadMessage":false,"layer":0,"legacy":false,"local_id":0,"media_unread":false,"mentioned":false,"noforwards":false,"out":false,"peer_id":{"channel_id":0,"chat_id":0,"user_id":777000},"pinned":false,"post":false,"premiumEffectWasPlayed":false,"random_id":0,"realId":0,"reqId":0,"restriction_reason":[],"send_state":0,"seq_in":0,"seq_out":0,"silent":false,"stickerVerified":1,"topic_start":false,"ttl":0,"ttl_period":0,"unread":false,"via_bot_id":0,"views":0,"voiceTranscriptionFinal":false,"voiceTranscriptionForce":false,"voiceTranscriptionId":0,"voiceTranscriptionOpen":false,"voiceTranscriptionRated":false,"with_my_score":false}],"state":{"date":1764237812,"pts":2,"qts":0,"seq":-1,"unread_count":0},"users":[{"access_hash":1249598286941389209,"apply_min_photo":false,"attach_menu_enabled":false,"bot":false,"bot_attach_menu":false,"bot_chat_history":false,"bot_info_version":0,"bot_inline_geo":false,"bot_menu_webview":false,"bot_nochats":false,"contact":true,"deleted":false,"explicit_content":false,"fake":false,"first_name":"U","flags":7255,"flags2":0,"id":1271292217,"inactive":false,"last_name":"6","min":false,"mutual_contact":true,"premium":false,"restricted":false,"restriction_reason":[],"scam":false,"self":true,"status":{"expires":1764237870},"support":false,"usernames":[],"verified":false},{"access_hash":6599886787491911851,"apply_min_photo":false,"attach_menu_enabled":false,"bot":false,"bot_attach_menu":false,"bot_chat_history":false,"bot_info_version":0,"bot_inline_geo":false,"bot_menu_webview":false,"bot_nochats":false,"contact":false,"deleted":false,"explicit_content":false,"fake":false,"first_name":"Teamgram","flags":131147,"flags2":0,"id":777000,"inactive":false,"min":false,"mutual_contact":false,"premium":false,"restricted":false,"restriction_reason":[],"scam":false,"self":false,"status":{"expires":0},"support":false,"username":"teamgram","usernames":[],"verified":true}]}
11-27 10:03:32.765  2302  2343 D MTProto :  
11-27 10:03:32.765  2302  2353 D tmessages: loaded folderId 0 loadType 3 count 1
11-27 10:03:32.831  2302  2430 D tmessages: file db backup created /data/user/0/org.chatengine.messenger.beta/files/file_to_path_backup.db
11-27 10:03:32.831  2302  2430 D tmessages: files db created from_backup= false
11-27 10:03:32.831  2302  2353 D tmessages: checkMediaExistance size=1 time=65
11-27 10:03:32.856  2302  2397 D tmessages: create new channel 0channel_silent_a7b16_6235601366859354107
11-27 10:03:32.867  2302  2397 D tmessages: show extra notifications chatId 777000 topicId 0
11-27 10:03:32.870  2302  2397 W tmessages: show dialog notification with id 777000 777000 user=org.telegram.tgnet.TLRPC$TL_user@ec2ec18 chat=null
11-27 10:03:33.670  2302  2397 D tmessages: delay reached
11-27 10:03:33.673  2302  2397 D tmessages: create new channel 0channel_private_ia_b9fad_-338725452775986259
11-27 10:03:33.683  2302  2397 D tmessages: show extra notifications chatId 777000 topicId 0
11-27 10:03:33.688  2302  2397 W tmessages: show dialog notification with id 777000 777000 user=org.telegram.tgnet.TLRPC$TL_user@ec2ec18 chat=null
11-27 10:03:35.300  2302  2302 D tmessages: app paused = true
11-27 10:03:35.300  2302  2302 D tmessages: app resume count 0
11-27 10:03:35.308  2302  2302 D tgnet   : Config(0x710e3f22d700, /data/user/0/org.chatengine.messenger.beta/files/tgnet.dat) config write ok
11-27 10:03:35.308  2302  2302 D tgnet   : [            Config.cpp: 129] Config(0x710e3f22d700, /data/user/0/org.chatengine.messenger.beta/files/tgnet.dat) config write ok
11-27 10:03:35.750  2302  2365 D tgnet   : connection(0x710f0f354890) reset last event time, no requests
11-27 10:03:35.751  2302  2365 D tgnet   : [  ConnectionSocket.cpp:1089] connection(0x710f0f354890) reset last event time, no requests
11-27 10:03:36.481  2302  2348 D tmessages: download queue: dc1 account=0 small_operations=38 large_operations=0
11-27 10:03:36.756  2302  2365 D tgnet   : connection(0x710f0f20d6e0) reset last event time, no requests
11-27 10:03:36.756  2302  2365 D tgnet   : [  ConnectionSocket.cpp:1089] connection(0x710f0f20d6e0) reset last event time, no requests
11-27 10:03:37.028  2302  2355 D tmessages: checkKeepMedia start task
11-27 10:03:37.029  2302  2302 D tmessages: app paused = false
11-27 10:03:37.030  2302  2302 D tmessages: app resume count 1
11-27 10:03:37.030  2302  2302 D tmessages: reset app pause time
11-27 10:03:37.030  2302  2365 D tgnet   : wakeup network account0
11-27 10:03:37.030  2302  2365 D tgnet   : [ConnectionsManager.cpp:3533] wakeup network account0
11-27 10:03:37.030  2302  2355 D tmessages: external dir mounted
11-27 10:03:37.031  2302  2355 D tmessages: check dir /storage/emulated/0/Android/data/org.chatengine.messenger.beta/cache 
11-27 10:03:37.031  2302  2355 D tmessages: cache path = /storage/emulated/0/Android/data/org.chatengine.messenger.beta/cache
11-27 10:03:37.045  2302  2355 D tmessages: image path = /storage/emulated/0/Android/data/org.chatengine.messenger.beta/files/Teamgram/Teamgram Images
11-27 10:03:37.057  2302  2355 D tmessages: video path = /storage/emulated/0/Android/data/org.chatengine.messenger.beta/files/Teamgram/Teamgram Video
11-27 10:03:37.069  2302  2355 D tmessages: audio path = /storage/emulated/0/Android/data/org.chatengine.messenger.beta/files/Teamgram/Teamgram Audio
11-27 10:03:37.081  2302  2355 D tmessages: documents path = /storage/emulated/0/Android/data/org.chatengine.messenger.beta/files/Teamgram/Teamgram Documents
11-27 10:03:37.093  2302  2355 D tmessages: files path = /storage/emulated/0/Android/data/org.chatengine.messenger.beta/files/Teamgram/Teamgram Files
11-27 10:03:37.107  2302  2365 D tgnet   : connection(0x710f0f20d6e0, account0, dc1, type 1) received packet size less(2820) then message size(106808)
11-27 10:03:37.107  2302  2365 D tgnet   : [        Connection.cpp: 277] connection(0x710f0f20d6e0, account0, dc1, type 1) received packet size less(2820) then message size(106808)
11-27 10:03:37.108  2302  2365 D tgnet   : connection( account0, dc1, type 1) received packet size less(5648) then message size(106812)
11-27 10:03:37.108  2302  2365 D tgnet   : [        Connection.cpp: 155] connection( account0, dc1, type 1) received packet size less(5648) then message size(106812)
11-27 10:03:37.110  2302  2365 D tgnet   : connection( account0, dc1, type 1) received packet size less(8472) then message size(106812)
11-27 10:03:37.110  2302  2365 D tgnet   : [        Connection.cpp: 155] connection( account0, dc1, type 1) received packet size less(8472) then message size(106812)
11-27 10:03:37.110  2302  2365 D tgnet   : connection( account0, dc1, type 1) received packet size less(11296) then message size(106812)
11-27 10:03:37.110  2302  2365 D tgnet   : [        Connection.cpp: 155] connection( account0, dc1, type 1) received packet size less(11296) then message size(106812)
11-27 10:03:37.111  2302  2365 D tgnet   : connection( account0, dc1, type 1) received packet size less(14120) then message size(106812)
11-27 10:03:37.111  2302  2365 D tgnet   : [        Connection.cpp: 155] connection( account0, dc1, type 1) received packet size less(14120) then message size(106812)
11-27 10:03:37.115  2302  2355 D tmessages: image path = /storage/emulated/0/Android/media/org.chatengine.messenger.beta/Teamgram/Teamgram Images
11-27 10:03:37.134  2302  2355 D tmessages: video path = /storage/emulated/0/Android/media/org.chatengine.messenger.beta/Teamgram/Teamgram Video
11-27 10:03:37.139  2302  2355 D tmessages: checkKeepMedia task end time 111 auto deleted info: files 0 size 0 KB   deleted by size limit info: files 0 size 0 KB unknownTimeFiles 0
11-27 10:03:37.157  2302  2365 D tgnet   : connection( account0, dc1, type 1) received packet size less(16944) then message size(106812)
11-27 10:03:37.157  2302  2365 D tgnet   : [        Connection.cpp: 155] connection( account0, dc1, type 1) received packet size less(16944) then message size(106812)
11-27 10:03:37.158  2302  2365 D tgnet   : connection( account0, dc1, type 1) received packet size less(19768) then message size(106812)
11-27 10:03:37.158  2302  2365 D tgnet   : [        Connection.cpp: 155] connection( account0, dc1, type 1) received packet size less(19768) then message size(106812)
11-27 10:03:37.159  2302  2365 D tgnet   : connection( account0, dc1, type 1) received packet size less(22592) then message size(106812)
11-27 10:03:37.159  2302  2365 D tgnet   : [        Connection.cpp: 155] connection( account0, dc1, type 1) received packet size less(22592) then message size(106812)
11-27 10:03:37.168  2302  2365 D tgnet   : connection( account0, dc1, type 1) received packet size less(25416) then message size(106812)
11-27 10:03:37.168  2302  2365 D tgnet   : [        Connection.cpp: 155] connection( account0, dc1, type 1) received packet size less(25416) then message size(106812)
11-27 10:03:37.169  2302  2365 D tgnet   : connection( account0, dc1, type 1) received packet size less(28240) then message size(106812)
11-27 10:03:37.169  2302  2365 D tgnet   : [        Connection.cpp: 155] connection( account0, dc1, type 1) received packet size less(28240) then message size(106812)
11-27 10:03:37.169  2302  2365 D tgnet   : connection( account0, dc1, type 1) received packet size less(31064) then message size(106812)
11-27 10:03:37.169  2302  2365 D tgnet   : [        Connection.cpp: 155] connection( account0, dc1, type 1) received packet size less(31064) then message size(106812)
11-27 10:03:37.170  2302  2365 D tgnet   : connection( account0, dc1, type 1) received packet size less(33888) then message size(106812)
11-27 10:03:37.170  2302  2365 D tgnet   : [        Connection.cpp: 155] connection( account0, dc1, type 1) received packet size less(33888) then message size(106812)
11-27 10:03:37.171  2302  2365 D tgnet   : connection( account0, dc1, type 1) received packet size less(39536) then message size(106812)
11-27 10:03:37.171  2302  2365 D tgnet   : [        Connection.cpp: 155] connection( account0, dc1, type 1) received packet size less(39536) then message size(106812)
11-27 10:03:37.172  2302  2365 D tgnet   : connection( account0, dc1, type 1) received packet size less(42360) then message size(106812)
11-27 10:03:37.172  2302  2365 D tgnet   : [        Connection.cpp: 155] connection( account0, dc1, type 1) received packet size less(42360) then message size(106812)
11-27 10:03:37.206  2302  2365 D tgnet   : connection( account0, dc1, type 1) received packet size less(45184) then message size(106812)
11-27 10:03:37.206  2302  2365 D tgnet   : [        Connection.cpp: 155] connection( account0, dc1, type 1) received packet size less(45184) then message size(106812)
11-27 10:03:37.206  2302  2365 D tgnet   : connection( account0, dc1, type 1) received packet size less(48008) then message size(106812)
11-27 10:03:37.206  2302  2365 D tgnet   : [        Connection.cpp: 155] connection( account0, dc1, type 1) received packet size less(48008) then message size(106812)
11-27 10:03:37.207  2302  2365 D tgnet   : connection( account0, dc1, type 1) received packet size less(50832) then message size(106812)
11-27 10:03:37.207  2302  2365 D tgnet   : [        Connection.cpp: 155] connection( account0, dc1, type 1) received packet size less(50832) then message size(106812)
11-27 10:03:37.208  2302  2365 D tgnet   : connection( account0, dc1, type 1) received packet size less(53656) then message size(106812)
11-27 10:03:37.208  2302  2365 D tgnet   : [        Connection.cpp: 155] connection( account0, dc1, type 1) received packet size less(53656) then message size(106812)
11-27 10:03:37.209  2302  2365 D tgnet   : connection( account0, dc1, type 1) received packet size less(56480) then message size(106812)
11-27 10:03:37.209  2302  2365 D tgnet   : [        Connection.cpp: 155] connection( account0, dc1, type 1) received packet size less(56480) then message size(106812)
11-27 10:03:37.210  2302  2365 D tgnet   : connection( account0, dc1, type 1) received packet size less(59304) then message size(106812)
11-27 10:03:37.210  2302  2365 D tgnet   : [        Connection.cpp: 155] connection( account0, dc1, type 1) received packet size less(59304) then message size(106812)
11-27 10:03:37.211  2302  2365 D tgnet   : connection( account0, dc1, type 1) received packet size less(62128) then message size(106812)
11-27 10:03:37.211  2302  2365 D tgnet   : [        Connection.cpp: 155] connection( account0, dc1, type 1) received packet size less(62128) then message size(106812)
11-27 10:03:37.211  2302  2365 D tgnet   : connection( account0, dc1, type 1) received packet size less(64952) then message size(106812)
11-27 10:03:37.211  2302  2365 D tgnet   : [        Connection.cpp: 155] connection( account0, dc1, type 1) received packet size less(64952) then message size(106812)
11-27 10:03:37.212  2302  2365 D tgnet   : connection( account0, dc1, type 1) received packet size less(67776) then message size(106812)
11-27 10:03:37.212  2302  2365 D tgnet   : [        Connection.cpp: 155] connection( account0, dc1, type 1) received packet size less(67776) then message size(106812)
11-27 10:03:37.214  2302  2365 D tgnet   : connection( account0, dc1, type 1) received packet size less(70600) then message size(106812)
11-27 10:03:37.214  2302  2365 D tgnet   : [        Connection.cpp: 155] connection( account0, dc1, type 1) received packet size less(70600) then message size(106812)
11-27 10:03:37.214  2302  2365 D tgnet   : connection( account0, dc1, type 1) received packet size less(73424) then message size(106812)
11-27 10:03:37.214  2302  2365 D tgnet   : [        Connection.cpp: 155] connection( account0, dc1, type 1) received packet size less(73424) then message size(106812)
11-27 10:03:37.215  2302  2365 D tgnet   : connection( account0, dc1, type 1) received packet size less(76248) then message size(106812)
11-27 10:03:37.215  2302  2365 D tgnet   : [        Connection.cpp: 155] connection( account0, dc1, type 1) received packet size less(76248) then message size(106812)
11-27 10:03:37.215  2302  2365 D tgnet   : connection( account0, dc1, type 1) received packet size less(79072) then message size(106812)
11-27 10:03:37.215  2302  2365 D tgnet   : [        Connection.cpp: 155] connection( account0, dc1, type 1) received packet size less(79072) then message size(106812)
11-27 10:03:37.217  2302  2365 D tgnet   : connection( account0, dc1, type 1) received packet size less(81896) then message size(106812)
11-27 10:03:37.217  2302  2365 D tgnet   : [        Connection.cpp: 155] connection( account0, dc1, type 1) received packet size less(81896) then message size(106812)
11-27 10:03:37.218  2302  2365 D tgnet   : connection( account0, dc1, type 1) received packet size less(84720) then message size(106812)
11-27 10:03:37.218  2302  2365 D tgnet   : [        Connection.cpp: 155] connection( account0, dc1, type 1) received packet size less(84720) then message size(106812)
11-27 10:03:37.220  2302  2365 D tgnet   : connection( account0, dc1, type 1) received packet size less(87544) then message size(106812)
11-27 10:03:37.220  2302  2365 D tgnet   : [        Connection.cpp: 155] connection( account0, dc1, type 1) received packet size less(87544) then message size(106812)
11-27 10:03:37.220  2302  2365 D tgnet   : connection( account0, dc1, type 1) received packet size less(90368) then message size(106812)
11-27 10:03:37.220  2302  2365 D tgnet   : [        Connection.cpp: 155] connection( account0, dc1, type 1) received packet size less(90368) then message size(106812)
11-27 10:03:37.221  2302  2365 D tgnet   : connection( account0, dc1, type 1) received packet size less(91780) then message size(106812)
11-27 10:03:37.221  2302  2365 D tgnet   : [        Connection.cpp: 155] connection( account0, dc1, type 1) received packet size less(91780) then message size(106812)
11-27 10:03:37.221  2302  2365 D tgnet   : connection( account0, dc1, type 1) received packet size less(93192) then message size(106812)
11-27 10:03:37.221  2302  2365 D tgnet   : [        Connection.cpp: 155] connection( account0, dc1, type 1) received packet size less(93192) then message size(106812)
11-27 10:03:37.221  2302  2365 D tgnet   : connection( account0, dc1, type 1) received packet size less(96016) then message size(106812)
11-27 10:03:37.221  2302  2365 D tgnet   : [        Connection.cpp: 155] connection( account0, dc1, type 1) received packet size less(96016) then message size(106812)
11-27 10:03:37.222  2302  2365 D tgnet   : connection( account0, dc1, type 1) received packet size less(98840) then message size(106812)
11-27 10:03:37.222  2302  2365 D tgnet   : [        Connection.cpp: 155] connection( account0, dc1, type 1) received packet size less(98840) then message size(106812)
11-27 10:03:37.253  2302  2365 D tgnet   : connection( account0, dc1, type 1) received packet size less(101664) then message size(106812)
11-27 10:03:37.253  2302  2365 D tgnet   : [        Connection.cpp: 155] connection( account0, dc1, type 1) received packet size less(101664) then message size(106812)
11-27 10:03:37.254  2302  2365 D tgnet   : connection( account0, dc1, type 1) received packet size less(104488) then message size(106812)
11-27 10:03:37.254  2302  2365 D tgnet   : [        Connection.cpp: 155] connection( account0, dc1, type 1) received packet size less(104488) then message size(106812)
11-27 10:03:37.264  2302  2365 D tgnet   : received message len 106808 (currentPacketLength) equal to packet size
11-27 10:03:37.264  2302  2365 D tgnet   : [        Connection.cpp: 275] received message len 106808 (currentPacketLength) equal to packet size
11-27 10:03:37.264  2302  2365 E tgnet   : connection(0x710f0f20d6e0) received invalid message session id (0xabcd5c0fd4c44f39 instead of 0xabcd1b243292dab5)
11-27 10:03:38.491  2302  2348 D tmessages: start loading file to temp = /storage/emulated/0/Android/data/org.chatengine.messenger.beta/cache/1_1655891575881863168.temp final = /storage/emulated/0/Android/data/org.chatengine.messenger.beta/cache/1_1655891575881863168.tgs priority65536
11-27 10:03:38.499  2302  2353 D tmessages: send request org.telegram.tgnet.TLRPC$TL_upload_getFile@9ec07fa with token = 71
11-27 10:03:38.499  2302  2348 D tmessages: create load operation fileName=1_1655891575881863168.tgs documentName=AnimatedSticker.tgssize=8.7 KB position in queue 1 account=0
11-27 10:03:38.499  2302  2353 D tmessages: debug_loading: 1_1655891575881863168.tgs send reqId 71
11-27 10:03:38.499  2302  2365 D tgnet   : send request 0x710e4f26ddf0 - 14TL_api_request
11-27 10:03:38.499  2302  2365 D tgnet   : [ConnectionsManager.cpp:1875] send request 0x710e4f26ddf0 - 14TL_api_request
11-27 10:03:38.499  2302  2365 D tgnet   : send request wrapped 0x710e4f26ddf0 - 14TL_api_request
11-27 10:03:38.499  2302  2365 D tgnet   : [ConnectionsManager.cpp:1882] send request wrapped 0x710e4f26ddf0 - 14TL_api_request
11-27 10:03:38.499  2302  2365 D tgnet   : messageId for token = 71, 0x692821fa7fbe7800
11-27 10:03:38.499  2302  2365 D tgnet   : [ConnectionsManager.cpp:2609] messageId for token = 71, 0x692821fa7fbe7800
11-27 10:03:38.499  2302  2365 E tgnet   : connection(0x710f0f3663d0) return true
11-27 10:03:38.499  2302  2365 D tgnet   : send message (session: 0xabcdc2fb2b14a42e, seqno: 43, messageid: 7577343732819589120  0x692821fa7fbe7800): 14TL_api_request(0x710e4f26ddf0)
11-27 10:03:38.499  2302  2365 D tgnet   : [        Datacenter.cpp:1186] send message (session: 0xabcdc2fb2b14a42e, seqno: 43, messageid: 7577343732819589120  0x692821fa7fbe7800): 14TL_api_request(0x710e4f26ddf0)
11-27 10:03:38.579  2302  2365 D tgnet   : connection(0x710f0f3663d0, account0, dc1, type 2) received packet size less(2820) then message size(8984)
11-27 10:03:38.579  2302  2365 D tgnet   : [        Connection.cpp: 277] connection(0x710f0f3663d0, account0, dc1, type 2) received packet size less(2820) then message size(8984)
11-27 10:03:38.579  2302  2365 D tgnet   : connection( account0, dc1, type 2) received packet size less(5648) then message size(8988)
11-27 10:03:38.579  2302  2365 D tgnet   : [        Connection.cpp: 155] connection( account0, dc1, type 2) received packet size less(5648) then message size(8988)
11-27 10:03:38.593  2302  2365 D tgnet   : received message len 8984 (currentPacketLength) equal to packet size
11-27 10:03:38.593  2302  2365 D tgnet   : [        Connection.cpp: 275] received message len 8984 (currentPacketLength) equal to packet size
11-27 10:03:38.593  2302  2365 D tgnet   : api request constructor 0x96a18d5, don't parse
11-27 10:03:38.593  2302  2365 D tgnet   : [ConnectionsManager.cpp:1096] api request constructor 0x96a18d5, don't parse
11-27 10:03:38.593  2302  2365 D tgnet   : connection(0x710f0f3663d0, account0, dc1, type 2) received object 13TL_rpc_result
11-27 10:03:38.593  2302  2365 D tgnet   : [ConnectionsManager.cpp:1008] connection(0x710f0f3663d0, account0, dc1, type 2) received object 13TL_rpc_result
11-27 10:03:38.593  2302  2365 D tgnet   : process server response 0x710e4f220c30 - 13TL_rpc_result
11-27 10:03:38.593  2302  2365 D tgnet   : [ConnectionsManager.cpp:1122] process server response 0x710e4f220c30 - 13TL_rpc_result
11-27 10:03:38.593  2302  2365 D tgnet   : message_id 7577343731696630161 connection(0x710f0f3663d0, account0, dc1, type 2) received rpc_result with 15TL_api_response
11-27 10:03:38.593  2302  2365 D tgnet   : [ConnectionsManager.cpp:1267] message_id 7577343731696630161 connection(0x710f0f3663d0, account0, dc1, type 2) received rpc_result with 15TL_api_response
11-27 10:03:38.593  2302  2365 D tgnet   : got response for request 0x710e4f26ddf0 - 14TL_api_request
11-27 10:03:38.593  2302  2365 D tgnet   : [ConnectionsManager.cpp:1303] got response for request 0x710e4f26ddf0 - 14TL_api_request
11-27 10:03:38.594  2302  2365 D tmessages: CM java buff saved to /sdcard/Android/data/org.chatengine.messenger.beta/files/buff_1764237818593.bin
11-27 10:03:38.594  2302  2365 D tmessages: java received org.telegram.tgnet.TLRPC$TL_upload_file@d429680 error = null
11-27 10:03:38.594  2302  2353 D tmessages: debug_loading: 1_1655891575881863168.tgs time=95 dcId=1 cdn=false conType=2 reqId71
11-27 10:03:38.606  2302  2353 D tmessages: finished downloading file to /storage/emulated/0/Android/data/org.chatengine.messenger.beta/cache/1_1655891575881863168.tgs time = 114 dc = 1 size = 8.7 KB
11-27 10:03:40.407  2302  2365 D tgnet   : connection(0x710f0f20d6e0, account0, dc1, type 1) received packet size less(2820) then message size(4200)
11-27 10:03:40.407  2302  2365 D tgnet   : [        Connection.cpp: 277] connection(0x710f0f20d6e0, account0, dc1, type 1) received packet size less(2820) then message size(4200)
11-27 10:03:40.407  2302  2365 D tgnet   : connection(0x710f0f354890) reset last event time, no requests
11-27 10:03:40.407  2302  2365 D tgnet   : [  ConnectionSocket.cpp:1089] connection(0x710f0f354890) reset last event time, no requests
11-27 10:03:40.407  2302  2365 D tgnet   : received message len 4200 (currentPacketLength) equal to packet size
11-27 10:03:40.407  2302  2365 D tgnet   : [        Connection.cpp: 275] received message len 4200 (currentPacketLength) equal to packet size
11-27 10:03:40.408  2302  2365 E tgnet   : connection(0x710f0f20d6e0) received invalid message session id (0xabcd5c0fd4c44f39 instead of 0xabcd1b243292dab5)
11-27 10:03:44.427  2302  2365 D tgnet   : connection(0x710f0f20d6e0) reset last event time, no requests
11-27 10:03:44.427  2302  2365 D tgnet   : [  ConnectionSocket.cpp:1089] connection(0x710f0f20d6e0) reset last event time, no requests
11-27 10:03:44.427  2302  2365 D tgnet   : connection(0x710f0f354890) reset last event time, no requests
11-27 10:03:44.427  2302  2365 D tgnet   : [  ConnectionSocket.cpp:1089] connection(0x710f0f354890) reset last event time, no requests
11-27 10:03:45.432  2302  2365 D tgnet   : send message (session: 0xabcd1b243292dab5, seqno: 82, messageid: 7577343762596596736  0x692822016e978c00): 24TL_ping_delay_disconnect(0x710e4f279250) ping_id: 2
11-27 10:03:45.432  2302  2365 D tgnet   : [        Datacenter.cpp:1184] send message (session: 0xabcd1b243292dab5, seqno: 82, messageid: 7577343762596596736  0x692822016e978c00): 24TL_ping_delay_disconnect(0x710e4f279250) ping_id: 2
11-27 10:03:45.432  2302  2365 D tgnet   : send message (session: 0xabcd1b243292dab5, seqno: 82, messageid: 7577343762596596736  0x692822016e978c00): 24TL_ping_delay_disconnect(0x710e4f279250)
11-27 10:03:45.433  2302  2365 D tgnet   : [        Datacenter.cpp:1186] send message (session: 0xabcd1b243292dab5, seqno: 82, messageid: 7577343762596596736  0x692822016e978c00): 24TL_ping_delay_disconnect(0x710e4f279250)
11-27 10:03:45.532  2302  2365 D tgnet   : received message len 88 (currentPacketLength) equal to packet size
11-27 10:03:45.532  2302  2365 D tgnet   : [        Connection.cpp: 275] received message len 88 (currentPacketLength) equal to packet size
11-27 10:03:45.532  2302  2365 D tgnet   : connection(0x710f0f20d6e0, account0, dc1, type 1) received object 7TL_pong
11-27 10:03:45.532  2302  2365 D tgnet   : [ConnectionsManager.cpp:1008] connection(0x710f0f20d6e0, account0, dc1, type 1) received object 7TL_pong
11-27 10:03:45.532  2302  2365 D tgnet   : process server response 0x710e4f279250 - 7TL_pong
11-27 10:03:45.532  2302  2365 D tgnet   : [ConnectionsManager.cpp:1122] process server response 0x710e4f279250 - 7TL_pong
11-27 10:03:46.488  2302  2348 D tmessages: download queue: dc1 account=0 small_operations=39 large_operations=0
11-27 10:03:48.190  2302  2365 D tgnet   : received message len 104 (currentPacketLength) equal to packet size
11-27 10:03:48.190  2302  2365 D tgnet   : [        Connection.cpp: 275] received message len 104 (currentPacketLength) equal to packet size
11-27 10:03:49.195  2302  2365 D tgnet   : connection(0x710f0f354890) reset last event time, no requests
11-27 10:03:49.195  2302  2365 D tgnet   : [  ConnectionSocket.cpp:1089] connection(0x710f0f354890) reset last event time, no requests
11-27 10:03:49.214  2302  2365 D tgnet   : received message len 152 (currentPacketLength) equal to packet size
11-27 10:03:49.214  2302  2365 D tgnet   : [        Connection.cpp: 275] received message len 152 (currentPacketLength) equal to packet size
11-27 10:03:51.159  2302  2365 D tgnet   : received message len 88 (currentPacketLength) equal to packet size
11-27 10:03:51.160  2302  2365 D tgnet   : [        Connection.cpp: 275] received message len 88 (currentPacketLength) equal to packet size
11-27 10:03:51.432  2302  2353 D tmessages: send request org.telegram.tgnet.TLRPC$TL_contacts_importContacts@33ddbde with token = 72
11-27 10:03:51.432  2302  2365 D tgnet   : send request 0x710e4f276a30 - 14TL_api_request
11-27 10:03:51.432  2302  2365 D tgnet   : [ConnectionsManager.cpp:1875] send request 0x710e4f276a30 - 14TL_api_request
11-27 10:03:51.432  2302  2365 D tgnet   : send request wrapped 0x710e4f276a30 - 14TL_api_request
11-27 10:03:51.432  2302  2365 D tgnet   : [ConnectionsManager.cpp:1882] send request wrapped 0x710e4f276a30 - 14TL_api_request
11-27 10:03:51.432  2302  2365 D tgnet   : messageId for token = 72, 0x692822076e978c00
11-27 10:03:51.432  2302  2365 D tgnet   : [ConnectionsManager.cpp:2609] messageId for token = 72, 0x692822076e978c00
11-27 10:03:51.432  2302  2365 D tgnet   : send message (session: 0xabcd1b243292dab5, seqno: 83, messageid: 7577343788366400512  0x692822076e978c00): 14TL_api_request(0x710e4f276a30)
11-27 10:03:51.432  2302  2365 D tgnet   : [        Datacenter.cpp:1186] send message (session: 0xabcd1b243292dab5, seqno: 83, messageid: 7577343788366400512  0x692822076e978c00): 14TL_api_request(0x710e4f276a30)
11-27 10:03:51.534  2302  2365 D tgnet   : connection(0x710f0f20d6e0, account0, dc1, type 1) received message len (currentPacketLength) 184 but packet (buffer->remaining()) larger 369
11-27 10:03:51.534  2302  2365 D tgnet   : [        Connection.cpp: 269] connection(0x710f0f20d6e0, account0, dc1, type 1) received message len (currentPacketLength) 184 but packet (buffer->remaining()) larger 369
11-27 10:03:51.534  2302  2365 D tgnet   : api request constructor 0x77d01c3b, don't parse
11-27 10:03:51.534  2302  2365 D tgnet   : [ConnectionsManager.cpp:1096] api request constructor 0x77d01c3b, don't parse
11-27 10:03:51.534  2302  2365 D tgnet   : connection(0x710f0f20d6e0, account0, dc1, type 1) received object 13TL_rpc_result
11-27 10:03:51.534  2302  2365 D tgnet   : [ConnectionsManager.cpp:1008] connection(0x710f0f20d6e0, account0, dc1, type 1) received object 13TL_rpc_result
11-27 10:03:51.534  2302  2365 D tgnet   : process server response 0x710e4f277330 - 13TL_rpc_result
11-27 10:03:51.534  2302  2365 D tgnet   : [ConnectionsManager.cpp:1122] process server response 0x710e4f277330 - 13TL_rpc_result
11-27 10:03:51.534  2302  2365 D tgnet   : message_id 7577343787430541777 connection(0x710f0f20d6e0, account0, dc1, type 1) received rpc_result with 15TL_api_response
11-27 10:03:51.534  2302  2365 D tgnet   : [ConnectionsManager.cpp:1267] message_id 7577343787430541777 connection(0x710f0f20d6e0, account0, dc1, type 1) received rpc_result with 15TL_api_response
11-27 10:03:51.534  2302  2365 D tgnet   : got response for request 0x710e4f276a30 - 14TL_api_request
11-27 10:03:51.534  2302  2365 D tgnet   : [ConnectionsManager.cpp:1303] got response for request 0x710e4f276a30 - 14TL_api_request
11-27 10:03:51.535  2302  2365 D tmessages: CM java buff saved to /sdcard/Android/data/org.chatengine.messenger.beta/files/buff_1764237831534.bin
11-27 10:03:51.535  2302  2365 D tmessages: java received org.telegram.tgnet.TLRPC$TL_contacts_importedContacts@8c7d7ea error = null
11-27 10:03:51.538  2302  2365 D tgnet   : received message len 184 (currentPacketLength) equal to packet size
11-27 10:03:51.538  2302  2365 D tgnet   : [        Connection.cpp: 275] received message len 184 (currentPacketLength) equal to packet size
11-27 10:03:51.538  2302  2365 D tgnet   : not found request to parse constructor 0x74ae4240
11-27 10:03:51.538  2302  2365 D tgnet   : [ConnectionsManager.cpp:1105] not found request to parse constructor 0x74ae4240
11-27 10:03:51.538  2302  2343 D MTProto : requestMsgId=124303261873456 requestingTime=106 request_token=72
11-27 10:03:51.538  2302  2343 D MTProto : req -> TL_contacts_importContacts : {"contacts":[{"client_id":0,"first_name":"U","last_name":"R"}]}
11-27 10:03:51.538  2302  2343 D MTProto : res -> TL_contacts_importedContacts : {"imported":[{"client_id":0,"user_id":1271284286}],"popular_invites":[],"retry_contacts":[],"users":[{"access_hash":7248528399095271617,"apply_min_photo":false,"attach_menu_enabled":false,"bot":false,"bot_attach_menu":false,"bot_chat_history":false,"bot_info_version":0,"bot_inline_geo":false,"bot_menu_webview":false,"bot_nochats":false,"contact":true,"deleted":false,"explicit_content":false,"fake":false,"first_name":"U","flags":2119,"flags2":0,"id":1271284286,"inactive":false,"last_name":"R","min":false,"mutual_contact":false,"premium":false,"restricted":false,"restriction_reason":[],"scam":false,"self":false,"status":{"expires":1764167836},"support":false,"usernames":[],"verified":false}]}
11-27 10:03:51.538  2302  2343 D MTProto :  
11-27 10:03:51.539  2302  2365 D tmessages: java received org.telegram.tgnet.TLRPC$TL_updates@707788d
11-27 10:03:51.539  2302  2343 D MTProto : msgId=0
11-27 10:03:51.539  2302  2343 D MTProto : receive message -> TL_updates : {"chat_id":0,"chats":[],"date":1764237831,"entities":[],"flags":0,"from_id":0,"id":0,"media_unread":false,"mentioned":false,"out":false,"pts":0,"pts_count":0,"seq":0,"seq_start":0,"silent":false,"ttl_period":0,"updates":[{"peer":{"channel_id":0,"chat_id":0,"user_id":1271284286},"settings":{"add_contact":false,"autoarchived":false,"block_contact":false,"flags":0,"geo_distance":0,"invite_members":false,"need_contacts_exception":false,"report_geo":false,"report_spam":false,"request_chat_broadcast":false,"request_chat_date":0,"share_contact":false}}],"user_id":0,"users":[{"access_hash":7248528399095271617,"apply_min_photo":false,"attach_menu_enabled":false,"bot":false,"bot_attach_menu":false,"bot_chat_history":false,"bot_info_version":0,"bot_inline_geo":false,"bot_menu_webview":false,"bot_nochats":false,"contact":true,"deleted":false,"explicit_content":false,"fake":false,"first_name":"U","flags":2119,"flags2":0,"id":1271284286,"inactive":false,"last_name":"R","min":false,"mutual_contact":false,"premium":false,"restricted":false,"restriction_reason":[],"scam":false,"self":false,"status":{"expires":1764167836},"support":false,"usernames":[],"verified":false}],"via_bot_id":0}
11-27 10:03:51.539  2302  2343 D MTProto :  
11-27 10:03:51.539  2302  2353 D tmessages: process update TL_updatePeerSettings
11-27 10:03:51.539  2302  2353 D tmessages: process update - contacts add = 1 delete = 0
11-27 10:03:51.539  2302  2353 D tmessages: load contacts from server
11-27 10:03:51.539  2302  2353 D tmessages: send request org.telegram.tgnet.TLRPC$TL_contacts_getContacts@ef77a42 with token = 73
11-27 10:03:51.540  2302  2365 D tgnet   : send request 0x710e4f277330 - 14TL_api_request
11-27 10:03:51.540  2302  2365 D tgnet   : [ConnectionsManager.cpp:1875] send request 0x710e4f277330 - 14TL_api_request
11-27 10:03:51.540  2302  2365 D tgnet   : send request wrapped 0x710e4f277330 - 14TL_api_request
11-27 10:03:51.540  2302  2365 D tgnet   : [ConnectionsManager.cpp:1882] send request wrapped 0x710e4f277330 - 14TL_api_request
11-27 10:03:51.540  2302  2365 D tgnet   : messageId for token = 73, 0x692822078a3d7000
11-27 10:03:51.540  2302  2365 D tgnet   : [ConnectionsManager.cpp:2609] messageId for token = 73, 0x692822078a3d7000
11-27 10:03:51.540  2302  2365 D tgnet   : send message (session: 0xabcd1b243292dab5, seqno: 85, messageid: 7577343788830257152  0x692822078a3d7000): 14TL_api_request(0x710e4f277330)
11-27 10:03:51.540  2302  2365 D tgnet   : [        Datacenter.cpp:1186] send message (session: 0xabcd1b243292dab5, seqno: 85, messageid: 7577343788830257152  0x692822078a3d7000): 14TL_api_request(0x710e4f277330)
11-27 10:03:51.616  2302  2302 D tmessages: request spam button for 1271284286
11-27 10:03:51.616  2302  2353 D tmessages: send request org.telegram.tgnet.TLRPC$TL_messages_getPeerSettings@7ab5a53 with token = 74
11-27 10:03:51.616  2302  2302 D tmessages: load messages in chat 1271284286 topic_id 0 count 25 max_id 0 cache true mindate = 0 guid 6 load_type 2 last_message_id 0 mode 0 index 1 firstUnread 0 unread_count 0 last_date 0 queryFromServer false isTopic false
11-27 10:03:51.616  2302  2302 D tmessages: load messages in chat 1271284286 topic_id 0 count 1 max_id 0 cache true mindate = 0 guid 6 load_type 2 last_message_id 0 mode 1 index 2 firstUnread 0 unread_count 0 last_date 0 queryFromServer false isTopic false
11-27 10:03:51.616  2302  2365 D tgnet   : send request 0x710e4f278dd0 - 14TL_api_request
11-27 10:03:51.616  2302  2365 D tgnet   : [ConnectionsManager.cpp:1875] send request 0x710e4f278dd0 - 14TL_api_request
11-27 10:03:51.616  2302  2365 D tgnet   : send request wrapped 0x710e4f278dd0 - 14TL_api_request
11-27 10:03:51.616  2302  2365 D tgnet   : [ConnectionsManager.cpp:1882] send request wrapped 0x710e4f278dd0 - 14TL_api_request
11-27 10:03:51.616  2302  2365 D tgnet   : messageId for token = 74, 0x692822079db22c00
11-27 10:03:51.616  2302  2365 D tgnet   : [ConnectionsManager.cpp:2609] messageId for token = 74, 0x692822079db22c00
11-27 10:03:51.616  2302  2365 E tgnet   : connection(0x692822078a3d7000) request (msg_id: 0)
11-27 10:03:51.616  2302  2365 E tgnet   : connection(0x710f0f20d6e0) (type: 1 == 1 && num: 0 == 0) || (token: 1 == 1)
11-27 10:03:51.616  2302  2365 D tgnet   : send message (session: 0xabcd1b243292dab5, seqno: 87, messageid: 7577343789156674560  0x692822079db22c00): 14TL_api_request(0x710e4f278dd0)
11-27 10:03:51.616  2302  2365 D tgnet   : [        Datacenter.cpp:1186] send message (session: 0xabcd1b243292dab5, seqno: 87, messageid: 7577343789156674560  0x692822079db22c00): 14TL_api_request(0x710e4f278dd0)
11-27 10:03:51.617  2302  2350 D tmessages: messages load time = 1 for dialog = 1271284286
11-27 10:03:51.617  2302  2353 D tmessages: processLoadedMessages size 0 in chat 1271284286 topic_id 0 count 25 max_id 0 cache true guid 6 load_type 2 last_message_id 0 index 1 firstUnread 0 unread_count 0 last_date 0 queryFromServer false isTopicfalse
11-27 10:03:51.617  2302  2350 D tmessages: messages load time = 0 for dialog = 1271284286
11-27 10:03:51.617  2302  2353 D tmessages: processLoadedMessages size 0 in chat 1271284286 topic_id 0 count 1 max_id 0 cache true guid 6 load_type 2 last_message_id 0 index 2 firstUnread 0 unread_count 0 last_date 0 queryFromServer false isTopicfalse
11-27 10:03:51.624  2302  2365 D tgnet   : received message len 168 (currentPacketLength) equal to packet size
11-27 10:03:51.624  2302  2365 D tgnet   : [        Connection.cpp: 275] received message len 168 (currentPacketLength) equal to packet size
11-27 10:03:51.625  2302  2365 D tgnet   : api request constructor 0xeae87e42, don't parse
11-27 10:03:51.625  2302  2365 D tgnet   : [ConnectionsManager.cpp:1096] api request constructor 0xeae87e42, don't parse
11-27 10:03:51.625  2302  2365 D tgnet   : connection(0x710f0f20d6e0, account0, dc1, type 1) received object 13TL_rpc_result
11-27 10:03:51.625  2302  2365 D tgnet   : [ConnectionsManager.cpp:1008] connection(0x710f0f20d6e0, account0, dc1, type 1) received object 13TL_rpc_result
11-27 10:03:51.625  2302  2365 D tgnet   : process server response 0x710e4f276a30 - 13TL_rpc_result
11-27 10:03:51.625  2302  2365 D tgnet   : [ConnectionsManager.cpp:1122] process server response 0x710e4f276a30 - 13TL_rpc_result
11-27 10:03:51.625  2302  2365 D tgnet   : message_id 7577343787596216801 connection(0x710f0f20d6e0, account0, dc1, type 1) received rpc_result with 15TL_api_response
11-27 10:03:51.625  2302  2365 D tgnet   : [ConnectionsManager.cpp:1267] message_id 7577343787596216801 connection(0x710f0f20d6e0, account0, dc1, type 1) received rpc_result with 15TL_api_response
11-27 10:03:51.625  2302  2365 D tgnet   : got response for request 0x710e4f277330 - 14TL_api_request
11-27 10:03:51.625  2302  2365 D tgnet   : [ConnectionsManager.cpp:1303] got response for request 0x710e4f277330 - 14TL_api_request
11-27 10:03:51.625  2302  2365 D tmessages: CM java buff saved to /sdcard/Android/data/org.chatengine.messenger.beta/files/buff_1764237831625.bin
11-27 10:03:51.626  2302  2365 D tmessages: java received org.telegram.tgnet.TLRPC$TL_contacts_contacts@f6720a8 error = null
11-27 10:03:51.627  2302  2343 D MTProto : requestMsgId=124303261873456 requestingTime=87 request_token=73
11-27 10:03:51.627  2302  2343 D MTProto : req -> TL_contacts_getContacts : {"hash":0}
11-27 10:03:51.627  2302  2343 D MTProto : res -> TL_contacts_contacts : {"contacts":[{"mutual":false,"user_id":1271284286}],"saved_count":0,"users":[{"access_hash":7248528399095271617,"apply_min_photo":false,"attach_menu_enabled":false,"bot":false,"bot_attach_menu":false,"bot_chat_history":false,"bot_info_version":0,"bot_inline_geo":false,"bot_menu_webview":false,"bot_nochats":false,"contact":true,"deleted":false,"explicit_content":false,"fake":false,"first_name":"U","flags":2119,"flags2":0,"id":1271284286,"inactive":false,"last_name":"R","min":false,"mutual_contact":false,"premium":false,"restricted":false,"restriction_reason":[],"scam":false,"self":false,"status":{"expires":1764167836},"support":false,"usernames":[],"verified":false}]}
11-27 10:03:51.627  2302  2343 D MTProto :  
11-27 10:03:51.675  2302  2353 D tmessages: send request org.telegram.tgnet.TLRPC$TL_messages_getSearchCounters@4cc47c1 with token = 75
11-27 10:03:51.675  2302  2365 D tgnet   : send request 0x710e4f276a30 - 14TL_api_request
11-27 10:03:51.675  2302  2365 D tgnet   : [ConnectionsManager.cpp:1875] send request 0x710e4f276a30 - 14TL_api_request
11-27 10:03:51.675  2302  2365 D tgnet   : send request wrapped 0x710e4f276a30 - 14TL_api_request
11-27 10:03:51.675  2302  2365 D tgnet   : [ConnectionsManager.cpp:1882] send request wrapped 0x710e4f276a30 - 14TL_api_request
11-27 10:03:51.675  2302  2365 D tgnet   : messageId for token = 75, 0x69282207accccc00
11-27 10:03:51.675  2302  2365 D tgnet   : [ConnectionsManager.cpp:2609] messageId for token = 75, 0x69282207accccc00
11-27 10:03:51.675  2302  2365 E tgnet   : connection(0x692822079db22c00) request (msg_id: 0)
11-27 10:03:51.675  2302  2365 E tgnet   : connection(0x710f0f20d6e0) (type: 1 == 1 && num: 0 == 0) || (token: 1 == 1)
11-27 10:03:51.675  2302  2365 D tgnet   : send message (session: 0xabcd1b243292dab5, seqno: 89, messageid: 7577343789410077696  0x69282207accccc00): 14TL_api_request(0x710e4f276a30)
11-27 10:03:51.675  2302  2365 D tgnet   : [        Datacenter.cpp:1186] send message (session: 0xabcd1b243292dab5, seqno: 89, messageid: 7577343789410077696  0x69282207accccc00): 14TL_api_request(0x710e4f276a30)
11-27 10:03:51.700  2302  2365 D tgnet   : received message len 120 (currentPacketLength) equal to packet size
11-27 10:03:51.700  2302  2365 D tgnet   : [        Connection.cpp: 275] received message len 120 (currentPacketLength) equal to packet size
11-27 10:03:51.700  2302  2365 D tgnet   : api request constructor 0x6880b94d, don't parse
11-27 10:03:51.701  2302  2365 D tgnet   : [ConnectionsManager.cpp:1096] api request constructor 0x6880b94d, don't parse
11-27 10:03:51.701  2302  2365 D tgnet   : connection(0x710f0f20d6e0, account0, dc1, type 1) received object 13TL_rpc_result
11-27 10:03:51.701  2302  2365 D tgnet   : [ConnectionsManager.cpp:1008] connection(0x710f0f20d6e0, account0, dc1, type 1) received object 13TL_rpc_result
11-27 10:03:51.701  2302  2365 D tgnet   : process server response 0x710e4f27aab0 - 13TL_rpc_result
11-27 10:03:51.701  2302  2365 D tgnet   : [ConnectionsManager.cpp:1122] process server response 0x710e4f27aab0 - 13TL_rpc_result
11-27 10:03:51.701  2302  2365 D tgnet   : message_id 7577343787753503209 connection(0x710f0f20d6e0, account0, dc1, type 1) received rpc_result with 15TL_api_response
11-27 10:03:51.701  2302  2365 D tgnet   : [ConnectionsManager.cpp:1267] message_id 7577343787753503209 connection(0x710f0f20d6e0, account0, dc1, type 1) received rpc_result with 15TL_api_response
11-27 10:03:51.701  2302  2365 D tgnet   : got response for request 0x710e4f278dd0 - 14TL_api_request
11-27 10:03:51.701  2302  2365 D tgnet   : [ConnectionsManager.cpp:1303] got response for request 0x710e4f278dd0 - 14TL_api_request
11-27 10:03:51.701  2302  2365 D tmessages: CM java buff saved to /sdcard/Android/data/org.chatengine.messenger.beta/files/buff_1764237831701.bin
11-27 10:03:51.702  2302  2365 D tmessages: java received org.telegram.tgnet.TLRPC$TL_messages_peerSettings@40184ec error = null
11-27 10:03:51.703  2302  2343 D MTProto : requestMsgId=124303261873456 requestingTime=86 request_token=74
11-27 10:03:51.703  2302  2343 D MTProto : req -> TL_messages_getPeerSettings : {"peer":{"access_hash":7248528399095271617,"channel_id":0,"chat_id":0,"msg_id":0,"user_id":1271284286}}
11-27 10:03:51.703  2302  2343 D MTProto : res -> TL_messages_peerSettings : {"chats":[],"settings":{"add_contact":false,"autoarchived":false,"block_contact":false,"flags":0,"geo_distance":0,"invite_members":false,"need_contacts_exception":false,"report_geo":false,"report_spam":false,"request_chat_broadcast":false,"request_chat_date":0,"share_contact":false},"users":[]}
11-27 10:03:51.703  2302  2343 D MTProto :  
11-27 10:03:51.753  2302  2365 D tgnet   : received message len 216 (currentPacketLength) equal to packet size
11-27 10:03:51.753  2302  2365 D tgnet   : [        Connection.cpp: 275] received message len 216 (currentPacketLength) equal to packet size
11-27 10:03:51.753  2302  2365 D tgnet   : api request constructor 0x1cb5c415, don't parse
11-27 10:03:51.753  2302  2365 D tgnet   : [ConnectionsManager.cpp:1096] api request constructor 0x1cb5c415, don't parse
11-27 10:03:51.753  2302  2365 D tgnet   : connection(0x710f0f20d6e0, account0, dc1, type 1) received object 13TL_rpc_result
11-27 10:03:51.753  2302  2365 D tgnet   : [ConnectionsManager.cpp:1008] connection(0x710f0f20d6e0, account0, dc1, type 1) received object 13TL_rpc_result
11-27 10:03:51.753  2302  2365 D tgnet   : process server response 0x710e4f27aab0 - 13TL_rpc_result
11-27 10:03:51.753  2302  2365 D tgnet   : [ConnectionsManager.cpp:1122] process server response 0x710e4f27aab0 - 13TL_rpc_result
11-27 10:03:51.753  2302  2365 D tgnet   : message_id 7577343787894012401 connection(0x710f0f20d6e0, account0, dc1, type 1) received rpc_result with 15TL_api_response
11-27 10:03:51.753  2302  2365 D tgnet   : [ConnectionsManager.cpp:1267] message_id 7577343787894012401 connection(0x710f0f20d6e0, account0, dc1, type 1) received rpc_result with 15TL_api_response
11-27 10:03:51.753  2302  2365 D tgnet   : got response for request 0x710e4f276a30 - 14TL_api_request
11-27 10:03:51.753  2302  2365 D tgnet   : [ConnectionsManager.cpp:1303] got response for request 0x710e4f276a30 - 14TL_api_request
11-27 10:03:51.754  2302  2365 D tmessages: CM java buff saved to /sdcard/Android/data/org.chatengine.messenger.beta/files/buff_1764237831754.bin
11-27 10:03:51.754  2302  2365 D tmessages: java received org.telegram.tgnet.TLRPC$Vector@f803d8 error = null
11-27 10:03:51.756  2302  2343 D MTProto : requestMsgId=124303261873456 requestingTime=81 request_token=75
11-27 10:03:51.756  2302  2343 D MTProto : req -> TL_messages_getSearchCounters : {"filters":[{"flags":0,"missed":false},{"flags":0,"missed":false},{"flags":0,"missed":false},{"flags":0,"missed":false},{"flags":0,"missed":false},{"flags":0,"missed":false},{"flags":0,"missed":false},{"flags":0,"missed":false}],"flags":0,"peer":{"access_hash":7248528399095271617,"channel_id":0,"chat_id":0,"msg_id":0,"user_id":1271284286},"top_msg_id":0}
11-27 10:03:51.756  2302  2343 D MTProto : res -> Vector : {"objects":[{"count":0,"filter":{"flags":0,"missed":false},"flags":0,"inexact":false},{"count":0,"filter":{"flags":0,"missed":false},"flags":0,"inexact":false},{"count":0,"filter":{"flags":0,"missed":false},"flags":0,"inexact":false},{"count":0,"filter":{"flags":0,"missed":false},"flags":0,"inexact":false},{"count":0,"filter":{"flags":0,"missed":false},"flags":0,"inexact":false},{"count":0,"filter":{"flags":0,"missed":false},"flags":0,"inexact":false},{"count":0,"filter":{"flags":0,"missed":false},"flags":0,"inexact":false},{"count":0,"filter":{"flags":0,"missed":false},"flags":0,"inexact":false}]}
11-27 10:03:51.756  2302  2343 D MTProto :  
11-27 10:03:51.840  2302  2302 D tmessages: notify data set changed fragmentOpened=false
11-27 10:03:51.842  2302  2348 D tmessages: load operation update position fileName=1_1655889591007186945.tgs position in queue 38 account=0
11-27 10:03:51.851  2302  2302 D tmessages: peer settings loaded for 1271284286 add = false block = false spam = false share = false geo = false hide = true distance = 0 invite = false
11-27 10:03:51.864  2302  2302 D tmessages: end animations
11-27 10:03:51.876  2302  2353 D tmessages: send request org.telegram.tgnet.TLRPC$TL_messages_getPeerDialogs@afa68f1 with token = 76
11-27 10:03:51.876  2302  2353 D tmessages: send request org.telegram.tgnet.TLRPC$TL_users_getFullUser@3fe4cd6 with token = 77
11-27 10:03:51.876  2302  2365 D tgnet   : send request 0x710e4f27e3b0 - 14TL_api_request
11-27 10:03:51.876  2302  2302 D tmessages: load messages in chat 1271284286 topic_id 0 count 25 max_id 0 cache false mindate = 0 guid 6 load_type 2 last_message_id 0 mode 0 index 1 firstUnread 0 unread_count 0 last_date 0 queryFromServer false isTopic false
11-27 10:03:51.876  2302  2365 D tgnet   : [ConnectionsManager.cpp:1875] send request 0x710e4f27e3b0 - 14TL_api_request
