11-27 10:03:51.876  2302  2365 D tgnet   : send request wrapped 0x710e4f27e3b0 - 14TL_api_request
11-27 10:03:51.876  2302  2353 D tmessages: send request org.telegram.tgnet.TLRPC$TL_messages_search@2341b57 with token = 78
11-27 10:03:51.876  2302  2365 D tgnet   : [ConnectionsManager.cpp:1882] send request wrapped 0x710e4f27e3b0 - 14TL_api_request
11-27 10:03:51.876  2302  2302 D tmessages: load messages in chat 1271284286 topic_id 0 count 1 max_id 0 cache false mindate = -1 guid 6 load_type 2 last_message_id 0 mode 1 index 2 firstUnread 0 unread_count 0 last_date 0 queryFromServer false isTopic false
11-27 10:03:51.876  2302  2365 D tgnet   : messageId for token = 76, 0x69282207e0418800
11-27 10:03:51.876  2302  2365 D tgnet   : [ConnectionsManager.cpp:2609] messageId for token = 76, 0x69282207e0418800
11-27 10:03:51.876  2302  2353 D tmessages: send request org.telegram.tgnet.TLRPC$TL_messages_getPeerDialogs@cce5644 with token = 79
11-27 10:03:51.877  2302  2365 D tgnet   : send message (session: 0xabcd1b243292dab5, seqno: 91, messageid: 7577343790273366016  0x69282207e0418800): 14TL_api_request(0x710e4f27e3b0)
11-27 10:03:51.877  2302  2365 D tgnet   : [        Datacenter.cpp:1186] send message (session: 0xabcd1b243292dab5, seqno: 91, messageid: 7577343790273366016  0x69282207e0418800): 14TL_api_request(0x710e4f27e3b0)
11-27 10:03:51.877  2302  2353 D tmessages: send request org.telegram.tgnet.TLRPC$TL_messages_getScheduledHistory@ebba32d with token = 80
11-27 10:03:51.877  2302  2353 D tmessages: done loading contacts
11-27 10:03:51.877  2302  2365 D tgnet   : send request 0x710e4f27d9f0 - 14TL_api_request
11-27 10:03:51.877  2302  2365 D tgnet   : [ConnectionsManager.cpp:1875] send request 0x710e4f27d9f0 - 14TL_api_request
11-27 10:03:51.877  2302  2365 D tgnet   : send request wrapped 0x710e4f27d9f0 - 14TL_api_request
11-27 10:03:51.877  2302  2365 D tgnet   : [ConnectionsManager.cpp:1882] send request wrapped 0x710e4f27d9f0 - 14TL_api_request
11-27 10:03:51.877  2302  2365 D tgnet   : messageId for token = 77, 0x69282207e0831400
11-27 10:03:51.877  2302  2365 D tgnet   : [ConnectionsManager.cpp:2609] messageId for token = 77, 0x69282207e0831400
11-27 10:03:51.877  2302  2302 D tmessages: peer settings loaded for 1271284286 add = false block = false spam = false share = false geo = false hide = true distance = 0 invite = false
11-27 10:03:51.877  2302  2365 E tgnet   : connection(0x69282207e0418800) request (msg_id: 0)
11-27 10:03:51.877  2302  2365 E tgnet   : connection(0x710f0f20d6e0) (type: 1 == 1 && num: 0 == 0) || (token: 1 == 1)
11-27 10:03:51.877  2302  2365 D tgnet   : send message (session: 0xabcd1b243292dab5, seqno: 93, messageid: 7577343790277661696  0x69282207e0831400): 14TL_api_request(0x710e4f27d9f0)
11-27 10:03:51.877  2302  2365 D tgnet   : [        Datacenter.cpp:1186] send message (session: 0xabcd1b243292dab5, seqno: 93, messageid: 7577343790277661696  0x69282207e0831400): 14TL_api_request(0x710e4f27d9f0)
11-27 10:03:51.877  2302  2365 D tgnet   : send request 0x710e4f27df90 - 14TL_api_request
11-27 10:03:51.877  2302  2365 D tgnet   : [ConnectionsManager.cpp:1875] send request 0x710e4f27df90 - 14TL_api_request
11-27 10:03:51.877  2302  2365 D tgnet   : send request wrapped 0x710e4f27df90 - 14TL_api_request
11-27 10:03:51.877  2302  2365 D tgnet   : [ConnectionsManager.cpp:1882] send request wrapped 0x710e4f27df90 - 14TL_api_request
11-27 10:03:51.877  2302  2365 D tgnet   : messageId for token = 78, 0x69282207e0831404
11-27 10:03:51.877  2302  2365 D tgnet   : [ConnectionsManager.cpp:2609] messageId for token = 78, 0x69282207e0831404
11-27 10:03:51.877  2302  2365 E tgnet   : connection(0x69282207e0418800) request (msg_id: 0)
11-27 10:03:51.877  2302  2365 E tgnet   : connection(0x710f0f20d6e0) (type: 1 == 1 && num: 0 == 0) || (token: 1 == 1)
11-27 10:03:51.877  2302  2365 D tgnet   : send message (session: 0xabcd1b243292dab5, seqno: 95, messageid: 7577343790277661700  0x69282207e0831404): 14TL_api_request(0x710e4f27df90)
11-27 10:03:51.877  2302  2365 D tgnet   : [        Datacenter.cpp:1186] send message (session: 0xabcd1b243292dab5, seqno: 95, messageid: 7577343790277661700  0x69282207e0831404): 14TL_api_request(0x710e4f27df90)
11-27 10:03:51.878  2302  2365 D tgnet   : send request 0x710e4f27ed70 - 14TL_api_request
11-27 10:03:51.878  2302  2365 D tgnet   : [ConnectionsManager.cpp:1875] send request 0x710e4f27ed70 - 14TL_api_request
11-27 10:03:51.878  2302  2365 D tgnet   : send request wrapped 0x710e4f27ed70 - 14TL_api_request
11-27 10:03:51.878  2302  2365 D tgnet   : [ConnectionsManager.cpp:1882] send request wrapped 0x710e4f27ed70 - 14TL_api_request
11-27 10:03:51.878  2302  2365 D tgnet   : messageId for token = 79, 0x69282207e0c49c00
11-27 10:03:51.878  2302  2365 D tgnet   : [ConnectionsManager.cpp:2609] messageId for token = 79, 0x69282207e0c49c00
11-27 10:03:51.878  2302  2365 E tgnet   : connection(0x69282207e0418800) request (msg_id: 0)
11-27 10:03:51.878  2302  2365 E tgnet   : connection(0x710f0f20d6e0) (type: 1 == 1 && num: 0 == 0) || (token: 1 == 1)
11-27 10:03:51.878  2302  2365 D tgnet   : send message (session: 0xabcd1b243292dab5, seqno: 97, messageid: 7577343790281956352  0x69282207e0c49c00): 14TL_api_request(0x710e4f27ed70)
11-27 10:03:51.878  2302  2365 D tgnet   : [        Datacenter.cpp:1186] send message (session: 0xabcd1b243292dab5, seqno: 97, messageid: 7577343790281956352  0x69282207e0c49c00): 14TL_api_request(0x710e4f27ed70)
11-27 10:03:51.878  2302  2365 D tgnet   : send request 0x710e4f27ea10 - 14TL_api_request
11-27 10:03:51.878  2302  2365 D tgnet   : [ConnectionsManager.cpp:1875] send request 0x710e4f27ea10 - 14TL_api_request
11-27 10:03:51.878  2302  2365 D tgnet   : send request wrapped 0x710e4f27ea10 - 14TL_api_request
11-27 10:03:51.878  2302  2365 D tgnet   : [ConnectionsManager.cpp:1882] send request wrapped 0x710e4f27ea10 - 14TL_api_request
11-27 10:03:51.878  2302  2365 D tgnet   : messageId for token = 80, 0x69282207e0c49c04
11-27 10:03:51.878  2302  2365 D tgnet   : [ConnectionsManager.cpp:2609] messageId for token = 80, 0x69282207e0c49c04
11-27 10:03:51.878  2302  2365 E tgnet   : connection(0x69282207e0418800) request (msg_id: 0)
11-27 10:03:51.878  2302  2365 E tgnet   : connection(0x710f0f20d6e0) (type: 1 == 1 && num: 0 == 0) || (token: 1 == 1)
11-27 10:03:51.878  2302  2365 D tgnet   : send message (session: 0xabcd1b243292dab5, seqno: 99, messageid: 7577343790281956356  0x69282207e0c49c04): 14TL_api_request(0x710e4f27ea10)
11-27 10:03:51.878  2302  2365 D tgnet   : [        Datacenter.cpp:1186] send message (session: 0xabcd1b243292dab5, seqno: 99, messageid: 7577343790281956356  0x69282207e0c49c04): 14TL_api_request(0x710e4f27ea10)
11-27 10:03:51.884  2302  2302 D tmessages: chatItemAnimator enable notifications
11-27 10:03:51.892  2302  2353 D tmessages: send request org.telegram.tgnet.TLRPC$TL_messages_getStickerSet@a7c92b0 with token = 81
11-27 10:03:51.892  2302  2365 D tgnet   : send request 0x710e4f27db70 - 14TL_api_request
11-27 10:03:51.892  2302  2365 D tgnet   : [ConnectionsManager.cpp:1875] send request 0x710e4f27db70 - 14TL_api_request
11-27 10:03:51.893  2302  2365 D tgnet   : send request wrapped 0x710e4f27db70 - 14TL_api_request
11-27 10:03:51.893  2302  2365 D tgnet   : [ConnectionsManager.cpp:1882] send request wrapped 0x710e4f27db70 - 14TL_api_request
11-27 10:03:51.893  2302  2365 D tgnet   : messageId for token = 81, 0x69282207e49ba800
11-27 10:03:51.893  2302  2365 D tgnet   : [ConnectionsManager.cpp:2609] messageId for token = 81, 0x69282207e49ba800
11-27 10:03:51.893  2302  2365 E tgnet   : connection(0x69282207e0418800) request (msg_id: 0)
11-27 10:03:51.893  2302  2365 E tgnet   : connection(0x710f0f20d6e0) (type: 1 == 1 && num: 0 == 0) || (token: 1 == 1)
11-27 10:03:51.893  2302  2365 D tgnet   : send message (session: 0xabcd1b243292dab5, seqno: 101, messageid: 7577343790346381312  0x69282207e49ba800): 14TL_api_request(0x710e4f27db70)
11-27 10:03:51.893  2302  2365 D tgnet   : [        Datacenter.cpp:1186] send message (session: 0xabcd1b243292dab5, seqno: 101, messageid: 7577343790346381312  0x69282207e49ba800): 14TL_api_request(0x710e4f27db70)
11-27 10:03:51.959  2302  2365 D tgnet   : connection(0x710f0f20d6e0, account0, dc1, type 1) received message len (currentPacketLength) 264 but packet (buffer->remaining()) larger 417
11-27 10:03:51.959  2302  2365 D tgnet   : [        Connection.cpp: 269] connection(0x710f0f20d6e0, account0, dc1, type 1) received message len (currentPacketLength) 264 but packet (buffer->remaining()) larger 417
11-27 10:03:51.959  2302  2365 D tgnet   : api request constructor 0x3371c354, don't parse
11-27 10:03:51.959  2302  2365 D tgnet   : [ConnectionsManager.cpp:1096] api request constructor 0x3371c354, don't parse
11-27 10:03:51.959  2302  2365 D tgnet   : connection(0x710f0f20d6e0, account0, dc1, type 1) received object 13TL_rpc_result
11-27 10:03:51.959  2302  2365 D tgnet   : [ConnectionsManager.cpp:1008] connection(0x710f0f20d6e0, account0, dc1, type 1) received object 13TL_rpc_result
11-27 10:03:51.959  2302  2365 D tgnet   : process server response 0x710e4f27dc90 - 13TL_rpc_result
11-27 10:03:51.959  2302  2365 D tgnet   : [ConnectionsManager.cpp:1122] process server response 0x710e4f27dc90 - 13TL_rpc_result
11-27 10:03:51.959  2302  2365 D tgnet   : message_id 7577343788319734265 connection(0x710f0f20d6e0, account0, dc1, type 1) received rpc_result with 15TL_api_response
11-27 10:03:51.959  2302  2365 D tgnet   : [ConnectionsManager.cpp:1267] message_id 7577343788319734265 connection(0x710f0f20d6e0, account0, dc1, type 1) received rpc_result with 15TL_api_response
11-27 10:03:51.959  2302  2365 D tgnet   : got response for request 0x710e4f27e3b0 - 14TL_api_request
11-27 10:03:51.959  2302  2365 D tgnet   : [ConnectionsManager.cpp:1303] got response for request 0x710e4f27e3b0 - 14TL_api_request
11-27 10:03:51.960  2302  2365 D tmessages: CM java buff saved to /sdcard/Android/data/org.chatengine.messenger.beta/files/buff_1764237831960.bin
11-27 10:03:51.960  2302  2365 D tmessages: java received org.telegram.tgnet.TLRPC$TL_messages_peerDialogs@28c89d3 error = null
11-27 10:03:51.961  2302  2365 D tgnet   : received message len 152 (currentPacketLength) equal to packet size
11-27 10:03:51.961  2302  2365 D tgnet   : [        Connection.cpp: 275] received message len 152 (currentPacketLength) equal to packet size
11-27 10:03:51.961  2302  2353 D tmessages: process update TL_updateReadHistoryInbox
11-27 10:03:51.961  2302  2343 D MTProto : requestMsgId=124303261873456 requestingTime=85 request_token=76
11-27 10:03:51.961  2302  2365 D tgnet   : api request constructor 0x8c718e87, don't parse
11-27 10:03:51.961  2302  2365 D tgnet   : [ConnectionsManager.cpp:1096] api request constructor 0x8c718e87, don't parse
11-27 10:03:51.961  2302  2343 D MTProto : req -> TL_messages_getPeerDialogs : {"peers":[{"peer":{"access_hash":7248528399095271617,"channel_id":0,"chat_id":0,"msg_id":0,"user_id":1271284286}}]}
11-27 10:03:51.961  2302  2365 D tgnet   : connection(0x710f0f20d6e0, account0, dc1, type 1) received object 13TL_rpc_result
11-27 10:03:51.961  2302  2365 D tgnet   : [ConnectionsManager.cpp:1008] connection(0x710f0f20d6e0, account0, dc1, type 1) received object 13TL_rpc_result
11-27 10:03:51.961  2302  2343 D MTProto : res -> TL_messages_peerDialogs : {"chats":[],"dialogs":[{"flags":0,"folder_id":0,"id":0,"isFolder":false,"last_message_date":0,"notify_settings":{"events_mask":0,"flags":0,"mute_until":0,"show_previews":false,"silent":false},"peer":{"channel_id":0,"chat_id":0,"user_id":1271284286},"pinned":false,"pinnedNum":0,"pts":0,"read_inbox_max_id":0,"read_outbox_max_id":0,"top_message":0,"ttl_period":0,"unread_count":0,"unread_mark":false,"unread_mentions_count":0,"unread_reactions_count":0}],"messages":[],"state":{"date":1764237831,"pts":2,"qts":0,"seq":-1,"unread_count":0},"users":[{"access_hash":1249598286941389209,"apply_min_photo":false,"attach_menu_enabled":false,"bot":false,"bot_attach_menu":false,"bot_chat_history":false,"bot_info_version":0,"bot_inline_geo":false,"bot_menu_webview":false,"bot_nochats":false,"contact":true,"deleted":false,"explicit_content":false,"fake":false,"first_name":"U","flags":7255,"flags2":0,"id":1271292217,"inactive":false,"last_name":"6","min":false,"mutual_contact":true,"premium":false,"restricted":false,"restriction_reason":[],"scam":false,"self":true,"status":{"expires":1764237870},"support":false,"usernames":[],"verified":false}]}
11-27 10:03:51.961  2302  2343 D MTProto :  
11-27 10:03:51.961  2302  2365 D tgnet   : process server response 0x710e4f27dc90 - 13TL_rpc_result
11-27 10:03:51.961  2302  2365 D tgnet   : [ConnectionsManager.cpp:1122] process server response 0x710e4f27dc90 - 13TL_rpc_result
11-27 10:03:51.962  2302  2365 D tgnet   : message_id 7577343788328122881 connection(0x710f0f20d6e0, account0, dc1, type 1) received rpc_result with 15TL_api_response
11-27 10:03:51.962  2302  2365 D tgnet   : [ConnectionsManager.cpp:1267] message_id 7577343788328122881 connection(0x710f0f20d6e0, account0, dc1, type 1) received rpc_result with 15TL_api_response
11-27 10:03:51.962  2302  2365 D tgnet   : got response for request 0x710e4f27ea10 - 14TL_api_request
11-27 10:03:51.962  2302  2365 D tgnet   : [ConnectionsManager.cpp:1303] got response for request 0x710e4f27ea10 - 14TL_api_request
11-27 10:03:51.962  2302  2350 D tmessages: 1271284286 update unread messages count 0
11-27 10:03:51.962  2302  2350 D tmessages: 1271284286 set inbox max 0
11-27 10:03:51.962  2302  2365 D tmessages: CM java buff saved to /sdcard/Android/data/org.chatengine.messenger.beta/files/buff_1764237831962.bin
11-27 10:03:51.962  2302  2365 D tmessages: java received org.telegram.tgnet.TLRPC$TL_messages_messages@571604b error = null
11-27 10:03:52.014  2302  2365 D tgnet   : connection(0x710f0f20d6e0, account0, dc1, type 1) received message len (currentPacketLength) 264 but packet (buffer->remaining()) larger 618
11-27 10:03:52.014  2302  2365 D tgnet   : [        Connection.cpp: 269] connection(0x710f0f20d6e0, account0, dc1, type 1) received message len (currentPacketLength) 264 but packet (buffer->remaining()) larger 618
11-27 10:03:52.015  2302  2353 D tmessages: processLoadedMessages size 0 in chat 1271284286 topic_id 0 count 1 max_id 0 cache false guid 6 load_type 2 last_message_id 0 index 2 firstUnread 0 unread_count 0 last_date 0 queryFromServer false isTopicfalse
11-27 10:03:52.015  2302  2343 D MTProto : requestMsgId=124303261873456 requestingTime=137 request_token=80
11-27 10:03:52.015  2302  2343 D MTProto : req -> TL_messages_getScheduledHistory : {"hash":-1,"peer":{"access_hash":7248528399095271617,"channel_id":0,"chat_id":0,"msg_id":0,"user_id":1271284286}}
11-27 10:03:52.015  2302  2343 D MTProto : res -> TL_messages_messages : {"chats":[],"count":0,"flags":0,"inexact":false,"messages":[],"next_rate":0,"offset_id_offset":0,"pts":0,"topics":[],"users":[{"access_hash":7248528399095271617,"apply_min_photo":false,"attach_menu_enabled":false,"bot":false,"bot_attach_menu":false,"bot_chat_history":false,"bot_info_version":0,"bot_inline_geo":false,"bot_menu_webview":false,"bot_nochats":false,"contact":true,"deleted":false,"explicit_content":false,"fake":false,"first_name":"U","flags":2119,"flags2":0,"id":1271284286,"inactive":false,"last_name":"R","min":false,"mutual_contact":false,"premium":false,"restricted":false,"restriction_reason":[],"scam":false,"self":false,"status":{"expires":1764167836},"support":false,"usernames":[],"verified":false}]}
11-27 10:03:52.015  2302  2343 D MTProto :  
11-27 10:03:52.015  2302  2365 D tgnet   : api request constructor 0x3371c354, don't parse
11-27 10:03:52.015  2302  2365 D tgnet   : [ConnectionsManager.cpp:1096] api request constructor 0x3371c354, don't parse
11-27 10:03:52.015  2302  2365 D tgnet   : connection(0x710f0f20d6e0, account0, dc1, type 1) received object 13TL_rpc_result
11-27 10:03:52.015  2302  2353 D tmessages: process time=1 count=0 for dialog  1271284286
11-27 10:03:52.015  2302  2365 D tgnet   : [ConnectionsManager.cpp:1008] connection(0x710f0f20d6e0, account0, dc1, type 1) received object 13TL_rpc_result
11-27 10:03:52.015  2302  2365 D tgnet   : process server response 0x710e4f27dc90 - 13TL_rpc_result
11-27 10:03:52.015  2302  2365 D tgnet   : [ConnectionsManager.cpp:1122] process server response 0x710e4f27dc90 - 13TL_rpc_result
11-27 10:03:52.015  2302  2365 D tgnet   : message_id 7577343788336511497 connection(0x710f0f20d6e0, account0, dc1, type 1) received rpc_result with 15TL_api_response
11-27 10:03:52.015  2302  2365 D tgnet   : [ConnectionsManager.cpp:1267] message_id 7577343788336511497 connection(0x710f0f20d6e0, account0, dc1, type 1) received rpc_result with 15TL_api_response
11-27 10:03:52.015  2302  2365 D tgnet   : got response for request 0x710e4f27ed70 - 14TL_api_request
11-27 10:03:52.015  2302  2365 D tgnet   : [ConnectionsManager.cpp:1303] got response for request 0x710e4f27ed70 - 14TL_api_request
11-27 10:03:52.016  2302  2365 D tmessages: CM java buff saved to /sdcard/Android/data/org.chatengine.messenger.beta/files/buff_1764237832016.bin
11-27 10:03:52.016  2302  2365 D tmessages: java received org.telegram.tgnet.TLRPC$TL_messages_peerDialogs@fbd26dd error = null
11-27 10:03:52.018  2302  2365 D tgnet   : connection(0x710f0f20d6e0, account0, dc1, type 1) received message len (currentPacketLength) 168 but packet (buffer->remaining()) larger 353
11-27 10:03:52.018  2302  2353 D tmessages: load messages in chat 1271284286 topic_id 0 count 25 max_id 0 cache false mindate = 0 guid 6 load_type 2 last_message_id 0 mode 0 index 1 firstUnread 0 unread_count 0 last_date 0 queryFromServer false isTopic false
11-27 10:03:52.018  2302  2365 D tgnet   : [        Connection.cpp: 269] connection(0x710f0f20d6e0, account0, dc1, type 1) received message len (currentPacketLength) 168 but packet (buffer->remaining()) larger 353
11-27 10:03:52.018  2302  2343 D MTProto : requestMsgId=124303261873456 requestingTime=141 request_token=79
11-27 10:03:52.018  2302  2343 D MTProto : req -> TL_messages_getPeerDialogs : {"peers":[{"peer":{"access_hash":7248528399095271617,"channel_id":0,"chat_id":0,"msg_id":0,"user_id":1271284286}}]}
11-27 10:03:52.018  2302  2343 D MTProto : res -> TL_messages_peerDialogs : {"chats":[],"dialogs":[{"flags":0,"folder_id":0,"id":0,"isFolder":false,"last_message_date":0,"notify_settings":{"events_mask":0,"flags":0,"mute_until":0,"show_previews":false,"silent":false},"peer":{"channel_id":0,"chat_id":0,"user_id":1271284286},"pinned":false,"pinnedNum":0,"pts":0,"read_inbox_max_id":0,"read_outbox_max_id":0,"top_message":0,"ttl_period":0,"unread_count":0,"unread_mark":false,"unread_mentions_count":0,"unread_reactions_count":0}],"messages":[],"state":{"date":1764237831,"pts":2,"qts":0,"seq":-1,"unread_count":0},"users":[{"access_hash":1249598286941389209,"apply_min_photo":false,"attach_menu_enabled":false,"bot":false,"bot_attach_menu":false,"bot_chat_history":false,"bot_info_version":0,"bot_inline_geo":false,"bot_menu_webview":false,"bot_nochats":false,"contact":true,"deleted":false,"explicit_content":false,"fake":false,"first_name":"U","flags":7255,"flags2":0,"id":1271292217,"inactive":false,"last_name":"6","min":false,"mutual_contact":true,"premium":false,"restricted":false,"restriction_reason":[],"scam":false,"self":true,"status":{"expires":1764237870},"support":false,"usernames":[],"verified":false}]}
11-27 10:03:52.018  2302  2343 D MTProto :  
11-27 10:03:52.018  2302  2365 D tgnet   : api request constructor 0x8c718e87, don't parse
11-27 10:03:52.018  2302  2365 D tgnet   : [ConnectionsManager.cpp:1096] api request constructor 0x8c718e87, don't parse
11-27 10:03:52.018  2302  2365 D tgnet   : connection(0x710f0f20d6e0, account0, dc1, type 1) received object 13TL_rpc_result
11-27 10:03:52.018  2302  2365 D tgnet   : [ConnectionsManager.cpp:1008] connection(0x710f0f20d6e0, account0, dc1, type 1) received object 13TL_rpc_result
11-27 10:03:52.018  2302  2365 D tgnet   : process server response 0x710e4f27dc90 - 13TL_rpc_result
11-27 10:03:52.018  2302  2365 D tgnet   : [ConnectionsManager.cpp:1122] process server response 0x710e4f27dc90 - 13TL_rpc_result
11-27 10:03:52.018  2302  2365 D tgnet   : message_id 7577343788340705809 connection(0x710f0f20d6e0, account0, dc1, type 1) received rpc_result with 15TL_api_response
11-27 10:03:52.018  2302  2365 D tgnet   : [ConnectionsManager.cpp:1267] message_id 7577343788340705809 connection(0x710f0f20d6e0, account0, dc1, type 1) received rpc_result with 15TL_api_response
11-27 10:03:52.018  2302  2365 D tgnet   : got response for request 0x710e4f27df90 - 14TL_api_request
11-27 10:03:52.018  2302  2365 D tgnet   : [ConnectionsManager.cpp:1303] got response for request 0x710e4f27df90 - 14TL_api_request
11-27 10:03:52.018  2302  2353 D tmessages: send request org.telegram.tgnet.TLRPC$TL_messages_getHistory@14f1252 with token = 82
11-27 10:03:52.019  2302  2365 D tmessages: CM java buff saved to /sdcard/Android/data/org.chatengine.messenger.beta/files/buff_1764237832018.bin
11-27 10:03:52.019  2302  2365 D tmessages: java received org.telegram.tgnet.TLRPC$TL_messages_messages@a33ee20 error = null
11-27 10:03:52.020  2302  2365 D tgnet   : received message len 184 (currentPacketLength) equal to packet size
11-27 10:03:52.020  2302  2365 D tgnet   : [        Connection.cpp: 275] received message len 184 (currentPacketLength) equal to packet size
11-27 10:03:52.020  2302  2343 D MTProto : requestMsgId=124303261873456 requestingTime=144 request_token=78
11-27 10:03:52.020  2302  2343 D MTProto : req -> TL_messages_search : {"add_offset":0,"filter":{"flags":0,"missed":false},"flags":0,"hash":0,"limit":40,"max_date":0,"max_id":0,"min_date":0,"min_id":0,"offset_id":0,"peer":{"access_hash":7248528399095271617,"channel_id":0,"chat_id":0,"msg_id":0,"user_id":1271284286},"q":"","top_msg_id":0}
11-27 10:03:52.020  2302  2365 D tgnet   : api request constructor 0x3b6d152e, don't parse
11-27 10:03:52.020  2302  2365 D tgnet   : [ConnectionsManager.cpp:1096] api request constructor 0x3b6d152e, don't parse
11-27 10:03:52.021  2302  2343 D MTProto : res -> TL_messages_messages : {"chats":[],"count":0,"flags":0,"inexact":false,"messages":[],"next_rate":0,"offset_id_offset":0,"pts":0,"topics":[],"users":[{"access_hash":1249598286941389209,"apply_min_photo":false,"attach_menu_enabled":false,"bot":false,"bot_attach_menu":false,"bot_chat_history":false,"bot_info_version":0,"bot_inline_geo":false,"bot_menu_webview":false,"bot_nochats":false,"contact":true,"deleted":false,"explicit_content":false,"fake":false,"first_name":"U","flags":7255,"flags2":0,"id":1271292217,"inactive":false,"last_name":"6","min":false,"mutual_contact":true,"premium":false,"restricted":false,"restriction_reason":[],"scam":false,"self":true,"status":{"expires":1764237870},"support":false,"usernames":[],"verified":false}]}
11-27 10:03:52.021  2302  2343 D MTProto :  
11-27 10:03:52.021  2302  2365 D tgnet   : connection(0x710f0f20d6e0, account0, dc1, type 1) received object 13TL_rpc_result
11-27 10:03:52.021  2302  2365 D tgnet   : [ConnectionsManager.cpp:1008] connection(0x710f0f20d6e0, account0, dc1, type 1) received object 13TL_rpc_result
11-27 10:03:52.021  2302  2365 D tgnet   : process server response 0x710e4f282430 - 13TL_rpc_result
11-27 10:03:52.021  2302  2365 D tgnet   : [ConnectionsManager.cpp:1122] process server response 0x710e4f282430 - 13TL_rpc_result
11-27 10:03:52.021  2302  2365 D tgnet   : message_id 7577343788349094425 connection(0x710f0f20d6e0, account0, dc1, type 1) received rpc_result with 15TL_api_response
11-27 10:03:52.021  2302  2365 D tgnet   : [ConnectionsManager.cpp:1267] message_id 7577343788349094425 connection(0x710f0f20d6e0, account0, dc1, type 1) received rpc_result with 15TL_api_response
11-27 10:03:52.021  2302  2365 D tgnet   : got response for request 0x710e4f27d9f0 - 14TL_api_request
11-27 10:03:52.021  2302  2365 D tgnet   : [ConnectionsManager.cpp:1303] got response for request 0x710e4f27d9f0 - 14TL_api_request
11-27 10:03:52.021  2302  2365 D tmessages: CM java buff saved to /sdcard/Android/data/org.chatengine.messenger.beta/files/buff_1764237832021.bin
11-27 10:03:52.023  2302  2365 D tmessages: java received org.telegram.tgnet.TLRPC$TL_users_userFull@bb9cc4c error = null
11-27 10:03:52.025  2302  2365 D tgnet   : send request 0x710e4f281a70 - 14TL_api_request
11-27 10:03:52.025  2302  2365 D tgnet   : [ConnectionsManager.cpp:1875] send request 0x710e4f281a70 - 14TL_api_request
11-27 10:03:52.025  2302  2365 D tgnet   : send request wrapped 0x710e4f281a70 - 14TL_api_request
11-27 10:03:52.025  2302  2365 D tgnet   : [ConnectionsManager.cpp:1882] send request wrapped 0x710e4f281a70 - 14TL_api_request
11-27 10:03:52.025  2302  2365 D tgnet   : messageId for token = 82, 0x6928220806666800
11-27 10:03:52.025  2302  2365 D tgnet   : [ConnectionsManager.cpp:2609] messageId for token = 82, 0x6928220806666800
11-27 10:03:52.025  2302  2365 E tgnet   : connection(0x69282207e49ba800) request (msg_id: 0)
11-27 10:03:52.025  2302  2365 E tgnet   : connection(0x710f0f20d6e0) (type: 1 == 1 && num: 0 == 0) || (token: 1 == 1)
11-27 10:03:52.025  2302  2365 D tgnet   : send message (session: 0xabcd1b243292dab5, seqno: 103, messageid: 7577343790913316864  0x6928220806666800): 14TL_api_request(0x710e4f281a70)
11-27 10:03:52.025  2302  2365 D tgnet   : [        Datacenter.cpp:1186] send message (session: 0xabcd1b243292dab5, seqno: 103, messageid: 7577343790913316864  0x6928220806666800): 14TL_api_request(0x710e4f281a70)
11-27 10:03:52.025  2302  2343 D MTProto : requestMsgId=124303261873456 requestingTime=149 request_token=77
11-27 10:03:52.025  2302  2343 D MTProto : req -> TL_users_getFullUser : {"id":{"access_hash":7248528399095271617,"user_id":1271284286}}
11-27 10:03:52.025  2302  2343 D MTProto : res -> TL_users_userFull : {"chats":[],"full_user":{"blocked":false,"can_pin_message":true,"common_chats_count":0,"flags":8336,"folder_id":0,"has_scheduled":false,"id":1271284286,"notify_settings":{"events_mask":0,"flags":0,"mute_until":0,"show_previews":false,"silent":false},"phone_calls_available":true,"phone_calls_private":false,"pinned_msg_id":0,"premium_gifts":[],"settings":{"add_contact":false,"autoarchived":false,"block_contact":false,"flags":0,"geo_distance":0,"invite_members":false,"need_contacts_exception":false,"report_geo":false,"report_spam":false,"request_chat_broadcast":false,"request_chat_date":0,"share_contact":false},"translations_disabled":false,"ttl_period":0,"video_calls_available":true,"voice_messages_forbidden":false},"users":[{"access_hash":7248528399095271617,"apply_min_photo":false,"attach_menu_enabled":false,"bot":false,"bot_attach_menu":false,"bot_chat_history":false,"bot_info_version":0,"bot_inline_geo":false,"bot_menu_webview":false,"bot_nochats":false,"contact":false,"deleted":false,"explicit_content":false,"fake":false,"first_name":"u","flags":71,"flags2":0,"id":1271284286,"inactive":false,"last_name":"r","min":false,"mutual_contact":false,"premium":false,"restricted":false,"restriction_reason":[],"scam":false,"self":false,"status":{"expires":1764167836},"support":false,"usernames":[],"verified":false}]}
11-27 10:03:52.025  2302  2343 D MTProto :  
11-27 10:03:52.025  2302  2365 D tgnet   : received message len 1160 (currentPacketLength) equal to packet size
11-27 10:03:52.025  2302  2365 D tgnet   : [        Connection.cpp: 275] received message len 1160 (currentPacketLength) equal to packet size
11-27 10:03:52.025  2302  2365 D tgnet   : connection(0x710f0f20d6e0, account0, dc1, type 1) received object 13TL_rpc_result
11-27 10:03:52.025  2302  2365 D tgnet   : [ConnectionsManager.cpp:1008] connection(0x710f0f20d6e0, account0, dc1, type 1) received object 13TL_rpc_result
11-27 10:03:52.025  2302  2365 D tgnet   : process server response 0x710e4f282430 - 13TL_rpc_result
11-27 10:03:52.025  2302  2365 D tgnet   : [ConnectionsManager.cpp:1122] process server response 0x710e4f282430 - 13TL_rpc_result
11-27 10:03:52.025  2302  2365 D tgnet   : message_id 7577343788437174817 connection(0x710f0f20d6e0, account0, dc1, type 1) received rpc_result with 14TL_gzip_packed
11-27 10:03:52.025  2302  2365 D tgnet   : [ConnectionsManager.cpp:1267] message_id 7577343788437174817 connection(0x710f0f20d6e0, account0, dc1, type 1) received rpc_result with 14TL_gzip_packed
11-27 10:03:52.025  2302  2365 D tgnet   : got response for request 0x710e4f27db70 - 14TL_api_request
11-27 10:03:52.025  2302  2365 D tgnet   : [ConnectionsManager.cpp:1303] got response for request 0x710e4f27db70 - 14TL_api_request
11-27 10:03:52.026  2302  2365 D tgnet   : api request constructor 0x6e153f16, don't parse
11-27 10:03:52.026  2302  2365 D tgnet   : [ConnectionsManager.cpp:1096] api request constructor 0x6e153f16, don't parse
11-27 10:03:52.026  2302  2365 D tmessages: CM java buff saved to /sdcard/Android/data/org.chatengine.messenger.beta/files/buff_1764237832026.bin
11-27 10:03:52.028  2302  2365 D tmessages: java received org.telegram.tgnet.TLRPC$TL_messages_stickerSet@485699b error = null
11-27 10:03:52.031  2302  2302 D tmessages: peer settings loaded for 1271284286 add = false block = false spam = false share = false geo = false hide = true distance = 0 invite = false
11-27 10:03:52.037  2302  2343 D MTProto : requestMsgId=124303261873456 requestingTime=144 request_token=81
11-27 10:03:52.037  2302  2343 D MTProto : req -> TL_messages_getStickerSet : {"hash":0,"stickerset":{"access_hash":0,"id":0,"short_name":"EmojiAnimations"}}
11-27 10:03:52.037  2302  2343 D MTProto : res -> TL_messages_stickerSet : {"documents":[{"access_hash":7493426085840325823,"attributes":[{"duration":0,"flags":0,"h":512,"mask":false,"round_message":false,"supports_streaming":false,"voice":false,"w":512},{"alt":"🎉","duration":0,"flags":0,"h":0,"mask":false,"round_message":false,"stickerset":{"access_hash":1830321482221971985,"id":1655889252438773760},"supports_streaming":false,"voice":false,"w":0},{"duration":0,"file_name":"AnimatedSticker.tgs","flags":0,"h":0,"mask":false,"round_message":false,"supports_streaming":false,"voice":false,"w":0}],"date":1683629737,"dc_id":1,"file_name_fixed":"AnimatedSticker.tgs","file_reference":[],"flags":1,"id":1655889252447162368,"mime_type":"application/x-tgsticker","size":13089,"thumbs":[{"h":128,"location":{"dc_id":0,"local_id":1109,"volume_id":-1655889252447162368},"size":126,"type":"m","w":128}],"user_id":0,"version":0,"video_thumbs":[]},{"access_hash":5962202813898413307,"attributes":[{"duration":0,"flags":0,"h":512,"mask":false,"round_message":false,"supports_streaming":false,"voice":false,"w":512},{"alt":"🎆","duration":0,"flags":0,"h":0,"mask":false,"round_message":false,"stickerset":{"access_hash":1830321482221971985,"id":1655889252438773760},"supports_streaming":false,"voice":false,"w":0},{"duration":0,"file_name":"AnimatedSticker.tgs","flags":0,"h":0,"mask":false,"round_message":false,"supports_streaming":false,"voice":false,"w":0}],"date":1683629737,"dc_id":1,"file_name_fixed":"AnimatedSticker.tgs","file_reference":[],"flags":1,"id":1655889252451356672,"mime_type":"application/x-tgsticker","size":60864,"thumbs":[{"h":128,"location":{"dc_id":0,"local_id":1109,"volume_id":-1655889252451356672},"size":126,"type":"m","w":128}],"user_id":0,"version":0,"video_thumbs":[]},{"access_hash":5403316636063364468,"attributes":[{"duration":0,"flags":0,"h":512,"mask":false,"round_message":false,"supports_streaming":false,"voice":false,"w":512},{"alt":"🎈","duration":0,"flags":0,"h":0,"mask":false,"round_message":false,"stickerset":{"access_hash":1830321482221971985,"id":1655889252438773760},"supports_streaming":false,"voice":false,"w":0},{"duration":0,"file_name":"AnimatedSticker.tgs","flags":0,"h":0,"mask":false,"round_message":false,"supports_streaming":false,"voice":false,"w":0}],"date":1683629737,"dc_id":1,"file_name_fixed":"AnimatedSticker.tgs","file_reference":[],"flags":1,"id":1655889252455550976,"mime_type":"application/x-tgsticker","size":17265,"thumbs":[{"h":128,"location":{"dc_id":0,"local_id":1109,"volume_id":-1655889252455550976},"size":126,"type":"m","w":128}],"user_id":0,"version":0,"video_thumbs":[]},{"access_hash":5025876309054933404,"attributes":[{"duration":0,"flags":0,"h":512,"mask":false,"round_message":false,"supports_streaming":false,"voice":false,"w":512},{"alt":"❤️","duration":0,"flags":0,"h":0,"mask":false,"round_message":false,"stickerset":{"access_hash":1830321482221971985,"id":1655889252438773760},"supports_streaming":false,"voice":false,"w":0},{"duration":0,"file_name":"AnimatedSticker.tgs","flags":0,"h":0,"mask":false,"round_message":false,"supports_streaming":false,"voice":false,"w":0}],"date":1683629737,"dc_id":1,"file_name_fixed":"AnimatedSticker.tgs","file_reference":[],"flags":1,"id":1655889252455550977,"mime_type":"application/x-tgsticker","size":65047,"thumbs":[{"h":128,"location":{"dc_id":0,"local_id":1109,"volume_id":-1655889252455550977},"size":126,"type":"m","w":128}],"user_id":0,"version":0,"video_thumbs":[]},{"access_hash":6196530304885623284,"attributes":[{"duration":0,"flags":0,"h":512,"mask":false,"round_message":false,"supports_streaming":false,"voice":false,"w":512},{"alt":"💩","duration":0,"flags":0,"h":0,"mask":false,"round_message":false,"stickerset":{"access_hash":1830321482221971985,"id":1655889252438773760},"supports_streaming":false,"voice":false,"w":0},{"duration":0,"file_name":"AnimatedSticker.tgs","flags":0,"h":0,"mask":false,"round_message":false,"supports_streaming":false,"voice":false,"w":0}],"date":1683629737,"dc_id":1,"file_name_fixed":"AnimatedSticker.tgs","file_refere
11-27 10:03:52.037  2302  2343 D MTProto :  
11-27 10:03:52.126  2302  2353 D tmessages: send request org.telegram.tgnet.TLRPC$TL_messages_getArchivedStickers@91d7113 with token = 83
11-27 10:03:52.127  2302  2365 D tgnet   : send request 0x710e4f282310 - 14TL_api_request
11-27 10:03:52.127  2302  2365 D tgnet   : [ConnectionsManager.cpp:1875] send request 0x710e4f282310 - 14TL_api_request
11-27 10:03:52.127  2302  2365 D tgnet   : send request wrapped 0x710e4f282310 - 14TL_api_request
11-27 10:03:52.127  2302  2365 D tgnet   : [ConnectionsManager.cpp:1882] send request wrapped 0x710e4f282310 - 14TL_api_request
11-27 10:03:52.127  2302  2365 D tgnet   : messageId for token = 83, 0x6928220820831400
11-27 10:03:52.127  2302  2365 D tgnet   : [ConnectionsManager.cpp:2609] messageId for token = 83, 0x6928220820831400
11-27 10:03:52.127  2302  2365 E tgnet   : connection(0x6928220806666800) request (msg_id: 0)
11-27 10:03:52.127  2302  2365 E tgnet   : connection(0x710f0f20d6e0) (type: 1 == 1 && num: 0 == 0) || (token: 1 == 1)
11-27 10:03:52.127  2302  2365 D tgnet   : send message (session: 0xabcd1b243292dab5, seqno: 105, messageid: 7577343791351403520  0x6928220820831400): 14TL_api_request(0x710e4f282310)
11-27 10:03:52.127  2302  2365 D tgnet   : [        Datacenter.cpp:1186] send message (session: 0xabcd1b243292dab5, seqno: 105, messageid: 7577343791351403520  0x6928220820831400): 14TL_api_request(0x710e4f282310)
11-27 10:03:52.128  2302  2365 D tgnet   : received message len 168 (currentPacketLength) equal to packet size
11-27 10:03:52.128  2302  2365 D tgnet   : [        Connection.cpp: 275] received message len 168 (currentPacketLength) equal to packet size
11-27 10:03:52.128  2302  2365 D tgnet   : api request constructor 0x8c718e87, don't parse
11-27 10:03:52.128  2302  2365 D tgnet   : [ConnectionsManager.cpp:1096] api request constructor 0x8c718e87, don't parse
11-27 10:03:52.128  2302  2365 D tgnet   : connection(0x710f0f20d6e0, account0, dc1, type 1) received object 13TL_rpc_result
11-27 10:03:52.128  2302  2365 D tgnet   : [ConnectionsManager.cpp:1008] connection(0x710f0f20d6e0, account0, dc1, type 1) received object 13TL_rpc_result
11-27 10:03:52.128  2302  2365 D tgnet   : process server response 0x710e4f282430 - 13TL_rpc_result
11-27 10:03:52.128  2302  2365 D tgnet   : [ConnectionsManager.cpp:1122] process server response 0x710e4f282430 - 13TL_rpc_result
11-27 10:03:52.128  2302  2365 D tgnet   : message_id 7577343790855191081 connection(0x710f0f20d6e0, account0, dc1, type 1) received rpc_result with 15TL_api_response
11-27 10:03:52.128  2302  2365 D tgnet   : [ConnectionsManager.cpp:1267] message_id 7577343790855191081 connection(0x710f0f20d6e0, account0, dc1, type 1) received rpc_result with 15TL_api_response
11-27 10:03:52.128  2302  2365 D tgnet   : got response for request 0x710e4f281a70 - 14TL_api_request
11-27 10:03:52.128  2302  2365 D tgnet   : [ConnectionsManager.cpp:1303] got response for request 0x710e4f281a70 - 14TL_api_request
11-27 10:03:52.129  2302  2365 D tmessages: CM java buff saved to /sdcard/Android/data/org.chatengine.messenger.beta/files/buff_1764237832128.bin
11-27 10:03:52.129  2302  2365 D tmessages: java received org.telegram.tgnet.TLRPC$TL_messages_messages@e260e4e error = null
11-27 10:03:52.130  2302  2353 D tmessages: processLoadedMessages size 0 in chat 1271284286 topic_id 0 count 25 max_id 0 cache false guid 6 load_type 2 last_message_id 0 index 1 firstUnread 0 unread_count 0 last_date 0 queryFromServer false isTopicfalse
11-27 10:03:52.130  2302  2343 D MTProto : requestMsgId=124303261873456 requestingTime=112 request_token=82
11-27 10:03:52.130  2302  2343 D MTProto : req -> TL_messages_getHistory : {"add_offset":0,"hash":0,"limit":25,"max_id":0,"min_id":0,"offset_date":0,"offset_id":0,"peer":{"access_hash":7248528399095271617,"channel_id":0,"chat_id":0,"msg_id":0,"user_id":1271284286}}
11-27 10:03:52.130  2302  2343 D MTProto : res -> TL_messages_messages : {"chats":[],"count":0,"flags":0,"inexact":false,"messages":[],"next_rate":0,"offset_id_offset":0,"pts":0,"topics":[],"users":[{"access_hash":1249598286941389209,"apply_min_photo":false,"attach_menu_enabled":false,"bot":false,"bot_attach_menu":false,"bot_chat_history":false,"bot_info_version":0,"bot_inline_geo":false,"bot_menu_webview":false,"bot_nochats":false,"contact":true,"deleted":false,"explicit_content":false,"fake":false,"first_name":"U","flags":7255,"flags2":0,"id":1271292217,"inactive":false,"last_name":"6","min":false,"mutual_contact":true,"premium":false,"restricted":false,"restriction_reason":[],"scam":false,"self":true,"status":{"expires":1764237870},"support":false,"usernames":[],"verified":false}]}
11-27 10:03:52.130  2302  2343 D MTProto :  
11-27 10:03:52.130  2302  2353 D tmessages: process time=0 count=0 for dialog  1271284286
11-27 10:03:52.137  2302  2353 D tmessages: send request org.telegram.tgnet.TLRPC$TL_messages_getArchivedStickers@6838d05 with token = 84
11-27 10:03:52.137  2302  2365 D tgnet   : send request 0x710e4f2817d0 - 14TL_api_request
11-27 10:03:52.137  2302  2365 D tgnet   : [ConnectionsManager.cpp:1875] send request 0x710e4f2817d0 - 14TL_api_request
11-27 10:03:52.137  2302  2365 D tgnet   : send request wrapped 0x710e4f2817d0 - 14TL_api_request
11-27 10:03:52.137  2302  2365 D tgnet   : [ConnectionsManager.cpp:1882] send request wrapped 0x710e4f2817d0 - 14TL_api_request
11-27 10:03:52.137  2302  2365 D tgnet   : messageId for token = 84, 0x6928220823127000
11-27 10:03:52.137  2302  2365 D tgnet   : [ConnectionsManager.cpp:2609] messageId for token = 84, 0x6928220823127000
11-27 10:03:52.137  2302  2353 D tmessages: send request org.telegram.tgnet.TLRPC$TL_messages_getEmojiStickers@1d8c15a with token = 85
11-27 10:03:52.137  2302  2365 E tgnet   : connection(0x6928220820831400) request (msg_id: 0)
11-27 10:03:52.137  2302  2365 E tgnet   : connection(0x710f0f20d6e0) (type: 1 == 1 && num: 0 == 0) || (token: 1 == 1)
11-27 10:03:52.137  2302  2365 D tgnet   : send message (session: 0xabcd1b243292dab5, seqno: 107, messageid: 7577343791394353152  0x6928220823127000): 14TL_api_request(0x710e4f2817d0)
11-27 10:03:52.137  2302  2365 D tgnet   : [        Datacenter.cpp:1186] send message (session: 0xabcd1b243292dab5, seqno: 107, messageid: 7577343791394353152  0x6928220823127000): 14TL_api_request(0x710e4f2817d0)
11-27 10:03:52.138  2302  2365 D tgnet   : send request 0x710e4f26dcd0 - 14TL_api_request
11-27 10:03:52.138  2302  2365 D tgnet   : [ConnectionsManager.cpp:1875] send request 0x710e4f26dcd0 - 14TL_api_request
11-27 10:03:52.138  2302  2365 D tgnet   : send request wrapped 0x710e4f26dcd0 - 14TL_api_request
11-27 10:03:52.138  2302  2365 D tgnet   : [ConnectionsManager.cpp:1882] send request wrapped 0x710e4f26dcd0 - 14TL_api_request
11-27 10:03:52.138  2302  2365 D tgnet   : messageId for token = 85, 0x692822082353f800
11-27 10:03:52.138  2302  2365 D tgnet   : [ConnectionsManager.cpp:2609] messageId for token = 85, 0x692822082353f800
11-27 10:03:52.138  2302  2365 E tgnet   : connection(0x6928220820831400) request (msg_id: 0)
11-27 10:03:52.138  2302  2365 E tgnet   : connection(0x710f0f20d6e0) (type: 1 == 1 && num: 0 == 0) || (token: 1 == 1)
11-27 10:03:52.138  2302  2365 D tgnet   : send message (session: 0xabcd1b243292dab5, seqno: 109, messageid: 7577343791398647808  0x692822082353f800): 14TL_api_request(0x710e4f26dcd0)
11-27 10:03:52.138  2302  2365 D tgnet   : [        Datacenter.cpp:1186] send message (session: 0xabcd1b243292dab5, seqno: 109, messageid: 7577343791398647808  0x692822082353f800): 14TL_api_request(0x710e4f26dcd0)
11-27 10:03:52.208  2302  2365 D tgnet   : received message len 104 (currentPacketLength) equal to packet size
11-27 10:03:52.208  2302  2365 D tgnet   : [        Connection.cpp: 275] received message len 104 (currentPacketLength) equal to packet size
11-27 10:03:52.208  2302  2365 D tgnet   : api request constructor 0x4fcba9c8, don't parse
11-27 10:03:52.208  2302  2365 D tgnet   : [ConnectionsManager.cpp:1096] api request constructor 0x4fcba9c8, don't parse
11-27 10:03:52.208  2302  2365 D tgnet   : connection(0x710f0f20d6e0, account0, dc1, type 1) received object 13TL_rpc_result
11-27 10:03:52.208  2302  2365 D tgnet   : [ConnectionsManager.cpp:1008] connection(0x710f0f20d6e0, account0, dc1, type 1) received object 13TL_rpc_result
11-27 10:03:52.208  2302  2365 D tgnet   : process server response 0x710e4f282430 - 13TL_rpc_result
11-27 10:03:52.208  2302  2365 D tgnet   : [ConnectionsManager.cpp:1122] process server response 0x710e4f282430 - 13TL_rpc_result
11-27 10:03:52.208  2302  2365 D tgnet   : message_id 7577343791018768945 connection(0x710f0f20d6e0, account0, dc1, type 1) received rpc_result with 15TL_api_response
11-27 10:03:52.208  2302  2365 D tgnet   : [ConnectionsManager.cpp:1267] message_id 7577343791018768945 connection(0x710f0f20d6e0, account0, dc1, type 1) received rpc_result with 15TL_api_response
11-27 10:03:52.208  2302  2365 D tgnet   : got response for request 0x710e4f282310 - 14TL_api_request
11-27 10:03:52.208  2302  2365 D tgnet   : [ConnectionsManager.cpp:1303] got response for request 0x710e4f282310 - 14TL_api_request
11-27 10:03:52.209  2302  2365 D tmessages: CM java buff saved to /sdcard/Android/data/org.chatengine.messenger.beta/files/buff_1764237832209.bin
11-27 10:03:52.209  2302  2365 D tmessages: java received org.telegram.tgnet.TLRPC$TL_messages_archivedStickers@9078868 error = null
11-27 10:03:52.211  2302  2343 D MTProto : requestMsgId=124303261873456 requestingTime=83 request_token=83
11-27 10:03:52.211  2302  2343 D MTProto : req -> TL_messages_getArchivedStickers : {"emojis":true,"flags":2,"limit":0,"masks":false,"offset_id":0}
11-27 10:03:52.211  2302  2343 D MTProto : res -> TL_messages_archivedStickers : {"count":0,"sets":[]}
11-27 10:03:52.211  2302  2343 D MTProto :  
11-27 10:03:52.246  2302  2365 D tgnet   : connection(0x710f0f20d6e0, account0, dc1, type 1) received message len (currentPacketLength) 104 but packet (buffer->remaining()) larger 209
11-27 10:03:52.246  2302  2365 D tgnet   : [        Connection.cpp: 269] connection(0x710f0f20d6e0, account0, dc1, type 1) received message len (currentPacketLength) 104 but packet (buffer->remaining()) larger 209
11-27 10:03:52.247  2302  2365 D tgnet   : api request constructor 0xcdbbcebb, don't parse
11-27 10:03:52.247  2302  2365 D tgnet   : [ConnectionsManager.cpp:1096] api request constructor 0xcdbbcebb, don't parse
11-27 10:03:52.247  2302  2365 D tgnet   : connection(0x710f0f20d6e0, account0, dc1, type 1) received object 13TL_rpc_result
11-27 10:03:52.247  2302  2365 D tgnet   : [ConnectionsManager.cpp:1008] connection(0x710f0f20d6e0, account0, dc1, type 1) received object 13TL_rpc_result
11-27 10:03:52.247  2302  2365 D tgnet   : process server response 0x710e4f282430 - 13TL_rpc_result
11-27 10:03:52.247  2302  2365 D tgnet   : [ConnectionsManager.cpp:1122] process server response 0x710e4f282430 - 13TL_rpc_result
11-27 10:03:52.247  2302  2365 D tgnet   : message_id 7577343791125723705 connection(0x710f0f20d6e0, account0, dc1, type 1) received rpc_result with 15TL_api_response
11-27 10:03:52.247  2302  2365 D tgnet   : [ConnectionsManager.cpp:1267] message_id 7577343791125723705 connection(0x710f0f20d6e0, account0, dc1, type 1) received rpc_result with 15TL_api_response
11-27 10:03:52.247  2302  2365 D tgnet   : got response for request 0x710e4f26dcd0 - 14TL_api_request
11-27 10:03:52.247  2302  2365 D tgnet   : [ConnectionsManager.cpp:1303] got response for request 0x710e4f26dcd0 - 14TL_api_request
11-27 10:03:52.247  2302  2365 D tmessages: CM java buff saved to /sdcard/Android/data/org.chatengine.messenger.beta/files/buff_1764237832247.bin
11-27 10:03:52.247  2302  2365 D tmessages: java received org.telegram.tgnet.TLRPC$TL_messages_allStickers@43b57bd error = null
11-27 10:03:52.248  2302  2365 D tgnet   : received message len 104 (currentPacketLength) equal to packet size
11-27 10:03:52.248  2302  2365 D tgnet   : [        Connection.cpp: 275] received message len 104 (currentPacketLength) equal to packet size
11-27 10:03:52.249  2302  2343 D MTProto : requestMsgId=124303261873456 requestingTime=111 request_token=85
11-27 10:03:52.249  2302  2365 D tgnet   : api request constructor 0x4fcba9c8, don't parse
11-27 10:03:52.249  2302  2365 D tgnet   : [ConnectionsManager.cpp:1096] api request constructor 0x4fcba9c8, don't parse
11-27 10:03:52.249  2302  2343 D MTProto : req -> TL_messages_getEmojiStickers : {"hash":0}
11-27 10:03:52.249  2302  2365 D tgnet   : connection(0x710f0f20d6e0, account0, dc1, type 1) received object 13TL_rpc_result
11-27 10:03:52.249  2302  2365 D tgnet   : [ConnectionsManager.cpp:1008] connection(0x710f0f20d6e0, account0, dc1, type 1) received object 13TL_rpc_result
11-27 10:03:52.249  2302  2343 D MTProto : res -> TL_messages_allStickers : {"hash2":0,"documents":[],"packs":[],"sets":[]}
11-27 10:03:52.249  2302  2365 D tgnet   : process server response 0x710e4f27df90 - 13TL_rpc_result
11-27 10:03:52.249  2302  2365 D tgnet   : [ConnectionsManager.cpp:1122] process server response 0x710e4f27df90 - 13TL_rpc_result
11-27 10:03:52.249  2302  2365 D tgnet   : message_id 7577343791129918017 connection(0x710f0f20d6e0, account0, dc1, type 1) received rpc_result with 15TL_api_response
11-27 10:03:52.249  2302  2365 D tgnet   : [ConnectionsManager.cpp:1267] message_id 7577343791129918017 connection(0x710f0f20d6e0, account0, dc1, type 1) received rpc_result with 15TL_api_response
11-27 10:03:52.249  2302  2343 D MTProto :  
11-27 10:03:52.249  2302  2365 D tgnet   : got response for request 0x710e4f2817d0 - 14TL_api_request
11-27 10:03:52.249  2302  2365 D tgnet   : [ConnectionsManager.cpp:1303] got response for request 0x710e4f2817d0 - 14TL_api_request
11-27 10:03:52.250  2302  2365 D tmessages: CM java buff saved to /sdcard/Android/data/org.chatengine.messenger.beta/files/buff_1764237832249.bin
11-27 10:03:52.250  2302  2365 D tmessages: java received org.telegram.tgnet.TLRPC$TL_messages_archivedStickers@d58a6fe error = null
11-27 10:03:52.251  2302  2343 D MTProto : requestMsgId=124303261873456 requestingTime=113 request_token=84
11-27 10:03:52.251  2302  2343 D MTProto : req -> TL_messages_getArchivedStickers : {"emojis":true,"flags":2,"limit":0,"masks":false,"offset_id":0}
11-27 10:03:52.251  2302  2343 D MTProto : res -> TL_messages_archivedStickers : {"count":0,"sets":[]}
11-27 10:03:52.251  2302  2343 D MTProto :  
11-27 10:03:52.280  2302  2302 D tmessages: notify data set changed fragmentOpened=true
11-27 10:03:52.295  2302  2348 D tmessages: start loading file to temp = /storage/emulated/0/Android/data/org.chatengine.messenger.beta/cache/1_1655889591007186945.temp final = /storage/emulated/0/Android/data/org.chatengine.messenger.beta/cache/1_1655889591007186945.tgs priority65536
11-27 10:03:52.301  2302  2348 D tmessages: load operation update position fileName=1_1655889591007186945.tgs position in queue 2 account=0
11-27 10:03:52.302  2302  2353 D tmessages: send request org.telegram.tgnet.TLRPC$TL_upload_getFile@b8e5b62 with token = 86
11-27 10:03:52.302  2302  2365 D tgnet   : send request 0x710e4f283030 - 14TL_api_request
11-27 10:03:52.302  2302  2365 D tgnet   : [ConnectionsManager.cpp:1875] send request 0x710e4f283030 - 14TL_api_request
11-27 10:03:52.302  2302  2353 D tmessages: debug_loading: 1_1655889591007186945.tgs send reqId 86
11-27 10:03:52.302  2302  2365 D tgnet   : send request wrapped 0x710e4f283030 - 14TL_api_request
11-27 10:03:52.302  2302  2365 D tgnet   : [ConnectionsManager.cpp:1882] send request wrapped 0x710e4f283030 - 14TL_api_request
11-27 10:03:52.302  2302  2365 D tgnet   : messageId for token = 86, 0x692822084d4fe000
11-27 10:03:52.302  2302  2365 D tgnet   : [ConnectionsManager.cpp:2609] messageId for token = 86, 0x692822084d4fe000
11-27 10:03:52.302  2302  2365 E tgnet   : connection(0x710f0f3663d0) return true
11-27 10:03:52.302  2302  2365 D tgnet   : send message (session: 0xabcdc2fb2b14a42e, seqno: 45, messageid: 7577343792103022592  0x692822084d4fe000): 14TL_api_request(0x710e4f283030)
