11-27 10:03:31.023  2302  2343 D MTProto : res -> TL_messages_availableReactions : {"hash":0,"reactions":[{"activate_animation":{"access_hash":5475814038278328699,"attributes":[{"duration":0,"flags":0,"h":608,"mask":false,"round_message":false,"supports_streaming":false,"voice":false,"w":480},{"alt":"👍","duration":0,"flags":0,"h":0,"mask":false,"round_message":false,"stickerset":{"access_hash":792865419786830361,"id":1655888074158116864},"supports_streaming":false,"voice":false,"w":0},{"duration":0,"file_name":"AnimatedSticker.tgs","flags":0,"h":0,"mask":false,"round_message":false,"supports_streaming":false,"voice":false,"w":0}],"date":1683629456,"dc_id":1,"file_name_fixed":"AnimatedSticker.tgs","file_reference":[],"flags":1,"id":1655888074694987777,"mime_type":"application/x-tgsticker","size":18100,"thumbs":[{"svgPath":{"isSimplePath":false},"h":50,"location":{"dc_id":0,"local_id":1106,"volume_id":-1655888074694987777},"size":0,"type":"j","w":50},{"h":128,"location":{"dc_id":0,"local_id":1109,"volume_id":-1655888074694987777},"size":2672,"type":"m","w":101}],"user_id":0,"version":0,"video_thumbs":[]},"appear_animation":{"access_hash":6250996223203486818,"attributes":[{"duration":0,"flags":0,"h":512,"mask":false,"round_message":false,"supports_streaming":false,"voice":false,"w":512},{"alt":"👍","duration":0,"flags":0,"h":0,"mask":false,"round_message":false,"stickerset":{"access_hash":6195598811431755358,"id":1655889310743793664},"supports_streaming":false,"voice":false,"w":0},{"duration":0,"file_name":"AnimatedSticker.tgs","flags":0,"h":0,"mask":false,"round_message":false,"supports_streaming":false,"voice":false,"w":0}],"date":1683629751,"dc_id":1,"file_name_fixed":"AnimatedSticker.tgs","file_reference":[],"flags":1,"id":1655889310768959489,"mime_type":"application/x-tgsticker","size":6058,"thumbs":[{"h":128,"location":{"dc_id":0,"local_id":1109,"volume_id":-1655889310768959489},"size":126,"type":"m","w":128}],"user_id":0,"version":0,"video_thumbs":[]},"around_animation":{"access_hash":6124895314562949456,"attributes":[{"duration":0,"flags":0,"h":512,"mask":false,"round_message":false,"supports_streaming":false,"voice":false,"w":512},{"alt":"👍","duration":0,"flags":0,"h":0,"mask":false,"round_message":false,"stickerset":{"access_hash":6886155708873931567,"id":1655889351671812096},"supports_streaming":false,"voice":false,"w":0},{"duration":0,"file_name":"AnimatedSticker.tgs","flags":0,"h":0,"mask":false,"round_message":false,"supports_streaming":false,"voice":false,"w":0}],"date":1683629761,"dc_id":1,"file_name_fixed":"AnimatedSticker.tgs","file_reference":[],"flags":1,"id":1655889351684395009,"mime_type":"application/x-tgsticker","size":56405,"thumbs":[{"h":128,"location":{"dc_id":0,"local_id":1109,"volume_id":-1655889351684395009},"size":126,"type":"m","w":128}],"user_id":0,"version":0,"video_thumbs":[]},"center_icon":{"access_hash":8051591535715196775,"attributes":[{"duration":0,"flags":0,"h":512,"mask":false,"round_message":false,"supports_streaming":false,"voice":false,"w":512},{"alt":"👍","duration":0,"flags":0,"h":0,"mask":false,"round_message":false,"stickerset":{"access_hash":5164092595399085525,"id":1655889388762042368},"supports_streaming":false,"voice":false,"w":0},{"duration":0,"file_name":"AnimatedSticker.tgs","flags":0,"h":0,"mask":false,"round_message":false,"supports_streaming":false,"voice":false,"w":0}],"date":1683629769,"dc_id":1,"file_name_fixed":"AnimatedSticker.tgs","file_reference":[],"flags":1,"id":1655889388778819585,"mime_type":"application/x-tgsticker","size":3058,"thumbs":[{"svgPath":{"isSimplePath":false},"h":50,"location":{"dc_id":0,"local_id":1106,"volume_id":-1655889388778819585},"size":0,"type":"j","w":50},{"h":128,"location":{"dc_id":0,"local_id":1109,"volume_id":-1655889388778819585},"size":1654,"type":"m","w":128}],"user_id":0,"version":0,"video_thumbs":[]},"effect_animation":{"access_hash":5259763975051225972,"attributes":[{"duration":0,"flags":0,"h":512,"mask":false,"round_message":false,"supports_streaming":false,"voice":false,"w":512},{"alt":"👍","duration":0,"flags":0,"h
11-27 10:03:31.023  2302  2353 D tmessages: debug_loading: 1_1655889425424453632.tgs send reqId 34
11-27 10:03:31.023  2302  2343 D MTProto :  
11-27 10:03:31.023  2302  2348 D tmessages: start loading file to temp = /storage/emulated/0/Android/data/org.chatengine.messenger.beta/cache/1_1655889425428647936.temp final = /storage/emulated/0/Android/data/org.chatengine.messenger.beta/cache/1_1655889425428647936.tgs priority0
11-27 10:03:31.024  2302  2365 D tgnet   : send request 0x710e4f264cd0 - 14TL_api_request
11-27 10:03:31.024  2302  2365 D tgnet   : [ConnectionsManager.cpp:1875] send request 0x710e4f264cd0 - 14TL_api_request
11-27 10:03:31.024  2302  2365 D tgnet   : send request wrapped 0x710e4f264cd0 - 14TL_api_request
11-27 10:03:31.024  2302  2365 D tgnet   : [ConnectionsManager.cpp:1882] send request wrapped 0x710e4f264cd0 - 14TL_api_request
11-27 10:03:31.024  2302  2343 D MTProto : requestMsgId=124303261873456 requestingTime=160 request_token=33
11-27 10:03:31.024  2302  2343 D MTProto : req -> TL_messages_getAttachMenuBots : {"hash":0}
11-27 10:03:31.024  2302  2343 D MTProto : res -> TL_attachMenuBots : {"bots":[],"hash":0,"users":[]}
11-27 10:03:31.024  2302  2343 D MTProto :  
11-27 10:03:31.025  2302  2365 D tgnet   : connection(0x710f0f3663d0) set current timeout = 12
11-27 10:03:31.025  2302  2365 D tgnet   : [  ConnectionSocket.cpp:1072] connection(0x710f0f3663d0) set current timeout = 12
11-27 10:03:31.025  2302  2365 D tgnet   : messageId for token = 34, 0x692821f306666800
11-27 10:03:31.025  2302  2365 D tgnet   : [ConnectionsManager.cpp:2609] messageId for token = 34, 0x692821f306666800
11-27 10:03:31.025  2302  2365 E tgnet   : connection(0x710f0f3663d0) return true
11-27 10:03:31.025  2302  2365 D tgnet   : send message (session: 0xabcdc2fb2b14a42e, seqno: 1, messageid: 7577343700719003648  0x692821f306666800): 14TL_api_request(0x710e4f264cd0)
11-27 10:03:31.025  2302  2365 D tgnet   : [        Datacenter.cpp:1186] send message (session: 0xabcdc2fb2b14a42e, seqno: 1, messageid: 7577343700719003648  0x692821f306666800): 14TL_api_request(0x710e4f264cd0)
11-27 10:03:31.025  2302  2365 D tgnet   : dc1 valid salt not found
11-27 10:03:31.025  2302  2365 D tgnet   : [        Datacenter.cpp: 687] dc1 valid salt not found
11-27 10:03:31.025  2302  2365 D tgnet   : firstPacketSent called
11-27 10:03:31.025  2302  2365 D tgnet   : [        Connection.cpp: 576] firstPacketSent called
11-27 10:03:31.031  2302  2353 D tmessages: send request org.telegram.tgnet.TLRPC$TL_upload_getFile@e01d883 with token = 35
11-27 10:03:31.032  2302  2348 D tmessages: create load operation fileName=1_1655889425428647936.tgs documentName=AnimatedSticker.tgssize=10.2 KB position in queue 1 account=0
11-27 10:03:31.032  2302  2353 D tmessages: debug_loading: 1_1655889425428647936.tgs send reqId 35
11-27 10:03:31.032  2302  2365 D tgnet   : send request 0x710e4f25f810 - 14TL_api_request
11-27 10:03:31.032  2302  2365 D tgnet   : [ConnectionsManager.cpp:1875] send request 0x710e4f25f810 - 14TL_api_request
11-27 10:03:31.032  2302  2365 D tgnet   : send request wrapped 0x710e4f25f810 - 14TL_api_request
11-27 10:03:31.032  2302  2365 D tgnet   : [ConnectionsManager.cpp:1882] send request wrapped 0x710e4f25f810 - 14TL_api_request
11-27 10:03:31.032  2302  2365 D tgnet   : messageId for token = 35, 0x692821f308312800
11-27 10:03:31.032  2302  2365 D tgnet   : [ConnectionsManager.cpp:2609] messageId for token = 35, 0x692821f308312800
11-27 10:03:31.032  2302  2365 E tgnet   : connection(0x710f0f3663d0) return true
11-27 10:03:31.032  2302  2365 D tgnet   : send message (session: 0xabcdc2fb2b14a42e, seqno: 3, messageid: 7577343700749068288  0x692821f308312800): 14TL_api_request(0x710e4f25f810)
11-27 10:03:31.032  2302  2365 D tgnet   : [        Datacenter.cpp:1186] send message (session: 0xabcdc2fb2b14a42e, seqno: 3, messageid: 7577343700749068288  0x692821f308312800): 14TL_api_request(0x710e4f25f810)
11-27 10:03:31.032  2302  2365 D tgnet   : dc1 valid salt not found
11-27 10:03:31.032  2302  2365 D tgnet   : [        Datacenter.cpp: 687] dc1 valid salt not found
11-27 10:03:31.032  2302  2348 D tmessages: start loading file to temp = /storage/emulated/0/Android/data/org.chatengine.messenger.beta/cache/1_1655889425428647937.temp final = /storage/emulated/0/Android/data/org.chatengine.messenger.beta/cache/1_1655889425428647937.tgs priority0
11-27 10:03:31.040  2302  2353 D tmessages: send request org.telegram.tgnet.TLRPC$TL_upload_getFile@7c2b239 with token = 36
11-27 10:03:31.040  2302  2348 D tmessages: create load operation fileName=1_1655889425428647937.tgs documentName=AnimatedSticker.tgssize=6.7 KB position in queue 2 account=0
11-27 10:03:31.040  2302  2353 D tmessages: debug_loading: 1_1655889425428647937.tgs send reqId 36
11-27 10:03:31.040  2302  2365 D tgnet   : send request 0x710e4f260470 - 14TL_api_request
11-27 10:03:31.040  2302  2365 D tgnet   : [ConnectionsManager.cpp:1875] send request 0x710e4f260470 - 14TL_api_request
11-27 10:03:31.040  2302  2365 D tgnet   : send request wrapped 0x710e4f260470 - 14TL_api_request
11-27 10:03:31.040  2302  2365 D tgnet   : [ConnectionsManager.cpp:1882] send request wrapped 0x710e4f260470 - 14TL_api_request
11-27 10:03:31.040  2302  2365 D tgnet   : messageId for token = 36, 0x692821f30a3d7000
11-27 10:03:31.040  2302  2365 D tgnet   : [ConnectionsManager.cpp:2609] messageId for token = 36, 0x692821f30a3d7000
11-27 10:03:31.040  2302  2365 E tgnet   : connection(0x710f0f3663d0) return true
11-27 10:03:31.040  2302  2365 D tgnet   : send message (session: 0xabcdc2fb2b14a42e, seqno: 5, messageid: 7577343700783427584  0x692821f30a3d7000): 14TL_api_request(0x710e4f260470)
11-27 10:03:31.040  2302  2365 D tgnet   : [        Datacenter.cpp:1186] send message (session: 0xabcdc2fb2b14a42e, seqno: 5, messageid: 7577343700783427584  0x692821f30a3d7000): 14TL_api_request(0x710e4f260470)
11-27 10:03:31.040  2302  2365 D tgnet   : dc1 valid salt not found
11-27 10:03:31.040  2302  2365 D tgnet   : [        Datacenter.cpp: 687] dc1 valid salt not found
11-27 10:03:31.040  2302  2348 D tmessages: start loading file to temp = /storage/emulated/0/Android/data/org.chatengine.messenger.beta/cache/1_1655889425428647938.temp final = /storage/emulated/0/Android/data/org.chatengine.messenger.beta/cache/1_1655889425428647938.tgs priority0
11-27 10:03:31.049  2302  2353 D tmessages: send request org.telegram.tgnet.TLRPC$TL_upload_getFile@bff79df with token = 37
11-27 10:03:31.049  2302  2348 D tmessages: create load operation fileName=1_1655889425428647938.tgs documentName=AnimatedSticker.tgssize=12.5 KB position in queue 3 account=0
11-27 10:03:31.049  2302  2353 D tmessages: debug_loading: 1_1655889425428647938.tgs send reqId 37
11-27 10:03:31.049  2302  2365 D tgnet   : send request 0x710e4f266ad0 - 14TL_api_request
11-27 10:03:31.049  2302  2365 D tgnet   : [ConnectionsManager.cpp:1875] send request 0x710e4f266ad0 - 14TL_api_request
11-27 10:03:31.049  2302  2365 D tgnet   : send request wrapped 0x710e4f266ad0 - 14TL_api_request
11-27 10:03:31.049  2302  2365 D tgnet   : [ConnectionsManager.cpp:1882] send request wrapped 0x710e4f266ad0 - 14TL_api_request
11-27 10:03:31.049  2302  2365 D tgnet   : messageId for token = 37, 0x692821f30c8b4400
11-27 10:03:31.049  2302  2365 D tgnet   : [ConnectionsManager.cpp:2609] messageId for token = 37, 0x692821f30c8b4400
11-27 10:03:31.049  2302  2365 E tgnet   : connection(0x710f0f3663d0) return true
11-27 10:03:31.049  2302  2365 D tgnet   : send message (session: 0xabcdc2fb2b14a42e, seqno: 7, messageid: 7577343700822082560  0x692821f30c8b4400): 14TL_api_request(0x710e4f266ad0)
11-27 10:03:31.049  2302  2365 D tgnet   : [        Datacenter.cpp:1186] send message (session: 0xabcdc2fb2b14a42e, seqno: 7, messageid: 7577343700822082560  0x692821f30c8b4400): 14TL_api_request(0x710e4f266ad0)
11-27 10:03:31.049  2302  2365 D tgnet   : dc1 valid salt not found
11-27 10:03:31.049  2302  2365 D tgnet   : [        Datacenter.cpp: 687] dc1 valid salt not found
11-27 10:03:31.049  2302  2348 D tmessages: start loading file to temp = /storage/emulated/0/Android/data/org.chatengine.messenger.beta/cache/1_1655889425432842240.temp final = /storage/emulated/0/Android/data/org.chatengine.messenger.beta/cache/1_1655889425432842240.tgs priority0
11-27 10:03:31.057  2302  2353 D tmessages: send request org.telegram.tgnet.TLRPC$TL_upload_getFile@c1338f5 with token = 38
11-27 10:03:31.057  2302  2348 D tmessages: create load operation fileName=1_1655889425432842240.tgs documentName=AnimatedSticker.tgssize=6.0 KB position in queue 4 account=0
11-27 10:03:31.057  2302  2353 D tmessages: debug_loading: 1_1655889425432842240.tgs send reqId 38
11-27 10:03:31.058  2302  2365 D tgnet   : send request 0x710e4f26c0b0 - 14TL_api_request
11-27 10:03:31.058  2302  2365 D tgnet   : [ConnectionsManager.cpp:1875] send request 0x710e4f26c0b0 - 14TL_api_request
11-27 10:03:31.058  2302  2348 D tmessages: create load operation fileName=1_1655889425432842241.tgs documentName=AnimatedSticker.tgssize=5.1 KB position in queue 5 account=0
11-27 10:03:31.058  2302  2365 D tgnet   : send request wrapped 0x710e4f26c0b0 - 14TL_api_request
11-27 10:03:31.058  2302  2365 D tgnet   : [ConnectionsManager.cpp:1882] send request wrapped 0x710e4f26c0b0 - 14TL_api_request
11-27 10:03:31.058  2302  2365 D tgnet   : messageId for token = 38, 0x692821f30ed91800
11-27 10:03:31.058  2302  2365 D tgnet   : [ConnectionsManager.cpp:2609] messageId for token = 38, 0x692821f30ed91800
11-27 10:03:31.058  2302  2365 E tgnet   : connection(0x710f0f3663d0) return true
11-27 10:03:31.058  2302  2365 D tgnet   : send message (session: 0xabcdc2fb2b14a42e, seqno: 9, messageid: 7577343700860737536  0x692821f30ed91800): 14TL_api_request(0x710e4f26c0b0)
11-27 10:03:31.058  2302  2365 D tgnet   : [        Datacenter.cpp:1186] send message (session: 0xabcdc2fb2b14a42e, seqno: 9, messageid: 7577343700860737536  0x692821f30ed91800): 14TL_api_request(0x710e4f26c0b0)
11-27 10:03:31.058  2302  2365 D tgnet   : dc1 valid salt not found
11-27 10:03:31.058  2302  2365 D tgnet   : [        Datacenter.cpp: 687] dc1 valid salt not found
11-27 10:03:31.067  2302  2365 D tgnet   : connection(0x710f0f3663d0) reset last event time, on connect
11-27 10:03:31.068  2302  2365 D tgnet   : [  ConnectionSocket.cpp: 959] connection(0x710f0f3663d0) reset last event time, on connect
11-27 10:03:31.068  2302  2365 D tgnet   : connection(0x710f0f3663d0, account0, dc1, type 2) connected to 43.155.11.190:10443
11-27 10:03:31.068  2302  2365 D tgnet   : [        Connection.cpp: 831] connection(0x710f0f3663d0, account0, dc1, type 2) connected to 43.155.11.190:10443
11-27 10:03:31.068  2302  2365 D tgnet   : called from onConnectionConnected
11-27 10:03:31.068  2302  2365 D tgnet   : [ConnectionsManager.cpp: 817] called from onConnectionConnected
11-27 10:03:31.068  2302  2365 D tgnet   : send message (session: 0xabcdc2fb2b14a42e, seqno: 1, messageid: 7577343700719003648  0x692821f306666800): 14TL_api_request(0x710e4f264cd0)
11-27 10:03:31.068  2302  2365 D tgnet   : [        Datacenter.cpp:1186] send message (session: 0xabcdc2fb2b14a42e, seqno: 1, messageid: 7577343700719003648  0x692821f306666800): 14TL_api_request(0x710e4f264cd0)
11-27 10:03:31.068  2302  2365 D tgnet   : dc1 valid salt not found
11-27 10:03:31.068  2302  2365 D tgnet   : [        Datacenter.cpp: 687] dc1 valid salt not found
11-27 10:03:31.068  2302  2365 D tgnet   : send message (session: 0xabcdc2fb2b14a42e, seqno: 3, messageid: 7577343700749068288  0x692821f308312800): 14TL_api_request(0x710e4f25f810)
11-27 10:03:31.068  2302  2365 D tgnet   : [        Datacenter.cpp:1186] send message (session: 0xabcdc2fb2b14a42e, seqno: 3, messageid: 7577343700749068288  0x692821f308312800): 14TL_api_request(0x710e4f25f810)
11-27 10:03:31.068  2302  2365 D tgnet   : dc1 valid salt not found
11-27 10:03:31.068  2302  2365 D tgnet   : [        Datacenter.cpp: 687] dc1 valid salt not found
11-27 10:03:31.068  2302  2365 D tgnet   : send message (session: 0xabcdc2fb2b14a42e, seqno: 5, messageid: 7577343700783427584  0x692821f30a3d7000): 14TL_api_request(0x710e4f260470)
11-27 10:03:31.068  2302  2365 D tgnet   : [        Datacenter.cpp:1186] send message (session: 0xabcdc2fb2b14a42e, seqno: 5, messageid: 7577343700783427584  0x692821f30a3d7000): 14TL_api_request(0x710e4f260470)
11-27 10:03:31.068  2302  2365 D tgnet   : dc1 valid salt not found
11-27 10:03:31.068  2302  2365 D tgnet   : [        Datacenter.cpp: 687] dc1 valid salt not found
11-27 10:03:31.068  2302  2365 D tgnet   : send message (session: 0xabcdc2fb2b14a42e, seqno: 7, messageid: 7577343700822082560  0x692821f30c8b4400): 14TL_api_request(0x710e4f266ad0)
11-27 10:03:31.068  2302  2365 D tgnet   : [        Datacenter.cpp:1186] send message (session: 0xabcdc2fb2b14a42e, seqno: 7, messageid: 7577343700822082560  0x692821f30c8b4400): 14TL_api_request(0x710e4f266ad0)
11-27 10:03:31.068  2302  2365 D tgnet   : dc1 valid salt not found
11-27 10:03:31.068  2302  2365 D tgnet   : [        Datacenter.cpp: 687] dc1 valid salt not found
11-27 10:03:31.068  2302  2365 D tgnet   : send message (session: 0xabcdc2fb2b14a42e, seqno: 9, messageid: 7577343700860737536  0x692821f30ed91800): 14TL_api_request(0x710e4f26c0b0)
11-27 10:03:31.068  2302  2365 D tgnet   : [        Datacenter.cpp:1186] send message (session: 0xabcdc2fb2b14a42e, seqno: 9, messageid: 7577343700860737536  0x692821f30ed91800): 14TL_api_request(0x710e4f26c0b0)
11-27 10:03:31.068  2302  2365 D tgnet   : dc1 valid salt not found
11-27 10:03:31.068  2302  2365 D tgnet   : [        Datacenter.cpp: 687] dc1 valid salt not found
11-27 10:03:31.069  2302  2302 D tmessages: applyLanguage: currentLocaleInfo is set
11-27 10:03:31.076  2302  2348 D tmessages: create load operation fileName=1_1655888074694987777.tgs documentName=AnimatedSticker.tgssize=17.7 KB position in queue 6 account=0
11-27 10:03:31.076  2302  2348 D tmessages: create load operation fileName=1_1655889310768959489.tgs documentName=AnimatedSticker.tgssize=5.9 KB position in queue 7 account=0
11-27 10:03:31.076  2302  2348 D tmessages: create load operation fileName=1_1655888074694987778.tgs documentName=AnimatedSticker.tgssize=4.8 KB position in queue 8 account=0
11-27 10:03:31.076  2302  2348 D tmessages: create load operation fileName=1_1655889310773153792.tgs documentName=AnimatedSticker.tgssize=5.4 KB position in queue 9 account=0
11-27 10:03:31.077  2302  2348 D tmessages: create load operation fileName=1_1655888074158116865.tgs documentName=AnimatedSticker.tgssize=54.9 KB position in queue 10 account=0
11-27 10:03:31.077  2302  2348 D tmessages: create load operation fileName=1_1655889310752182273.tgs documentName=AnimatedSticker.tgssize=53.5 KB position in queue 11 account=0
11-27 10:03:31.077  2302  2348 D tmessages: create load operation fileName=1_1655888074376220672.tgs documentName=AnimatedSticker.tgssize=20.9 KB position in queue 12 account=0
11-27 10:03:31.077  2302  2348 D tmessages: create load operation fileName=1_1655889310752182272.tgs documentName=AnimatedSticker.tgssize=10.5 KB position in queue 13 account=0
11-27 10:03:31.077  2302  2348 D tmessages: create load operation fileName=1_1655888074250391553.tgs documentName=AnimatedSticker.tgssize=12.0 KB position in queue 14 account=0
11-27 10:03:31.077  2302  2348 D tmessages: create load operation fileName=1_1655889310777348097.tgs documentName=AnimatedSticker.tgssize=10.5 KB position in queue 15 account=0
11-27 10:03:31.077  2302  2348 D tmessages: create load operation fileName=1_1655888074699182080.tgs documentName=AnimatedSticker.tgssize=21.9 KB position in queue 16 account=0
11-27 10:03:31.078  2302  2348 D tmessages: create load operation fileName=1_1655889310785736705.tgs documentName=AnimatedSticker.tgssize=13.3 KB position in queue 17 account=0
11-27 10:03:31.078  2302  2348 D tmessages: create load operation fileName=1_1655888074183282688.tgs documentName=AnimatedSticker.tgssize=15.6 KB position in queue 18 account=0
11-27 10:03:31.078  2302  2348 D tmessages: create load operation fileName=1_1655889310777348096.tgs documentName=AnimatedSticker.tgssize=8.7 KB position in queue 19 account=0
11-27 10:03:31.078  2302  2348 D tmessages: create load operation fileName=1_1655888074321694721.tgs documentName=AnimatedSticker.tgssize=21.4 KB position in queue 20 account=0
11-27 10:03:31.078  2302  2348 D tmessages: create load operation fileName=1_1655889310785736704.tgs documentName=AnimatedSticker.tgssize=11.1 KB position in queue 21 account=0
11-27 10:03:31.078  2302  2348 D tmessages: create load operation fileName=1_1655888074401386497.tgs documentName=AnimatedSticker.tgssize=48.5 KB position in queue 22 account=0
11-27 10:03:31.079  2302  2348 D tmessages: create load operation fileName=1_1655889310781542400.tgs documentName=AnimatedSticker.tgssize=21.6 KB position in queue 23 account=0
11-27 10:03:31.079  2302  2348 D tmessages: create load operation fileName=1_1655888074346860545.tgs documentName=AnimatedSticker.tgssize=10.1 KB position in queue 24 account=0
11-27 10:03:31.079  2302  2348 D tmessages: create load operation fileName=1_1655889310747987968.tgs documentName=AnimatedSticker.tgssize=5.3 KB position in queue 25 account=0
11-27 10:03:31.079  2302  2348 D tmessages: create load operation fileName=1_1655889252459745281.tgs documentName=AnimatedSticker.tgssize=60.3 KB position in queue 26 account=0
11-27 10:03:31.079  2302  2348 D tmessages: create load operation fileName=1_1655889252468133888.tgs documentName=AnimatedSticker.tgssize=59.1 KB position in queue 27 account=0
11-27 10:03:31.079  2302  2348 D tmessages: create load operation fileName=1_1655889252455550977.tgs documentName=AnimatedSticker.tgssize=63.5 KB position in queue 28 account=0
11-27 10:03:31.079  2302  2348 D tmessages: create load operation fileName=1_1655889252476522497.tgs documentName=AnimatedSticker.tgssize=50.0 KB position in queue 29 account=0
11-27 10:03:31.079  2302  2348 D tmessages: create load operation fileName=1_1655889252493299713.tgs documentName=AnimatedSticker.tgssize=56.2 KB position in queue 30 account=0
11-27 10:03:31.079  2302  2348 D tmessages: create load operation fileName=1_1655889252493299712.tgs documentName=AnimatedSticker.tgssize=63.8 KB position in queue 31 account=0
11-27 10:03:31.079  2302  2348 D tmessages: create load operation fileName=1_1655889252484911105.tgs documentName=AnimatedSticker.tgssize=43.0 KB position in queue 32 account=0
11-27 10:03:31.080  2302  2348 D tmessages: create load operation fileName=1_1655889252497494017.tgs documentName=AnimatedSticker.tgssize=26.4 KB position in queue 33 account=0
11-27 10:03:31.080  2302  2348 D tmessages: create load operation fileName=1_1655889252489105409.tgs documentName=AnimatedSticker.tgssize=34.2 KB position in queue 34 account=0
11-27 10:03:31.080  2302  2348 D tmessages: create load operation fileName=1_1655889252480716800.tgs documentName=AnimatedSticker.tgssize=28.2 KB position in queue 35 account=0
11-27 10:03:31.187  2302  2365 D tgnet   : Config(0x710e3f22b2c0, /data/user/0/org.chatengine.messenger.beta/files/dc1conf.dat) config write ok
11-27 10:03:31.187  2302  2365 D tgnet   : [            Config.cpp: 129] Config(0x710e3f22b2c0, /data/user/0/org.chatengine.messenger.beta/files/dc1conf.dat) config write ok
11-27 10:03:31.187  2302  2365 D tgnet   : connection(0x710f0f3663d0) set current timeout = 25
11-27 10:03:31.187  2302  2365 D tgnet   : [  ConnectionSocket.cpp:1072] connection(0x710f0f3663d0) set current timeout = 25
11-27 10:03:31.187  2302  2365 D tgnet   : connection(0x710f0f3663d0, account0, dc1, type 2) received message len (currentPacketLength) 104 but packet (buffer->remaining()) larger 209
11-27 10:03:31.187  2302  2365 D tgnet   : [        Connection.cpp: 269] connection(0x710f0f3663d0, account0, dc1, type 2) received message len (currentPacketLength) 104 but packet (buffer->remaining()) larger 209
11-27 10:03:31.187  2302  2365 D tgnet   : connection(0x710f0f3663d0, account0, dc1, type 2) received object 18TL_bad_server_salt
11-27 10:03:31.187  2302  2365 D tgnet   : [ConnectionsManager.cpp:1008] connection(0x710f0f3663d0, account0, dc1, type 2) received object 18TL_bad_server_salt
11-27 10:03:31.187  2302  2365 D tgnet   : process server response 0x710e5f494470 - 18TL_bad_server_salt
11-27 10:03:31.187  2302  2365 D tgnet   : [ConnectionsManager.cpp:1122] process server response 0x710e5f494470 - 18TL_bad_server_salt
11-27 10:03:31.187  2302  2365 D tgnet   : called from sendRequest
11-27 10:03:31.187  2302  2365 D tgnet   : [ConnectionsManager.cpp:1818] called from sendRequest
11-27 10:03:31.196  2302  2365 D tgnet   : Config(0x710e3f22d700, /data/user/0/org.chatengine.messenger.beta/files/tgnet.dat) config write ok
11-27 10:03:31.196  2302  2365 D tgnet   : [            Config.cpp: 129] Config(0x710e3f22d700, /data/user/0/org.chatengine.messenger.beta/files/tgnet.dat) config write ok
11-27 10:03:31.196  2302  2365 D tgnet   : send message (session: 0xabcdc2fb2b14a42e, seqno: 1, messageid: 7577343700719003648  0x692821f306666800): 14TL_api_request(0x710e4f264cd0)
11-27 10:03:31.196  2302  2365 D tgnet   : [        Datacenter.cpp:1186] send message (session: 0xabcdc2fb2b14a42e, seqno: 1, messageid: 7577343700719003648  0x692821f306666800): 14TL_api_request(0x710e4f264cd0)
11-27 10:03:31.196  2302  2365 D tgnet   : send message (session: 0xabcdc2fb2b14a42e, seqno: 3, messageid: 7577343700749068288  0x692821f308312800): 14TL_api_request(0x710e4f25f810)
11-27 10:03:31.196  2302  2365 D tgnet   : [        Datacenter.cpp:1186] send message (session: 0xabcdc2fb2b14a42e, seqno: 3, messageid: 7577343700749068288  0x692821f308312800): 14TL_api_request(0x710e4f25f810)
11-27 10:03:31.196  2302  2365 D tgnet   : send message (session: 0xabcdc2fb2b14a42e, seqno: 5, messageid: 7577343700783427584  0x692821f30a3d7000): 14TL_api_request(0x710e4f260470)
11-27 10:03:31.196  2302  2365 D tgnet   : [        Datacenter.cpp:1186] send message (session: 0xabcdc2fb2b14a42e, seqno: 5, messageid: 7577343700783427584  0x692821f30a3d7000): 14TL_api_request(0x710e4f260470)
11-27 10:03:31.196  2302  2365 D tgnet   : send message (session: 0xabcdc2fb2b14a42e, seqno: 7, messageid: 7577343700822082560  0x692821f30c8b4400): 14TL_api_request(0x710e4f266ad0)
11-27 10:03:31.196  2302  2365 D tgnet   : [        Datacenter.cpp:1186] send message (session: 0xabcdc2fb2b14a42e, seqno: 7, messageid: 7577343700822082560  0x692821f30c8b4400): 14TL_api_request(0x710e4f266ad0)
11-27 10:03:31.196  2302  2365 D tgnet   : send message (session: 0xabcdc2fb2b14a42e, seqno: 9, messageid: 7577343700860737536  0x692821f30ed91800): 14TL_api_request(0x710e4f26c0b0)
11-27 10:03:31.196  2302  2365 D tgnet   : [        Datacenter.cpp:1186] send message (session: 0xabcdc2fb2b14a42e, seqno: 9, messageid: 7577343700860737536  0x692821f30ed91800): 14TL_api_request(0x710e4f26c0b0)
11-27 10:03:31.196  2302  2365 D tgnet   : received message len 104 (currentPacketLength) equal to packet size
11-27 10:03:31.196  2302  2365 D tgnet   : [        Connection.cpp: 275] received message len 104 (currentPacketLength) equal to packet size
11-27 10:03:31.196  2302  2365 D tgnet   : connection(0x710f0f3663d0, account0, dc1, type 2) received object 18TL_bad_server_salt
11-27 10:03:31.196  2302  2365 D tgnet   : [ConnectionsManager.cpp:1008] connection(0x710f0f3663d0, account0, dc1, type 2) received object 18TL_bad_server_salt
11-27 10:03:31.196  2302  2365 D tgnet   : process server response 0x710e5f494470 - 18TL_bad_server_salt
11-27 10:03:31.196  2302  2365 D tgnet   : [ConnectionsManager.cpp:1122] process server response 0x710e5f494470 - 18TL_bad_server_salt
11-27 10:03:31.197  2302  2365 D tgnet   : connection(0x710f0f354890) set current timeout = 12
11-27 10:03:31.197  2302  2365 D tgnet   : [  ConnectionSocket.cpp:1072] connection(0x710f0f354890) set current timeout = 12
11-27 10:03:31.197  2302  2365 D tgnet   : messageId for token = 50000001, 0x692821f3326e9800
11-27 10:03:31.197  2302  2365 D tgnet   : [ConnectionsManager.cpp:2609] messageId for token = 50000001, 0x692821f3326e9800
11-27 10:03:31.197  2302  2365 D tgnet   : send message (session: 0xabcd12958b2222a5, seqno: 1, messageid: 7577343701457737728  0x692821f3326e9800): 19TL_get_future_salts(0x710e4f26c470)
11-27 10:03:31.197  2302  2365 D tgnet   : [        Datacenter.cpp:1186] send message (session: 0xabcd12958b2222a5, seqno: 1, messageid: 7577343701457737728  0x692821f3326e9800): 19TL_get_future_salts(0x710e4f26c470)
11-27 10:03:31.197  2302  2365 D tgnet   : firstPacketSent called
11-27 10:03:31.197  2302  2365 D tgnet   : [        Connection.cpp: 576] firstPacketSent called
11-27 10:03:31.197  2302  2365 D tgnet   : connection(0x710f0f3663d0, account0, dc1, type 2) received message len (currentPacketLength) 104 but packet (buffer->remaining()) larger 839
11-27 10:03:31.197  2302  2365 D tgnet   : [        Connection.cpp: 269] connection(0x710f0f3663d0, account0, dc1, type 2) received message len (currentPacketLength) 104 but packet (buffer->remaining()) larger 839
11-27 10:03:31.197  2302  2365 D tgnet   : connection(0x710f0f3663d0, account0, dc1, type 2) received object 18TL_bad_server_salt
11-27 10:03:31.197  2302  2365 D tgnet   : [ConnectionsManager.cpp:1008] connection(0x710f0f3663d0, account0, dc1, type 2) received object 18TL_bad_server_salt
11-27 10:03:31.197  2302  2365 D tgnet   : process server response 0x710e5f494470 - 18TL_bad_server_salt
11-27 10:03:31.197  2302  2365 D tgnet   : [ConnectionsManager.cpp:1122] process server response 0x710e5f494470 - 18TL_bad_server_salt
11-27 10:03:31.197  2302  2365 D tgnet   : connection(0x710f0f3663d0, account0, dc1, type 2) received message len (currentPacketLength) 104 but packet (buffer->remaining()) larger 734
11-27 10:03:31.197  2302  2365 D tgnet   : [        Connection.cpp: 269] connection(0x710f0f3663d0, account0, dc1, type 2) received message len (currentPacketLength) 104 but packet (buffer->remaining()) larger 734
11-27 10:03:31.197  2302  2365 D tgnet   : connection(0x710f0f3663d0, account0, dc1, type 2) received object 18TL_bad_server_salt
11-27 10:03:31.197  2302  2365 D tgnet   : [ConnectionsManager.cpp:1008] connection(0x710f0f3663d0, account0, dc1, type 2) received object 18TL_bad_server_salt
11-27 10:03:31.197  2302  2365 D tgnet   : process server response 0x710e5f494470 - 18TL_bad_server_salt
11-27 10:03:31.197  2302  2365 D tgnet   : [ConnectionsManager.cpp:1122] process server response 0x710e5f494470 - 18TL_bad_server_salt
11-27 10:03:31.197  2302  2365 D tgnet   : connection(0x710f0f3663d0, account0, dc1, type 2) received message len (currentPacketLength) 104 but packet (buffer->remaining()) larger 629
11-27 10:03:31.197  2302  2365 D tgnet   : [        Connection.cpp: 269] connection(0x710f0f3663d0, account0, dc1, type 2) received message len (currentPacketLength) 104 but packet (buffer->remaining()) larger 629
11-27 10:03:31.197  2302  2365 D tgnet   : connection(0x710f0f3663d0, account0, dc1, type 2) received object 18TL_bad_server_salt
11-27 10:03:31.197  2302  2365 D tgnet   : [ConnectionsManager.cpp:1008] connection(0x710f0f3663d0, account0, dc1, type 2) received object 18TL_bad_server_salt
11-27 10:03:31.197  2302  2365 D tgnet   : process server response 0x710e5f494470 - 18TL_bad_server_salt
11-27 10:03:31.197  2302  2365 D tgnet   : [ConnectionsManager.cpp:1122] process server response 0x710e5f494470 - 18TL_bad_server_salt
11-27 10:03:31.197  2302  2365 D tgnet   : connection(0x710f0f3663d0, account0, dc1, type 2) received message len (currentPacketLength) 104 but packet (buffer->remaining()) larger 524
11-27 10:03:31.197  2302  2365 D tgnet   : [        Connection.cpp: 269] connection(0x710f0f3663d0, account0, dc1, type 2) received message len (currentPacketLength) 104 but packet (buffer->remaining()) larger 524
11-27 10:03:31.197  2302  2365 D tgnet   : connection(0x710f0f3663d0, account0, dc1, type 2) received object 18TL_bad_server_salt
11-27 10:03:31.197  2302  2365 D tgnet   : [ConnectionsManager.cpp:1008] connection(0x710f0f3663d0, account0, dc1, type 2) received object 18TL_bad_server_salt
11-27 10:03:31.197  2302  2365 D tgnet   : process server response 0x710e5f494470 - 18TL_bad_server_salt
11-27 10:03:31.197  2302  2365 D tgnet   : [ConnectionsManager.cpp:1122] process server response 0x710e5f494470 - 18TL_bad_server_salt
11-27 10:03:31.197  2302  2365 D tgnet   : connection(0x710f0f3663d0, account0, dc1, type 2) received message len (currentPacketLength) 104 but packet (buffer->remaining()) larger 419
11-27 10:03:31.197  2302  2365 D tgnet   : [        Connection.cpp: 269] connection(0x710f0f3663d0, account0, dc1, type 2) received message len (currentPacketLength) 104 but packet (buffer->remaining()) larger 419
11-27 10:03:31.197  2302  2365 D tgnet   : connection(0x710f0f3663d0, account0, dc1, type 2) received object 18TL_bad_server_salt
11-27 10:03:31.197  2302  2365 D tgnet   : [ConnectionsManager.cpp:1008] connection(0x710f0f3663d0, account0, dc1, type 2) received object 18TL_bad_server_salt
11-27 10:03:31.197  2302  2365 D tgnet   : process server response 0x710e5f494470 - 18TL_bad_server_salt
11-27 10:03:31.197  2302  2365 D tgnet   : [ConnectionsManager.cpp:1122] process server response 0x710e5f494470 - 18TL_bad_server_salt
11-27 10:03:31.197  2302  2365 D tgnet   : connection(0x710f0f3663d0, account0, dc1, type 2) received message len (currentPacketLength) 104 but packet (buffer->remaining()) larger 314
11-27 10:03:31.197  2302  2365 D tgnet   : [        Connection.cpp: 269] connection(0x710f0f3663d0, account0, dc1, type 2) received message len (currentPacketLength) 104 but packet (buffer->remaining()) larger 314
11-27 10:03:31.198  2302  2365 D tgnet   : connection(0x710f0f3663d0, account0, dc1, type 2) received object 18TL_bad_server_salt
11-27 10:03:31.198  2302  2365 D tgnet   : [ConnectionsManager.cpp:1008] connection(0x710f0f3663d0, account0, dc1, type 2) received object 18TL_bad_server_salt
11-27 10:03:31.198  2302  2365 D tgnet   : process server response 0x710e5f494470 - 18TL_bad_server_salt
11-27 10:03:31.198  2302  2365 D tgnet   : [ConnectionsManager.cpp:1122] process server response 0x710e5f494470 - 18TL_bad_server_salt
11-27 10:03:31.198  2302  2365 D tgnet   : connection(0x710f0f3663d0, account0, dc1, type 2) received message len (currentPacketLength) 104 but packet (buffer->remaining()) larger 209
11-27 10:03:31.198  2302  2365 D tgnet   : [        Connection.cpp: 269] connection(0x710f0f3663d0, account0, dc1, type 2) received message len (currentPacketLength) 104 but packet (buffer->remaining()) larger 209
11-27 10:03:31.198  2302  2365 D tgnet   : connection(0x710f0f3663d0, account0, dc1, type 2) received object 18TL_bad_server_salt
11-27 10:03:31.198  2302  2365 D tgnet   : [ConnectionsManager.cpp:1008] connection(0x710f0f3663d0, account0, dc1, type 2) received object 18TL_bad_server_salt
11-27 10:03:31.198  2302  2365 D tgnet   : process server response 0x710e5f494470 - 18TL_bad_server_salt
11-27 10:03:31.198  2302  2365 D tgnet   : [ConnectionsManager.cpp:1122] process server response 0x710e5f494470 - 18TL_bad_server_salt
11-27 10:03:31.198  2302  2365 D tgnet   : received message len 104 (currentPacketLength) equal to packet size
11-27 10:03:31.198  2302  2365 D tgnet   : [        Connection.cpp: 275] received message len 104 (currentPacketLength) equal to packet size
11-27 10:03:31.198  2302  2365 D tgnet   : connection(0x710f0f3663d0, account0, dc1, type 2) received object 18TL_bad_server_salt
11-27 10:03:31.198  2302  2365 D tgnet   : [ConnectionsManager.cpp:1008] connection(0x710f0f3663d0, account0, dc1, type 2) received object 18TL_bad_server_salt
11-27 10:03:31.198  2302  2365 D tgnet   : process server response 0x710e5f494470 - 18TL_bad_server_salt
11-27 10:03:31.198  2302  2365 D tgnet   : [ConnectionsManager.cpp:1122] process server response 0x710e5f494470 - 18TL_bad_server_salt
11-27 10:03:31.232  2302  2365 D tgnet   : connection(0x710f0f354890) reset last event time, on connect
11-27 10:03:31.232  2302  2365 D tgnet   : [  ConnectionSocket.cpp: 959] connection(0x710f0f354890) reset last event time, on connect
11-27 10:03:31.232  2302  2365 D tgnet   : connection(0x710f0f354890, account0, dc1, type 64) connected to 43.155.11.190:10443
11-27 10:03:31.232  2302  2365 D tgnet   : [        Connection.cpp: 831] connection(0x710f0f354890, account0, dc1, type 64) connected to 43.155.11.190:10443
11-27 10:03:31.232  2302  2365 D tgnet   : called from onConnectionConnected
11-27 10:03:31.232  2302  2365 D tgnet   : [ConnectionsManager.cpp: 817] called from onConnectionConnected
11-27 10:03:31.273  2302  2365 D tgnet   : connection(0x710f0f3663d0, account0, dc1, type 2) received message len (currentPacketLength) 104 but packet (buffer->remaining()) larger 209
11-27 10:03:31.273  2302  2365 D tgnet   : [        Connection.cpp: 269] connection(0x710f0f3663d0, account0, dc1, type 2) received message len (currentPacketLength) 104 but packet (buffer->remaining()) larger 209
11-27 10:03:31.273  2302  2365 D tgnet   : connection(0x710f0f3663d0, account0, dc1, type 2) received object 22TL_new_session_created
11-27 10:03:31.273  2302  2365 D tgnet   : [ConnectionsManager.cpp:1008] connection(0x710f0f3663d0, account0, dc1, type 2) received object 22TL_new_session_created
11-27 10:03:31.273  2302  2365 D tgnet   : process server response 0x710e5f498d10 - 22TL_new_session_created
11-27 10:03:31.273  2302  2365 D tgnet   : [ConnectionsManager.cpp:1122] process server response 0x710e5f498d10 - 22TL_new_session_created
11-27 10:03:31.273  2302  2365 D tgnet   : connection(0x710f0f3663d0, account0, dc1, type 2) new session created (first message id: 0x692821f30ed91800, server salt: 0x7e95388e40d688e9, unique id: 0x502be9c951b60f6b)
11-27 10:03:31.273  2302  2365 D tgnet   : [ConnectionsManager.cpp:1131] connection(0x710f0f3663d0, account0, dc1, type 2) new session created (first message id: 0x692821f30ed91800, server salt: 0x7e95388e40d688e9, unique id: 0x502be9c951b60f6b)
11-27 10:03:31.273  2302  2365 D tgnet   : clear request 0x710e4f264cd0 - 14TL_api_request
11-27 10:03:31.273  2302  2365 D tgnet   : [ConnectionsManager.cpp:1143] clear request 0x710e4f264cd0 - 14TL_api_request
11-27 10:03:31.273  2302  2365 D tgnet   : clear request 0x710e4f25f810 - 14TL_api_request
11-27 10:03:31.273  2302  2365 D tgnet   : [ConnectionsManager.cpp:1143] clear request 0x710e4f25f810 - 14TL_api_request
11-27 10:03:31.273  2302  2365 D tgnet   : clear request 0x710e4f260470 - 14TL_api_request
11-27 10:03:31.273  2302  2365 D tgnet   : [ConnectionsManager.cpp:1143] clear request 0x710e4f260470 - 14TL_api_request
11-27 10:03:31.273  2302  2365 D tgnet   : clear request 0x710e4f266ad0 - 14TL_api_request
11-27 10:03:31.273  2302  2365 D tgnet   : [ConnectionsManager.cpp:1143] clear request 0x710e4f266ad0 - 14TL_api_request
11-27 10:03:31.281  2302  2365 D tgnet   : Config(0x710e3f22d700, /data/user/0/org.chatengine.messenger.beta/files/tgnet.dat) config write ok
11-27 10:03:31.281  2302  2365 D tgnet   : [            Config.cpp: 129] Config(0x710e3f22d700, /data/user/0/org.chatengine.messenger.beta/files/tgnet.dat) config write ok
11-27 10:03:31.281  2302  2365 D tgnet   : received message len 104 (currentPacketLength) equal to packet size
11-27 10:03:31.281  2302  2365 D tgnet   : [        Connection.cpp: 275] received message len 104 (currentPacketLength) equal to packet size
11-27 10:03:31.281  2302  2365 D tgnet   : send message (session: 0xabcdc2fb2b14a42e, seqno: 11, messageid: 7577343701818515456  0x692821f347efa000): 14TL_api_request(0x710e4f264cd0)
11-27 10:03:31.281  2302  2365 D tgnet   : [        Datacenter.cpp:1186] send message (session: 0xabcdc2fb2b14a42e, seqno: 11, messageid: 7577343701818515456  0x692821f347efa000): 14TL_api_request(0x710e4f264cd0)
11-27 10:03:31.281  2302  2365 D tgnet   : send message (session: 0xabcdc2fb2b14a42e, seqno: 13, messageid: 7577343701818515460  0x692821f347efa004): 14TL_api_request(0x710e4f25f810)
11-27 10:03:31.282  2302  2365 D tgnet   : [        Datacenter.cpp:1186] send message (session: 0xabcdc2fb2b14a42e, seqno: 13, messageid: 7577343701818515460  0x692821f347efa004): 14TL_api_request(0x710e4f25f810)
11-27 10:03:31.282  2302  2365 D tgnet   : send message (session: 0xabcdc2fb2b14a42e, seqno: 15, messageid: 7577343701822810112  0x692821f348312800): 14TL_api_request(0x710e4f260470)
11-27 10:03:31.282  2302  2365 D tgnet   : [        Datacenter.cpp:1186] send message (session: 0xabcdc2fb2b14a42e, seqno: 15, messageid: 7577343701822810112  0x692821f348312800): 14TL_api_request(0x710e4f260470)
11-27 10:03:31.282  2302  2365 D tgnet   : send message (session: 0xabcdc2fb2b14a42e, seqno: 17, messageid: 7577343701822810116  0x692821f348312804): 14TL_api_request(0x710e4f266ad0)
11-27 10:03:31.282  2302  2365 D tgnet   : [        Datacenter.cpp:1186] send message (session: 0xabcdc2fb2b14a42e, seqno: 17, messageid: 7577343701822810116  0x692821f348312804): 14TL_api_request(0x710e4f266ad0)
11-27 10:03:31.285  2302  2365 D tgnet   : connection(0x710f0f3663d0, account0, dc1, type 2) received packet size less(2820) then message size(6280)
11-27 10:03:31.285  2302  2365 D tgnet   : [        Connection.cpp: 277] connection(0x710f0f3663d0, account0, dc1, type 2) received packet size less(2820) then message size(6280)
11-27 10:03:31.300  2302  2365 D tgnet   : connection( account0, dc1, type 2) received packet size less(4236) then message size(6284)
11-27 10:03:31.300  2302  2365 D tgnet   : [        Connection.cpp: 155] connection( account0, dc1, type 2) received packet size less(4236) then message size(6284)
11-27 10:03:31.323  2302  2365 D tgnet   : received message len 6280 (currentPacketLength) equal to packet size
11-27 10:03:31.323  2302  2365 D tgnet   : [        Connection.cpp: 275] received message len 6280 (currentPacketLength) equal to packet size
11-27 10:03:31.323  2302  2365 D tgnet   : api request constructor 0x96a18d5, don't parse
11-27 10:03:31.323  2302  2365 D tgnet   : [ConnectionsManager.cpp:1096] api request constructor 0x96a18d5, don't parse
11-27 10:03:31.323  2302  2365 D tgnet   : connection(0x710f0f3663d0, account0, dc1, type 2) received object 13TL_rpc_result
11-27 10:03:31.323  2302  2365 D tgnet   : [ConnectionsManager.cpp:1008] connection(0x710f0f3663d0, account0, dc1, type 2) received object 13TL_rpc_result
11-27 10:03:31.323  2302  2365 D tgnet   : process server response 0x710e4f26b390 - 13TL_rpc_result
11-27 10:03:31.323  2302  2365 D tgnet   : [ConnectionsManager.cpp:1122] process server response 0x710e4f26b390 - 13TL_rpc_result
11-27 10:03:31.323  2302  2365 D tgnet   : message_id 7577343701002713073 connection(0x710f0f3663d0, account0, dc1, type 2) received rpc_result with 15TL_api_response
11-27 10:03:31.323  2302  2365 D tgnet   : [ConnectionsManager.cpp:1267] message_id 7577343701002713073 connection(0x710f0f3663d0, account0, dc1, type 2) received rpc_result with 15TL_api_response
11-27 10:03:31.324  2302  2365 D tgnet   : got response for request 0x710e4f26c0b0 - 14TL_api_request
11-27 10:03:31.324  2302  2365 D tgnet   : [ConnectionsManager.cpp:1303] got response for request 0x710e4f26c0b0 - 14TL_api_request
11-27 10:03:31.324  2302  2365 D tmessages: CM java buff saved to /sdcard/Android/data/org.chatengine.messenger.beta/files/buff_1764237811324.bin
11-27 10:03:31.325  2302  2365 D tmessages: java received org.telegram.tgnet.TLRPC$TL_upload_file@e105918 error = null
11-27 10:03:31.325  2302  2365 D tgnet   : connection(0x710f0f3663d0, account0, dc1, type 2) received packet size less(772) then message size(11400)
11-27 10:03:31.326  2302  2365 D tgnet   : [        Connection.cpp: 277] connection(0x710f0f3663d0, account0, dc1, type 2) received packet size less(772) then message size(11400)
11-27 10:03:31.326  2302  2353 D tmessages: debug_loading: 1_1655889425432842240.tgs time=269 dcId=1 cdn=false conType=2 reqId38
11-27 10:03:31.326  2302  2365 D tgnet   : connection( account0, dc1, type 2) received packet size less(3600) then message size(11404)
11-27 10:03:31.326  2302  2365 D tgnet   : [        Connection.cpp: 155] connection( account0, dc1, type 2) received packet size less(3600) then message size(11404)
11-27 10:03:31.327  2302  2348 D tmessages: start loading file to temp = /storage/emulated/0/Android/data/org.chatengine.messenger.beta/cache/1_1655889425432842241.temp final = /storage/emulated/0/Android/data/org.chatengine.messenger.beta/cache/1_1655889425432842241.tgs priority0
11-27 10:03:31.330  2302  2353 D tmessages: send request org.telegram.tgnet.TLRPC$TL_upload_getFile@83deec4 with token = 39
11-27 10:03:31.330  2302  2365 D tgnet   : send request 0x710e4f26b390 - 14TL_api_request
11-27 10:03:31.331  2302  2353 D tmessages: debug_loading: 1_1655889425432842241.tgs send reqId 39
11-27 10:03:31.331  2302  2365 D tgnet   : [ConnectionsManager.cpp:1875] send request 0x710e4f26b390 - 14TL_api_request
11-27 10:03:31.331  2302  2365 D tgnet   : send request wrapped 0x710e4f26b390 - 14TL_api_request
11-27 10:03:31.331  2302  2365 D tgnet   : [ConnectionsManager.cpp:1882] send request wrapped 0x710e4f26b390 - 14TL_api_request
11-27 10:03:31.331  2302  2365 D tgnet   : messageId for token = 39, 0x692821f354bc6c00
11-27 10:03:31.331  2302  2365 D tgnet   : [ConnectionsManager.cpp:2609] messageId for token = 39, 0x692821f354bc6c00
11-27 10:03:31.331  2302  2365 E tgnet   : connection(0x710f0f3663d0) return true
11-27 10:03:31.331  2302  2365 D tgnet   : send message (session: 0xabcdc2fb2b14a42e, seqno: 19, messageid: 7577343702033263616  0x692821f354bc6c00): 14TL_api_request(0x710e4f26b390)
11-27 10:03:31.331  2302  2365 D tgnet   : [        Datacenter.cpp:1186] send message (session: 0xabcdc2fb2b14a42e, seqno: 19, messageid: 7577343702033263616  0x692821f354bc6c00): 14TL_api_request(0x710e4f26b390)
11-27 10:03:31.332  2302  2365 D tgnet   : connection( account0, dc1, type 2) received packet size less(5012) then message size(11404)
11-27 10:03:31.332  2302  2365 D tgnet   : [        Connection.cpp: 155] connection( account0, dc1, type 2) received packet size less(5012) then message size(11404)
11-27 10:03:31.332  2302  2365 D tgnet   : connection( account0, dc1, type 2) received packet size less(6424) then message size(11404)
11-27 10:03:31.332  2302  2365 D tgnet   : [        Connection.cpp: 155] connection( account0, dc1, type 2) received packet size less(6424) then message size(11404)
11-27 10:03:31.335  2302  2353 D tmessages: finished downloading file to /storage/emulated/0/Android/data/org.chatengine.messenger.beta/cache/1_1655889425432842240.tgs time = 255 dc = 1 size = 6.0 KB
11-27 10:03:31.359  2302  2365 D tgnet   : Config(0x710e3f22b2c0, /data/user/0/org.chatengine.messenger.beta/files/dc1conf.dat) config write ok
11-27 10:03:31.359  2302  2365 D tgnet   : [            Config.cpp: 129] Config(0x710e3f22b2c0, /data/user/0/org.chatengine.messenger.beta/files/dc1conf.dat) config write ok
11-27 10:03:31.359  2302  2365 D tgnet   : connection(0x710f0f354890) set current timeout = 4
11-27 10:03:31.359  2302  2365 D tgnet   : [  ConnectionSocket.cpp:1072] connection(0x710f0f354890) set current timeout = 4
11-27 10:03:31.359  2302  2365 D tgnet   : connection(0x710f0f354890, account0, dc1, type 64) received message len (currentPacketLength) 104 but packet (buffer->remaining()) larger 788
11-27 10:03:31.359  2302  2365 D tgnet   : [        Connection.cpp: 269] connection(0x710f0f354890, account0, dc1, type 64) received message len (currentPacketLength) 104 but packet (buffer->remaining()) larger 788
11-27 10:03:31.360  2302  2365 D tgnet   : connection(0x710f0f354890, account0, dc1, type 64) received object 22TL_new_session_created
11-27 10:03:31.360  2302  2365 D tgnet   : [ConnectionsManager.cpp:1008] connection(0x710f0f354890, account0, dc1, type 64) received object 22TL_new_session_created
11-27 10:03:31.360  2302  2365 D tgnet   : process server response 0x710e5f499410 - 22TL_new_session_created
11-27 10:03:31.360  2302  2365 D tgnet   : [ConnectionsManager.cpp:1122] process server response 0x710e5f499410 - 22TL_new_session_created
11-27 10:03:31.360  2302  2365 D tgnet   : connection(0x710f0f354890, account0, dc1, type 64) new session created (first message id: 0x692821f3326e9800, server salt: 0x7e95388e40d688e9, unique id: 0x3c3f78542fe5a57)
11-27 10:03:31.360  2302  2365 D tgnet   : [ConnectionsManager.cpp:1131] connection(0x710f0f354890, account0, dc1, type 64) new session created (first message id: 0x692821f3326e9800, server salt: 0x7e95388e40d688e9, unique id: 0x3c3f78542fe5a57)
11-27 10:03:31.360  2302  2365 D tgnet   : clear request 0x710e4f26c470 - 19TL_get_future_salts
11-27 10:03:31.360  2302  2365 D tgnet   : [ConnectionsManager.cpp:1143] clear request 0x710e4f26c470 - 19TL_get_future_salts
11-27 10:03:31.368  2302  2365 D tgnet   : Config(0x710e3f22d700, /data/user/0/org.chatengine.messenger.beta/files/tgnet.dat) config write ok
11-27 10:03:31.368  2302  2365 D tgnet   : [            Config.cpp: 129] Config(0x710e3f22d700, /data/user/0/org.chatengine.messenger.beta/files/tgnet.dat) config write ok
11-27 10:03:31.368  2302  2365 D tgnet   : received message len 680 (currentPacketLength) equal to packet size
11-27 10:03:31.368  2302  2365 D tgnet   : [        Connection.cpp: 275] received message len 680 (currentPacketLength) equal to packet size
11-27 10:03:31.368  2302  2365 D tgnet   : connection(0x710f0f354890, account0, dc1, type 64) received object 16TL_msg_container
11-27 10:03:31.368  2302  2365 D tgnet   : [ConnectionsManager.cpp:1008] connection(0x710f0f354890, account0, dc1, type 64) received object 16TL_msg_container
