2-08 06:52:33.674  1491  1580 D tgnet   : time for push ping
12-08 06:52:33.674  1491  1580 D tgnet   : [ConnectionsManager.cpp: 236] time for push ping
12-08 06:52:33.676  1491  1580 D tgnet   : connection(0x7c52c50154b0) set current timeout = 20
12-08 06:52:33.676  1491  1580 D tgnet   : [  ConnectionSocket.cpp:1072] connection(0x7c52c50154b0) set current timeout = 20
12-08 06:52:33.677  1491  1580 D tgnet   : send message (session: 0x4bbe20fb702b4796, seqno: 0, messageid: 7581376428702162944  0x693675b1ad4fe000): 24TL_ping_delay_disconnect(0x7c5205028130) ping_id: 7
12-08 06:52:33.677  1491  1580 D tgnet   : [        Datacenter.cpp:1184] send message (session: 0x4bbe20fb702b4796, seqno: 0, messageid: 7581376428702162944  0x693675b1ad4fe000): 24TL_ping_delay_disconnect(0x7c5205028130) ping_id: 7
12-08 06:52:33.677  1491  1580 D tgnet   : send message (session: 0x4bbe20fb702b4796, seqno: 0, messageid: 7581376428702162944  0x693675b1ad4fe000): 24TL_ping_delay_disconnect(0x7c5205028130)
12-08 06:52:33.677  1491  1580 D tgnet   : [        Datacenter.cpp:1186] send message (session: 0x4bbe20fb702b4796, seqno: 0, messageid: 7581376428702162944  0x693675b1ad4fe000): 24TL_ping_delay_disconnect(0x7c5205028130)
12-08 06:52:33.677  1491  1580 D tgnet   : dc1 send ping to push connection
12-08 06:52:33.677  1491  1580 D tgnet   : [ConnectionsManager.cpp:1736] dc1 send ping to push connection
12-08 06:52:33.677  1491  1580 D tgnet   : firstPacketSent called
12-08 06:52:33.677  1491  1580 D tgnet   : [        Connection.cpp: 576] firstPacketSent called


12-08 06:52:33.735  1491  1580 D tgnet   : connection(0x7c52c50154b0) reset last event time, on connect
12-08 06:52:33.735  1491  1580 D tgnet   : [  ConnectionSocket.cpp: 959] connection(0x7c52c50154b0) reset last event time, on connect
12-08 06:52:33.735  1491  1580 D tgnet   : connection(0x7c52c50154b0, account0, dc1, type 8) connected to 43.155.11.190:10443
12-08 06:52:33.735  1491  1580 D tgnet   : [        Connection.cpp: 831] connection(0x7c52c50154b0, account0, dc1, type 8) connected to 43.155.11.190:10443
12-08 06:52:33.735  1491  1580 D tgnet   : called from onConnectionConnected
12-08 06:52:33.736  1491  1580 D tgnet   : [ConnectionsManager.cpp: 817] called from onConnectionConnected
12-08 06:52:33.736  1491  1580 D tgnet   : send message (session: 0x4bbe20fb702b4796, seqno: 0, messageid: 7581376428955566080  0x693675b1bc6a8000): 24TL_ping_delay_disconnect(0x7c5205028130) ping_id: 8
12-08 06:52:33.736  1491  1580 D tgnet   : [        Datacenter.cpp:1184] send message (session: 0x4bbe20fb702b4796, seqno: 0, messageid: 7581376428955566080  0x693675b1bc6a8000): 24TL_ping_delay_disconnect(0x7c5205028130) ping_id: 8
12-08 06:52:33.736  1491  1580 D tgnet   : send message (session: 0x4bbe20fb702b4796, seqno: 0, messageid: 7581376428955566080  0x693675b1bc6a8000): 24TL_ping_delay_disconnect(0x7c5205028130)
12-08 06:52:33.736  1491  1580 D tgnet   : [        Datacenter.cpp:1186] send message (session: 0x4bbe20fb702b4796, seqno: 0, messageid: 7581376428955566080  0x693675b1bc6a8000): 24TL_ping_delay_disconnect(0x7c5205028130)
12-08 06:52:33.736  1491  1580 D tgnet   : dc1 send ping to push connection
12-08 06:52:33.736  1491  1580 D tgnet   : [ConnectionsManager.cpp:1736] dc1 send ping to push connection








12-08 06:52:33.965  1491  1580 D tgnet   : Config(0x7c51f501cd20, /data/user/0/org.chatengine.messenger.beta/files/dc1conf.dat) config write ok
12-08 06:52:33.965  1491  1580 D tgnet   : [            Config.cpp: 129] Config(0x7c51f501cd20, /data/user/0/org.chatengine.messenger.beta/files/dc1conf.dat) config write ok
12-08 06:52:33.965  1491  1580 D tgnet   : connection(0x7c52c50154b0) set current timeout = 900
12-08 06:52:33.965  1491  1580 D tgnet   : [  ConnectionSocket.cpp:1072] connection(0x7c52c50154b0) set current timeout = 900
12-08 06:52:33.965  1491  1580 D tgnet   : received message len 104 (currentPacketLength) equal to packet size
12-08 06:52:33.965  1491  1580 D tgnet   : [        Connection.cpp: 275] received message len 104 (currentPacketLength) equal to packet size
12-08 06:52:33.965  1491  1580 D tgnet   : connection(0x7c52c50154b0, account0, dc1, type 8) received object 22TL_new_session_created
12-08 06:52:33.965  1491  1580 D tgnet   : [ConnectionsManager.cpp:1008] connection(0x7c52c50154b0, account0, dc1, type 8) received object 22TL_new_session_created
12-08 06:52:33.965  1491  1580 D tgnet   : process server response 0x7c5215030210 - 22TL_new_session_created
12-08 06:52:33.965  1491  1580 D tgnet   : [ConnectionsManager.cpp:1122] process server response 0x7c5215030210 - 22TL_new_session_created
12-08 06:52:33.965  1491  1580 D tgnet   : connection(0x7c52c50154b0, account0, dc1, type 8) new session created (first message id: 0x693675b1bc6a8000, server salt: 0x65cbf10f35359ba1, unique id: 0x7b9b8159dbc8b880)
12-08 06:52:33.965  1491  1580 D tgnet   : [ConnectionsManager.cpp:1131] connection(0x7c52c50154b0, account0, dc1, type 8) new session created (first message id: 0x693675b1bc6a8000, server salt: 0x65cbf10f35359ba1, unique id: 0x7b9b8159dbc8b880)
12-08 06:52:33.973  1491  1580 D tgnet   : Config(0x7c51f501e3f0, /data/user/0/org.chatengine.messenger.beta/files/tgnet.dat) config write ok
12-08 06:52:33.973  1491  1580 D tgnet   : [            Config.cpp: 129] Config(0x7c51f501e3f0, /data/user/0/org.chatengine.messenger.beta/files/tgnet.dat) config write ok
12-08 06:52:33.973  1491  1580 D tgnet   : called from sendRequest
12-08 06:52:33.973  1491  1580 D tgnet   : [ConnectionsManager.cpp:1818] called from sendRequest
12-08 06:52:33.975  1491  1580 D tgnet   : connection(0x7c52c5013af0) set current timeout = 12
12-08 06:52:33.975  1491  1580 D tgnet   : [  ConnectionSocket.cpp:1072] connection(0x7c52c5013af0) set current timeout = 12
12-08 06:52:33.995  1491  1580 D tgnet   : connection(0x7c52c50154b0, account0, dc1, type 8) received message len (currentPacketLength) 168 but packet (buffer->remaining()) larger 257
12-08 06:52:33.995  1491  1580 D tgnet   : [        Connection.cpp: 269] connection(0x7c52c50154b0, account0, dc1, type 8) received message len (currentPacketLength) 168 but packet (buffer->remaining()) larger 257

12-08 06:52:33.996  1491  1580 D tgnet   : connection(0x7c52c50154b0, account0, dc1, type 8) received object 16TL_msg_container
12-08 06:52:33.996  1491  1580 D tgnet   : [ConnectionsManager.cpp:1008] connection(0x7c52c50154b0, account0, dc1, type 8) received object 16TL_msg_container
12-08 06:52:33.997  1491  1580 D tgnet   : process server response 0x7c5215030210 - 16TL_msg_container
12-08 06:52:33.997  1491  1580 D tgnet   : [ConnectionsManager.cpp:1122] process server response 0x7c5215030210 - 16TL_msg_container
12-08 06:52:33.997  1491  1580 D tgnet   : received container with 2 items
12-08 06:52:33.997  1491  1580 D tgnet   : [ConnectionsManager.cpp:1164] received container with 2 items
12-08 06:52:33.997  1491  1580 D tgnet   : inner message 0 id 0x693675b16346805b already processed
12-08 06:52:33.997  1491  1580 D tgnet   : [ConnectionsManager.cpp:1181] inner message 0 id 0x693675b16346805b already processed
12-08 06:52:33.997  1491  1580 D tgnet   : inner message 1 id 0x693675b163468063 process
12-08 06:52:33.997  1491  1580 D tgnet   : [ConnectionsManager.cpp:1190] inner message 1 id 0x693675b163468063 process
12-08 06:52:33.997  1491  1580 D tgnet   : process server response 0x7c5205028130 - 7TL_pong
12-08 06:52:33.997  1491  1580 D tgnet   : [ConnectionsManager.cpp:1122] process server response 0x7c5205028130 - 7TL_pong
12-08 06:52:33.997  1491  1580 D tgnet   : connection(0x7c52c50154b0, account0, dc1, type 8) received push ping
12-08 06:52:33.997  1491  1580 D tgnet   : [ConnectionsManager.cpp:1200] connection(0x7c52c50154b0, account0, dc1, type 8) received push ping
12-08 06:52:33.997  1491  1580 D tgnet   : received message len 88 (currentPacketLength) equal to packet size
12-08 06:52:33.997  1491  1580 D tgnet   : [        Connection.cpp: 275] received message len 88 (currentPacketLength) equal to packet size
12-08 06:52:33.997  1491  1580 D tgnet   : connection(0x7c52c50154b0, account0, dc1, type 8) received object 7TL_pong
12-08 06:52:33.997  1491  1580 D tgnet   : [ConnectionsManager.cpp:1008] connection(0x7c52c50154b0, account0, dc1, type 8) received object 7TL_pong
12-08 06:52:33.997  1491  1580 D tgnet   : process server response 0x7c5205028130 - 7TL_pong
12-08 06:52:33.997  1491  1580 D tgnet   : [ConnectionsManager.cpp:1122] process server response 0x7c5205028130 - 7TL_pong
12-08 06:52:33.997  1491  1580 D tgnet   : connection(0x7c52c50154b0, account0, dc1, type 8) received push ping
12-08 06:52:33.997  1491  1580 D tgnet   : [ConnectionsManager.cpp:1200] connection(0x7c52c50154b0, account0, dc1, type 8) received push ping

12-08 06:52:34.023  1491  1580 D tgnet   : connection(0x7c52c5013af0) reset last event time, on connect
12-08 06:52:34.023  1491  1580 D tgnet   : [  ConnectionSocket.cpp: 959] connection(0x7c52c5013af0) reset last event time, on connect
12-08 06:52:34.023  1491  1580 D tgnet   : connection(0x7c52c5013af0, account0, dc1, type 1) connected to 43.155.11.190:10443
12-08 06:52:34.023  1491  1580 D tgnet   : [        Connection.cpp: 831] connection(0x7c52c5013af0, account0, dc1, type 1) connected to 43.155.11.190:10443
12-08 06:52:34.023  1491  1580 D tgnet   : called from onConnectionConnected
12-08 06:52:34.023  1491  1580 D tgnet   : [ConnectionsManager.cpp: 817] called from onConnectionConnected
12-08 06:52:34.023  1491  1580 D tgnet   : messageId for token = 50000002, 0x693675b205e35400
12-08 06:52:34.024  1491  1580 D tgnet   : [ConnectionsManager.cpp:2609] messageId for token = 50000002, 0x693675b205e35400
12-08 06:52:34.024  1491  1580 D tgnet   : send message (session: 0xabcdf815972b6e9e, seqno: 73, messageid: 7581376430188221440  0x693675b205e35400): 25TL_account_registerDevice(0x7c5215039580)
12-08 06:52:34.024  1491  1580 D tgnet   : [        Datacenter.cpp:1186] send message (session: 0xabcdf815972b6e9e, seqno: 73, messageid: 7581376430188221440  0x693675b205e35400): 25TL_account_registerDevice(0x7c5215039580)
12-08 06:52:34.024  1491  1580 D tgnet   : firstPacketSent called
12-08 06:52:34.024  1491  1580 D tgnet   : [        Connection.cpp: 576] firstPacketSent called
12-08 06:52:34.024  1491  1580 D tgnet   : resume network and timers
12-08 06:52:34.024  1491  1580 D tgnet   : [ConnectionsManager.cpp: 290] resume network and timers
12-08 06:52:34.025  1491  1580 D tgnet   : send message (session: 0xabcdf815972b6e9e, seqno: 74, messageid: 7581376430196811776  0x693675b206666800): 24TL_ping_delay_disconnect(0x7c5205028130) ping_id: 9
12-08 06:52:34.025  1491  1580 D tgnet   : [        Datacenter.cpp:1184] send message (session: 0xabcdf815972b6e9e, seqno: 74, messageid: 7581376430196811776  0x693675b206666800): 24TL_ping_delay_disconnect(0x7c5205028130) ping_id: 9
12-08 06:52:34.025  1491  1580 D tgnet   : send message (session: 0xabcdf815972b6e9e, seqno: 74, messageid: 7581376430196811776  0x693675b206666800): 24TL_ping_delay_disconnect(0x7c5205028130)
12-08 06:52:34.025  1491  1580 D tgnet   : [        Datacenter.cpp:1186] send message (session: 0xabcdf815972b6e9e, seqno: 74, messageid: 7581376430196811776  0x693675b206666800): 24TL_ping_delay_disconnect(0x7c5205028130)
12-08 06:52:34.026  1491  1563 D tmessages: send request org.telegram.tgnet.TLRPC$TL_help_getPromoData@353553 with token = 74
12-08 06:52:34.026  1491  1580 D tgnet   : send request 0x7c5205028130 - 14TL_api_request
12-08 06:52:34.026  1491  1580 D tgnet   : [ConnectionsManager.cpp:1875] send request 0x7c5205028130 - 14TL_api_request
12-08 06:52:34.026  1491  1580 D tgnet   : send request wrapped 0x7c5205028130 - 14TL_api_request
12-08 06:52:34.026  1491  1580 D tgnet   : [ConnectionsManager.cpp:1882] send request wrapped 0x7c5205028130 - 14TL_api_request
12-08 06:52:34.026  1491  1580 D tgnet   : messageId for token = 74, 0x693675b206a7f000
12-08 06:52:34.026  1491  1580 D tgnet   : [ConnectionsManager.cpp:2609] messageId for token = 74, 0x693675b206a7f000
12-08 06:52:34.026  1491  1580 E tgnet   : connection(0x7c52c5013af0) sendingPing
12-08 06:52:34.026  1491  1580 D tgnet   : send message (session: 0xabcdf815972b6e9e, seqno: 75, messageid: 7581376430201106432  0x693675b206a7f000): 14TL_api_request(0x7c5205028130)
12-08 06:52:34.026  1491  1580 D tgnet   : [        Datacenter.cpp:1186] send message (session: 0xabcdf815972b6e9e, seqno: 75, messageid: 7581376430201106432  0x693675b206a7f000): 14TL_api_request(0x7c5205028130)
12-08 06:52:34.273  1491  1580 D tgnet   : Config(0x7c51f501cd20, /data/user/0/org.chatengine.messenger.beta/files/dc1conf.dat) config write ok
12-08 06:52:34.273  1491  1580 D tgnet   : [            Config.cpp: 129] Config(0x7c51f501cd20, /data/user/0/org.chatengine.messenger.beta/files/dc1conf.dat) config write ok
12-08 06:52:34.273  1491  1580 D tgnet   : connection(0x7c52c5013af0) set current timeout = 4
12-08 06:52:34.273  1491  1580 D tgnet   : [  ConnectionSocket.cpp:1072] connection(0x7c52c5013af0) set current timeout = 4
12-08 06:52:34.274  1491  1580 D tgnet   : received message len 104 (currentPacketLength) equal to packet size
12-08 06:52:34.274  1491  1580 D tgnet   : [        Connection.cpp: 275] received message len 104 (currentPacketLength) equal to packet size
12-08 06:52:34.274  1491  1580 D tgnet   : connection(0x7c52c5013af0, account0, dc1, type 1) received object 22TL_new_session_created
12-08 06:52:34.274  1491  1580 D tgnet   : [ConnectionsManager.cpp:1008] connection(0x7c52c5013af0, account0, dc1, type 1) received object 22TL_new_session_created
12-08 06:52:34.274  1491  1580 D tgnet   : process server response 0x7c5215030210 - 22TL_new_session_created
12-08 06:52:34.274  1491  1580 D tgnet   : [ConnectionsManager.cpp:1122] process server response 0x7c5215030210 - 22TL_new_session_created
12-08 06:52:34.274  1491  1580 D tgnet   : connection(0x7c52c5013af0, account0, dc1, type 1) new session created (first message id: 0x693675b206a7f000, server salt: 0x65cbf10f35359ba1, unique id: 0x1f7fc647e506e413)
12-08 06:52:34.274  1491  1580 D tgnet   : [ConnectionsManager.cpp:1131] connection(0x7c52c5013af0, account0, dc1, type 1) new session created (first message id: 0x693675b206a7f000, server salt: 0x65cbf10f35359ba1, unique id: 0x1f7fc647e506e413)
12-08 06:52:34.274  1491  1580 D tgnet   : clear request 0x7c5215039580 - 25TL_account_registerDevice
12-08 06:52:34.274  1491  1580 D tgnet   : [ConnectionsManager.cpp:1143] clear request 0x7c5215039580 - 25TL_account_registerDevice
12-08 06:52:34.282  1491  1580 D tgnet   : Config(0x7c51f501e3f0, /data/user/0/org.chatengine.messenger.beta/files/tgnet.dat) config write ok
12-08 06:52:34.282  1491  1580 D tgnet   : [            Config.cpp: 129] Config(0x7c51f501e3f0, /data/user/0/org.chatengine.messenger.beta/files/tgnet.dat) config write ok
12-08 06:52:34.282  1491  1580 D tgnet   : send message (session: 0xabcdf815972b6e9e, seqno: 77, messageid: 7581376431300618240  0x693675b248312800): 25TL_account_registerDevice(0x7c5215039580)
12-08 06:52:34.282  1491  1580 D tgnet   : [        Datacenter.cpp:1186] send message (session: 0xabcdf815972b6e9e, seqno: 77, messageid: 7581376431300618240  0x693675b248312800): 25TL_account_registerDevice(0x7c5215039580)
12-08 06:52:34.282  1491  1563 D tmessages: start getDifference with date = 1765174997 pts = 12 qts = 0
12-08 06:52:34.283  1491  1563 D tmessages: send request org.telegram.tgnet.TLRPC$TL_updates_getDifference@e192e90 with token = 75
12-08 06:52:34.283  1491  1580 D tgnet   : send request 0x7c520500f7d0 - 14TL_api_request
12-08 06:52:34.283  1491  1580 D tgnet   : [ConnectionsManager.cpp:1875] send request 0x7c520500f7d0 - 14TL_api_request
12-08 06:52:34.284  1491  1580 D tgnet   : send request wrapped 0x7c520500f7d0 - 14TL_api_request
12-08 06:52:34.284  1491  1580 D tgnet   : [ConnectionsManager.cpp:1882] send request wrapped 0x7c520500f7d0 - 14TL_api_request
12-08 06:52:34.284  1491  1580 D tgnet   : messageId for token = 75, 0x693675b248b43800
12-08 06:52:34.284  1491  1580 D tgnet   : [ConnectionsManager.cpp:2609] messageId for token = 75, 0x693675b248b43800
12-08 06:52:34.284  1491  1580 E tgnet   : connection(0x7c52c5013af0) sendingPing
12-08 06:52:34.284  1491  1580 D tgnet   : send message (session: 0xabcdf815972b6e9e, seqno: 79, messageid: 7581376431309207552  0x693675b248b43800): 14TL_api_request(0x7c520500f7d0)
12-08 06:52:34.284  1491  1580 D tgnet   : [        Datacenter.cpp:1186] send message (session: 0xabcdf815972b6e9e, seqno: 79, messageid: 7581376431309207552  0x693675b248b43800): 14TL_api_request(0x7c520500f7d0)

12-08 06:52:34.315  1491  1580 D tgnet   : connection(0x7c52c5013af0, account0, dc1, type 1) received message len (currentPacketLength) 104 but packet (buffer->remaining()) larger 556
12-08 06:52:34.315  1491  1580 D tgnet   : [        Connection.cpp: 269] connection(0x7c52c5013af0, account0, dc1, type 1) received message len (currentPacketLength) 104 but packet (buffer->remaining()) larger 556
12-08 06:52:34.316  1491  1580 D tgnet   : connection(0x7c52c5013af0, account0, dc1, type 1) received message len (currentPacketLength) 104 but packet (buffer->remaining()) larger 451
12-08 06:52:34.316  1491  1580 D tgnet   : [        Connection.cpp: 269] connection(0x7c52c5013af0, account0, dc1, type 1) received message len (currentPacketLength) 104 but packet (buffer->remaining()) larger 451
12-08 06:52:34.317  1491  1580 D tgnet   : connection(0x7c52c5013af0, account0, dc1, type 1) received object 22TL_new_session_created
12-08 06:52:34.317  1491  1580 D tgnet   : [ConnectionsManager.cpp:1008] connection(0x7c52c5013af0, account0, dc1, type 1) received object 22TL_new_session_created
12-08 06:52:34.317  1491  1580 D tgnet   : process server response 0x7c5215030210 - 22TL_new_session_created
12-08 06:52:34.317  1491  1580 D tgnet   : [ConnectionsManager.cpp:1122] process server response 0x7c5215030210 - 22TL_new_session_created
12-08 06:52:34.317  1491  1580 D tgnet   : connection(0x7c52c5013af0, account0, dc1, type 1) new session created (first message id: 0x693675b206666800, server salt: 0x65cbf10f35359ba1, unique id: 0x11b3cde29d6f6127)
12-08 06:52:34.317  1491  1580 D tgnet   : [ConnectionsManager.cpp:1131] connection(0x7c52c5013af0, account0, dc1, type 1) new session created (first message id: 0x693675b206666800, server salt: 0x65cbf10f35359ba1, unique id: 0x11b3cde29d6f6127)
12-08 06:52:34.324  1491  1580 D tgnet   : Config(0x7c51f501e3f0, /data/user/0/org.chatengine.messenger.beta/files/tgnet.dat) config write ok
12-08 06:52:34.325  1491  1580 D tgnet   : [            Config.cpp: 129] Config(0x7c51f501e3f0, /data/user/0/org.chatengine.messenger.beta/files/tgnet.dat) config write ok
12-08 06:52:34.325  1491  1580 D tgnet   : connection(0x7c52c5013af0, account0, dc1, type 1) received message len (currentPacketLength) 168 but packet (buffer->remaining()) larger 346
12-08 06:52:34.325  1491  1580 D tgnet   : [        Connection.cpp: 269] connection(0x7c52c5013af0, account0, dc1, type 1) received message len (currentPacketLength) 168 but packet (buffer->remaining()) larger 346
12-08 06:52:34.325  1491  1580 D tgnet   : connection(0x7c52c5013af0, account0, dc1, type 1) received object 16TL_msg_container
12-08 06:52:34.325  1491  1580 D tgnet   : [ConnectionsManager.cpp:1008] connection(0x7c52c5013af0, account0, dc1, type 1) received object 16TL_msg_container
12-08 06:52:34.325  1491  1580 D tgnet   : process server response 0x7c5215030210 - 16TL_msg_container
12-08 06:52:34.325  1491  1580 D tgnet   : [ConnectionsManager.cpp:1122] process server response 0x7c5215030210 - 16TL_msg_container
12-08 06:52:34.326  1491  1580 D tgnet   : received container with 2 items
12-08 06:52:34.326  1491  1580 D tgnet   : [ConnectionsManager.cpp:1164] received container with 2 items
12-08 06:52:34.326  1491  1580 D tgnet   : inner message 0 id 0x693675b209268083 already processed
12-08 06:52:34.326  1491  1580 D tgnet   : [ConnectionsManager.cpp:1181] inner message 0 id 0x693675b209268083 already processed
12-08 06:52:34.326  1491  1580 D tgnet   : inner message 1 id 0x693675b20946808b process
12-08 06:52:34.326  1491  1580 D tgnet   : [ConnectionsManager.cpp:1190] inner message 1 id 0x693675b20946808b process
12-08 06:52:34.326  1491  1580 D tgnet   : process server response 0x7c52050262d0 - 7TL_pong
12-08 06:52:34.326  1491  1580 D tgnet   : [ConnectionsManager.cpp:1122] process server response 0x7c52050262d0 - 7TL_pong
12-08 06:52:34.326  1491  1580 D tgnet   : connection(0x7c52c5013af0, account0, dc1, type 1) received message len (currentPacketLength) 88 but packet (buffer->remaining()) larger 177
12-08 06:52:34.326  1491  1580 D tgnet   : [        Connection.cpp: 269] connection(0x7c52c5013af0, account0, dc1, type 1) received message len (currentPacketLength) 88 but packet (buffer->remaining()) larger 177
12-08 06:52:34.326  1491  1580 D tgnet   : api request constructor 0x98f6ac75, don't parse
12-08 06:52:34.326  1491  1580 D tgnet   : [ConnectionsManager.cpp:1096] api request constructor 0x98f6ac75, don't parse
12-08 06:52:34.326  1491  1580 D tgnet   : connection(0x7c52c5013af0, account0, dc1, type 1) received object 13TL_rpc_result
12-08 06:52:34.326  1491  1580 D tgnet   : [ConnectionsManager.cpp:1008] connection(0x7c52c5013af0, account0, dc1, type 1) received object 13TL_rpc_result
12-08 06:52:34.326  1491  1580 D tgnet   : process server response 0x7c52050262d0 - 13TL_rpc_result
12-08 06:52:34.326  1491  1580 D tgnet   : [ConnectionsManager.cpp:1122] process server response 0x7c52050262d0 - 13TL_rpc_result
12-08 06:52:34.326  1491  1580 D tgnet   : message_id 7581376430245052569 connection(0x7c52c5013af0, account0, dc1, type 1) received rpc_result with 15TL_api_response
12-08 06:52:34.326  1491  1580 D tgnet   : [ConnectionsManager.cpp:1267] message_id 7581376430245052569 connection(0x7c52c5013af0, account0, dc1, type 1) received rpc_result with 15TL_api_response
12-08 06:52:34.326  1491  1580 D tgnet   : got response for request 0x7c5205028130 - 14TL_api_request
12-08 06:52:34.326  1491  1580 D tgnet   : [ConnectionsManager.cpp:1303] got response for request 0x7c5205028130 - 14TL_api_request
12-08 06:52:34.327  1491  1580 D tmessages: CM java buff saved to /sdcard/Android/data/org.chatengine.messenger.beta/files/buff_1765176754326.bin
12-08 06:52:34.328  1491  1580 D tmessages: java received org.telegram.tgnet.TLRPC$TL_help_promoDataEmpty@952cf8e error = null
12-08 06:52:34.329  1491  1580 D tgnet   : received message len 88 (currentPacketLength) equal to packet size
12-08 06:52:34.329  1491  1580 D tgnet   : [        Connection.cpp: 275] received message len 88 (currentPacketLength) equal to packet size
12-08 06:52:34.330  1491  1580 D tgnet   : not found request to parse constructor 0x997275b5
12-08 06:52:34.330  1491  1580 D tgnet   : [ConnectionsManager.cpp:1105] not found request to parse constructor 0x997275b5
12-08 06:52:34.330  1491  1532 D MTProto : requestMsgId=136688709088560 requestingTime=303 request_token=74
12-08 06:52:34.330  1491  1532 D MTProto : req -> TL_help_getPromoData : {}
12-08 06:52:34.331  1491  1580 D tmessages: java received unknown constructor 0xf35c6d01
12-08 06:52:34.331  1491  1532 D MTProto : res -> TL_help_promoDataEmpty : {"expires":1765177654}
12-08 06:52:34.331  1491  1532 D MTProto :  
12-08 06:52:34.391  1491  1580 D tgnet   : connection(0x7c52c5013af0, account0, dc1, type 1) received message len (currentPacketLength) 104 but packet (buffer->remaining()) larger 193
12-08 06:52:34.391  1491  1580 D tgnet   : [        Connection.cpp: 269] connection(0x7c52c5013af0, account0, dc1, type 1) received message len (currentPacketLength) 104 but packet (buffer->remaining()) larger 193
12-08 06:52:34.392  1491  1580 D tgnet   : api request constructor 0x5d75a138, don't parse
12-08 06:52:34.392  1491  1580 D tgnet   : [ConnectionsManager.cpp:1096] api request constructor 0x5d75a138, don't parse
12-08 06:52:34.392  1491  1580 D tgnet   : connection(0x7c52c5013af0, account0, dc1, type 1) received object 13TL_rpc_result
12-08 06:52:34.392  1491  1580 D tgnet   : [ConnectionsManager.cpp:1008] connection(0x7c52c5013af0, account0, dc1, type 1) received object 13TL_rpc_result
12-08 06:52:34.392  1491  1580 D tgnet   : process server response 0x7c52050262d0 - 13TL_rpc_result
12-08 06:52:34.392  1491  1580 D tgnet   : [ConnectionsManager.cpp:1122] process server response 0x7c52050262d0 - 13TL_rpc_result
12-08 06:52:34.392  1491  1580 D tgnet   : message_id 7581376430700134569 connection(0x7c52c5013af0, account0, dc1, type 1) received rpc_result with 15TL_api_response
12-08 06:52:34.392  1491  1580 D tgnet   : [ConnectionsManager.cpp:1267] message_id 7581376430700134569 connection(0x7c52c5013af0, account0, dc1, type 1) received rpc_result with 15TL_api_response
12-08 06:52:34.392  1491  1580 D tgnet   : got response for request 0x7c520500f7d0 - 14TL_api_request
12-08 06:52:34.392  1491  1580 D tgnet   : [ConnectionsManager.cpp:1303] got response for request 0x7c520500f7d0 - 14TL_api_request
12-08 06:52:34.393  1491  1580 D tmessages: CM java buff saved to /sdcard/Android/data/org.chatengine.messenger.beta/files/buff_1765176754393.bin
12-08 06:52:34.394  1491  1580 D tmessages: java received org.telegram.tgnet.TLRPC$TL_updates_differenceEmpty@3c3fa8 error = null
12-08 06:52:34.394  1491  1580 D tgnet   : received message len 88 (currentPacketLength) equal to packet size
12-08 06:52:34.394  1491  1580 D tgnet   : [        Connection.cpp: 275] received message len 88 (currentPacketLength) equal to packet size
12-08 06:52:34.395  1491  1580 D tgnet   : connection(0x7c52c5013af0, account0, dc1, type 1) received object 13TL_rpc_result
12-08 06:52:34.395  1491  1580 D tgnet   : [ConnectionsManager.cpp:1008] connection(0x7c52c5013af0, account0, dc1, type 1) received object 13TL_rpc_result
12-08 06:52:34.395  1491  1580 D tgnet   : process server response 0x7c52050262d0 - 13TL_rpc_result
12-08 06:52:34.395  1491  1580 D tgnet   : [ConnectionsManager.cpp:1122] process server response 0x7c52050262d0 - 13TL_rpc_result
12-08 06:52:34.395  1491  1580 D tgnet   : message_id 7581376430710620337 connection(0x7c52c5013af0, account0, dc1, type 1) received rpc_result with 11TL_boolTrue
12-08 06:52:34.395  1491  1580 D tgnet   : [ConnectionsManager.cpp:1267] message_id 7581376430710620337 connection(0x7c52c5013af0, account0, dc1, type 1) received rpc_result with 11TL_boolTrue
12-08 06:52:34.395  1491  1580 D tgnet   : got response for request 0x7c5215039580 - 25TL_account_registerDevice
12-08 06:52:34.395  1491  1580 D tgnet   : [ConnectionsManager.cpp:1303] got response for request 0x7c5215039580 - 25TL_account_registerDevice
12-08 06:52:34.395  1491  1580 D tgnet   : registered for internal push
12-08 06:52:34.395  1491  1580 D tgnet   : [ConnectionsManager.cpp:2182] registered for internal push
12-08 06:52:34.396  1491  1563 D tmessages: received difference with date = 1765176754 pts = 12 seq = 0 messages = 0 users = 0 chats = 0 other updates = 0
12-08 06:52:34.397  1491  1532 D MTProto : requestMsgId=136688709088560 requestingTime=113 request_token=75
12-08 06:52:34.397  1491  1532 D MTProto : req -> TL_updates_getDifference : {"date":1765174997,"flags":0,"pts":12,"pts_total_limit":0,"qts":0}
12-08 06:52:34.397  1491  1532 D MTProto : res -> TL_updates_differenceEmpty : {"chats":[],"date":1765176754,"new_encrypted_messages":[],"new_messages":[],"other_updates":[],"pts":0,"seq":0,"users":[]}
12-08 06:52:34.397  1491  1532 D MTProto :  
12-08 06:52:34.402  1491  1580 D tgnet   : Config(0x7c51f501e3f0, /data/user/0/org.chatengine.messenger.beta/files/tgnet.dat) config write ok
12-08 06:52:34.402  1491  1580 D tgnet   : [            Config.cpp: 129] Config(0x7c51f501e3f0, /data/user/0/org.chatengine.messenger.beta/files/tgnet.dat) config write ok






























12-08 06:52:38.537  1491  1580 D tgnet   : connection(0x7c52c5013af0) reset last event time, no requests
12-08 06:52:38.537  1491  1580 D tgnet   : [  ConnectionSocket.cpp:1089] connection(0x7c52c5013af0) reset last event time, no requests
12-08 06:52:39.674  1491  1557 D tmessages: download queue: dc1 account=0 small_operations=32 large_operations=0























































12-08 06:52:42.665  1491  1580 D tgnet   : connection(0x7c52c5013af0) reset last event time, no requests
12-08 06:52:42.665  1491  1580 D tgnet   : [  ConnectionSocket.cpp:1089] connection(0x7c52c5013af0) reset last event time, no requests































bnbnbnb12-08 06:52:44.730  1491  1580 D tgnet   : pausing network and timers by sleep time = 10000
12-08 06:52:44.730  1491  1580 D tgnet   : [ConnectionsManager.cpp: 269] pausing network and timers by sleep time = 10000
12-08 06:52:44.730  1491  1580 D tgnet   : connection(0x7c52c5013af0, account0, dc1, type 1) disconnected with reason 0
12-08 06:52:44.730  1491  1580 D tgnet   : [        Connection.cpp: 750] connection(0x7c52c5013af0, account0, dc1, type 1) disconnected with reason 0
nbnbnbbnbnbnbnbnbnbnbnbnbnbnbnbnbnbnb



12-08 06:52:49.715  1491  1557 D tmessages: download queue: dc1 account=0 small_operations=32 large_operations=0














12-08 06:52:59.755  1491  1557 D tmessages: download queue: dc1 account=0 small_operations=32 large_operations=0
12-08 06:53:03.959  1491  1580 D tgnet   : received message len 104 (currentPacketLength) equal to packet size
12-08 06:53:03.960  1491  1580 D tgnet   : [        Connection.cpp: 275] received message len 104 (currentPacketLength) equal to packet size
12-08 06:53:06.446  1491  1491 D tmessages: applyLanguage: currentLocaleInfo is set
12-08 06:53:06.448  1491  1491 E tmessages: density = 1.125 display size = 464 824 180.0x180.0, screen layout: 268435810, statusbar height: 27, navbar height: 63
12-08 06:53:06.452  1491  1491 E tmessages: density = 1.125 display size = 464 824 180.0x180.0, screen layout: 268435810, statusbar height: 27, navbar height: 63
12-08 06:53:06.620  1491  1491 D tmessages: OS name lineage_waydroid_x86_64-userdebug 11 rq3a.211001.001 135 test-keys lineage_waydroid_x86_64-userdebug 11 rq3a.211001.001 135 test-keys
12-08 06:53:06.624  1491  1491 D tmessages: switch to foreground
12-08 06:53:06.627  1491  1565 D tmessages: checkKeepMedia start task
12-08 06:53:06.628  1491  1491 D tmessages: app paused = false
12-08 06:53:06.628  1491  1491 D tmessages: app resume count 1
12-08 06:53:06.628  1491  1491 D tmessages: reset app pause time
12-08 06:53:06.628  1491  1580 D tgnet   : wakeup network account0
12-08 06:53:06.628  1491  1580 D tgnet   : [ConnectionsManager.cpp:3533] wakeup network account0
12-08 06:53:06.629  1491  1580 D tgnet   : connection(0x7c52c5013af0) set current timeout = 12
12-08 06:53:06.629  1491  1580 D tgnet   : [  ConnectionSocket.cpp:1072] connection(0x7c52c5013af0) set current timeout = 12
12-08 06:53:06.630  1491  1565 D tmessages: external dir mounted
12-08 06:53:06.632  1491  1565 D tmessages: check dir /storage/emulated/0/Android/data/org.chatengine.messenger.beta/cache 
12-08 06:53:06.633  1491  1565 D tmessages: cache path = /storage/emulated/0/Android/data/org.chatengine.messenger.beta/cache
12-08 06:53:06.657  1491  1565 D tmessages: image path = /storage/emulated/0/Android/data/org.chatengine.messenger.beta/files/Teamgram/Teamgram Images
12-08 06:53:06.672  1491  1565 D tmessages: video path = /storage/emulated/0/Android/data/org.chatengine.messenger.beta/files/Teamgram/Teamgram Video
12-08 06:53:06.676  1491  1580 D tgnet   : connection(0x7c52c5013af0) reset last event time, on connect
12-08 06:53:06.676  1491  1580 D tgnet   : [  ConnectionSocket.cpp: 959] connection(0x7c52c5013af0) reset last event time, on connect
12-08 06:53:06.676  1491  1580 D tgnet   : connection(0x7c52c5013af0, account0, dc1, type 1) connected to 43.155.11.190:10443
12-08 06:53:06.676  1491  1580 D tgnet   : [        Connection.cpp: 831] connection(0x7c52c5013af0, account0, dc1, type 1) connected to 43.155.11.190:10443
12-08 06:53:06.676  1491  1580 D tgnet   : called from onConnectionConnected
12-08 06:53:06.676  1491  1580 D tgnet   : [ConnectionsManager.cpp: 817] called from onConnectionConnected
12-08 06:53:06.688  1491  1565 D tmessages: audio path = /storage/emulated/0/Android/data/org.chatengine.messenger.beta/files/Teamgram/Teamgram Audio
12-08 06:53:06.704  1491  1565 D tmessages: documents path = /storage/emulated/0/Android/data/org.chatengine.messenger.beta/files/Teamgram/Teamgram Documents
12-08 06:53:06.718  1491  1565 D tmessages: files path = /storage/emulated/0/Android/data/org.chatengine.messenger.beta/files/Teamgram/Teamgram Files
12-08 06:53:06.750  1491  1565 D tmessages: image path = /storage/emulated/0/Android/media/org.chatengine.messenger.beta/Teamgram/Teamgram Images
12-08 06:53:06.788  1491  1565 D tmessages: video path = /storage/emulated/0/Android/media/org.chatengine.messenger.beta/Teamgram/Teamgram Video
12-08 06:53:06.811  1491  1565 D tmessages: checkKeepMedia task end time 183 auto deleted info: files 0 size 0 KB   deleted by size limit info: files 0 size 0 KB unknownTimeFiles 0
12-08 06:53:07.678  1491  1563 D tmessages: send request org.telegram.tgnet.TLRPC$TL_account_updateStatus@c724415 with token = 76
12-08 06:53:07.679  1491  1580 D tgnet   : send request 0x7c520503e750 - 14TL_api_request
12-08 06:53:07.679  1491  1580 D tgnet   : [ConnectionsManager.cpp:1875] send request 0x7c520503e750 - 14TL_api_request
12-08 06:53:07.679  1491  1580 D tgnet   : send request wrapped 0x7c520503e750 - 14TL_api_request
12-08 06:53:07.679  1491  1580 D tgnet   : [ConnectionsManager.cpp:1882] send request wrapped 0x7c520503e750 - 14TL_api_request
12-08 06:53:07.679  1491  1580 D tgnet   : messageId for token = 76, 0x693675d3add2f400
12-08 06:53:07.679  1491  1580 D tgnet   : [ConnectionsManager.cpp:2609] messageId for token = 76, 0x693675d3add2f400
12-08 06:53:07.679  1491  1580 D tgnet   : send message (session: 0xabcdf815972b6e9e, seqno: 81, messageid: 7581376574739641344  0x693675d3add2f400): 14TL_api_request(0x7c520503e750)
12-08 06:53:07.679  1491  1580 D tgnet   : [        Datacenter.cpp:1186] send message (session: 0xabcdf815972b6e9e, seqno: 81, messageid: 7581376574739641344  0x693675d3add2f400): 14TL_api_request(0x7c520503e750)
12-08 06:53:07.679  1491  1580 D tgnet   : firstPacketSent called
12-08 06:53:07.679  1491  1580 D tgnet   : [        Connection.cpp: 576] firstPacketSent called
12-08 06:53:07.797  1491  1580 D tgnet   : Config(0x7c51f501cd20, /data/user/0/org.chatengine.messenger.beta/files/dc1conf.dat) config write ok
12-08 06:53:07.797  1491  1580 D tgnet   : [            Config.cpp: 129] Config(0x7c51f501cd20, /data/user/0/org.chatengine.messenger.beta/files/dc1conf.dat) config write ok
12-08 06:53:07.797  1491  1580 D tgnet   : connection(0x7c52c5013af0) set current timeout = 4
12-08 06:53:07.797  1491  1580 D tgnet   : [  ConnectionSocket.cpp:1072] connection(0x7c52c5013af0) set current timeout = 4
12-08 06:53:07.797  1491  1580 D tgnet   : received message len 104 (currentPacketLength) equal to packet size
12-08 06:53:07.797  1491  1580 D tgnet   : [        Connection.cpp: 275] received message len 104 (currentPacketLength) equal to packet size
12-08 06:53:07.798  1491  1580 D tgnet   : connection(0x7c52c5013af0, account0, dc1, type 1) received object 22TL_new_session_created
12-08 06:53:07.798  1491  1580 D tgnet   : [ConnectionsManager.cpp:1008] connection(0x7c52c5013af0, account0, dc1, type 1) received object 22TL_new_session_created
12-08 06:53:07.798  1491  1580 D tgnet   : process server response 0x7c5215273530 - 22TL_new_session_created
12-08 06:53:07.798  1491  1580 D tgnet   : [ConnectionsManager.cpp:1122] process server response 0x7c5215273530 - 22TL_new_session_created
12-08 06:53:07.798  1491  1580 D tgnet   : connection(0x7c52c5013af0, account0, dc1, type 1) new session created (first message id: 0x693675d3add2f400, server salt: 0x65cbf10f35359ba1, unique id: 0x62c043bb198276ec)
12-08 06:53:07.798  1491  1580 D tgnet   : [ConnectionsManager.cpp:1131] connection(0x7c52c5013af0, account0, dc1, type 1) new session created (first message id: 0x693675d3add2f400, server salt: 0x65cbf10f35359ba1, unique id: 0x62c043bb198276ec)
12-08 06:53:07.798  1491  1491 D tmessages: switch to state 3
12-08 06:53:07.805  1491  1580 D tgnet   : Config(0x7c51f501e3f0, /data/user/0/org.chatengine.messenger.beta/files/tgnet.dat) config write ok
12-08 06:53:07.805  1491  1580 D tgnet   : [            Config.cpp: 129] Config(0x7c51f501e3f0, /data/user/0/org.chatengine.messenger.beta/files/tgnet.dat) config write ok
12-08 06:53:07.805  1491  1563 D tmessages: start getDifference with date = 1765176754 pts = 12 qts = 0
12-08 06:53:07.806  1491  1563 D tmessages: send request org.telegram.tgnet.TLRPC$TL_updates_getDifference@c0eb6b8 with token = 77
12-08 06:53:07.806  1491  1580 D tgnet   : send request 0x7c520503e7b0 - 14TL_api_request
12-08 06:53:07.806  1491  1580 D tgnet   : [ConnectionsManager.cpp:1875] send request 0x7c520503e7b0 - 14TL_api_request
12-08 06:53:07.807  1491  1580 D tgnet   : send request wrapped 0x7c520503e7b0 - 14TL_api_request
12-08 06:53:07.807  1491  1580 D tgnet   : [ConnectionsManager.cpp:1882] send request wrapped 0x7c520503e7b0 - 14TL_api_request
12-08 06:53:07.807  1491  1580 D tgnet   : messageId for token = 77, 0x693675d3ce978c00
12-08 06:53:07.807  1491  1580 D tgnet   : [ConnectionsManager.cpp:2609] messageId for token = 77, 0x693675d3ce978c00
12-08 06:53:07.807  1491  1580 E tgnet   : connection(0x693675d3add2f400) request (msg_id: 0)
12-08 06:53:07.807  1491  1580 E tgnet   : connection(0x7c52c5013af0) (type: 1 == 1 && num: 0 == 0) || (token: 7 == 7)
12-08 06:53:07.807  1491  1580 D tgnet   : send message (session: 0xabcdf815972b6e9e, seqno: 83, messageid: 7581376575289396224  0x693675d3ce978c00): 14TL_api_request(0x7c520503e7b0)
12-08 06:53:07.807  1491  1580 D tgnet   : [        Datacenter.cpp:1186] send message (session: 0xabcdf815972b6e9e, seqno: 83, messageid: 7581376575289396224  0x693675d3ce978c00): 14TL_api_request(0x7c520503e7b0)
12-08 06:53:07.817  1491  1491 D tmessages: switch to state 5
12-08 06:53:07.844  1491  1580 D tgnet   : connection(0x7c52c5013af0, account0, dc1, type 1) received message len (currentPacketLength) 360 but packet (buffer->remaining()) larger 449
12-08 06:53:07.845  1491  1580 D tgnet   : [        Connection.cpp: 269] connection(0x7c52c5013af0, account0, dc1, type 1) received message len (currentPacketLength) 360 but packet (buffer->remaining()) larger 449
12-08 06:53:07.845  1491  1580 D tgnet   : not found request to parse constructor 0x98f6ac75
12-08 06:53:07.845  1491  1580 D tgnet   : [ConnectionsManager.cpp:1105] not found request to parse constructor 0x98f6ac75
12-08 06:53:07.845  1491  1580 D tgnet   : not found request to parse constructor 0x997275b5
12-08 06:53:07.845  1491  1580 D tgnet   : [ConnectionsManager.cpp:1105] not found request to parse constructor 0x997275b5
12-08 06:53:07.845  1491  1580 D tgnet   : not found request to parse constructor 0x5d75a138
12-08 06:53:07.845  1491  1580 D tgnet   : [ConnectionsManager.cpp:1105] not found request to parse constructor 0x5d75a138
12-08 06:53:07.845  1491  1580 D tgnet   : not found request to parse constructor 0x997275b5
12-08 06:53:07.845  1491  1580 D tgnet   : [ConnectionsManager.cpp:1105] not found request to parse constructor 0x997275b5
12-08 06:53:07.845  1491  1580 D tgnet   : connection(0x7c52c5013af0, account0, dc1, type 1) received object 16TL_msg_container
12-08 06:53:07.845  1491  1580 D tgnet   : [ConnectionsManager.cpp:1008] connection(0x7c52c5013af0, account0, dc1, type 1) received object 16TL_msg_container
12-08 06:53:07.845  1491  1580 D tgnet   : process server response 0x7c5215273530 - 16TL_msg_container
12-08 06:53:07.845  1491  1580 D tgnet   : [ConnectionsManager.cpp:1122] process server response 0x7c5215273530 - 16TL_msg_container
12-08 06:53:07.845  1491  1580 D tgnet   : received container with 7 items
12-08 06:53:07.845  1491  1580 D tgnet   : [ConnectionsManager.cpp:1164] received container with 7 items
12-08 06:53:07.846  1491  1580 D tgnet   : inner message 0 id 0x693675b20906807b already processed
12-08 06:53:07.846  1491  1580 D tgnet   : [ConnectionsManager.cpp:1181] inner message 0 id 0x693675b20906807b already processed
12-08 06:53:07.846  1491  1580 D tgnet   : inner message 1 id 0x693675b209268083 already processed
12-08 06:53:07.846  1491  1580 D tgnet   : [ConnectionsManager.cpp:1181] inner message 1 id 0x693675b209268083 already processed
12-08 06:53:07.846  1491  1580 D tgnet   : inner message 2 id 0x693675b209468099 already processed
12-08 06:53:07.846  1491  1580 D tgnet   : [ConnectionsManager.cpp:1181] inner message 2 id 0x693675b209468099 already processed
12-08 06:53:07.846  1491  1580 D tgnet   : inner message 3 id 0x693675b20a2680a1 is unparsed
12-08 06:53:07.846  1491  1580 D tgnet   : [ConnectionsManager.cpp:1185] inner message 3 id 0x693675b20a2680a1 is unparsed
12-08 06:53:07.847  1491  1580 D tmessages: java received unknown constructor 0xf35c6d01
12-08 06:53:07.847  1491  1580 D tgnet   : inner message 4 id 0x693675b2246680a9 already processed
12-08 06:53:07.847  1491  1580 D tgnet   : [ConnectionsManager.cpp:1181] inner message 4 id 0x693675b2246680a9 already processed
12-08 06:53:07.847  1491  1580 D tgnet   : inner message 5 id 0x693675b2250680b1 already processed
12-08 06:53:07.847  1491  1580 D tgnet   : [ConnectionsManager.cpp:1181] inner message 5 id 0x693675b2250680b1 already processed
12-08 06:53:07.847  1491  1580 D tgnet   : inner message 6 id 0x693675d3578680bb already processed
12-08 06:53:07.847  1491  1580 D tgnet   : [ConnectionsManager.cpp:1181] inner message 6 id 0x693675d3578680bb already processed
12-08 06:53:07.847  1491  1580 D tgnet   : received message len 88 (currentPacketLength) equal to packet size
12-08 06:53:07.847  1491  1580 D tgnet   : [        Connection.cpp: 275] received message len 88 (currentPacketLength) equal to packet size
12-08 06:53:07.847  1491  1580 D tgnet   : api request constructor 0x997275b5, don't parse
12-08 06:53:07.847  1491  1580 D tgnet   : [ConnectionsManager.cpp:1096] api request constructor 0x997275b5, don't parse
12-08 06:53:07.847  1491  1580 D tgnet   : connection(0x7c52c5013af0, account0, dc1, type 1) received object 13TL_rpc_result
12-08 06:53:07.847  1491  1580 D tgnet   : [ConnectionsManager.cpp:1008] connection(0x7c52c5013af0, account0, dc1, type 1) received object 13TL_rpc_result
12-08 06:53:07.847  1491  1580 D tgnet   : process server response 0x7c520503d730 - 13TL_rpc_result
12-08 06:53:07.847  1491  1580 D tgnet   : [ConnectionsManager.cpp:1122] process server response 0x7c520503d730 - 13TL_rpc_result
12-08 06:53:07.847  1491  1580 D tgnet   : message_id 7581376573295984841 connection(0x7c52c5013af0, account0, dc1, type 1) received rpc_result with 15TL_api_response
12-08 06:53:07.847  1491  1580 D tgnet   : [ConnectionsManager.cpp:1267] message_id 7581376573295984841 connection(0x7c52c5013af0, account0, dc1, type 1) received rpc_result with 15TL_api_response
12-08 06:53:07.847  1491  1580 D tgnet   : got response for request 0x7c520503e750 - 14TL_api_request
12-08 06:53:07.847  1491  1580 D tgnet   : [ConnectionsManager.cpp:1303] got response for request 0x7c520503e750 - 14TL_api_request
12-08 06:53:07.849  1491  1580 D tmessages: CM java buff saved to /sdcard/Android/data/org.chatengine.messenger.beta/files/buff_1765176787848.bin
12-08 06:53:07.850  1491  1580 D tmessages: java received org.telegram.tgnet.TLRPC$TL_boolTrue@3fb7f6 error = null
12-08 06:53:07.853  1491  1532 D MTProto : requestMsgId=136688709088560 requestingTime=174 request_token=76
12-08 06:53:07.853  1491  1532 D MTProto : req -> TL_account_updateStatus : {"offline":false}
12-08 06:53:07.853  1491  1532 D MTProto : res -> TL_boolTrue : {}
12-08 06:53:07.853  1491  1532 D MTProto :  
12-08 06:53:07.960  1491  1580 D tgnet   : received message len 104 (currentPacketLength) equal to packet size
12-08 06:53:07.961  1491  1580 D tgnet   : [        Connection.cpp: 275] received message len 104 (currentPacketLength) equal to packet size
12-08 06:53:07.961  1491  1580 D tgnet   : api request constructor 0x5d75a138, don't parse
12-08 06:53:07.961  1491  1580 D tgnet   : [ConnectionsManager.cpp:1096] api request constructor 0x5d75a138, don't parse
12-08 06:53:07.961  1491  1580 D tgnet   : connection(0x7c52c5013af0, account0, dc1, type 1) received object 13TL_rpc_result
12-08 06:53:07.961  1491  1580 D tgnet   : [ConnectionsManager.cpp:1008] connection(0x7c52c5013af0, account0, dc1, type 1) received object 13TL_rpc_result
12-08 06:53:07.961  1491  1580 D tgnet   : process server response 0x7c520503d730 - 13TL_rpc_result
12-08 06:53:07.961  1491  1580 D tgnet   : [ConnectionsManager.cpp:1122] process server response 0x7c520503d730 - 13TL_rpc_result
12-08 06:53:07.961  1491  1580 D tgnet   : message_id 7581376573522477265 connection(0x7c52c5013af0, account0, dc1, type 1) received rpc_result with 15TL_api_response
12-08 06:53:07.961  1491  1580 D tgnet   : [ConnectionsManager.cpp:1267] message_id 7581376573522477265 connection(0x7c52c5013af0, account0, dc1, type 1) received rpc_result with 15TL_api_response
12-08 06:53:07.961  1491  1580 D tgnet   : got response for request 0x7c520503e7b0 - 14TL_api_request
12-08 06:53:07.961  1491  1580 D tgnet   : [ConnectionsManager.cpp:1303] got response for request 0x7c520503e7b0 - 14TL_api_request
12-08 06:53:07.962  1491  1580 D tmessages: CM java buff saved to /sdcard/Android/data/org.chatengine.messenger.beta/files/buff_1765176787962.bin
12-08 06:53:07.963  1491  1580 D tmessages: java received org.telegram.tgnet.TLRPC$TL_updates_differenceEmpty@8548664 error = null
12-08 06:53:07.964  1491  1563 D tmessages: received difference with date = 1765176787 pts = 12 seq = 0 messages = 0 users = 0 chats = 0 other updates = 0
12-08 06:53:07.965  1491  1491 D tmessages: switch to state 3
12-08 06:53:07.966  1491  1532 D MTProto : requestMsgId=136688709088560 requestingTime=159 request_token=77
12-08 06:53:07.966  1491  1532 D MTProto : req -> TL_updates_getDifference : {"date":1765176754,"flags":0,"pts":12,"pts_total_limit":0,"qts":0}
12-08 06:53:07.966  1491  1532 D MTProto : res -> TL_updates_differenceEmpty : {"chats":[],"date":1765176787,"new_encrypted_messages":[],"new_messages":[],"other_updates":[],"pts":0,"seq":0,"users":[]}
12-08 06:53:07.966  1491  1532 D MTProto :  
12-08 06:53:09.004  1491  1491 D tmessages: load messages in chat 1271284286 topic_id 0 count 25 max_id 0 cache true mindate = 0 guid 3 load_type 2 last_message_id 0 mode 0 index 1 firstUnread 0 unread_count 0 last_date 0 queryFromServer false isTopic false
12-08 06:53:09.005  1491  1491 D tmessages: load messages in chat 1271284286 topic_id 0 count 1 max_id 0 cache true mindate = 0 guid 3 load_type 2 last_message_id 0 mode 1 index 2 firstUnread 0 unread_count 0 last_date 0 queryFromServer false isTopic false
12-08 06:53:09.011  1491  1559 D tmessages: messages load time = 5 for dialog = 1271284286
12-08 06:53:09.012  1491  1563 D tmessages: processLoadedMessages size 4 in chat 1271284286 topic_id 0 count 25 max_id 0 cache true guid 3 load_type 2 last_message_id 5 index 1 firstUnread 0 unread_count 0 last_date 1765175037 queryFromServer false isTopicfalse
12-08 06:53:09.013  1491  1559 D tmessages: messages load time = 1 for dialog = 1271284286
12-08 06:53:09.021  1491  1563 D tmessages: checkMediaExistance size=4 time=1
12-08 06:53:09.021  1491  1563 D tmessages: process time=9 count=4 for dialog  1271284286
12-08 06:53:09.021  1491  1563 D tmessages: processLoadedMessages size 0 in chat 1271284286 topic_id 0 count 1 max_id 0 cache true guid 3 load_type 2 last_message_id 0 index 2 firstUnread 0 unread_count 0 last_date 0 queryFromServer false isTopicfalse
12-08 06:53:09.102  1491  1491 D tmessages: notify data set changed fragmentOpened=false
12-08 06:53:09.110  1491  1563 D tmessages: send request org.telegram.tgnet.TLRPC$TL_users_getFullUser@c9d3251 with token = 78
12-08 06:53:09.110  1491  1580 D tgnet   : send request 0x7c52050408b0 - 14TL_api_request
12-08 06:53:09.110  1491  1580 D tgnet   : [ConnectionsManager.cpp:1875] send request 0x7c52050408b0 - 14TL_api_request
12-08 06:53:09.110  1491  1580 D tgnet   : send request wrapped 0x7c52050408b0 - 14TL_api_request
12-08 06:53:09.110  1491  1580 D tgnet   : [ConnectionsManager.cpp:1882] send request wrapped 0x7c52050408b0 - 14TL_api_request
12-08 06:53:09.110  1491  1580 D tgnet   : messageId for token = 78, 0x693675d51c28f800
12-08 06:53:09.110  1491  1580 D tgnet   : [ConnectionsManager.cpp:2609] messageId for token = 78, 0x693675d51c28f800
12-08 06:53:09.110  1491  1580 D tgnet   : send message (session: 0xabcdf815972b6e9e, seqno: 85, messageid: 7581376580885739520  0x693675d51c28f800): 14TL_api_request(0x7c52050408b0)
12-08 06:53:09.110  1491  1580 D tgnet   : [        Datacenter.cpp:1186] send message (session: 0xabcdf815972b6e9e, seqno: 85, messageid: 7581376580885739520  0x693675d51c28f800): 14TL_api_request(0x7c52050408b0)
12-08 06:53:09.117  1491  1557 D tmessages: start loading file to temp = /storage/emulated/0/Android/data/org.chatengine.messenger.beta/cache/1_1655891440108048385.temp final = /storage/emulated/0/Android/data/org.chatengine.messenger.beta/cache/1_1655891440108048385.webm priority0
12-08 06:53:09.121  1491  1491 D tmessages: end animations
12-08 06:53:09.123  1491  1563 D tmessages: send request org.telegram.tgnet.TLRPC$TL_upload_getFile@ad4a190 with token = 79
12-08 06:53:09.123  1491  1557 D tmessages: create load operation fileName=1_1655891440108048385.webm documentName=sticker.webmsize=470.5 KB position in queue 32 account=0
12-08 06:53:09.123  1491  1580 D tgnet   : send request 0x7c5205040c10 - 14TL_api_request
