12-08 07:05:55.215  1992  1992 D tmessages: load messages in chat 1271284286 topic_id 0 count 50 max_id 2 cache false mindate = 0 guid 4 load_type 0 last_message_id 0 mode 0 index 3 firstUnread 0 unread_count 0 last_date 0 queryFromServer false isTopic false
12-08 07:05:55.215  1992  2043 D tmessages: send request org.telegram.tgnet.TLRPC$TL_messages_getHistory@3814963 with token = 76
12-08 07:05:55.216  1992  2055 D tgnet   : send request 0x7f2648c5a690 - 14TL_api_request
12-08 07:05:55.216  1992  2055 D tgnet   : [ConnectionsManager.cpp:1875] send request 0x7f2648c5a690 - 14TL_api_request
12-08 07:05:55.216  1992  2055 D tgnet   : send request wrapped 0x7f2648c5a690 - 14TL_api_request
12-08 07:05:55.216  1992  2055 D tgnet   : [ConnectionsManager.cpp:1882] send request wrapped 0x7f2648c5a690 - 14TL_api_request
12-08 07:05:55.216  1992  2055 D tgnet   : messageId for token = 76, 0x693678d3374bc800
12-08 07:05:55.216  1992  2055 D tgnet   : [ConnectionsManager.cpp:2609] messageId for token = 76, 0x693678d3374bc800
12-08 07:05:55.216  1992  2055 E tgnet   : connection(0x693678d33374bc00) request (msg_id: 0)
12-08 07:05:55.216  1992  2033 D MTProto : requestMsgId=139799395009840 requestingTime=173 request_token=73
12-08 07:05:55.216  1992  2055 E tgnet   : connection(0x7f2708c08070) (type: 1 == 1 && num: 0 == 0) || (token: 1 == 1)
12-08 07:05:55.216  1992  2033 D MTProto : req -> TL_messages_getStickerSet : {"hash":0,"stickerset":{"access_hash":0,"id":0,"short_name":"EmojiAnimations"}}
12-08 07:05:55.216  1992  2055 D tgnet   : send message (session: 0xabcd5c3d5f482f89, seqno: 97, messageid: 7581379871285954560  0x693678d3374bc800): 14TL_api_request(0x7f2648c5a690)
12-08 07:05:55.216  1992  2055 D tgnet   : [        Datacenter.cpp:1186] send message (session: 0xabcd5c3d5f482f89, seqno: 97, messageid: 7581379871285954560  0x693678d3374bc800): 14TL_api_request(0x7f2648c5a690)
12-08 07:05:55.216  1992  2033 D MTProto : res -> TL_messages_stickerSet : {"documents":[{"access_hash":7493426085840325823,"attributes":[{"duration":0,"flags":0,"h":512,"mask":false,"round_message":false,"supports_streaming":false,"voice":false,"w":512},{"alt":"🎉","duration":0,"flags":0,"h":0,"mask":false,"round_message":false,"stickerset":{"access_hash":1830321482221971985,"id":1655889252438773760},"supports_streaming":false,"voice":false,"w":0},{"duration":0,"file_name":"AnimatedSticker.tgs","flags":0,"h":0,"mask":false,"round_message":false,"supports_streaming":false,"voice":false,"w":0}],"date":1683629737,"dc_id":1,"file_name_fixed":"AnimatedSticker.tgs","file_reference":[],"flags":1,"id":1655889252447162368,"mime_type":"application/x-tgsticker","size":13089,"thumbs":[{"h":128,"location":{"dc_id":0,"local_id":1109,"volume_id":-1655889252447162368},"size":126,"type":"m","w":128}],"user_id":0,"version":0,"video_thumbs":[]},{"access_hash":5962202813898413307,"attributes":[{"duration":0,"flags":0,"h":512,"mask":false,"round_message":false,"supports_streaming":false,"voice":false,"w":512},{"alt":"🎆","duration":0,"flags":0,"h":0,"mask":false,"round_message":false,"stickerset":{"access_hash":1830321482221971985,"id":1655889252438773760},"supports_streaming":false,"voice":false,"w":0},{"duration":0,"file_name":"AnimatedSticker.tgs","flags":0,"h":0,"mask":false,"round_message":false,"supports_streaming":false,"voice":false,"w":0}],"date":1683629737,"dc_id":1,"file_name_fixed":"AnimatedSticker.tgs","file_reference":[],"flags":1,"id":1655889252451356672,"mime_type":"application/x-tgsticker","size":60864,"thumbs":[{"h":128,"location":{"dc_id":0,"local_id":1109,"volume_id":-1655889252451356672},"size":126,"type":"m","w":128}],"user_id":0,"version":0,"video_thumbs":[]},{"access_hash":5403316636063364468,"attributes":[{"duration":0,"flags":0,"h":512,"mask":false,"round_message":false,"supports_streaming":false,"voice":false,"w":512},{"alt":"🎈","duration":0,"flags":0,"h":0,"mask":false,"round_message":false,"stickerset":{"access_hash":1830321482221971985,"id":1655889252438773760},"supports_streaming":false,"voice":false,"w":0},{"duration":0,"file_name":"AnimatedSticker.tgs","flags":0,"h":0,"mask":false,"round_message":false,"supports_streaming":false,"voice":false,"w":0}],"date":1683629737,"dc_id":1,"file_name_fixed":"AnimatedSticker.tgs","file_reference":[],"flags":1,"id":1655889252455550976,"mime_type":"application/x-tgsticker","size":17265,"thumbs":[{"h":128,"location":{"dc_id":0,"local_id":1109,"volume_id":-1655889252455550976},"size":126,"type":"m","w":128}],"user_id":0,"version":0,"video_thumbs":[]},{"access_hash":5025876309054933404,"attributes":[{"duration":0,"flags":0,"h":512,"mask":false,"round_message":false,"supports_streaming":false,"voice":false,"w":512},{"alt":"❤️","duration":0,"flags":0,"h":0,"mask":false,"round_message":false,"stickerset":{"access_hash":1830321482221971985,"id":1655889252438773760},"supports_streaming":false,"voice":false,"w":0},{"duration":0,"file_name":"AnimatedSticker.tgs","flags":0,"h":0,"mask":false,"round_message":false,"supports_streaming":false,"voice":false,"w":0}],"date":1683629737,"dc_id":1,"file_name_fixed":"AnimatedSticker.tgs","file_reference":[],"flags":1,"id":1655889252455550977,"mime_type":"application/x-tgsticker","size":65047,"thumbs":[{"h":128,"location":{"dc_id":0,"local_id":1109,"volume_id":-1655889252455550977},"size":126,"type":"m","w":128}],"user_id":0,"version":0,"video_thumbs":[]},{"access_hash":6196530304885623284,"attributes":[{"duration":0,"flags":0,"h":512,"mask":false,"round_message":false,"supports_streaming":false,"voice":false,"w":512},{"alt":"💩","duration":0,"flags":0,"h":0,"mask":false,"round_message":false,"stickerset":{"access_hash":1830321482221971985,"id":1655889252438773760},"supports_streaming":false,"voice":false,"w":0},{"duration":0,"file_name":"AnimatedSticker.tgs","flags":0,"h":0,"mask":false,"round_message":false,"supports_streaming":false,"voice":false,"w":0}],"date":1683629737,"dc_id":1,"file_name_fixed":"AnimatedSticker.tgs","file_refere
12-08 07:05:55.216  1992  2033 D MTProto :  
12-08 07:05:55.216  1992  2085 W tmessages: show dialog notification with id 777000 777000 user=org.telegram.tgnet.TLRPC$TL_user@5d63dd9 chat=null
12-08 07:05:55.286  1992  2055 D tgnet   : received message len 200 (currentPacketLength) equal to packet size
12-08 07:05:55.286  1992  2055 D tgnet   : [        Connection.cpp: 275] received message len 200 (currentPacketLength) equal to packet size
12-08 07:05:55.286  1992  2055 D tgnet   : connection(0x7f2708c08070, account0, dc1, type 1) received object 13TL_rpc_result
12-08 07:05:55.286  1992  2055 D tgnet   : [ConnectionsManager.cpp:1008] connection(0x7f2708c08070, account0, dc1, type 1) received object 13TL_rpc_result
12-08 07:05:55.286  1992  2055 D tgnet   : process server response 0x7f2648c53910 - 13TL_rpc_result
12-08 07:05:55.286  1992  2055 D tgnet   : [ConnectionsManager.cpp:1122] process server response 0x7f2648c53910 - 13TL_rpc_result
12-08 07:05:55.286  1992  2055 D tgnet   : message_id 7581379870736157657 connection(0x7f2708c08070, account0, dc1, type 1) received rpc_result with 14TL_gzip_packed
12-08 07:05:55.286  1992  2055 D tgnet   : [ConnectionsManager.cpp:1267] message_id 7581379870736157657 connection(0x7f2708c08070, account0, dc1, type 1) received rpc_result with 14TL_gzip_packed
12-08 07:05:55.286  1992  2055 D tgnet   : got response for request 0x7f2648c4f6b0 - 14TL_api_request
12-08 07:05:55.286  1992  2055 D tgnet   : [ConnectionsManager.cpp:1303] got response for request 0x7f2648c4f6b0 - 14TL_api_request
12-08 07:05:55.286  1992  2055 D tgnet   : api request constructor 0x74ae4240, don't parse
12-08 07:05:55.286  1992  2055 D tgnet   : [ConnectionsManager.cpp:1096] api request constructor 0x74ae4240, don't parse
12-08 07:05:55.286  1992  2055 D tmessages: CM java buff saved to /sdcard/Android/data/org.chatengine.messenger.beta/files/buff_1765177555286.bin
12-08 07:05:55.286  1992  2055 D tmessages: java received org.telegram.tgnet.TLRPC$TL_updates@72c81db error = null
12-08 07:05:55.288  1992  2033 D MTProto : requestMsgId=139799395009840 requestingTime=87 request_token=74
12-08 07:05:55.288  1992  2033 D MTProto : req -> TL_messages_getMessagesReactions : {"id":[8,7,6,5,4,3,2],"peer":{"access_hash":7248528399095271617,"channel_id":0,"chat_id":0,"msg_id":0,"user_id":1271284286}}
12-08 07:05:55.288  1992  2033 D MTProto : res -> TL_updates : {"chat_id":0,"chats":[],"date":1765177555,"entities":[],"flags":0,"from_id":0,"id":0,"media_unread":false,"mentioned":false,"out":false,"pts":0,"pts_count":0,"seq":0,"seq_start":0,"silent":false,"ttl_period":0,"updates":[],"user_id":0,"users":[{"access_hash":1987210240484221045,"apply_min_photo":false,"attach_menu_enabled":false,"bot":false,"bot_attach_menu":false,"bot_chat_history":false,"bot_info_version":0,"bot_inline_geo":false,"bot_menu_webview":false,"bot_nochats":false,"contact":true,"deleted":false,"explicit_content":false,"fake":false,"first_name":"U","flags":7255,"flags2":0,"id":1271292291,"inactive":false,"last_name":"7","min":false,"mutual_contact":true,"premium":false,"restricted":false,"restriction_reason":[],"scam":false,"self":true,"status":{"expires":0},"support":false,"usernames":[],"verified":false},{"access_hash":1987210240484221045,"apply_min_photo":false,"attach_menu_enabled":false,"bot":false,"bot_attach_menu":false,"bot_chat_history":false,"bot_info_version":0,"bot_inline_geo":false,"bot_menu_webview":false,"bot_nochats":false,"contact":true,"deleted":false,"explicit_content":false,"fake":false,"first_name":"U","flags":7255,"flags2":0,"id":1271292291,"inactive":false,"last_name":"7","min":false,"mutual_contact":true,"premium":false,"restricted":false,"restriction_reason":[],"scam":false,"self":true,"status":{"expires":0},"support":false,"usernames":[],"verified":false},{"access_hash":1987210240484221045,"apply_min_photo":false,"attach_menu_enabled":false,"bot":false,"bot_attach_menu":false,"bot_chat_history":false,"bot_info_version":0,"bot_inline_geo":false,"bot_menu_webview":false,"bot_nochats":false,"contact":true,"deleted":false,"explicit_content":false,"fake":false,"first_name":"U","flags":7255,"flags2":0,"id":1271292291,"inactive":false,"last_name":"7","min":false,"mutual_contact":true,"premium":false,"restricted":false,"restriction_reason":[],"scam":false,"self":true,"status":{"expires":0},"support":false,"usernames":[],"verified":false},{"access_hash":1987210240484221045,"apply_min_photo":false,"attach_menu_enabled":false,"bot":false,"bot_attach_menu":false,"bot_chat_history":false,"bot_info_version":0,"bot_inline_geo":false,"bot_menu_webview":false,"bot_nochats":false,"contact":true,"deleted":false,"explicit_content":false,"fake":false,"first_name":"U","flags":7255,"flags2":0,"id":1271292291,"inactive":false,"last_name":"7","min":false,"mutual_contact":true,"premium":false,"restricted":false,"restriction_reason":[],"scam":false,"self":true,"status":{"expires":0},"support":false,"usernames":[],"verified":false},{"access_hash":1987210240484221045,"apply_min_photo":false,"attach_menu_enabled":false,"bot":false,"bot_attach_menu":false,"bot_chat_history":false,"bot_info_version":0,"bot_inline_geo":false,"bot_menu_webview":false,"bot_nochats":false,"contact":true,"deleted":false,"explicit_content":false,"fake":false,"first_name":"U","flags":7255,"flags2":0,"id":1271292291,"inactive":false,"last_name":"7","min":false,"mutual_contact":true,"premium":false,"restricted":false,"restriction_reason":[],"scam":false,"self":true,"status":{"expires":0},"support":false,"usernames":[],"verified":false},{"access_hash":1987210240484221045,"apply_min_photo":false,"attach_menu_enabled":false,"bot":false,"bot_attach_menu":false,"bot_chat_history":false,"bot_info_version":0,"bot_inline_geo":false,"bot_menu_webview":false,"bot_nochats":false,"contact":true,"deleted":false,"explicit_content":false,"fake":false,"first_name":"U","flags":7255,"flags2":0,"id":1271292291,"inactive":false,"last_name":"7","min":false,"mutual_contact":true,"premium":false,"restricted":false,"restriction_reason":[],"scam":false,"self":true,"status":{"expires":0},"support":false,"usernames":[],"verified":false},{"access_hash":1987210240484221045,"apply_min_photo":false,"attach_menu_enabled":false,"bot":false,"bot_attach_menu":false,"bot_chat_history":false,"bot_info_version":0,"bot_inline_geo":false,"bot_menu_webview":false,"bot_nochats":false,"contact":true,"deleted":false,"explicit_
12-08 07:05:55.288  1992  2033 D MTProto :  
12-08 07:05:55.291  1992  2043 D tmessages: send request org.telegram.tgnet.TLRPC$TL_messages_getArchivedStickers@dd11751 with token = 77
12-08 07:05:55.291  1992  2055 D tgnet   : send request 0x7f2648c53910 - 14TL_api_request
12-08 07:05:55.291  1992  2055 D tgnet   : [ConnectionsManager.cpp:1875] send request 0x7f2648c53910 - 14TL_api_request
12-08 07:05:55.291  1992  2055 D tgnet   : send request wrapped 0x7f2648c53910 - 14TL_api_request
12-08 07:05:55.291  1992  2055 D tgnet   : [ConnectionsManager.cpp:1882] send request wrapped 0x7f2648c53910 - 14TL_api_request
12-08 07:05:55.291  1992  2055 D tgnet   : messageId for token = 77, 0x693678d34a7efc00
12-08 07:05:55.291  1992  2055 D tgnet   : [ConnectionsManager.cpp:2609] messageId for token = 77, 0x693678d34a7efc00
12-08 07:05:55.291  1992  2055 E tgnet   : connection(0x693678d33374bc04) request (msg_id: 0)
12-08 07:05:55.291  1992  2055 E tgnet   : connection(0x7f2708c08070) (type: 1 == 1 && num: 0 == 0) || (token: 1 == 1)
12-08 07:05:55.291  1992  2055 D tgnet   : send message (session: 0xabcd5c3d5f482f89, seqno: 99, messageid: 7581379871608077312  0x693678d34a7efc00): 14TL_api_request(0x7f2648c53910)
12-08 07:05:55.291  1992  2055 D tgnet   : [        Datacenter.cpp:1186] send message (session: 0xabcd5c3d5f482f89, seqno: 99, messageid: 7581379871608077312  0x693678d34a7efc00): 14TL_api_request(0x7f2648c53910)
12-08 07:05:55.298  1992  2043 D tmessages: send request org.telegram.tgnet.TLRPC$TL_messages_getArchivedStickers@c7cbb6 with token = 78
12-08 07:05:55.298  1992  2055 D tgnet   : send request 0x7f2648c53af0 - 14TL_api_request
12-08 07:05:55.298  1992  2043 D tmessages: send request org.telegram.tgnet.TLRPC$TL_messages_getEmojiStickers@9e760b7 with token = 79
12-08 07:05:55.298  1992  2055 D tgnet   : [ConnectionsManager.cpp:1875] send request 0x7f2648c53af0 - 14TL_api_request
12-08 07:05:55.298  1992  2055 D tgnet   : send request wrapped 0x7f2648c53af0 - 14TL_api_request
12-08 07:05:55.298  1992  2055 D tgnet   : [ConnectionsManager.cpp:1882] send request wrapped 0x7f2648c53af0 - 14TL_api_request
12-08 07:05:55.298  1992  2055 D tgnet   : messageId for token = 78, 0x693678d34c49bc00
12-08 07:05:55.298  1992  2055 D tgnet   : [ConnectionsManager.cpp:2609] messageId for token = 78, 0x693678d34c49bc00
12-08 07:05:55.298  1992  2055 E tgnet   : connection(0x693678d33374bc04) request (msg_id: 0)
12-08 07:05:55.298  1992  2055 E tgnet   : connection(0x7f2708c08070) (type: 1 == 1 && num: 0 == 0) || (token: 1 == 1)
12-08 07:05:55.298  1992  2055 D tgnet   : send message (session: 0xabcd5c3d5f482f89, seqno: 101, messageid: 7581379871638141952  0x693678d34c49bc00): 14TL_api_request(0x7f2648c53af0)
12-08 07:05:55.298  1992  2055 D tgnet   : [        Datacenter.cpp:1186] send message (session: 0xabcd5c3d5f482f89, seqno: 101, messageid: 7581379871638141952  0x693678d34c49bc00): 14TL_api_request(0x7f2648c53af0)
12-08 07:05:55.298  1992  2055 D tgnet   : send request 0x7f2648c4f6b0 - 14TL_api_request
12-08 07:05:55.298  1992  2055 D tgnet   : [ConnectionsManager.cpp:1875] send request 0x7f2648c4f6b0 - 14TL_api_request
12-08 07:05:55.298  1992  2055 D tgnet   : send request wrapped 0x7f2648c4f6b0 - 14TL_api_request
12-08 07:05:55.298  1992  2055 D tgnet   : [ConnectionsManager.cpp:1882] send request wrapped 0x7f2648c4f6b0 - 14TL_api_request
12-08 07:05:55.298  1992  2055 D tgnet   : messageId for token = 79, 0x693678d34c49bc04
12-08 07:05:55.298  1992  2055 D tgnet   : [ConnectionsManager.cpp:2609] messageId for token = 79, 0x693678d34c49bc04
12-08 07:05:55.298  1992  2055 E tgnet   : connection(0x693678d33374bc04) request (msg_id: 0)
12-08 07:05:55.298  1992  2055 E tgnet   : connection(0x7f2708c08070) (type: 1 == 1 && num: 0 == 0) || (token: 1 == 1)
12-08 07:05:55.299  1992  2055 D tgnet   : send message (session: 0xabcd5c3d5f482f89, seqno: 103, messageid: 7581379871638141956  0x693678d34c49bc04): 14TL_api_request(0x7f2648c4f6b0)
12-08 07:05:55.299  1992  2055 D tgnet   : [        Datacenter.cpp:1186] send message (session: 0xabcd5c3d5f482f89, seqno: 103, messageid: 7581379871638141956  0x693678d34c49bc04): 14TL_api_request(0x7f2648c4f6b0)
12-08 07:05:55.334  1992  2055 D tgnet   : received message len 104 (currentPacketLength) equal to packet size
12-08 07:05:55.334  1992  2055 D tgnet   : [        Connection.cpp: 275] received message len 104 (currentPacketLength) equal to packet size
12-08 07:05:55.334  1992  2055 D tgnet   : api request constructor 0x84d19185, don't parse
12-08 07:05:55.334  1992  2055 D tgnet   : [ConnectionsManager.cpp:1096] api request constructor 0x84d19185, don't parse
12-08 07:05:55.334  1992  2055 D tgnet   : connection(0x7f2708c08070, account0, dc1, type 1) received object 13TL_rpc_result
12-08 07:05:55.334  1992  2055 D tgnet   : [ConnectionsManager.cpp:1008] connection(0x7f2708c08070, account0, dc1, type 1) received object 13TL_rpc_result
12-08 07:05:55.334  1992  2055 D tgnet   : process server response 0x7f2648c25410 - 13TL_rpc_result
12-08 07:05:55.334  1992  2055 D tgnet   : [ConnectionsManager.cpp:1122] process server response 0x7f2648c25410 - 13TL_rpc_result
12-08 07:05:55.334  1992  2055 D tgnet   : message_id 7581379870841015265 connection(0x7f2708c08070, account0, dc1, type 1) received rpc_result with 15TL_api_response
12-08 07:05:55.334  1992  2055 D tgnet   : [ConnectionsManager.cpp:1267] message_id 7581379870841015265 connection(0x7f2708c08070, account0, dc1, type 1) received rpc_result with 15TL_api_response
12-08 07:05:55.334  1992  2055 D tgnet   : got response for request 0x7f2648c535b0 - 14TL_api_request
12-08 07:05:55.334  1992  2055 D tgnet   : [ConnectionsManager.cpp:1303] got response for request 0x7f2648c535b0 - 14TL_api_request
12-08 07:05:55.335  1992  2055 D tmessages: CM java buff saved to /sdcard/Android/data/org.chatengine.messenger.beta/files/buff_1765177555334.bin
12-08 07:05:55.335  1992  2055 D tmessages: java received org.telegram.tgnet.TLRPC$TL_messages_affectedMessages@5bed78d error = null
12-08 07:05:55.336  1992  2043 D tmessages: processNewDifferenceParams seq = -1 pts = 22 date = -1 pts_count = 1
12-08 07:05:55.336  1992  2043 D tmessages: APPLY PTS
12-08 07:05:55.336  1992  2033 D MTProto : requestMsgId=139799395009840 requestingTime=135 request_token=75
12-08 07:05:55.336  1992  2033 D MTProto : req -> TL_messages_readHistory : {"max_id":8,"peer":{"access_hash":7248528399095271617,"channel_id":0,"chat_id":0,"msg_id":0,"user_id":1271284286}}
12-08 07:05:55.336  1992  2033 D MTProto : res -> TL_messages_affectedMessages : {"pts":22,"pts_count":1}
12-08 07:05:55.336  1992  2033 D MTProto :  
12-08 07:05:55.414  1992  2055 D tgnet   : connection(0x7f2708c08070, account0, dc1, type 1) received message len (currentPacketLength) 168 but packet (buffer->remaining()) larger 483
12-08 07:05:55.414  1992  2055 D tgnet   : [        Connection.cpp: 269] connection(0x7f2708c08070, account0, dc1, type 1) received message len (currentPacketLength) 168 but packet (buffer->remaining()) larger 483
12-08 07:05:55.414  1992  2055 D tgnet   : api request constructor 0x8c718e87, don't parse
12-08 07:05:55.414  1992  2055 D tgnet   : [ConnectionsManager.cpp:1096] api request constructor 0x8c718e87, don't parse
12-08 07:05:55.414  1992  2055 D tgnet   : connection(0x7f2708c08070, account0, dc1, type 1) received object 13TL_rpc_result
12-08 07:05:55.414  1992  2055 D tgnet   : [ConnectionsManager.cpp:1008] connection(0x7f2708c08070, account0, dc1, type 1) received object 13TL_rpc_result
12-08 07:05:55.414  1992  2055 D tgnet   : process server response 0x7f2648c33e10 - 13TL_rpc_result
12-08 07:05:55.414  1992  2055 D tgnet   : [ConnectionsManager.cpp:1122] process server response 0x7f2648c33e10 - 13TL_rpc_result
12-08 07:05:55.414  1992  2055 D tgnet   : message_id 7581379870847306729 connection(0x7f2708c08070, account0, dc1, type 1) received rpc_result with 15TL_api_response
12-08 07:05:55.414  1992  2055 D tgnet   : [ConnectionsManager.cpp:1267] message_id 7581379870847306729 connection(0x7f2708c08070, account0, dc1, type 1) received rpc_result with 15TL_api_response
12-08 07:05:55.414  1992  2055 D tgnet   : got response for request 0x7f2648c5a690 - 14TL_api_request
12-08 07:05:55.414  1992  2055 D tgnet   : [ConnectionsManager.cpp:1303] got response for request 0x7f2648c5a690 - 14TL_api_request
12-08 07:05:55.414  1992  2055 D tmessages: CM java buff saved to /sdcard/Android/data/org.chatengine.messenger.beta/files/buff_1765177555414.bin
12-08 07:05:55.420  1992  2055 D tmessages: java received org.telegram.tgnet.TLRPC$TL_messages_messages@2e1bdfd error = null
12-08 07:05:55.421  1992  2055 D tgnet   : connection(0x7f2708c08070, account0, dc1, type 1) received message len (currentPacketLength) 104 but packet (buffer->remaining()) larger 314
12-08 07:05:55.421  1992  2055 D tgnet   : [        Connection.cpp: 269] connection(0x7f2708c08070, account0, dc1, type 1) received message len (currentPacketLength) 104 but packet (buffer->remaining()) larger 314
12-08 07:05:55.422  1992  2043 D tmessages: processLoadedMessages size 0 in chat 1271284286 topic_id 0 count 50 max_id 2 cache false guid 4 load_type 0 last_message_id 0 index 3 firstUnread 0 unread_count 0 last_date 0 queryFromServer false isTopicfalse
12-08 07:05:55.422  1992  2033 D MTProto : requestMsgId=139799395009840 requestingTime=205 request_token=76
12-08 07:05:55.422  1992  2033 D MTProto : req -> TL_messages_getHistory : {"add_offset":0,"hash":0,"limit":50,"max_id":0,"min_id":0,"offset_date":0,"offset_id":2,"peer":{"access_hash":7248528399095271617,"channel_id":0,"chat_id":0,"msg_id":0,"user_id":1271284286}}
12-08 07:05:55.422  1992  2055 D tgnet   : api request constructor 0x4fcba9c8, don't parse
12-08 07:05:55.422  1992  2055 D tgnet   : [ConnectionsManager.cpp:1096] api request constructor 0x4fcba9c8, don't parse
12-08 07:05:55.422  1992  2033 D MTProto : res -> TL_messages_messages : {"chats":[],"count":0,"flags":0,"inexact":false,"messages":[],"next_rate":0,"offset_id_offset":0,"pts":0,"topics":[],"users":[{"access_hash":1987210240484221045,"apply_min_photo":false,"attach_menu_enabled":false,"bot":false,"bot_attach_menu":false,"bot_chat_history":false,"bot_info_version":0,"bot_inline_geo":false,"bot_menu_webview":false,"bot_nochats":false,"contact":true,"deleted":false,"explicit_content":false,"fake":false,"first_name":"U","flags":7255,"flags2":0,"id":1271292291,"inactive":false,"last_name":"7","min":false,"mutual_contact":true,"premium":false,"restricted":false,"restriction_reason":[],"scam":false,"self":true,"status":{"expires":1765177609},"support":false,"usernames":[],"verified":false}]}
12-08 07:05:55.422  1992  2033 D MTProto :  
12-08 07:05:55.422  1992  2055 D tgnet   : connection(0x7f2708c08070, account0, dc1, type 1) received object 13TL_rpc_result
12-08 07:05:55.422  1992  2055 D tgnet   : [ConnectionsManager.cpp:1008] connection(0x7f2708c08070, account0, dc1, type 1) received object 13TL_rpc_result
12-08 07:05:55.422  1992  2055 D tgnet   : process server response 0x7f2648c33e10 - 13TL_rpc_result
12-08 07:05:55.422  1992  2055 D tgnet   : [ConnectionsManager.cpp:1122] process server response 0x7f2648c33e10 - 13TL_rpc_result
12-08 07:05:55.422  1992  2055 D tgnet   : message_id 7581379870939581425 connection(0x7f2708c08070, account0, dc1, type 1) received rpc_result with 15TL_api_response
12-08 07:05:55.422  1992  2055 D tgnet   : [ConnectionsManager.cpp:1267] message_id 7581379870939581425 connection(0x7f2708c08070, account0, dc1, type 1) received rpc_result with 15TL_api_response
12-08 07:05:55.422  1992  2055 D tgnet   : got response for request 0x7f2648c53910 - 14TL_api_request
12-08 07:05:55.422  1992  2055 D tgnet   : [ConnectionsManager.cpp:1303] got response for request 0x7f2648c53910 - 14TL_api_request
12-08 07:05:55.422  1992  2043 D tmessages: process time=1 count=0 for dialog  1271284286
12-08 07:05:55.422  1992  2055 D tmessages: CM java buff saved to /sdcard/Android/data/org.chatengine.messenger.beta/files/buff_1765177555422.bin
12-08 07:05:55.423  1992  2055 D tmessages: java received org.telegram.tgnet.TLRPC$TL_messages_archivedStickers@2d73543 error = null
12-08 07:05:55.424  1992  2055 D tgnet   : connection(0x7f2708c08070, account0, dc1, type 1) received message len (currentPacketLength) 104 but packet (buffer->remaining()) larger 209
12-08 07:05:55.424  1992  2055 D tgnet   : [        Connection.cpp: 269] connection(0x7f2708c08070, account0, dc1, type 1) received message len (currentPacketLength) 104 but packet (buffer->remaining()) larger 209
12-08 07:05:55.424  1992  2055 D tgnet   : api request constructor 0x4fcba9c8, don't parse
12-08 07:05:55.424  1992  2055 D tgnet   : [ConnectionsManager.cpp:1096] api request constructor 0x4fcba9c8, don't parse
12-08 07:05:55.424  1992  2055 D tgnet   : connection(0x7f2708c08070, account0, dc1, type 1) received object 13TL_rpc_result
12-08 07:05:55.424  1992  2055 D tgnet   : [ConnectionsManager.cpp:1008] connection(0x7f2708c08070, account0, dc1, type 1) received object 13TL_rpc_result
12-08 07:05:55.424  1992  2055 D tgnet   : process server response 0x7f2648c33e10 - 13TL_rpc_result
12-08 07:05:55.424  1992  2055 D tgnet   : [ConnectionsManager.cpp:1122] process server response 0x7f2648c33e10 - 13TL_rpc_result
12-08 07:05:55.424  1992  2055 D tgnet   : message_id 7581379870945872889 connection(0x7f2708c08070, account0, dc1, type 1) received rpc_result with 15TL_api_response
12-08 07:05:55.424  1992  2055 D tgnet   : [ConnectionsManager.cpp:1267] message_id 7581379870945872889 connection(0x7f2708c08070, account0, dc1, type 1) received rpc_result with 15TL_api_response
12-08 07:05:55.424  1992  2055 D tgnet   : got response for request 0x7f2648c53af0 - 14TL_api_request
12-08 07:05:55.424  1992  2055 D tgnet   : [ConnectionsManager.cpp:1303] got response for request 0x7f2648c53af0 - 14TL_api_request
12-08 07:05:55.424  1992  2033 D MTProto : requestMsgId=139799395009840 requestingTime=133 request_token=77
12-08 07:05:55.424  1992  2033 D MTProto : req -> TL_messages_getArchivedStickers : {"emojis":true,"flags":2,"limit":0,"masks":false,"offset_id":0}
12-08 07:05:55.424  1992  2033 D MTProto : res -> TL_messages_archivedStickers : {"count":0,"sets":[]}
12-08 07:05:55.424  1992  2033 D MTProto :  
12-08 07:05:55.425  1992  2055 D tmessages: CM java buff saved to /sdcard/Android/data/org.chatengine.messenger.beta/files/buff_1765177555424.bin
12-08 07:05:55.425  1992  2055 D tmessages: java received org.telegram.tgnet.TLRPC$TL_messages_archivedStickers@3ade29f error = null
12-08 07:05:55.425  1992  2055 D tgnet   : received message len 104 (currentPacketLength) equal to packet size
12-08 07:05:55.425  1992  2055 D tgnet   : [        Connection.cpp: 275] received message len 104 (currentPacketLength) equal to packet size
12-08 07:05:55.425  1992  2033 D MTProto : requestMsgId=139799395009840 requestingTime=127 request_token=78
12-08 07:05:55.425  1992  2055 D tgnet   : api request constructor 0xcdbbcebb, don't parse
12-08 07:05:55.425  1992  2055 D tgnet   : [ConnectionsManager.cpp:1096] api request constructor 0xcdbbcebb, don't parse
12-08 07:05:55.425  1992  2055 D tgnet   : connection(0x7f2708c08070, account0, dc1, type 1) received object 13TL_rpc_result
12-08 07:05:55.425  1992  2055 D tgnet   : [ConnectionsManager.cpp:1008] connection(0x7f2708c08070, account0, dc1, type 1) received object 13TL_rpc_result
12-08 07:05:55.425  1992  2033 D MTProto : req -> TL_messages_getArchivedStickers : {"emojis":true,"flags":2,"limit":0,"masks":false,"offset_id":0}
12-08 07:05:55.425  1992  2055 D tgnet   : process server response 0x7f2648c1a850 - 13TL_rpc_result
12-08 07:05:55.425  1992  2055 D tgnet   : [ConnectionsManager.cpp:1122] process server response 0x7f2648c1a850 - 13TL_rpc_result
12-08 07:05:55.425  1992  2033 D MTProto : res -> TL_messages_archivedStickers : {"count":0,"sets":[]}
12-08 07:05:55.426  1992  2055 D tgnet   : message_id 7581379870947970049 connection(0x7f2708c08070, account0, dc1, type 1) received rpc_result with 15TL_api_response
12-08 07:05:55.426  1992  2055 D tgnet   : [ConnectionsManager.cpp:1267] message_id 7581379870947970049 connection(0x7f2708c08070, account0, dc1, type 1) received rpc_result with 15TL_api_response
12-08 07:05:55.426  1992  2033 D MTProto :  
12-08 07:05:55.426  1992  2055 D tgnet   : got response for request 0x7f2648c4f6b0 - 14TL_api_request
12-08 07:05:55.426  1992  2055 D tgnet   : [ConnectionsManager.cpp:1303] got response for request 0x7f2648c4f6b0 - 14TL_api_request
12-08 07:05:55.426  1992  2055 D tmessages: CM java buff saved to /sdcard/Android/data/org.chatengine.messenger.beta/files/buff_1765177555426.bin
12-08 07:05:55.436  1992  2055 D tmessages: java received org.telegram.tgnet.TLRPC$TL_messages_allStickers@b05264a error = null
12-08 07:05:55.437  1992  1992 D tmessages: notify item removed 9
12-08 07:05:55.438  1992  2033 D MTProto : requestMsgId=139799395009840 requestingTime=139 request_token=79
12-08 07:05:55.438  1992  2033 D MTProto : req -> TL_messages_getEmojiStickers : {"hash":0}
12-08 07:05:55.438  1992  2033 D MTProto : res -> TL_messages_allStickers : {"hash2":0,"documents":[],"packs":[],"sets":[]}
12-08 07:05:55.438  1992  2033 D MTProto :  
12-08 07:05:55.449  1992  1992 D tmessages: animate remove
12-08 07:05:55.453  1992  1992 D tmessages: chatItemAnimator enable notifications
12-08 07:05:55.454  1992  1992 D tmessages: chatItemAnimator disable notifications
12-08 07:05:55.454  1992  1992 D tmessages: animate remove impl
12-08 07:05:55.584  1992  1992 D tmessages: chatItemAnimator enable notifications
12-08 07:05:59.397  1992  2043 D tmessages: send request org.telegram.tgnet.TLRPC$TL_messages_getEmojiKeywords@1042fbd with token = 80
12-08 07:05:59.397  1992  2055 D tgnet   : send request 0x7f2648c5f790 - 14TL_api_request
12-08 07:05:59.397  1992  2055 D tgnet   : [ConnectionsManager.cpp:1875] send request 0x7f2648c5f790 - 14TL_api_request
12-08 07:05:59.397  1992  2055 D tgnet   : send request wrapped 0x7f2648c5f790 - 14TL_api_request
12-08 07:05:59.397  1992  2055 D tgnet   : [ConnectionsManager.cpp:1882] send request wrapped 0x7f2648c5f790 - 14TL_api_request
12-08 07:05:59.397  1992  2055 D tgnet   : messageId for token = 80, 0x693678d765a1cc00
12-08 07:05:59.397  1992  2055 D tgnet   : [ConnectionsManager.cpp:2609] messageId for token = 80, 0x693678d765a1cc00
12-08 07:05:59.397  1992  2055 D tgnet   : send message (session: 0xabcd5c3d5f482f89, seqno: 105, messageid: 7581379889243212800  0x693678d765a1cc00): 14TL_api_request(0x7f2648c5f790)
12-08 07:05:59.397  1992  2055 D tgnet   : [        Datacenter.cpp:1186] send message (session: 0xabcd5c3d5f482f89, seqno: 105, messageid: 7581379889243212800  0x693678d765a1cc00): 14TL_api_request(0x7f2648c5f790)
12-08 07:05:59.397  1992  2055 D tgnet   : connection(0x7f2708d34940) reset last event time, no requests
12-08 07:05:59.397  1992  2055 D tgnet   : [  ConnectionSocket.cpp:1089] connection(0x7f2708d34940) reset last event time, no requests
12-08 07:05:59.490  1992  2055 D tgnet   : received message len 120 (currentPacketLength) equal to packet size
12-08 07:05:59.490  1992  2055 D tgnet   : [        Connection.cpp: 275] received message len 120 (currentPacketLength) equal to packet size
12-08 07:05:59.490  1992  2055 D tgnet   : api request constructor 0x5cc761bd, don't parse
12-08 07:05:59.490  1992  2055 D tgnet   : [ConnectionsManager.cpp:1096] api request constructor 0x5cc761bd, don't parse
12-08 07:05:59.490  1992  2055 D tgnet   : connection(0x7f2708c08070, account0, dc1, type 1) received object 13TL_rpc_result
12-08 07:05:59.490  1992  2055 D tgnet   : [ConnectionsManager.cpp:1008] connection(0x7f2708c08070, account0, dc1, type 1) received object 13TL_rpc_result
12-08 07:05:59.490  1992  2055 D tgnet   : process server response 0x7f2648c56490 - 13TL_rpc_result
12-08 07:05:59.490  1992  2055 D tgnet   : [ConnectionsManager.cpp:1122] process server response 0x7f2648c56490 - 13TL_rpc_result
12-08 07:05:59.490  1992  2055 D tgnet   : message_id 7581379888345943049 connection(0x7f2708c08070, account0, dc1, type 1) received rpc_result with 15TL_api_response
12-08 07:05:59.490  1992  2055 D tgnet   : [ConnectionsManager.cpp:1267] message_id 7581379888345943049 connection(0x7f2708c08070, account0, dc1, type 1) received rpc_result with 15TL_api_response
12-08 07:05:59.490  1992  2055 D tgnet   : got response for request 0x7f2648c5f790 - 14TL_api_request
12-08 07:05:59.490  1992  2055 D tgnet   : [ConnectionsManager.cpp:1303] got response for request 0x7f2648c5f790 - 14TL_api_request
12-08 07:05:59.491  1992  2055 D tmessages: CM java buff saved to /sdcard/Android/data/org.chatengine.messenger.beta/files/buff_1765177559491.bin
12-08 07:05:59.491  1992  2055 D tmessages: java received org.telegram.tgnet.TLRPC$TL_emojiKeywordsDifference@2e55d03 error = null
12-08 07:05:59.493  1992  2033 D MTProto : requestMsgId=139799395009840 requestingTime=96 request_token=80
12-08 07:05:59.493  1992  2033 D MTProto : req -> TL_messages_getEmojiKeywords : {"lang_code":"en-US"}
12-08 07:05:59.493  1992  2033 D MTProto : res -> TL_emojiKeywordsDifference : {"from_version":0,"keywords":[],"lang_code":"en-US","version":0}
12-08 07:05:59.493  1992  2033 D MTProto :  
12-08 07:06:02.813  1992  2038 D tmessages: download queue: dc1 account=0 small_operations=39 large_operations=0
12-08 07:06:03.535  1992  2055 D tgnet   : connection(0x7f2708c08070, account0, dc1, type 1) received packet size less(2772) then message size(213192)
12-08 07:06:03.536  1992  2055 D tgnet   : [        Connection.cpp: 277] connection(0x7f2708c08070, account0, dc1, type 1) received packet size less(2772) then message size(213192)
12-08 07:06:03.536  1992  2055 D tgnet   : connection(0x7f2708d34940) reset last event time, no requests
12-08 07:06:03.536  1992  2055 D tgnet   : [  ConnectionSocket.cpp:1089] connection(0x7f2708d34940) reset last event time, no requests
12-08 07:06:03.547  1992  2055 D tgnet   : connection( account0, dc1, type 1) received packet size less(4164) then message size(213196)
12-08 07:06:03.547  1992  2055 D tgnet   : [        Connection.cpp: 155] connection( account0, dc1, type 1) received packet size less(4164) then message size(213196)
12-08 07:06:03.563  1992  2055 D tgnet   : connection( account0, dc1, type 1) received packet size less(6940) then message size(213196)
12-08 07:06:03.563  1992  2055 D tgnet   : [        Connection.cpp: 155] connection( account0, dc1, type 1) received packet size less(6940) then message size(213196)
12-08 07:06:03.565  1992  2055 D tgnet   : connection( account0, dc1, type 1) received packet size less(9716) then message size(213196)
12-08 07:06:03.565  1992  2055 D tgnet   : [        Connection.cpp: 155] connection( account0, dc1, type 1) received packet size less(9716) then message size(213196)
12-08 07:06:03.576  1992  2055 D tgnet   : connection( account0, dc1, type 1) received packet size less(12492) then message size(213196)
12-08 07:06:03.576  1992  2055 D tgnet   : [        Connection.cpp: 155] connection( account0, dc1, type 1) received packet size less(12492) then message size(213196)
12-08 07:06:03.579  1992  2055 D tgnet   : connection( account0, dc1, type 1) received packet size less(15268) then message size(213196)
12-08 07:06:03.579  1992  2055 D tgnet   : [        Connection.cpp: 155] connection( account0, dc1, type 1) received packet size less(15268) then message size(213196)
12-08 07:06:03.580  1992  2055 D tgnet   : connection( account0, dc1, type 1) received packet size less(18044) then message size(213196)
12-08 07:06:03.580  1992  2055 D tgnet   : [        Connection.cpp: 155] connection( account0, dc1, type 1) received packet size less(18044) then message size(213196)
12-08 07:06:03.594  1992  2055 D tgnet   : connection( account0, dc1, type 1) received packet size less(19432) then message size(213196)
12-08 07:06:03.594  1992  2055 D tgnet   : [        Connection.cpp: 155] connection( account0, dc1, type 1) received packet size less(19432) then message size(213196)
12-08 07:06:03.596  1992  2055 D tgnet   : connection( account0, dc1, type 1) received packet size less(22208) then message size(213196)
12-08 07:06:03.596  1992  2055 D tgnet   : [        Connection.cpp: 155] connection( account0, dc1, type 1) received packet size less(22208) then message size(213196)
12-08 07:06:03.606  1992  2055 D tgnet   : connection( account0, dc1, type 1) received packet size less(24984) then message size(213196)
12-08 07:06:03.606  1992  2055 D tgnet   : [        Connection.cpp: 155] connection( account0, dc1, type 1) received packet size less(24984) then message size(213196)
12-08 07:06:03.607  1992  2055 D tgnet   : connection( account0, dc1, type 1) received packet size less(27760) then message size(213196)
12-08 07:06:03.607  1992  2055 D tgnet   : [        Connection.cpp: 155] connection( account0, dc1, type 1) received packet size less(27760) then message size(213196)
12-08 07:06:03.608  1992  2055 D tgnet   : connection( account0, dc1, type 1) received packet size less(30536) then message size(213196)
12-08 07:06:03.608  1992  2055 D tgnet   : [        Connection.cpp: 155] connection( account0, dc1, type 1) received packet size less(30536) then message size(213196)
12-08 07:06:03.613  1992  2055 D tgnet   : connection( account0, dc1, type 1) received packet size less(33312) then message size(213196)
12-08 07:06:03.613  1992  2055 D tgnet   : [        Connection.cpp: 155] connection( account0, dc1, type 1) received packet size less(33312) then message size(213196)
12-08 07:06:03.622  1992  2055 D tgnet   : connection( account0, dc1, type 1) received packet size less(36088) then message size(213196)
12-08 07:06:03.622  1992  2055 D tgnet   : [        Connection.cpp: 155] connection( account0, dc1, type 1) received packet size less(36088) then message size(213196)
12-08 07:06:03.623  1992  2055 D tgnet   : connection( account0, dc1, type 1) received packet size less(38864) then message size(213196)
12-08 07:06:03.624  1992  2055 D tgnet   : [        Connection.cpp: 155] connection( account0, dc1, type 1) received packet size less(38864) then message size(213196)
12-08 07:06:03.624  1992  2055 D tgnet   : connection( account0, dc1, type 1) received packet size less(41640) then message size(213196)
12-08 07:06:03.624  1992  2055 D tgnet   : [        Connection.cpp: 155] connection( account0, dc1, type 1) received packet size less(41640) then message size(213196)
12-08 07:06:03.625  1992  2055 D tgnet   : connection( account0, dc1, type 1) received packet size less(44416) then message size(213196)
12-08 07:06:03.626  1992  2055 D tgnet   : [        Connection.cpp: 155] connection( account0, dc1, type 1) received packet size less(44416) then message size(213196)
12-08 07:06:03.627  1992  2055 D tgnet   : connection( account0, dc1, type 1) received packet size less(47192) then message size(213196)
12-08 07:06:03.627  1992  2055 D tgnet   : [        Connection.cpp: 155] connection( account0, dc1, type 1) received packet size less(47192) then message size(213196)
12-08 07:06:03.637  1992  2055 D tgnet   : connection( account0, dc1, type 1) received packet size less(49968) then message size(213196)
12-08 07:06:03.637  1992  2055 D tgnet   : [        Connection.cpp: 155] connection( account0, dc1, type 1) received packet size less(49968) then message size(213196)
12-08 07:06:03.637  1992  2055 D tgnet   : connection( account0, dc1, type 1) received packet size less(52744) then message size(213196)
12-08 07:06:03.637  1992  2055 D tgnet   : [        Connection.cpp: 155] connection( account0, dc1, type 1) received packet size less(52744) then message size(213196)
12-08 07:06:03.644  1992  2055 D tgnet   : connection( account0, dc1, type 1) received packet size less(55520) then message size(213196)
12-08 07:06:03.644  1992  2055 D tgnet   : [        Connection.cpp: 155] connection( account0, dc1, type 1) received packet size less(55520) then message size(213196)
12-08 07:06:03.645  1992  2055 D tgnet   : connection( account0, dc1, type 1) received packet size less(58296) then message size(213196)
12-08 07:06:03.645  1992  2055 D tgnet   : [        Connection.cpp: 155] connection( account0, dc1, type 1) received packet size less(58296) then message size(213196)
12-08 07:06:03.645  1992  2055 D tgnet   : connection( account0, dc1, type 1) received packet size less(61072) then message size(213196)
12-08 07:06:03.645  1992  2055 D tgnet   : [        Connection.cpp: 155] connection( account0, dc1, type 1) received packet size less(61072) then message size(213196)
12-08 07:06:03.646  1992  2055 D tgnet   : connection( account0, dc1, type 1) received packet size less(63848) then message size(213196)
12-08 07:06:03.646  1992  2055 D tgnet   : [        Connection.cpp: 155] connection( account0, dc1, type 1) received packet size less(63848) then message size(213196)
12-08 07:06:03.647  1992  2055 D tgnet   : connection( account0, dc1, type 1) received packet size less(66624) then message size(213196)
12-08 07:06:03.647  1992  2055 D tgnet   : [        Connection.cpp: 155] connection( account0, dc1, type 1) received packet size less(66624) then message size(213196)
12-08 07:06:03.648  1992  2055 D tgnet   : connection( account0, dc1, type 1) received packet size less(69400) then message size(213196)
12-08 07:06:03.648  1992  2055 D tgnet   : [        Connection.cpp: 155] connection( account0, dc1, type 1) received packet size less(69400) then message size(213196)
12-08 07:06:03.663  1992  2055 D tgnet   : connection( account0, dc1, type 1) received packet size less(72176) then message size(213196)
12-08 07:06:03.663  1992  2055 D tgnet   : [        Connection.cpp: 155] connection( account0, dc1, type 1) received packet size less(72176) then message size(213196)
12-08 07:06:03.671  1992  2055 D tgnet   : connection( account0, dc1, type 1) received packet size less(74952) then message size(213196)
12-08 07:06:03.671  1992  2055 D tgnet   : [        Connection.cpp: 155] connection( account0, dc1, type 1) received packet size less(74952) then message size(213196)
12-08 07:06:03.671  1992  2055 D tgnet   : connection( account0, dc1, type 1) received packet size less(77728) then message size(213196)
12-08 07:06:03.671  1992  2055 D tgnet   : [        Connection.cpp: 155] connection( account0, dc1, type 1) received packet size less(77728) then message size(213196)
12-08 07:06:03.672  1992  2055 D tgnet   : connection( account0, dc1, type 1) received packet size less(80504) then message size(213196)
12-08 07:06:03.672  1992  2055 D tgnet   : [        Connection.cpp: 155] connection( account0, dc1, type 1) received packet size less(80504) then message size(213196)
12-08 07:06:03.673  1992  2055 D tgnet   : connection( account0, dc1, type 1) received packet size less(83280) then message size(213196)
12-08 07:06:03.673  1992  2055 D tgnet   : [        Connection.cpp: 155] connection( account0, dc1, type 1) received packet size less(83280) then message size(213196)
12-08 07:06:03.673  1992  2055 D tgnet   : connection( account0, dc1, type 1) received packet size less(86056) then message size(213196)
12-08 07:06:03.673  1992  2055 D tgnet   : [        Connection.cpp: 155] connection( account0, dc1, type 1) received packet size less(86056) then message size(213196)
12-08 07:06:03.674  1992  2055 D tgnet   : connection( account0, dc1, type 1) received packet size less(88832) then message size(213196)
12-08 07:06:03.674  1992  2055 D tgnet   : [        Connection.cpp: 155] connection( account0, dc1, type 1) received packet size less(88832) then message size(213196)
12-08 07:06:03.674  1992  2055 D tgnet   : connection( account0, dc1, type 1) received packet size less(91608) then message size(213196)
12-08 07:06:03.674  1992  2055 D tgnet   : [        Connection.cpp: 155] connection( account0, dc1, type 1) received packet size less(91608) then message size(213196)
12-08 07:06:03.683  1992  2055 D tgnet   : connection( account0, dc1, type 1) received packet size less(94384) then message size(213196)
12-08 07:06:03.683  1992  2055 D tgnet   : [        Connection.cpp: 155] connection( account0, dc1, type 1) received packet size less(94384) then message size(213196)
12-08 07:06:03.693  1992  2055 D tgnet   : connection( account0, dc1, type 1) received packet size less(97160) then message size(213196)
12-08 07:06:03.693  1992  2055 D tgnet   : [        Connection.cpp: 155] connection( account0, dc1, type 1) received packet size less(97160) then message size(213196)
12-08 07:06:03.693  1992  2055 D tgnet   : connection( account0, dc1, type 1) received packet size less(99936) then message size(213196)
12-08 07:06:03.693  1992  2055 D tgnet   : [        Connection.cpp: 155] connection( account0, dc1, type 1) received packet size less(99936) then message size(213196)
12-08 07:06:03.696  1992  2055 D tgnet   : connection( account0, dc1, type 1) received packet size less(102712) then message size(213196)
12-08 07:06:03.696  1992  2055 D tgnet   : [        Connection.cpp: 155] connection( account0, dc1, type 1) received packet size less(102712) then message size(213196)
12-08 07:06:03.705  1992  2055 D tgnet   : connection( account0, dc1, type 1) received packet size less(105488) then message size(213196)
12-08 07:06:03.705  1992  2055 D tgnet   : [        Connection.cpp: 155] connection( account0, dc1, type 1) received packet size less(105488) then message size(213196)
12-08 07:06:03.705  1992  2055 D tgnet   : connection( account0, dc1, type 1) received packet size less(108264) then message size(213196)
12-08 07:06:03.705  1992  2055 D tgnet   : [        Connection.cpp: 155] connection( account0, dc1, type 1) received packet size less(108264) then message size(213196)
12-08 07:06:03.706  1992  2055 D tgnet   : connection( account0, dc1, type 1) received packet size less(122144) then message size(213196)
12-08 07:06:03.706  1992  2055 D tgnet   : [        Connection.cpp: 155] connection( account0, dc1, type 1) received packet size less(122144) then message size(213196)
12-08 07:06:03.707  1992  2055 D tgnet   : connection( account0, dc1, type 1) received packet size less(124920) then message size(213196)
12-08 07:06:03.707  1992  2055 D tgnet   : [        Connection.cpp: 155] connection( account0, dc1, type 1) received packet size less(124920) then message size(213196)
12-08 07:06:03.707  1992  2055 D tgnet   : connection( account0, dc1, type 1) received packet size less(127696) then message size(213196)
12-08 07:06:03.707  1992  2055 D tgnet   : [        Connection.cpp: 155] connection( account0, dc1, type 1) received packet size less(127696) then message size(213196)
12-08 07:06:03.719  1992  2055 D tgnet   : connection( account0, dc1, type 1) received packet size less(133248) then message size(213196)
12-08 07:06:03.719  1992  2055 D tgnet   : [        Connection.cpp: 155] connection( account0, dc1, type 1) received packet size less(133248) then message size(213196)
12-08 07:06:03.720  1992  2055 D tgnet   : connection( account0, dc1, type 1) received packet size less(136024) then message size(213196)
12-08 07:06:03.720  1992  2055 D tgnet   : [        Connection.cpp: 155] connection( account0, dc1, type 1) received packet size less(136024) then message size(213196)
12-08 07:06:03.727  1992  2055 D tgnet   : connection( account0, dc1, type 1) received packet size less(138800) then message size(213196)
12-08 07:06:03.727  1992  2055 D tgnet   : [        Connection.cpp: 155] connection( account0, dc1, type 1) received packet size less(138800) then message size(213196)
12-08 07:06:03.728  1992  2055 D tgnet   : connection( account0, dc1, type 1) received packet size less(141576) then message size(213196)
12-08 07:06:03.728  1992  2055 D tgnet   : [        Connection.cpp: 155] connection( account0, dc1, type 1) received packet size less(141576) then message size(213196)
12-08 07:06:03.728  1992  2055 D tgnet   : connection( account0, dc1, type 1) received packet size less(144352) then message size(213196)
12-08 07:06:03.728  1992  2055 D tgnet   : [        Connection.cpp: 155] connection( account0, dc1, type 1) received packet size less(144352) then message size(213196)
12-08 07:06:03.729  1992  2055 D tgnet   : connection( account0, dc1, type 1) received packet size less(147128) then message size(213196)
12-08 07:06:03.729  1992  2055 D tgnet   : [        Connection.cpp: 155] connection( account0, dc1, type 1) received packet size less(147128) then message size(213196)
12-08 07:06:03.730  1992  2055 D tgnet   : connection( account0, dc1, type 1) received packet size less(149904) then message size(213196)
12-08 07:06:03.730  1992  2055 D tgnet   : [        Connection.cpp: 155] connection( account0, dc1, type 1) received packet size less(149904) then message size(213196)
12-08 07:06:03.730  1992  2055 D tgnet   : connection( account0, dc1, type 1) received packet size less(152680) then message size(213196)
12-08 07:06:03.730  1992  2055 D tgnet   : [        Connection.cpp: 155] connection( account0, dc1, type 1) received packet size less(152680) then message size(213196)
12-08 07:06:03.732  1992  2055 D tgnet   : connection( account0, dc1, type 1) received packet size less(155456) then message size(213196)
12-08 07:06:03.732  1992  2055 D tgnet   : [        Connection.cpp: 155] connection( account0, dc1, type 1) received packet size less(155456) then message size(213196)
