12-07 10:41:24.260  1754  1807 D tmessages: send request org.telegram.tgnet.TLRPC$TL_upload_getFile@4bfbe5f with token = 50
12-07 10:41:24.260  1754  1819 D tgnet   : send request 0x707d5be28710 - 14TL_api_request
12-07 10:41:24.260  1754  1819 D tgnet   : [ConnectionsManager.cpp:1875] send request 0x707d5be28710 - 14TL_api_request
12-07 10:41:24.260  1754  1807 D tmessages: debug_loading: 1_1655888074250391553.tgs send reqId 50
12-07 10:41:24.260  1754  1819 D tgnet   : send request wrapped 0x707d5be28710 - 14TL_api_request
12-07 10:41:24.260  1754  1819 D tgnet   : [ConnectionsManager.cpp:1882] send request wrapped 0x707d5be28710 - 14TL_api_request
12-07 10:41:24.260  1754  1819 D tgnet   : messageId for token = 50, 0x693559d4428f5c00
12-07 10:41:24.260  1754  1819 D tgnet   : [ConnectionsManager.cpp:2609] messageId for token = 50, 0x693559d4428f5c00
12-07 10:41:24.260  1754  1819 E tgnet   : connection(0x707e1bf629e0) return true
12-07 10:41:24.260  1754  1819 D tgnet   : send message (session: 0xabcdc854f1e96da9, seqno: 37, messageid: 7581064315932728320  0x693559d4428f5c00): 14TL_api_request(0x707d5be28710)
12-07 10:41:24.260  1754  1819 D tgnet   : [        Datacenter.cpp:1186] send message (session: 0xabcdc854f1e96da9, seqno: 37, messageid: 7581064315932728320  0x693559d4428f5c00): 14TL_api_request(0x707d5be28710)
12-07 10:41:24.265  1754  1807 D tmessages: finished downloading file to /storage/emulated/0/Android/data/org.chatengine.messenger.beta/cache/1_1655889310773153792.tgs time = 16 dc = 1 size = 5.4 KB
12-07 10:41:24.267  1754  1819 D tgnet   : connection(0x707e1bf5a2b0) reset last event time, on connect
12-07 10:41:24.267  1754  1819 D tgnet   : [  ConnectionSocket.cpp: 959] connection(0x707e1bf5a2b0) reset last event time, on connect
12-07 10:41:24.267  1754  1819 D tgnet   : connection(0x707e1bf5a2b0, account0, dc1, type 2) connected to 43.155.11.190:10443
12-07 10:41:24.267  1754  1819 D tgnet   : [        Connection.cpp: 831] connection(0x707e1bf5a2b0, account0, dc1, type 2) connected to 43.155.11.190:10443
12-07 10:41:24.267  1754  1819 D tgnet   : called from onConnectionConnected
12-07 10:41:24.267  1754  1819 D tgnet   : [ConnectionsManager.cpp: 817] called from onConnectionConnected
12-07 10:41:24.267  1754  1819 D tgnet   : send message (session: 0xabcdc854f1e96da9, seqno: 29, messageid: 7581064315739455488  0x693559d4370a4000): 14TL_api_request(0x707d5be59970)
12-07 10:41:24.267  1754  1819 D tgnet   : [        Datacenter.cpp:1186] send message (session: 0xabcdc854f1e96da9, seqno: 29, messageid: 7581064315739455488  0x693559d4370a4000): 14TL_api_request(0x707d5be59970)
12-07 10:41:24.268  1754  1819 D tgnet   : send message (session: 0xabcdf12ca24e734f, seqno: 1, messageid: 7581064315743750144  0x693559d4374bc800): 14TL_api_request(0x707d5be61350)
12-07 10:41:24.268  1754  1819 D tgnet   : [        Datacenter.cpp:1186] send message (session: 0xabcdf12ca24e734f, seqno: 1, messageid: 7581064315743750144  0x693559d4374bc800): 14TL_api_request(0x707d5be61350)
12-07 10:41:24.268  1754  1819 D tgnet   : send message (session: 0xabcdc854f1e96da9, seqno: 31, messageid: 7581064315795289088  0x693559d43a5e3400): 14TL_api_request(0x707d5be56c70)
12-07 10:41:24.268  1754  1819 D tgnet   : [        Datacenter.cpp:1186] send message (session: 0xabcdc854f1e96da9, seqno: 31, messageid: 7581064315795289088  0x693559d43a5e3400): 14TL_api_request(0x707d5be56c70)
12-07 10:41:24.268  1754  1819 D tgnet   : send message (session: 0xabcdf12ca24e734f, seqno: 3, messageid: 7581064315795289092  0x693559d43a5e3404): 14TL_api_request(0x707d5be4df10)
12-07 10:41:24.268  1754  1819 D tgnet   : [        Datacenter.cpp:1186] send message (session: 0xabcdf12ca24e734f, seqno: 3, messageid: 7581064315795289092  0x693559d43a5e3404): 14TL_api_request(0x707d5be4df10)
12-07 10:41:24.268  1754  1819 D tgnet   : send message (session: 0xabcdc854f1e96da9, seqno: 33, messageid: 7581064315842534400  0x693559d43d2f1c00): 14TL_api_request(0x707d5be55b90)
12-07 10:41:24.268  1754  1819 D tgnet   : [        Datacenter.cpp:1186] send message (session: 0xabcdc854f1e96da9, seqno: 33, messageid: 7581064315842534400  0x693559d43d2f1c00): 14TL_api_request(0x707d5be55b90)
12-07 10:41:24.268  1754  1819 D tgnet   : send message (session: 0xabcdc854f1e96da9, seqno: 35, messageid: 7581064315885484032  0x693559d43fbe7800): 14TL_api_request(0x707d5be2b950)
12-07 10:41:24.268  1754  1819 D tgnet   : [        Datacenter.cpp:1186] send message (session: 0xabcdc854f1e96da9, seqno: 35, messageid: 7581064315885484032  0x693559d43fbe7800): 14TL_api_request(0x707d5be2b950)
12-07 10:41:24.269  1754  1819 D tgnet   : send message (session: 0xabcdc854f1e96da9, seqno: 37, messageid: 7581064315932728320  0x693559d4428f5c00): 14TL_api_request(0x707d5be28710)
12-07 10:41:24.269  1754  1819 D tgnet   : [        Datacenter.cpp:1186] send message (session: 0xabcdc854f1e96da9, seqno: 37, messageid: 7581064315932728320  0x693559d4428f5c00): 14TL_api_request(0x707d5be28710)
12-07 10:41:24.271  1754  1819 D tgnet   : connection(0x707e1bf629e0, account0, dc1, type 2) received packet size less(1396) then message size(32872)
12-07 10:41:24.271  1754  1819 D tgnet   : [        Connection.cpp: 277] connection(0x707e1bf629e0, account0, dc1, type 2) received packet size less(1396) then message size(32872)
12-07 10:41:24.272  1754  1819 D tgnet   : connection( account0, dc1, type 2) received packet size less(2800) then message size(32876)
12-07 10:41:24.272  1754  1819 D tgnet   : [        Connection.cpp: 155] connection( account0, dc1, type 2) received packet size less(2800) then message size(32876)
12-07 10:41:24.282  1754  1819 D tgnet   : connection( account0, dc1, type 2) received packet size less(29400) then message size(32876)
12-07 10:41:24.282  1754  1819 D tgnet   : [        Connection.cpp: 155] connection( account0, dc1, type 2) received packet size less(29400) then message size(32876)
12-07 10:41:24.282  1754  1819 D tgnet   : received message len 32872 (currentPacketLength) equal to packet size
12-07 10:41:24.282  1754  1819 D tgnet   : [        Connection.cpp: 275] received message len 32872 (currentPacketLength) equal to packet size
12-07 10:41:24.282  1754  1819 D tgnet   : api request constructor 0x96a18d5, don't parse
12-07 10:41:24.282  1754  1819 D tgnet   : [ConnectionsManager.cpp:1096] api request constructor 0x96a18d5, don't parse
12-07 10:41:24.282  1754  1819 D tgnet   : connection(0x707e1bf629e0, account0, dc1, type 2) received object 13TL_rpc_result
12-07 10:41:24.282  1754  1819 D tgnet   : [ConnectionsManager.cpp:1008] connection(0x707e1bf629e0, account0, dc1, type 2) received object 13TL_rpc_result
12-07 10:41:24.282  1754  1819 D tgnet   : process server response 0x707d5be1fe90 - 13TL_rpc_result
12-07 10:41:24.282  1754  1819 D tgnet   : [ConnectionsManager.cpp:1122] process server response 0x707d5be1fe90 - 13TL_rpc_result
12-07 10:41:24.282  1754  1819 D tgnet   : message_id 7581064315340666073 connection(0x707e1bf629e0, account0, dc1, type 2) received rpc_result with 15TL_api_response
12-07 10:41:24.282  1754  1819 D tgnet   : [ConnectionsManager.cpp:1267] message_id 7581064315340666073 connection(0x707e1bf629e0, account0, dc1, type 2) received rpc_result with 15TL_api_response
12-07 10:41:24.282  1754  1819 D tgnet   : got response for request 0x707d5be59970 - 14TL_api_request
12-07 10:41:24.283  1754  1819 D tgnet   : [ConnectionsManager.cpp:1303] got response for request 0x707d5be59970 - 14TL_api_request
12-07 10:41:24.283  1754  1819 D tmessages: CM java buff saved to /sdcard/Android/data/org.chatengine.messenger.beta/files/buff_1765104084283.bin
12-07 10:41:24.283  1754  1819 D tmessages: java received org.telegram.tgnet.TLRPC$TL_upload_file@5245175 error = null
12-07 10:41:24.283  1754  1807 D tmessages: debug_loading: 1_1655888074158116865.tgs time=69 dcId=1 cdn=false conType=2 reqId44
12-07 10:41:24.283  1754  1819 D tgnet   : connection(0x707e1bf629e0, account0, dc1, type 2) received packet size less(1396) then message size(32872)
12-07 10:41:24.283  1754  1819 D tgnet   : [        Connection.cpp: 277] connection(0x707e1bf629e0, account0, dc1, type 2) received packet size less(1396) then message size(32872)
12-07 10:41:24.283  1754  1807 D tmessages: save file part 1_1655888074158116865.tgs offset=0 chunk_size=32768 isCdn=false
12-07 10:41:24.287  1754  1819 D tgnet   : connection( account0, dc1, type 2) received packet size less(28000) then message size(32876)
12-07 10:41:24.288  1754  1819 D tgnet   : [        Connection.cpp: 155] connection( account0, dc1, type 2) received packet size less(28000) then message size(32876)
12-07 10:41:24.288  1754  1819 D tgnet   : received message len 32872 (currentPacketLength) equal to packet size
12-07 10:41:24.288  1754  1819 D tgnet   : [        Connection.cpp: 275] received message len 32872 (currentPacketLength) equal to packet size
12-07 10:41:24.289  1754  1819 D tgnet   : api request constructor 0x96a18d5, don't parse
12-07 10:41:24.289  1754  1819 D tgnet   : [ConnectionsManager.cpp:1096] api request constructor 0x96a18d5, don't parse
12-07 10:41:24.289  1754  1819 D tgnet   : connection(0x707e1bf629e0, account0, dc1, type 2) received object 13TL_rpc_result
12-07 10:41:24.289  1754  1819 D tgnet   : [ConnectionsManager.cpp:1008] connection(0x707e1bf629e0, account0, dc1, type 2) received object 13TL_rpc_result
12-07 10:41:24.289  1754  1819 D tgnet   : process server response 0x707d5be1fe90 - 13TL_rpc_result
12-07 10:41:24.289  1754  1819 D tgnet   : [ConnectionsManager.cpp:1122] process server response 0x707d5be1fe90 - 13TL_rpc_result
12-07 10:41:24.289  1754  1819 D tgnet   : message_id 7581064315365831905 connection(0x707e1bf629e0, account0, dc1, type 2) received rpc_result with 15TL_api_response
12-07 10:41:24.289  1754  1819 D tgnet   : [ConnectionsManager.cpp:1267] message_id 7581064315365831905 connection(0x707e1bf629e0, account0, dc1, type 2) received rpc_result with 15TL_api_response
12-07 10:41:24.289  1754  1819 D tgnet   : got response for request 0x707d5be56c70 - 14TL_api_request
12-07 10:41:24.289  1754  1819 D tgnet   : [ConnectionsManager.cpp:1303] got response for request 0x707d5be56c70 - 14TL_api_request
12-07 10:41:24.289  1754  1819 D tmessages: CM java buff saved to /sdcard/Android/data/org.chatengine.messenger.beta/files/buff_1765104084289.bin
12-07 10:41:24.290  1754  1819 D tmessages: java received org.telegram.tgnet.TLRPC$TL_upload_file@ecbe17b error = null
12-07 10:41:24.290  1754  1807 D tmessages: debug_loading: 1_1655889310752182273.tgs time=63 dcId=1 cdn=false conType=2 reqId46
12-07 10:41:24.290  1754  1807 D tmessages: save file part 1_1655889310752182273.tgs offset=0 chunk_size=32768 isCdn=false
12-07 10:41:24.292  1754  1819 D tgnet   : connection(0x707e1bf629e0, account0, dc1, type 2) received packet size less(1396) then message size(21480)
12-07 10:41:24.292  1754  1819 D tgnet   : [        Connection.cpp: 277] connection(0x707e1bf629e0, account0, dc1, type 2) received packet size less(1396) then message size(21480)
12-07 10:41:24.292  1754  1819 D tgnet   : connection( account0, dc1, type 2) received packet size less(2800) then message size(21484)
12-07 10:41:24.292  1754  1819 D tgnet   : [        Connection.cpp: 155] connection( account0, dc1, type 2) received packet size less(2800) then message size(21484)
12-07 10:41:24.293  1754  1819 D tgnet   : connection( account0, dc1, type 2) received packet size less(7000) then message size(21484)
12-07 10:41:24.293  1754  1819 D tgnet   : [        Connection.cpp: 155] connection( account0, dc1, type 2) received packet size less(7000) then message size(21484)
12-07 10:41:24.328  1754  1819 D tgnet   : Config(0x707d4be67a80, /data/user/0/org.chatengine.messenger.beta/files/dc1conf.dat) config write ok
12-07 10:41:24.328  1754  1819 D tgnet   : [            Config.cpp: 129] Config(0x707d4be67a80, /data/user/0/org.chatengine.messenger.beta/files/dc1conf.dat) config write ok
12-07 10:41:24.328  1754  1819 D tgnet   : connection(0x707e1bf35f50) set current timeout = 4
12-07 10:41:24.328  1754  1819 D tgnet   : [  ConnectionSocket.cpp:1072] connection(0x707e1bf35f50) set current timeout = 4
12-07 10:41:24.328  1754  1819 D tgnet   : received message len 104 (currentPacketLength) equal to packet size
12-07 10:41:24.328  1754  1819 D tgnet   : [        Connection.cpp: 275] received message len 104 (currentPacketLength) equal to packet size
12-07 10:41:24.328  1754  1819 D tgnet   : connection(0x707e1bf35f50, account0, dc1, type 64) received object 22TL_new_session_created
12-07 10:41:24.328  1754  1819 D tgnet   : [ConnectionsManager.cpp:1008] connection(0x707e1bf35f50, account0, dc1, type 64) received object 22TL_new_session_created
12-07 10:41:24.328  1754  1819 D tgnet   : process server response 0x707d6c05a2a0 - 22TL_new_session_created
12-07 10:41:24.328  1754  1819 D tgnet   : [ConnectionsManager.cpp:1122] process server response 0x707d6c05a2a0 - 22TL_new_session_created
12-07 10:41:24.328  1754  1819 D tgnet   : connection(0x707e1bf35f50, account0, dc1, type 64) new session created (first message id: 0x693559d405a1cc00, server salt: 0x1722b3cfd3bc36ec, unique id: 0x5facb97acd51781)
12-07 10:41:24.328  1754  1819 D tgnet   : [ConnectionsManager.cpp:1131] connection(0x707e1bf35f50, account0, dc1, type 64) new session created (first message id: 0x693559d405a1cc00, server salt: 0x1722b3cfd3bc36ec, unique id: 0x5facb97acd51781)
12-07 10:41:24.328  1754  1819 D tgnet   : clear request 0x707d5be61170 - 19TL_get_future_salts
12-07 10:41:24.328  1754  1819 D tgnet   : [ConnectionsManager.cpp:1143] clear request 0x707d5be61170 - 19TL_get_future_salts
12-07 10:41:24.338  1754  1819 D tgnet   : Config(0x707d4be1d890, /data/user/0/org.chatengine.messenger.beta/files/tgnet.dat) config write ok
12-07 10:41:24.338  1754  1819 D tgnet   : [            Config.cpp: 129] Config(0x707d4be1d890, /data/user/0/org.chatengine.messenger.beta/files/tgnet.dat) config write ok
12-07 10:41:24.338  1754  1819 D tgnet   : send message (session: 0xabcd414f3579e80c, seqno: 3, messageid: 7581064316267736064  0x693559d456872c00): 19TL_get_future_salts(0x707d5be61170)
12-07 10:41:24.338  1754  1819 D tgnet   : [        Datacenter.cpp:1186] send message (session: 0xabcd414f3579e80c, seqno: 3, messageid: 7581064316267736064  0x693559d456872c00): 19TL_get_future_salts(0x707d5be61170)
12-07 10:41:24.339  1754  1819 D tgnet   : received message len 680 (currentPacketLength) equal to packet size
12-07 10:41:24.339  1754  1819 D tgnet   : [        Connection.cpp: 275] received message len 680 (currentPacketLength) equal to packet size
12-07 10:41:24.339  1754  1819 D tgnet   : connection(0x707e1bf35f50, account0, dc1, type 64) received object 16TL_msg_container
12-07 10:41:24.339  1754  1819 D tgnet   : [ConnectionsManager.cpp:1008] connection(0x707e1bf35f50, account0, dc1, type 64) received object 16TL_msg_container
12-07 10:41:24.339  1754  1819 D tgnet   : process server response 0x707d6c05a2a0 - 16TL_msg_container
12-07 10:41:24.339  1754  1819 D tgnet   : [ConnectionsManager.cpp:1122] process server response 0x707d6c05a2a0 - 16TL_msg_container
12-07 10:41:24.339  1754  1819 D tgnet   : received container with 2 items
12-07 10:41:24.339  1754  1819 D tgnet   : [ConnectionsManager.cpp:1164] received container with 2 items
12-07 10:41:24.339  1754  1819 D tgnet   : inner message 0 id 0x693559d425053503 already processed
12-07 10:41:24.339  1754  1819 D tgnet   : [ConnectionsManager.cpp:1181] inner message 0 id 0x693559d425053503 already processed
12-07 10:41:24.339  1754  1819 D tgnet   : inner message 1 id 0x693559d42525350b process
12-07 10:41:24.339  1754  1819 D tgnet   : [ConnectionsManager.cpp:1190] inner message 1 id 0x693559d42525350b process
12-07 10:41:24.339  1754  1819 D tgnet   : process server response 0x707d7c039770 - 15TL_future_salts
12-07 10:41:24.339  1754  1819 D tgnet   : [ConnectionsManager.cpp:1122] process server response 0x707d7c039770 - 15TL_future_salts
12-07 10:41:24.349  1754  1819 D tgnet   : Config(0x707d4be1d890, /data/user/0/org.chatengine.messenger.beta/files/tgnet.dat) config write ok
12-07 10:41:24.349  1754  1819 D tgnet   : [            Config.cpp: 129] Config(0x707d4be1d890, /data/user/0/org.chatengine.messenger.beta/files/tgnet.dat) config write ok
12-07 10:41:24.359  1754  1819 D tgnet   : Config(0x707d4be67a80, /data/user/0/org.chatengine.messenger.beta/files/dc1conf.dat) config write ok
12-07 10:41:24.359  1754  1819 D tgnet   : [            Config.cpp: 129] Config(0x707d4be67a80, /data/user/0/org.chatengine.messenger.beta/files/dc1conf.dat) config write ok
12-07 10:41:24.359  1754  1819 D tgnet   : connection(0x707e1bf5a2b0) set current timeout = 25
12-07 10:41:24.359  1754  1819 D tgnet   : [  ConnectionSocket.cpp:1072] connection(0x707e1bf5a2b0) set current timeout = 25
12-07 10:41:24.359  1754  1819 D tgnet   : connection(0x707e1bf5a2b0, account0, dc1, type 2) received message len (currentPacketLength) 104 but packet (buffer->remaining()) larger 8819
12-07 10:41:24.359  1754  1819 D tgnet   : [        Connection.cpp: 269] connection(0x707e1bf5a2b0, account0, dc1, type 2) received message len (currentPacketLength) 104 but packet (buffer->remaining()) larger 8819
12-07 10:41:24.359  1754  1819 D tgnet   : connection(0x707e1bf5a2b0, account0, dc1, type 2) received object 22TL_new_session_created
12-07 10:41:24.359  1754  1819 D tgnet   : [ConnectionsManager.cpp:1008] connection(0x707e1bf5a2b0, account0, dc1, type 2) received object 22TL_new_session_created
12-07 10:41:24.359  1754  1819 D tgnet   : process server response 0x707d6c05a2a0 - 22TL_new_session_created
12-07 10:41:24.359  1754  1819 D tgnet   : [ConnectionsManager.cpp:1122] process server response 0x707d6c05a2a0 - 22TL_new_session_created
12-07 10:41:24.359  1754  1819 D tgnet   : connection(0x707e1bf5a2b0, account0, dc1, type 2) new session created (first message id: 0x693559d4374bc800, server salt: 0x1722b3cfd3bc36ec, unique id: 0x3bffc802d78e98b9)
12-07 10:41:24.359  1754  1819 D tgnet   : [ConnectionsManager.cpp:1131] connection(0x707e1bf5a2b0, account0, dc1, type 2) new session created (first message id: 0x693559d4374bc800, server salt: 0x1722b3cfd3bc36ec, unique id: 0x3bffc802d78e98b9)
12-07 10:41:24.370  1754  1819 D tgnet   : Config(0x707d4be1d890, /data/user/0/org.chatengine.messenger.beta/files/tgnet.dat) config write ok
12-07 10:41:24.370  1754  1819 D tgnet   : [            Config.cpp: 129] Config(0x707d4be1d890, /data/user/0/org.chatengine.messenger.beta/files/tgnet.dat) config write ok
12-07 10:41:24.370  1754  1819 D tgnet   : connection(0x707e1bf5a2b0, account0, dc1, type 2) received message len (currentPacketLength) 104 but packet (buffer->remaining()) larger 8714
12-07 10:41:24.370  1754  1819 D tgnet   : [        Connection.cpp: 269] connection(0x707e1bf5a2b0, account0, dc1, type 2) received message len (currentPacketLength) 104 but packet (buffer->remaining()) larger 8714
12-07 10:41:24.370  1754  1819 D tgnet   : connection(0x707e1bf5a2b0, account0, dc1, type 2) received message len (currentPacketLength) 104 but packet (buffer->remaining()) larger 8609
12-07 10:41:24.370  1754  1819 D tgnet   : [        Connection.cpp: 269] connection(0x707e1bf5a2b0, account0, dc1, type 2) received message len (currentPacketLength) 104 but packet (buffer->remaining()) larger 8609
12-07 10:41:24.370  1754  1819 D tgnet   : connection(0x707e1bf5a2b0, account0, dc1, type 2) received object 22TL_new_session_created
12-07 10:41:24.370  1754  1819 D tgnet   : [ConnectionsManager.cpp:1008] connection(0x707e1bf5a2b0, account0, dc1, type 2) received object 22TL_new_session_created
12-07 10:41:24.370  1754  1819 D tgnet   : process server response 0x707d6c05a2a0 - 22TL_new_session_created
12-07 10:41:24.370  1754  1819 D tgnet   : [ConnectionsManager.cpp:1122] process server response 0x707d6c05a2a0 - 22TL_new_session_created
12-07 10:41:24.370  1754  1819 D tgnet   : connection(0x707e1bf5a2b0, account0, dc1, type 2) new session created (first message id: 0x693559d43a5e3404, server salt: 0x1722b3cfd3bc36ec, unique id: 0x55c31c18fdbee096)
12-07 10:41:24.370  1754  1819 D tgnet   : [ConnectionsManager.cpp:1131] connection(0x707e1bf5a2b0, account0, dc1, type 2) new session created (first message id: 0x693559d43a5e3404, server salt: 0x1722b3cfd3bc36ec, unique id: 0x55c31c18fdbee096)
12-07 10:41:24.370  1754  1819 D tgnet   : clear request 0x707d5be61350 - 14TL_api_request
12-07 10:41:24.370  1754  1819 D tgnet   : [ConnectionsManager.cpp:1143] clear request 0x707d5be61350 - 14TL_api_request
12-07 10:41:24.380  1754  1819 D tgnet   : Config(0x707d4be1d890, /data/user/0/org.chatengine.messenger.beta/files/tgnet.dat) config write ok
12-07 10:41:24.380  1754  1819 D tgnet   : [            Config.cpp: 129] Config(0x707d4be1d890, /data/user/0/org.chatengine.messenger.beta/files/tgnet.dat) config write ok
12-07 10:41:24.380  1754  1819 D tgnet   : connection(0x707e1bf5a2b0, account0, dc1, type 2) received message len (currentPacketLength) 104 but packet (buffer->remaining()) larger 8504
12-07 10:41:24.380  1754  1819 D tgnet   : [        Connection.cpp: 269] connection(0x707e1bf5a2b0, account0, dc1, type 2) received message len (currentPacketLength) 104 but packet (buffer->remaining()) larger 8504
12-07 10:41:24.380  1754  1819 D tgnet   : connection(0x707e1bf5a2b0, account0, dc1, type 2) received packet size less(8396) then message size(23544)
12-07 10:41:24.380  1754  1819 D tgnet   : [        Connection.cpp: 277] connection(0x707e1bf5a2b0, account0, dc1, type 2) received packet size less(8396) then message size(23544)
12-07 10:41:24.380  1754  1819 D tgnet   : received message len 21480 (currentPacketLength) equal to packet size
12-07 10:41:24.380  1754  1819 D tgnet   : [        Connection.cpp: 275] received message len 21480 (currentPacketLength) equal to packet size
12-07 10:41:24.380  1754  1819 D tgnet   : api request constructor 0x96a18d5, don't parse
12-07 10:41:24.380  1754  1819 D tgnet   : [ConnectionsManager.cpp:1096] api request constructor 0x96a18d5, don't parse
12-07 10:41:24.380  1754  1819 D tgnet   : connection(0x707e1bf629e0, account0, dc1, type 2) received object 13TL_rpc_result
12-07 10:41:24.380  1754  1819 D tgnet   : [ConnectionsManager.cpp:1008] connection(0x707e1bf629e0, account0, dc1, type 2) received object 13TL_rpc_result
12-07 10:41:24.380  1754  1819 D tgnet   : process server response 0x707d5be59970 - 13TL_rpc_result
12-07 10:41:24.380  1754  1819 D tgnet   : [ConnectionsManager.cpp:1122] process server response 0x707d5be59970 - 13TL_rpc_result
12-07 10:41:24.380  1754  1819 D tgnet   : message_id 7581064315386803433 connection(0x707e1bf629e0, account0, dc1, type 2) received rpc_result with 15TL_api_response
12-07 10:41:24.380  1754  1819 D tgnet   : [ConnectionsManager.cpp:1267] message_id 7581064315386803433 connection(0x707e1bf629e0, account0, dc1, type 2) received rpc_result with 15TL_api_response
12-07 10:41:24.380  1754  1819 D tgnet   : got response for request 0x707d5be55b90 - 14TL_api_request
12-07 10:41:24.380  1754  1819 D tgnet   : [ConnectionsManager.cpp:1303] got response for request 0x707d5be55b90 - 14TL_api_request
12-07 10:41:24.381  1754  1819 D tmessages: CM java buff saved to /sdcard/Android/data/org.chatengine.messenger.beta/files/buff_1765104084381.bin
12-07 10:41:24.381  1754  1819 D tmessages: java received org.telegram.tgnet.TLRPC$TL_upload_file@f58ff1 error = null
12-07 10:41:24.381  1754  1819 D tgnet   : send message (session: 0xabcdf12ca24e734f, seqno: 5, messageid: 7581064316452419584  0x693559d461893800): 14TL_api_request(0x707d5be61350)
12-07 10:41:24.381  1754  1819 D tgnet   : [        Datacenter.cpp:1186] send message (session: 0xabcdf12ca24e734f, seqno: 5, messageid: 7581064316452419584  0x693559d461893800): 14TL_api_request(0x707d5be61350)
12-07 10:41:24.381  1754  1807 D tmessages: debug_loading: 1_1655888074376220672.tgs time=143 dcId=1 cdn=false conType=2 reqId48
12-07 10:41:24.381  1754  1819 D tgnet   : connection(0x707e1bf629e0, account0, dc1, type 2) received message len (currentPacketLength) 10872 but packet (buffer->remaining()) larger 23316
12-07 10:41:24.382  1754  1819 D tgnet   : [        Connection.cpp: 269] connection(0x707e1bf629e0, account0, dc1, type 2) received message len (currentPacketLength) 10872 but packet (buffer->remaining()) larger 23316
12-07 10:41:24.382  1754  1819 D tgnet   : api request constructor 0x96a18d5, don't parse
12-07 10:41:24.382  1754  1819 D tgnet   : [ConnectionsManager.cpp:1096] api request constructor 0x96a18d5, don't parse
12-07 10:41:24.382  1754  1819 D tgnet   : connection(0x707e1bf629e0, account0, dc1, type 2) received object 13TL_rpc_result
12-07 10:41:24.382  1754  1819 D tgnet   : [ConnectionsManager.cpp:1008] connection(0x707e1bf629e0, account0, dc1, type 2) received object 13TL_rpc_result
12-07 10:41:24.382  1754  1819 D tgnet   : process server response 0x707d5be59970 - 13TL_rpc_result
12-07 10:41:24.382  1754  1819 D tgnet   : [ConnectionsManager.cpp:1122] process server response 0x707d5be59970 - 13TL_rpc_result
12-07 10:41:24.382  1754  1819 D tgnet   : message_id 7581064315407774961 connection(0x707e1bf629e0, account0, dc1, type 2) received rpc_result with 15TL_api_response
12-07 10:41:24.382  1754  1819 D tgnet   : [ConnectionsManager.cpp:1267] message_id 7581064315407774961 connection(0x707e1bf629e0, account0, dc1, type 2) received rpc_result with 15TL_api_response
12-07 10:41:24.382  1754  1819 D tgnet   : got response for request 0x707d5be2b950 - 14TL_api_request
12-07 10:41:24.382  1754  1819 D tgnet   : [ConnectionsManager.cpp:1303] got response for request 0x707d5be2b950 - 14TL_api_request
12-07 10:41:24.382  1754  1819 D tmessages: CM java buff saved to /sdcard/Android/data/org.chatengine.messenger.beta/files/buff_1765104084382.bin
12-07 10:41:24.382  1754  1819 D tmessages: java received org.telegram.tgnet.TLRPC$TL_upload_file@304e944 error = null
12-07 10:41:24.382  1754  1802 D tmessages: start loading file to temp = /storage/emulated/0/Android/data/org.chatengine.messenger.beta/cache/1_1655889310777348097.temp final = /storage/emulated/0/Android/data/org.chatengine.messenger.beta/cache/1_1655889310777348097.tgs priority0
12-07 10:41:24.382  1754  1819 D tgnet   : received message len 12440 (currentPacketLength) equal to packet size
12-07 10:41:24.382  1754  1807 D tmessages: debug_loading: 1_1655889310752182272.tgs time=133 dcId=1 cdn=false conType=2 reqId49
12-07 10:41:24.382  1754  1819 D tgnet   : [        Connection.cpp: 275] received message len 12440 (currentPacketLength) equal to packet size
12-07 10:41:24.382  1754  1819 D tgnet   : api request constructor 0x96a18d5, don't parse
12-07 10:41:24.382  1754  1819 D tgnet   : [ConnectionsManager.cpp:1096] api request constructor 0x96a18d5, don't parse
12-07 10:41:24.382  1754  1819 D tgnet   : connection(0x707e1bf629e0, account0, dc1, type 2) received object 13TL_rpc_result
12-07 10:41:24.382  1754  1819 D tgnet   : [ConnectionsManager.cpp:1008] connection(0x707e1bf629e0, account0, dc1, type 2) received object 13TL_rpc_result
12-07 10:41:24.382  1754  1819 D tgnet   : process server response 0x707d5be59970 - 13TL_rpc_result
12-07 10:41:24.382  1754  1819 D tgnet   : [ConnectionsManager.cpp:1122] process server response 0x707d5be59970 - 13TL_rpc_result
12-07 10:41:24.382  1754  1819 D tgnet   : message_id 7581064315430843641 connection(0x707e1bf629e0, account0, dc1, type 2) received rpc_result with 15TL_api_response
12-07 10:41:24.382  1754  1819 D tgnet   : [ConnectionsManager.cpp:1267] message_id 7581064315430843641 connection(0x707e1bf629e0, account0, dc1, type 2) received rpc_result with 15TL_api_response
12-07 10:41:24.382  1754  1819 D tgnet   : got response for request 0x707d5be28710 - 14TL_api_request
12-07 10:41:24.382  1754  1819 D tgnet   : [ConnectionsManager.cpp:1303] got response for request 0x707d5be28710 - 14TL_api_request
12-07 10:41:24.382  1754  1819 D tmessages: CM java buff saved to /sdcard/Android/data/org.chatengine.messenger.beta/files/buff_1765104084382.bin
12-07 10:41:24.382  1754  1819 D tmessages: java received org.telegram.tgnet.TLRPC$TL_upload_file@90955b0 error = null
12-07 10:41:24.382  1754  1807 D tmessages: debug_loading: 1_1655888074250391553.tgs time=123 dcId=1 cdn=false conType=2 reqId50
12-07 10:41:24.383  1754  1819 D tgnet   : received message len 23544 (currentPacketLength) equal to packet size
12-07 10:41:24.383  1754  1819 D tgnet   : [        Connection.cpp: 275] received message len 23544 (currentPacketLength) equal to packet size
12-07 10:41:24.383  1754  1819 D tgnet   : not found request to parse constructor 0x96a18d5
12-07 10:41:24.383  1754  1819 D tgnet   : [ConnectionsManager.cpp:1105] not found request to parse constructor 0x96a18d5
12-07 10:41:24.383  1754  1819 D tgnet   : connection(0x707e1bf5a2b0, account0, dc1, type 2) received packet size less(1648) then message size(22152)
12-07 10:41:24.383  1754  1819 D tgnet   : [        Connection.cpp: 277] connection(0x707e1bf5a2b0, account0, dc1, type 2) received packet size less(1648) then message size(22152)
12-07 10:41:24.385  1754  1819 D tgnet   : connection( account0, dc1, type 2) received packet size less(12852) then message size(22156)
12-07 10:41:24.385  1754  1819 D tgnet   : [        Connection.cpp: 155] connection( account0, dc1, type 2) received packet size less(12852) then message size(22156)
12-07 10:41:24.386  1754  1807 D tmessages: send request org.telegram.tgnet.TLRPC$TL_upload_getFile@7354c29 with token = 51
12-07 10:41:24.386  1754  1807 D tmessages: debug_loading: 1_1655889310777348097.tgs send reqId 51
12-07 10:41:24.386  1754  1819 D tgnet   : send request 0x707d5be28710 - 14TL_api_request
12-07 10:41:24.386  1754  1819 D tgnet   : [ConnectionsManager.cpp:1875] send request 0x707d5be28710 - 14TL_api_request
12-07 10:41:24.386  1754  1802 D tmessages: start loading file to temp = /storage/emulated/0/Android/data/org.chatengine.messenger.beta/cache/1_1655888074699182080.temp final = /storage/emulated/0/Android/data/org.chatengine.messenger.beta/cache/1_1655888074699182080.tgs priority0
12-07 10:41:24.386  1754  1819 D tgnet   : send request wrapped 0x707d5be28710 - 14TL_api_request
12-07 10:41:24.386  1754  1819 D tgnet   : [ConnectionsManager.cpp:1882] send request wrapped 0x707d5be28710 - 14TL_api_request
12-07 10:41:24.386  1754  1819 D tgnet   : messageId for token = 51, 0x693559d462d0e400
12-07 10:41:24.386  1754  1819 D tgnet   : [ConnectionsManager.cpp:2609] messageId for token = 51, 0x693559d462d0e400
12-07 10:41:24.386  1754  1819 E tgnet   : connection(0x707e1bf629e0) return true
12-07 10:41:24.387  1754  1819 D tgnet   : send message (session: 0xabcdc854f1e96da9, seqno: 39, messageid: 7581064316473893888  0x693559d462d0e400): 14TL_api_request(0x707d5be28710)
12-07 10:41:24.387  1754  1819 D tgnet   : [        Datacenter.cpp:1186] send message (session: 0xabcdc854f1e96da9, seqno: 39, messageid: 7581064316473893888  0x693559d462d0e400): 14TL_api_request(0x707d5be28710)
12-07 10:41:24.391  1754  1807 D tmessages: finished downloading file to /storage/emulated/0/Android/data/org.chatengine.messenger.beta/cache/1_1655888074376220672.tgs time = 125 dc = 1 size = 20.9 KB
12-07 10:41:24.393  1754  1807 D tmessages: send request org.telegram.tgnet.TLRPC$TL_upload_getFile@8ad81e5 with token = 52
12-07 10:41:24.393  1754  1807 D tmessages: debug_loading: 1_1655888074699182080.tgs send reqId 52
12-07 10:41:24.393  1754  1819 D tgnet   : send request 0x707d5be306f0 - 14TL_api_request
12-07 10:41:24.393  1754  1802 D tmessages: start loading file to temp = /storage/emulated/0/Android/data/org.chatengine.messenger.beta/cache/1_1655889310785736705.temp final = /storage/emulated/0/Android/data/org.chatengine.messenger.beta/cache/1_1655889310785736705.tgs priority0
12-07 10:41:24.393  1754  1819 D tgnet   : [ConnectionsManager.cpp:1875] send request 0x707d5be306f0 - 14TL_api_request
12-07 10:41:24.393  1754  1819 D tgnet   : send request wrapped 0x707d5be306f0 - 14TL_api_request
12-07 10:41:24.393  1754  1819 D tgnet   : [ConnectionsManager.cpp:1882] send request wrapped 0x707d5be306f0 - 14TL_api_request
12-07 10:41:24.393  1754  1819 D tgnet   : messageId for token = 52, 0x693559d4649ba800
12-07 10:41:24.393  1754  1819 D tgnet   : [ConnectionsManager.cpp:2609] messageId for token = 52, 0x693559d4649ba800
12-07 10:41:24.393  1754  1819 E tgnet   : connection(0x707e1bf629e0) return true
12-07 10:41:24.393  1754  1819 D tgnet   : send message (session: 0xabcdc854f1e96da9, seqno: 41, messageid: 7581064316503959552  0x693559d4649ba800): 14TL_api_request(0x707d5be306f0)
12-07 10:41:24.393  1754  1819 D tgnet   : [        Datacenter.cpp:1186] send message (session: 0xabcdc854f1e96da9, seqno: 41, messageid: 7581064316503959552  0x693559d4649ba800): 14TL_api_request(0x707d5be306f0)
12-07 10:41:24.399  1754  1807 D tmessages: finished downloading file to /storage/emulated/0/Android/data/org.chatengine.messenger.beta/cache/1_1655889310752182272.tgs time = 12 dc = 1 size = 10.5 KB
12-07 10:41:24.401  1754  1807 D tmessages: send request org.telegram.tgnet.TLRPC$TL_upload_getFile@eb95761 with token = 53
12-07 10:41:24.402  1754  1807 D tmessages: debug_loading: 1_1655889310785736705.tgs send reqId 53
12-07 10:41:24.402  1754  1819 D tgnet   : send request 0x707d5be570f0 - 14TL_api_request
12-07 10:41:24.402  1754  1819 D tgnet   : [ConnectionsManager.cpp:1875] send request 0x707d5be570f0 - 14TL_api_request
12-07 10:41:24.402  1754  1819 D tgnet   : send request wrapped 0x707d5be570f0 - 14TL_api_request
12-07 10:41:24.402  1754  1819 D tgnet   : [ConnectionsManager.cpp:1882] send request wrapped 0x707d5be570f0 - 14TL_api_request
12-07 10:41:24.402  1754  1819 D tgnet   : messageId for token = 53, 0x693559d466e97800
12-07 10:41:24.402  1754  1819 D tgnet   : [ConnectionsManager.cpp:2609] messageId for token = 53, 0x693559d466e97800
12-07 10:41:24.402  1754  1819 E tgnet   : connection(0x707e1bf629e0) return true
12-07 10:41:24.402  1754  1819 D tgnet   : send message (session: 0xabcdc854f1e96da9, seqno: 43, messageid: 7581064316542613504  0x693559d466e97800): 14TL_api_request(0x707d5be570f0)
12-07 10:41:24.402  1754  1819 D tgnet   : [        Datacenter.cpp:1186] send message (session: 0xabcdc854f1e96da9, seqno: 43, messageid: 7581064316542613504  0x693559d466e97800): 14TL_api_request(0x707d5be570f0)
12-07 10:41:24.407  1754  1807 D tmessages: finished downloading file to /storage/emulated/0/Android/data/org.chatengine.messenger.beta/cache/1_1655888074250391553.tgs time = 14 dc = 1 size = 12.0 KB
12-07 10:41:24.437  1754  1819 D tgnet   : connection( account0, dc1, type 2) received packet size less(14252) then message size(22156)
12-07 10:41:24.437  1754  1819 D tgnet   : [        Connection.cpp: 155] connection( account0, dc1, type 2) received packet size less(14252) then message size(22156)
12-07 10:41:24.437  1754  1819 D tgnet   : connection( account0, dc1, type 2) received packet size less(15652) then message size(22156)
12-07 10:41:24.437  1754  1819 D tgnet   : [        Connection.cpp: 155] connection( account0, dc1, type 2) received packet size less(15652) then message size(22156)
12-07 10:41:24.438  1754  1819 D tgnet   : received message len 22152 (currentPacketLength) equal to packet size
12-07 10:41:24.438  1754  1819 D tgnet   : [        Connection.cpp: 275] received message len 22152 (currentPacketLength) equal to packet size
12-07 10:41:24.439  1754  1819 D tgnet   : api request constructor 0x96a18d5, don't parse
12-07 10:41:24.439  1754  1819 D tgnet   : [ConnectionsManager.cpp:1096] api request constructor 0x96a18d5, don't parse
12-07 10:41:24.439  1754  1819 D tgnet   : connection(0x707e1bf5a2b0, account0, dc1, type 2) received object 13TL_rpc_result
12-07 10:41:24.439  1754  1819 D tgnet   : [ConnectionsManager.cpp:1008] connection(0x707e1bf5a2b0, account0, dc1, type 2) received object 13TL_rpc_result
12-07 10:41:24.439  1754  1819 D tgnet   : process server response 0x707d5be56370 - 13TL_rpc_result
12-07 10:41:24.439  1754  1819 D tgnet   : [ConnectionsManager.cpp:1122] process server response 0x707d5be56370 - 13TL_rpc_result
12-07 10:41:24.439  1754  1819 D tgnet   : message_id 7581064315462300977 connection(0x707e1bf5a2b0, account0, dc1, type 2) received rpc_result with 15TL_api_response
12-07 10:41:24.439  1754  1819 D tgnet   : [ConnectionsManager.cpp:1267] message_id 7581064315462300977 connection(0x707e1bf5a2b0, account0, dc1, type 2) received rpc_result with 15TL_api_response
12-07 10:41:24.439  1754  1819 D tgnet   : got response for request 0x707d5be4df10 - 14TL_api_request
12-07 10:41:24.439  1754  1819 D tgnet   : [ConnectionsManager.cpp:1303] got response for request 0x707d5be4df10 - 14TL_api_request
12-07 10:41:24.439  1754  1819 D tmessages: CM java buff saved to /sdcard/Android/data/org.chatengine.messenger.beta/files/buff_1765104084439.bin
12-07 10:41:24.440  1754  1819 D tmessages: java received org.telegram.tgnet.TLRPC$TL_upload_file@9d34747 error = null
12-07 10:41:24.440  1754  1807 D tmessages: debug_loading: 1_1655889310752182273.tgs time=212 dcId=1 cdn=false conType=65538 reqId47
12-07 10:41:24.440  1754  1807 D tmessages: save file part 1_1655889310752182273.tgs offset=32768 chunk_size=32768 isCdn=false
12-07 10:41:24.443  1754  1819 D tgnet   : connection(0x707e1bf629e0, account0, dc1, type 2) received packet size less(1396) then message size(10856)
12-07 10:41:24.443  1754  1819 D tgnet   : [        Connection.cpp: 277] connection(0x707e1bf629e0, account0, dc1, type 2) received packet size less(1396) then message size(10856)
12-07 10:41:24.443  1754  1819 D tgnet   : connection( account0, dc1, type 2) received packet size less(2800) then message size(10860)
12-07 10:41:24.443  1754  1819 D tgnet   : [        Connection.cpp: 155] connection( account0, dc1, type 2) received packet size less(2800) then message size(10860)
12-07 10:41:24.447  1754  1819 D tgnet   : received message len 10856 (currentPacketLength) equal to packet size
12-07 10:41:24.448  1754  1819 D tgnet   : [        Connection.cpp: 275] received message len 10856 (currentPacketLength) equal to packet size
12-07 10:41:24.448  1754  1819 D tgnet   : api request constructor 0x96a18d5, don't parse
12-07 10:41:24.448  1754  1819 D tgnet   : [ConnectionsManager.cpp:1096] api request constructor 0x96a18d5, don't parse
12-07 10:41:24.448  1754  1819 D tgnet   : connection(0x707e1bf629e0, account0, dc1, type 2) received object 13TL_rpc_result
12-07 10:41:24.448  1754  1819 D tgnet   : [ConnectionsManager.cpp:1008] connection(0x707e1bf629e0, account0, dc1, type 2) received object 13TL_rpc_result
12-07 10:41:24.448  1754  1819 D tgnet   : process server response 0x707d5be56370 - 13TL_rpc_result
12-07 10:41:24.448  1754  1819 D tgnet   : [ConnectionsManager.cpp:1122] process server response 0x707d5be56370 - 13TL_rpc_result
12-07 10:41:24.448  1754  1819 D tgnet   : message_id 7581064315703473473 connection(0x707e1bf629e0, account0, dc1, type 2) received rpc_result with 15TL_api_response
12-07 10:41:24.448  1754  1819 D tgnet   : [ConnectionsManager.cpp:1267] message_id 7581064315703473473 connection(0x707e1bf629e0, account0, dc1, type 2) received rpc_result with 15TL_api_response
12-07 10:41:24.448  1754  1819 D tgnet   : got response for request 0x707d5be28710 - 14TL_api_request
12-07 10:41:24.448  1754  1819 D tgnet   : [ConnectionsManager.cpp:1303] got response for request 0x707d5be28710 - 14TL_api_request
12-07 10:41:24.449  1754  1819 D tmessages: CM java buff saved to /sdcard/Android/data/org.chatengine.messenger.beta/files/buff_1765104084448.bin
12-07 10:41:24.449  1754  1819 D tmessages: java received org.telegram.tgnet.TLRPC$TL_upload_file@d53089d error = null
12-07 10:41:24.449  1754  1819 D tgnet   : received message len 23544 (currentPacketLength) equal to packet size
12-07 10:41:24.449  1754  1819 D tgnet   : [        Connection.cpp: 275] received message len 23544 (currentPacketLength) equal to packet size
12-07 10:41:24.449  1754  1819 D tgnet   : api request constructor 0x96a18d5, don't parse
12-07 10:41:24.449  1754  1819 D tgnet   : [ConnectionsManager.cpp:1096] api request constructor 0x96a18d5, don't parse
12-07 10:41:24.449  1754  1819 D tgnet   : connection(0x707e1bf5a2b0, account0, dc1, type 2) received object 13TL_rpc_result
12-07 10:41:24.449  1754  1819 D tgnet   : [ConnectionsManager.cpp:1008] connection(0x707e1bf5a2b0, account0, dc1, type 2) received object 13TL_rpc_result
12-07 10:41:24.449  1754  1819 D tgnet   : process server response 0x707d5be56370 - 13TL_rpc_result
12-07 10:41:24.449  1754  1807 D tmessages: debug_loading: 1_1655889310777348097.tgs time=63 dcId=1 cdn=false conType=2 reqId51
12-07 10:41:24.450  1754  1819 D tgnet   : [ConnectionsManager.cpp:1122] process server response 0x707d5be56370 - 13TL_rpc_result
12-07 10:41:24.450  1754  1819 D tgnet   : message_id 7581064315697182009 connection(0x707e1bf5a2b0, account0, dc1, type 2) received rpc_result with 15TL_api_response
12-07 10:41:24.450  1754  1819 D tgnet   : [ConnectionsManager.cpp:1267] message_id 7581064315697182009 connection(0x707e1bf5a2b0, account0, dc1, type 2) received rpc_result with 15TL_api_response
12-07 10:41:24.450  1754  1819 D tgnet   : got response for request 0x707d5be61350 - 14TL_api_request
12-07 10:41:24.450  1754  1819 D tgnet   : [ConnectionsManager.cpp:1303] got response for request 0x707d5be61350 - 14TL_api_request
12-07 10:41:24.450  1754  1802 D tmessages: start loading file to temp = /storage/emulated/0/Android/data/org.chatengine.messenger.beta/cache/1_1655888074183282688.temp final = /storage/emulated/0/Android/data/org.chatengine.messenger.beta/cache/1_1655888074183282688.tgs priority0
12-07 10:41:24.450  1754  1819 D tmessages: CM java buff saved to /sdcard/Android/data/org.chatengine.messenger.beta/files/buff_1765104084450.bin
12-07 10:41:24.450  1754  1819 D tmessages: java received org.telegram.tgnet.TLRPC$TL_upload_file@e9ccc5e error = null
12-07 10:41:24.451  1754  1807 D tmessages: debug_loading: 1_1655888074158116865.tgs time=236 dcId=1 cdn=false conType=65538 reqId45
12-07 10:41:24.451  1754  1807 D tmessages: save file part 1_1655888074158116865.tgs offset=32768 chunk_size=32768 isCdn=false
12-07 10:41:24.456  1754  1807 D tmessages: send request org.telegram.tgnet.TLRPC$TL_upload_getFile@dbbd83f with token = 54
12-07 10:41:24.456  1754  1802 D tmessages: start loading file to temp = /storage/emulated/0/Android/data/org.chatengine.messenger.beta/cache/1_1655889310777348096.temp final = /storage/emulated/0/Android/data/org.chatengine.messenger.beta/cache/1_1655889310777348096.tgs priority0
12-07 10:41:24.456  1754  1807 D tmessages: debug_loading: 1_1655888074183282688.tgs send reqId 54
12-07 10:41:24.456  1754  1819 D tgnet   : send request 0x707d5be1fe90 - 14TL_api_request
12-07 10:41:24.456  1754  1819 D tgnet   : [ConnectionsManager.cpp:1875] send request 0x707d5be1fe90 - 14TL_api_request
12-07 10:41:24.456  1754  1819 D tgnet   : send request wrapped 0x707d5be1fe90 - 14TL_api_request
12-07 10:41:24.456  1754  1819 D tgnet   : [ConnectionsManager.cpp:1882] send request wrapped 0x707d5be1fe90 - 14TL_api_request
12-07 10:41:24.456  1754  1819 D tgnet   : messageId for token = 54, 0x693559d474bc6c00
12-07 10:41:24.456  1754  1819 D tgnet   : [ConnectionsManager.cpp:2609] messageId for token = 54, 0x693559d474bc6c00
12-07 10:41:24.456  1754  1819 E tgnet   : connection(0x707e1bf629e0) return true
12-07 10:41:24.456  1754  1819 D tgnet   : send message (session: 0xabcdc854f1e96da9, seqno: 45, messageid: 7581064316774542336  0x693559d474bc6c00): 14TL_api_request(0x707d5be1fe90)
12-07 10:41:24.456  1754  1819 D tgnet   : [        Datacenter.cpp:1186] send message (session: 0xabcdc854f1e96da9, seqno: 45, messageid: 7581064316774542336  0x693559d474bc6c00): 14TL_api_request(0x707d5be1fe90)
12-07 10:41:24.458  1754  1819 D tgnet   : received message len 22568 (currentPacketLength) equal to packet size
12-07 10:41:24.458  1754  1819 D tgnet   : [        Connection.cpp: 275] received message len 22568 (currentPacketLength) equal to packet size
12-07 10:41:24.458  1754  1819 D tgnet   : api request constructor 0x96a18d5, don't parse
12-07 10:41:24.458  1754  1819 D tgnet   : [ConnectionsManager.cpp:1096] api request constructor 0x96a18d5, don't parse
12-07 10:41:24.458  1754  1819 D tgnet   : connection(0x707e1bf629e0, account0, dc1, type 2) received object 13TL_rpc_result
12-07 10:41:24.458  1754  1819 D tgnet   : [ConnectionsManager.cpp:1008] connection(0x707e1bf629e0, account0, dc1, type 2) received object 13TL_rpc_result
12-07 10:41:24.458  1754  1819 D tgnet   : process server response 0x707d5be56370 - 13TL_rpc_result
12-07 10:41:24.458  1754  1819 D tgnet   : [ConnectionsManager.cpp:1122] process server response 0x707d5be56370 - 13TL_rpc_result
12-07 10:41:24.458  1754  1819 D tgnet   : message_id 7581064315711862089 connection(0x707e1bf629e0, account0, dc1, type 2) received rpc_result with 15TL_api_response
12-07 10:41:24.458  1754  1819 D tgnet   : [ConnectionsManager.cpp:1267] message_id 7581064315711862089 connection(0x707e1bf629e0, account0, dc1, type 2) received rpc_result with 15TL_api_response
12-07 10:41:24.458  1754  1819 D tgnet   : got response for request 0x707d5be306f0 - 14TL_api_request
12-07 10:41:24.458  1754  1819 D tgnet   : [ConnectionsManager.cpp:1303] got response for request 0x707d5be306f0 - 14TL_api_request
12-07 10:41:24.459  1754  1819 D tmessages: CM java buff saved to /sdcard/Android/data/org.chatengine.messenger.beta/files/buff_1765104084458.bin
12-07 10:41:24.459  1754  1819 D tmessages: java received org.telegram.tgnet.TLRPC$TL_upload_file@665506a error = null
12-07 10:41:24.459  1754  1807 D tmessages: debug_loading: 1_1655888074699182080.tgs time=66 dcId=1 cdn=false conType=2 reqId52
12-07 10:41:24.462  1754  1807 D tmessages: finished downloading file to /storage/emulated/0/Android/data/org.chatengine.messenger.beta/cache/1_1655889310752182273.tgs time = 54 dc = 1 size = 53.5 KB
12-07 10:41:24.462  1754  1807 D tmessages: send request org.telegram.tgnet.TLRPC$TL_updates_getState@775dad1 with token = 55
12-07 10:41:24.463  1754  1819 D tgnet   : send request 0x707d5be59970 - 14TL_api_request
12-07 10:41:24.463  1754  1819 D tgnet   : [ConnectionsManager.cpp:1875] send request 0x707d5be59970 - 14TL_api_request
12-07 10:41:24.463  1754  1819 D tgnet   : send request wrapped 0x707d5be59970 - 14TL_api_request
12-07 10:41:24.463  1754  1819 D tgnet   : [ConnectionsManager.cpp:1882] send request wrapped 0x707d5be59970 - 14TL_api_request
12-07 10:41:24.463  1754  1819 D tgnet   : messageId for token = 55, 0x693559d476872c00
12-07 10:41:24.463  1754  1819 D tgnet   : [ConnectionsManager.cpp:2609] messageId for token = 55, 0x693559d476872c00
12-07 10:41:24.463  1754  1819 D tgnet   : send message (session: 0xabcdc9716331cb54, seqno: 43, messageid: 7581064316804606976  0x693559d476872c00): 14TL_api_request(0x707d5be59970)
12-07 10:41:24.463  1754  1819 D tgnet   : [        Datacenter.cpp:1186] send message (session: 0xabcdc9716331cb54, seqno: 43, messageid: 7581064316804606976  0x693559d476872c00): 14TL_api_request(0x707d5be59970)
12-07 10:41:24.464  1754  1807 D tmessages: send request org.telegram.tgnet.TLRPC$TL_upload_getFile@4800936 with token = 56
12-07 10:41:24.465  1754  1802 D tmessages: start loading file to temp = /storage/emulated/0/Android/data/org.chatengine.messenger.beta/cache/1_1655888074321694721.temp final = /storage/emulated/0/Android/data/org.chatengine.messenger.beta/cache/1_1655888074321694721.tgs priority0
12-07 10:41:24.465  1754  1819 D tgnet   : send request 0x707d5be5a570 - 14TL_api_request
12-07 10:41:24.465  1754  1819 D tgnet   : [ConnectionsManager.cpp:1875] send request 0x707d5be5a570 - 14TL_api_request
12-07 10:41:24.465  1754  1807 D tmessages: debug_loading: 1_1655889310777348096.tgs send reqId 56
12-07 10:41:24.465  1754  1819 D tgnet   : send request wrapped 0x707d5be5a570 - 14TL_api_request
12-07 10:41:24.465  1754  1819 D tgnet   : [ConnectionsManager.cpp:1882] send request wrapped 0x707d5be5a570 - 14TL_api_request
12-07 10:41:24.465  1754  1819 D tgnet   : messageId for token = 56, 0x693559d4770a4000
12-07 10:41:24.465  1754  1819 D tgnet   : [ConnectionsManager.cpp:2609] messageId for token = 56, 0x693559d4770a4000
12-07 10:41:24.465  1754  1819 E tgnet   : connection(0x707e1bf629e0) return true
12-07 10:41:24.465  1754  1819 D tgnet   : send message (session: 0xabcdc854f1e96da9, seqno: 47, messageid: 7581064316813197312  0x693559d4770a4000): 14TL_api_request(0x707d5be5a570)
12-07 10:41:24.465  1754  1819 D tgnet   : [        Datacenter.cpp:1186] send message (session: 0xabcdc854f1e96da9, seqno: 47, messageid: 7581064316813197312  0x693559d4770a4000): 14TL_api_request(0x707d5be5a570)
12-07 10:41:24.470  1754  1807 D tmessages: finished downloading file to /storage/emulated/0/Android/data/org.chatengine.messenger.beta/cache/1_1655889310777348097.tgs time = 14 dc = 1 size = 10.5 KB
12-07 10:41:24.470  1754  1807 D tmessages: loaded folderId 0 loadType 1 count 0
12-07 10:41:24.471  1754  1807 D tmessages: send request org.telegram.tgnet.TLRPC$TL_messages_getAttachMenuBots@2bb82c2 with token = 57
12-07 10:41:24.471  1754  1819 D tgnet   : send request 0x707d5be60c30 - 14TL_api_request
12-07 10:41:24.471  1754  1819 D tgnet   : [ConnectionsManager.cpp:1875] send request 0x707d5be60c30 - 14TL_api_request
12-07 10:41:24.471  1754  1819 D tgnet   : send request wrapped 0x707d5be60c30 - 14TL_api_request
12-07 10:41:24.471  1754  1819 D tgnet   : [ConnectionsManager.cpp:1882] send request wrapped 0x707d5be60c30 - 14TL_api_request
12-07 10:41:24.471  1754  1819 D tgnet   : messageId for token = 57, 0x693559d478937400
