2-08 07:05:32.717  1992  1992 E tmessages: density = 1.125 display size = 1920 963 180.0x180.0, screen layout: 268435812, statusbar height: 27, navbar height: 63
12-08 07:05:32.720  1992  1992 D tmessages: app start time = 264545117
12-08 07:05:32.720  1992  1992 D tmessages: buildVersion = 3237
12-08 07:05:32.723  1992  1992 D tmessages: loaded normal lib
12-08 07:05:32.723  1992  1992 D tmessages: load libs time = 28
12-08 07:05:32.791  1992  1992 D tmessages: external dir mounted
12-08 07:05:32.792  1992  1992 D tmessages: check dir /storage/emulated/0/Android/data/org.chatengine.messenger.beta/cache 
12-08 07:05:32.795  1992  2039 D tmessages: external dir mounted
12-08 07:05:32.795  1992  2039 D tmessages: check dir /storage/emulated/0/Android/data/org.chatengine.messenger.beta/cache 
12-08 07:05:32.795  1992  2039 D tmessages: cache path = /storage/emulated/0/Android/data/org.chatengine.messenger.beta/cache
12-08 07:05:32.810  1992  2039 D tmessages: image path = /storage/emulated/0/Android/data/org.chatengine.messenger.beta/files/Teamgram/Teamgram Images
12-08 07:05:32.821  1992  2039 D tmessages: video path = /storage/emulated/0/Android/data/org.chatengine.messenger.beta/files/Teamgram/Teamgram Video
12-08 07:05:32.839  1992  1992 D tmessages: applyLanguage: currentLocaleInfo is set
12-08 07:05:32.840  1992  2039 D tmessages: audio path = /storage/emulated/0/Android/data/org.chatengine.messenger.beta/files/Teamgram/Teamgram Audio
12-08 07:05:32.850  1992  1992 E tmessages: density = 1.125 display size = 464 824 180.0x180.0, screen layout: 268435810, statusbar height: 27, navbar height: 63
12-08 07:05:32.856  1992  2040 D tmessages: create new database
12-08 07:05:32.861  1992  2039 D tmessages: documents path = /storage/emulated/0/Android/data/org.chatengine.messenger.beta/files/Teamgram/Teamgram Documents
12-08 07:05:32.877  1992  1992 D tmessages: screen state = true
12-08 07:05:32.878  1992  2039 D tmessages: files path = /storage/emulated/0/Android/data/org.chatengine.messenger.beta/files/Teamgram/Teamgram Files
12-08 07:05:32.881  1992  1992 D tmessages: device performance info selected_class = 2 (cpu_count = 12, freq = 4034, memoryClass = 192, android version 30, manufacture Waydroid, screenRefreshRate=144.00002)
12-08 07:05:32.890  1992  1992 D tgnet   : Config(0x7f2638c25940, /data/user/0/org.chatengine.messenger.beta/files/tgnet.dat) config write ok
12-08 07:05:32.890  1992  1992 D tgnet   : [            Config.cpp: 129] Config(0x7f2638c25940, /data/user/0/org.chatengine.messenger.beta/files/tgnet.dat) config write ok
12-08 07:05:32.901  1992  1992 D tgnet   : Config(0x7f2638c25940, /data/user/0/org.chatengine.messenger.beta/files/tgnet.dat) config write ok
12-08 07:05:32.901  1992  1992 D tgnet   : [            Config.cpp: 129] Config(0x7f2638c25940, /data/user/0/org.chatengine.messenger.beta/files/tgnet.dat) config write ok
12-08 07:05:32.901  1992  2055 D tgnet   : network thread started
12-08 07:05:32.901  1992  2055 D tgnet   : [ConnectionsManager.cpp: 349] network thread started
12-08 07:05:32.902  1992  1992 D tmessages: valid interface: name:eth0 (eth0)
12-08 07:05:32.902  1992  1992 D tmessages: address: fe80::1549:e0aa:3df4:37c9%eth0
12-08 07:05:32.902  1992  1992 D tmessages: address: 192.168.240.112
12-08 07:05:32.902  1992  1992 D tmessages: address is good
12-08 07:05:32.902  1992  1992 D tmessages: selected ip strategy 0
12-08 07:05:32.903  1992  2055 D tgnet   : account0 dc1 handshake: begin, type = 0
12-08 07:05:32.903  1992  2055 D tgnet   : [         Handshake.cpp:  53] account0 dc1 handshake: begin, type = 0
12-08 07:05:32.903  1992  2055 D tgnet   : connection(0x7f2708c08070) set current timeout = 12
12-08 07:05:32.903  1992  2055 D tgnet   : [  ConnectionSocket.cpp:1072] connection(0x7f2708c08070) set current timeout = 12
12-08 07:05:32.903  1992  1992 D tmessages: app initied
12-08 07:05:32.910  1992  2044 D tmessages: gravity or linear sensor not found
12-08 07:05:32.924  1992  2039 D tmessages: image path = /storage/emulated/0/Android/media/org.chatengine.messenger.beta/Teamgram/Teamgram Images
12-08 07:05:32.937  1992  2043 D tmessages: send request org.telegram.tgnet.TLRPC$TL_help_getPromoData@159f00a with token = 1
12-08 07:05:32.937  1992  2043 D tgnet   : can't do request without login 14TL_api_request
12-08 07:05:32.937  1992  2043 D tgnet   : [ConnectionsManager.cpp:1850] can't do request without login 14TL_api_request
12-08 07:05:32.940  1992  2043 D tmessages: send request org.telegram.tgnet.TLRPC$TL_messages_getRecentReactions@6798e98 with token = 2
12-08 07:05:32.940  1992  2043 D tgnet   : can't do request without login 14TL_api_request
12-08 07:05:32.940  1992  2043 D tgnet   : [ConnectionsManager.cpp:1850] can't do request without login 14TL_api_request
12-08 07:05:32.940  1992  2043 D tmessages: send request org.telegram.tgnet.TLRPC$TL_messages_getTopReactions@cc436f1 with token = 3
12-08 07:05:32.940  1992  2043 D tgnet   : can't do request without login 14TL_api_request
12-08 07:05:32.940  1992  2043 D tgnet   : [ConnectionsManager.cpp:1850] can't do request without login 14TL_api_request
12-08 07:05:32.940  1992  2043 D tmessages: send request org.telegram.tgnet.TLRPC$TL_account_getDefaultProfilePhotoEmojis@7af02d6 with token = 4
12-08 07:05:32.940  1992  2043 D tgnet   : can't do request without login 14TL_api_request
12-08 07:05:32.940  1992  2043 D tgnet   : [ConnectionsManager.cpp:1850] can't do request without login 14TL_api_request
12-08 07:05:32.940  1992  2043 D tmessages: send request org.telegram.tgnet.TLRPC$TL_account_getDefaultProfilePhotoEmojis@fe59957 with token = 5
12-08 07:05:32.940  1992  2043 D tgnet   : can't do request without login 14TL_api_request
12-08 07:05:32.940  1992  2043 D tgnet   : [ConnectionsManager.cpp:1850] can't do request without login 14TL_api_request
12-08 07:05:32.946  1992  2039 D tmessages: video path = /storage/emulated/0/Android/media/org.chatengine.messenger.beta/Teamgram/Teamgram Video
12-08 07:05:32.970  1992  1992 E tmessages: density = 1.125 display size = 464 824 180.0x180.0, screen layout: 268435810, statusbar height: 27, navbar height: 63
12-08 07:05:32.989  1992  2048 D tmessages: device performance info selected_class = 2 (cpu_count = 12, freq = 4034, memoryClass = 192, android version 30, manufacture Waydroid, screenRefreshRate=144.00002)
12-08 07:05:33.033  1992  2043 D tmessages: send request org.telegram.tgnet.TLRPC$TL_langpack_getLanguages@681bebf with token = 6
12-08 07:05:33.033  1992  2055 D tgnet   : send request 0x7f2648c16c50 - 14TL_api_request
12-08 07:05:33.033  1992  2055 D tgnet   : [ConnectionsManager.cpp:1875] send request 0x7f2648c16c50 - 14TL_api_request
12-08 07:05:33.038  1992  2055 D tgnet   : wrap in layer 14TL_api_request, flags = 2
12-08 07:05:33.038  1992  2055 D tgnet   : [ConnectionsManager.cpp:2943] wrap in layer 14TL_api_request, flags = 2
12-08 07:05:33.038  1992  2055 D tgnet   : send request wrapped 0x7f2648c17610 - 15invokeWithLayer
12-08 07:05:33.038  1992  2055 D tgnet   : [ConnectionsManager.cpp:1882] send request wrapped 0x7f2648c17610 - 15invokeWithLayer
12-08 07:05:33.045  1992  2055 D tgnet   : connection(0x7f2708c08070) reset last event time, on connect
12-08 07:05:33.045  1992  2055 D tgnet   : [  ConnectionSocket.cpp: 959] connection(0x7f2708c08070) reset last event time, on connect
12-08 07:05:33.045  1992  2055 D tgnet   : connection(0x7f2708c08070, account0, dc1, type 1) connected to 43.155.11.190:10443
12-08 07:05:33.045  1992  2055 D tgnet   : [        Connection.cpp: 831] connection(0x7f2708c08070, account0, dc1, type 1) connected to 43.155.11.190:10443
12-08 07:05:33.045  1992  2055 D tgnet   : called from onConnectionConnected
12-08 07:05:33.045  1992  2055 D tgnet   : [ConnectionsManager.cpp: 817] called from onConnectionConnected
12-08 07:05:33.045  1992  2055 D tgnet   : account0 dc1 handshake: begin, type = 0
12-08 07:05:33.045  1992  2055 D tgnet   : [         Handshake.cpp:  53] account0 dc1 handshake: begin, type = 0
12-08 07:05:33.045  1992  2055 D tgnet   : onHandshakeConnectionConnected
12-08 07:05:33.045  1992  2055 D tgnet   : [         Handshake.cpp:1070] onHandshakeConnectionConnected
12-08 07:05:33.045  1992  2055 D tgnet   : firstPacketSent called
12-08 07:05:33.045  1992  2055 D tgnet   : [        Connection.cpp: 576] firstPacketSent called
12-08 07:05:33.065  1992  1992 D tmessages: OS name lineage_waydroid_x86_64-userdebug 11 rq3a.211001.001 135 test-keys lineage_waydroid_x86_64-userdebug 11 rq3a.211001.001 135 test-keys
12-08 07:05:33.087  1992  1992 D tmessages: switch to foreground
12-08 07:05:33.110  1992  2045 D tmessages: checkKeepMedia start task
12-08 07:05:33.110  1992  1992 D tmessages: app paused = false
12-08 07:05:33.110  1992  1992 D tmessages: app resume count 1
12-08 07:05:33.110  1992  1992 D tmessages: reset app pause time
12-08 07:05:33.110  1992  2055 D tgnet   : wakeup network account0
12-08 07:05:33.110  1992  2055 D tgnet   : [ConnectionsManager.cpp:3533] wakeup network account0
12-08 07:05:33.110  1992  2045 D tmessages: external dir mounted
12-08 07:05:33.111  1992  2045 D tmessages: check dir /storage/emulated/0/Android/data/org.chatengine.messenger.beta/cache 
12-08 07:05:33.111  1992  2045 D tmessages: cache path = /storage/emulated/0/Android/data/org.chatengine.messenger.beta/cache
12-08 07:05:33.124  1992  1992 D tmessages: valid interface: name:eth0 (eth0)
12-08 07:05:33.124  1992  1992 D tmessages: address: fe80::1549:e0aa:3df4:37c9%eth0
12-08 07:05:33.124  1992  1992 D tmessages: address: 192.168.240.112
12-08 07:05:33.124  1992  1992 D tmessages: address is good
12-08 07:05:33.125  1992  1992 D tmessages: selected ip strategy 0
12-08 07:05:33.125  1992  2043 D tmessages: send request org.telegram.tgnet.TLRPC$TL_account_getAutoDownloadSettings@e3c13fd with token = 7
12-08 07:05:33.125  1992  2043 D tgnet   : can't do request without login 14TL_api_request
12-08 07:05:33.125  1992  2043 D tgnet   : [ConnectionsManager.cpp:1850] can't do request without login 14TL_api_request
12-08 07:05:33.126  1992  2043 D tmessages: send request org.telegram.tgnet.TLRPC$TL_account_getSavedRingtones@59c8f2 with token = 8
12-08 07:05:33.126  1992  2043 D tgnet   : can't do request without login 14TL_api_request
12-08 07:05:33.126  1992  2043 D tgnet   : [ConnectionsManager.cpp:1850] can't do request without login 14TL_api_request
12-08 07:05:33.131  1992  2045 D tmessages: image path = /storage/emulated/0/Android/data/org.chatengine.messenger.beta/files/Teamgram/Teamgram Images
12-08 07:05:33.152  1992  2045 D tmessages: video path = /storage/emulated/0/Android/data/org.chatengine.messenger.beta/files/Teamgram/Teamgram Video
12-08 07:05:33.172  1992  2045 D tmessages: audio path = /storage/emulated/0/Android/data/org.chatengine.messenger.beta/files/Teamgram/Teamgram Audio
12-08 07:05:33.185  1992  2055 D tgnet   : Config(0x7f2638c43850, /data/user/0/org.chatengine.messenger.beta/files/dc1conf.dat) config write ok
12-08 07:05:33.185  1992  2055 D tgnet   : [            Config.cpp: 129] Config(0x7f2638c43850, /data/user/0/org.chatengine.messenger.beta/files/dc1conf.dat) config write ok
12-08 07:05:33.185  1992  2055 D tgnet   : connection(0x7f2708c08070) set current timeout = 4
12-08 07:05:33.185  1992  2055 D tgnet   : [  ConnectionSocket.cpp:1072] connection(0x7f2708c08070) set current timeout = 4
12-08 07:05:33.185  1992  2055 D tgnet   : received message len 84 (currentPacketLength) equal to packet size
12-08 07:05:33.185  1992  2055 D tgnet   : [        Connection.cpp: 275] received message len 84 (currentPacketLength) equal to packet size
12-08 07:05:33.185  1992  2055 E tgnet   : process handshake
12-08 07:05:33.196  1992  2045 D tmessages: documents path = /storage/emulated/0/Android/data/org.chatengine.messenger.beta/files/Teamgram/Teamgram Documents
12-08 07:05:33.217  1992  2045 D tmessages: files path = /storage/emulated/0/Android/data/org.chatengine.messenger.beta/files/Teamgram/Teamgram Files
12-08 07:05:33.239  1992  1992 D tmessages: switch to state 3
12-08 07:05:33.242  1992  2055 D tgnet   : sendRequestData resPq
12-08 07:05:33.242  1992  2055 D tgnet   : [         Handshake.cpp: 581] sendRequestData resPq
12-08 07:05:33.245  1992  2045 D tmessages: image path = /storage/emulated/0/Android/media/org.chatengine.messenger.beta/Teamgram/Teamgram Images
12-08 07:05:33.269  1992  2045 D tmessages: video path = /storage/emulated/0/Android/media/org.chatengine.messenger.beta/Teamgram/Teamgram Video
12-08 07:05:33.271  1992  2045 D tmessages: checkKeepMedia task end time 161 auto deleted info: files 0 size 0 KB   deleted by size limit info: files 0 size 0 KB unknownTimeFiles 0
12-08 07:05:33.346  1992  2055 D tgnet   : received message len 652 (currentPacketLength) equal to packet size
12-08 07:05:33.346  1992  2055 D tgnet   : [        Connection.cpp: 275] received message len 652 (currentPacketLength) equal to packet size
12-08 07:05:33.346  1992  2055 E tgnet   : process handshake
12-08 07:05:33.352  1992  2055 D tgnet   : sendRequestData dhParamsOk
12-08 07:05:33.352  1992  2055 D tgnet   : [         Handshake.cpp: 768] sendRequestData dhParamsOk
12-08 07:05:33.445  1992  2055 D tgnet   : received message len 72 (currentPacketLength) equal to packet size
12-08 07:05:33.445  1992  2055 D tgnet   : [        Connection.cpp: 275] received message len 72 (currentPacketLength) equal to packet size
12-08 07:05:33.445  1992  2055 E tgnet   : process handshake
12-08 07:05:33.445  1992  2055 D tgnet   : account0 dc1 handshake: completed, time difference = 0, type = 0
12-08 07:05:33.445  1992  2055 D tgnet   : [         Handshake.cpp: 822] account0 dc1 handshake: completed, time difference = 0, type = 0
12-08 07:05:33.445  1992  2055 D tgnet   : called from onDatacenterHandshakeComplete
12-08 07:05:33.445  1992  2055 D tgnet   : [ConnectionsManager.cpp:2037] called from onDatacenterHandshakeComplete
12-08 07:05:33.455  1992  2055 D tgnet   : Config(0x7f2638c25940, /data/user/0/org.chatengine.messenger.beta/files/tgnet.dat) config write ok
12-08 07:05:33.455  1992  2055 D tgnet   : [            Config.cpp: 129] Config(0x7f2638c25940, /data/user/0/org.chatengine.messenger.beta/files/tgnet.dat) config write ok
12-08 07:05:33.455  1992  2055 D tgnet   : messageId for token = 6, 0x693678bd747ae000
12-08 07:05:33.455  1992  2055 D tgnet   : [ConnectionsManager.cpp:2609] messageId for token = 6, 0x693678bd747ae000
12-08 07:05:33.455  1992  2055 D tgnet   : send message (session: 0xabcd9f43c04e8e49, seqno: 1, messageid: 7581379777823170560  0x693678bd747ae000): 15invokeWithLayer(0x7f2648c17610)
12-08 07:05:33.455  1992  2055 D tgnet   : [        Datacenter.cpp:1186] send message (session: 0xabcd9f43c04e8e49, seqno: 1, messageid: 7581379777823170560  0x693678bd747ae000): 15invokeWithLayer(0x7f2648c17610)
12-08 07:05:33.541  1992  2055 D tgnet   : received message len 104 (currentPacketLength) equal to packet size
12-08 07:05:33.541  1992  2055 D tgnet   : [        Connection.cpp: 275] received message len 104 (currentPacketLength) equal to packet size
12-08 07:05:33.542  1992  2055 D tgnet   : connection(0x7f2708c08070, account0, dc1, type 1) received object 22TL_new_session_created
12-08 07:05:33.542  1992  2055 D tgnet   : [ConnectionsManager.cpp:1008] connection(0x7f2708c08070, account0, dc1, type 1) received object 22TL_new_session_created
12-08 07:05:33.542  1992  2055 D tgnet   : process server response 0x7f2658e58030 - 22TL_new_session_created
12-08 07:05:33.542  1992  2055 D tgnet   : [ConnectionsManager.cpp:1122] process server response 0x7f2658e58030 - 22TL_new_session_created
12-08 07:05:33.542  1992  2055 D tgnet   : connection(0x7f2708c08070, account0, dc1, type 1) new session created (first message id: 0x693678bd747ae000, server salt: 0x431d718489304ff8, unique id: 0x62a5189e6789c736)
12-08 07:05:33.542  1992  2055 D tgnet   : [ConnectionsManager.cpp:1131] connection(0x7f2708c08070, account0, dc1, type 1) new session created (first message id: 0x693678bd747ae000, server salt: 0x431d718489304ff8, unique id: 0x62a5189e6789c736)
12-08 07:05:33.551  1992  2055 D tgnet   : Config(0x7f2638c25940, /data/user/0/org.chatengine.messenger.beta/files/tgnet.dat) config write ok
12-08 07:05:33.551  1992  2055 D tgnet   : [            Config.cpp: 129] Config(0x7f2638c25940, /data/user/0/org.chatengine.messenger.beta/files/tgnet.dat) config write ok
12-08 07:05:33.629  1992  2055 D tgnet   : connection(0x7f2708c08070, account0, dc1, type 1) received message len (currentPacketLength) 104 but packet (buffer->remaining()) larger 465
12-08 07:05:33.629  1992  2055 D tgnet   : [        Connection.cpp: 269] connection(0x7f2708c08070, account0, dc1, type 1) received message len (currentPacketLength) 104 but packet (buffer->remaining()) larger 465
12-08 07:05:33.630  1992  2055 D tgnet   : received message len 360 (currentPacketLength) equal to packet size
12-08 07:05:33.630  1992  2055 D tgnet   : [        Connection.cpp: 275] received message len 360 (currentPacketLength) equal to packet size
12-08 07:05:33.630  1992  2055 D tgnet   : connection(0x7f2708c08070, account0, dc1, type 1) received object 13TL_rpc_result
12-08 07:05:33.630  1992  2055 D tgnet   : [ConnectionsManager.cpp:1008] connection(0x7f2708c08070, account0, dc1, type 1) received object 13TL_rpc_result
12-08 07:05:33.630  1992  2055 D tgnet   : process server response 0x7f2648c335d0 - 13TL_rpc_result
12-08 07:05:33.630  1992  2055 D tgnet   : [ConnectionsManager.cpp:1122] process server response 0x7f2648c335d0 - 13TL_rpc_result
12-08 07:05:33.630  1992  2055 D tgnet   : message_id 7581379776811010289 connection(0x7f2708c08070, account0, dc1, type 1) received rpc_result with 14TL_gzip_packed
12-08 07:05:33.630  1992  2055 D tgnet   : [ConnectionsManager.cpp:1267] message_id 7581379776811010289 connection(0x7f2708c08070, account0, dc1, type 1) received rpc_result with 14TL_gzip_packed
12-08 07:05:33.631  1992  2055 D tgnet   : got response for request 0x7f2648c16c50 - 14TL_api_request
12-08 07:05:33.631  1992  2055 D tgnet   : [ConnectionsManager.cpp:1303] got response for request 0x7f2648c16c50 - 14TL_api_request
12-08 07:05:33.631  1992  2055 D tgnet   : api request constructor 0x1cb5c415, don't parse
12-08 07:05:33.631  1992  2055 D tgnet   : [ConnectionsManager.cpp:1096] api request constructor 0x1cb5c415, don't parse
12-08 07:05:33.632  1992  2055 D tmessages: CM java buff saved to /sdcard/Android/data/org.chatengine.messenger.beta/files/buff_1765177533631.bin
12-08 07:05:33.634  1992  2055 D tmessages: java received org.telegram.tgnet.TLRPC$Vector@8fab7b2 error = null
12-08 07:05:33.649  1992  2033 D MTProto : requestMsgId=139799395009840 requestingTime=616 request_token=6
12-08 07:05:33.649  1992  2033 D MTProto : req -> TL_langpack_getLanguages : {}
12-08 07:05:33.649  1992  2033 D MTProto : res -> Vector : {"objects":[{"base_lang_code":"zh-hans-raw","flags":2,"lang_code":"classic-zh-cn","name":"Chinese (Simplified, @zh_CN)","native_name":"简体中文 (@zh_CN 版)","official":false,"plural_code":"zh","rtl":false,"strings_count":5744,"translated_count":5744,"translations_url":"https://translations.telegram.org/classic-zh-cn/"},{"flags":1,"lang_code":"en","name":"English","native_name":"English","official":true,"plural_code":"en","rtl":false,"strings_count":5744,"translated_count":5744,"translations_url":"https://translations.telegram.org/en/"},{"flags":12,"lang_code":"fa-raw","name":"Persian","native_name":"فارسی (beta)","official":false,"plural_code":"fa","rtl":true,"strings_count":5744,"translated_count":5045,"translations_url":"https://translations.telegram.org/fa/"}]}
12-08 07:05:33.649  1992  2033 D MTProto :  
12-08 07:05:33.652  1992  1992 D tmessages: loaded lang Chinese (Simplified, @zh_CN)
12-08 07:05:33.652  1992  1992 D tmessages: loaded lang English
12-08 07:05:33.652  1992  1992 D tmessages: loaded lang Persian
12-08 07:05:33.658  1992  2055 D tgnet   : Config(0x7f2638c25940, /data/user/0/org.chatengine.messenger.beta/files/tgnet.dat) config write ok
12-08 07:05:33.658  1992  2055 D tgnet   : [            Config.cpp: 129] Config(0x7f2638c25940, /data/user/0/org.chatengine.messenger.beta/files/tgnet.dat) config write ok
12-08 07:05:33.658  1992  2055 D tgnet   : dc1 init connection completed
12-08 07:05:33.658  1992  2055 D tgnet   : [ConnectionsManager.cpp:1482] dc1 init connection completed
12-08 07:05:33.664  1992  1992 D tmessages: reload locale because one of file doesn't exist /data/user/0/org.chatengine.messenger.beta/files/remote_en.xml null
12-08 07:05:33.664  1992  1992 D tmessages: applyRemoteLanguage null force=true currentAccount=0
12-08 07:05:33.664  1992  1992 D tmessages: set as patched en langpack
12-08 07:05:33.664  1992  1992 D tmessages: applyRemoteLanguage getLangPack
12-08 07:05:33.664  1992  2043 D tmessages: send request org.telegram.tgnet.TLRPC$TL_langpack_getLangPack@c914dd6 with token = 9
12-08 07:05:33.664  1992  2055 D tgnet   : send request 0x7f2648c2faf0 - 14TL_api_request
12-08 07:05:33.664  1992  2055 D tgnet   : [ConnectionsManager.cpp:1875] send request 0x7f2648c2faf0 - 14TL_api_request
12-08 07:05:33.664  1992  2055 D tgnet   : send request wrapped 0x7f2648c2faf0 - 14TL_api_request
12-08 07:05:33.664  1992  2055 D tgnet   : [ConnectionsManager.cpp:1882] send request wrapped 0x7f2648c2faf0 - 14TL_api_request
12-08 07:05:33.664  1992  2055 D tgnet   : messageId for token = 9, 0x693678bda9fbe800
12-08 07:05:33.664  1992  2055 D tgnet   : [ConnectionsManager.cpp:2609] messageId for token = 9, 0x693678bda9fbe800
12-08 07:05:33.664  1992  2055 D tgnet   : send message (session: 0xabcd9f43c04e8e49, seqno: 3, messageid: 7581379778720819200  0x693678bda9fbe800): 14TL_api_request(0x7f2648c2faf0)
12-08 07:05:33.664  1992  2055 D tgnet   : [        Datacenter.cpp:1186] send message (session: 0xabcd9f43c04e8e49, seqno: 3, messageid: 7581379778720819200  0x693678bda9fbe800): 14TL_api_request(0x7f2648c2faf0)
12-08 07:05:33.675  1992  1992 D tmessages: applyLanguage: currentLocaleInfo is set
12-08 07:05:33.728  1992  2043 D tmessages: send request org.telegram.tgnet.TLRPC$TL_messages_getStickerSet@1b3bf44 with token = 10
12-08 07:05:33.728  1992  2043 D tgnet   : can't do request without login 14TL_api_request
12-08 07:05:33.728  1992  2043 D tgnet   : [ConnectionsManager.cpp:1850] can't do request without login 14TL_api_request
12-08 07:05:33.757  1992  2055 D tgnet   : connection(0x7f2708c08070, account0, dc1, type 1) received packet size less(2772) then message size(106440)
12-08 07:05:33.757  1992  2055 D tgnet   : [        Connection.cpp: 277] connection(0x7f2708c08070, account0, dc1, type 1) received packet size less(2772) then message size(106440)
12-08 07:05:33.769  1992  2055 D tgnet   : connection( account0, dc1, type 1) received packet size less(5648) then message size(106444)
12-08 07:05:33.769  1992  2055 D tgnet   : [        Connection.cpp: 155] connection( account0, dc1, type 1) received packet size less(5648) then message size(106444)
12-08 07:05:33.799  1992  2055 D tgnet   : connection( account0, dc1, type 1) received packet size less(8424) then message size(106444)
12-08 07:05:33.799  1992  2055 D tgnet   : [        Connection.cpp: 155] connection( account0, dc1, type 1) received packet size less(8424) then message size(106444)
12-08 07:05:33.800  1992  2055 D tgnet   : connection( account0, dc1, type 1) received packet size less(11200) then message size(106444)
12-08 07:05:33.800  1992  2055 D tgnet   : [        Connection.cpp: 155] connection( account0, dc1, type 1) received packet size less(11200) then message size(106444)
12-08 07:05:33.801  1992  2055 D tgnet   : connection( account0, dc1, type 1) received packet size less(13976) then message size(106444)
12-08 07:05:33.801  1992  2055 D tgnet   : [        Connection.cpp: 155] connection( account0, dc1, type 1) received packet size less(13976) then message size(106444)
12-08 07:05:33.813  1992  2055 D tgnet   : connection( account0, dc1, type 1) received packet size less(16944) then message size(106444)
12-08 07:05:33.813  1992  2055 D tgnet   : [        Connection.cpp: 155] connection( account0, dc1, type 1) received packet size less(16944) then message size(106444)
12-08 07:05:33.842  1992  2055 D tgnet   : connection( account0, dc1, type 1) received packet size less(19720) then message size(106444)
12-08 07:05:33.842  1992  2055 D tgnet   : [        Connection.cpp: 155] connection( account0, dc1, type 1) received packet size less(19720) then message size(106444)
12-08 07:05:33.843  1992  2055 D tgnet   : connection( account0, dc1, type 1) received packet size less(22496) then message size(106444)
12-08 07:05:33.843  1992  2055 D tgnet   : [        Connection.cpp: 155] connection( account0, dc1, type 1) received packet size less(22496) then message size(106444)
12-08 07:05:33.844  1992  2055 D tgnet   : connection( account0, dc1, type 1) received packet size less(25272) then message size(106444)
12-08 07:05:33.844  1992  2055 D tgnet   : [        Connection.cpp: 155] connection( account0, dc1, type 1) received packet size less(25272) then message size(106444)
12-08 07:05:33.845  1992  2055 D tgnet   : connection( account0, dc1, type 1) received packet size less(28048) then message size(106444)
12-08 07:05:33.845  1992  2055 D tgnet   : [        Connection.cpp: 155] connection( account0, dc1, type 1) received packet size less(28048) then message size(106444)
12-08 07:05:33.845  1992  2055 D tgnet   : connection( account0, dc1, type 1) received packet size less(30824) then message size(106444)
12-08 07:05:33.845  1992  2055 D tgnet   : [        Connection.cpp: 155] connection( account0, dc1, type 1) received packet size less(30824) then message size(106444)
12-08 07:05:33.846  1992  2055 D tgnet   : connection( account0, dc1, type 1) received packet size less(33600) then message size(106444)
12-08 07:05:33.846  1992  2055 D tgnet   : [        Connection.cpp: 155] connection( account0, dc1, type 1) received packet size less(33600) then message size(106444)
12-08 07:05:33.846  1992  2055 D tgnet   : connection( account0, dc1, type 1) received packet size less(36712) then message size(106444)
12-08 07:05:33.846  1992  2055 D tgnet   : [        Connection.cpp: 155] connection( account0, dc1, type 1) received packet size less(36712) then message size(106444)
12-08 07:05:33.857  1992  2055 D tgnet   : connection( account0, dc1, type 1) received packet size less(39488) then message size(106444)
12-08 07:05:33.857  1992  2055 D tgnet   : [        Connection.cpp: 155] connection( account0, dc1, type 1) received packet size less(39488) then message size(106444)
12-08 07:05:33.885  1992  2055 D tgnet   : connection( account0, dc1, type 1) received packet size less(39536) then message size(106444)
12-08 07:05:33.885  1992  2055 D tgnet   : [        Connection.cpp: 155] connection( account0, dc1, type 1) received packet size less(39536) then message size(106444)
12-08 07:05:33.889  1992  2055 D tgnet   : connection( account0, dc1, type 1) received packet size less(42312) then message size(106444)
12-08 07:05:33.889  1992  2055 D tgnet   : [        Connection.cpp: 155] connection( account0, dc1, type 1) received packet size less(42312) then message size(106444)
12-08 07:05:33.889  1992  2055 D tgnet   : connection( account0, dc1, type 1) received packet size less(45088) then message size(106444)
12-08 07:05:33.889  1992  2055 D tgnet   : [        Connection.cpp: 155] connection( account0, dc1, type 1) received packet size less(45088) then message size(106444)
12-08 07:05:33.891  1992  2055 D tgnet   : connection( account0, dc1, type 1) received packet size less(47864) then message size(106444)
12-08 07:05:33.891  1992  2055 D tgnet   : [        Connection.cpp: 155] connection( account0, dc1, type 1) received packet size less(47864) then message size(106444)
12-08 07:05:33.891  1992  2055 D tgnet   : connection( account0, dc1, type 1) received packet size less(50640) then message size(106444)
12-08 07:05:33.891  1992  2055 D tgnet   : [        Connection.cpp: 155] connection( account0, dc1, type 1) received packet size less(50640) then message size(106444)
12-08 07:05:33.901  1992  2055 D tgnet   : connection( account0, dc1, type 1) received packet size less(53416) then message size(106444)
12-08 07:05:33.901  1992  2055 D tgnet   : [        Connection.cpp: 155] connection( account0, dc1, type 1) received packet size less(53416) then message size(106444)
12-08 07:05:33.903  1992  2055 D tgnet   : connection( account0, dc1, type 1) received packet size less(56192) then message size(106444)
12-08 07:05:33.903  1992  2055 D tgnet   : [        Connection.cpp: 155] connection( account0, dc1, type 1) received packet size less(56192) then message size(106444)
12-08 07:05:33.906  1992  2055 D tgnet   : connection( account0, dc1, type 1) received packet size less(58968) then message size(106444)
12-08 07:05:33.906  1992  2055 D tgnet   : [        Connection.cpp: 155] connection( account0, dc1, type 1) received packet size less(58968) then message size(106444)
12-08 07:05:33.906  1992  2055 D tgnet   : connection( account0, dc1, type 1) received packet size less(61744) then message size(106444)
12-08 07:05:33.906  1992  2055 D tgnet   : [        Connection.cpp: 155] connection( account0, dc1, type 1) received packet size less(61744) then message size(106444)
12-08 07:05:33.907  1992  2055 D tgnet   : connection( account0, dc1, type 1) received packet size less(70072) then message size(106444)
12-08 07:05:33.907  1992  2055 D tgnet   : [        Connection.cpp: 155] connection( account0, dc1, type 1) received packet size less(70072) then message size(106444)
12-08 07:05:33.907  1992  2055 D tgnet   : connection( account0, dc1, type 1) received packet size less(72848) then message size(106444)
12-08 07:05:33.907  1992  2055 D tgnet   : [        Connection.cpp: 155] connection( account0, dc1, type 1) received packet size less(72848) then message size(106444)
12-08 07:05:33.909  1992  1992 D tmessages: No valid Google Play Services APK found.
12-08 07:05:33.911  1992  2055 D tgnet   : connection( account0, dc1, type 1) received packet size less(75624) then message size(106444)
12-08 07:05:33.911  1992  2055 D tgnet   : [        Connection.cpp: 155] connection( account0, dc1, type 1) received packet size less(75624) then message size(106444)
12-08 07:05:33.912  1992  2055 D tgnet   : connection( account0, dc1, type 1) received packet size less(78400) then message size(106444)
12-08 07:05:33.912  1992  2055 D tgnet   : [        Connection.cpp: 155] connection( account0, dc1, type 1) received packet size less(78400) then message size(106444)
12-08 07:05:33.912  1992  2055 D tgnet   : connection( account0, dc1, type 1) received packet size less(81176) then message size(106444)
12-08 07:05:33.912  1992  2055 D tgnet   : [        Connection.cpp: 155] connection( account0, dc1, type 1) received packet size less(81176) then message size(106444)
12-08 07:05:33.919  1992  2055 D tgnet   : Config(0x7f2638c25940, /data/user/0/org.chatengine.messenger.beta/files/tgnet.dat) config write ok
12-08 07:05:33.920  1992  2055 D tgnet   : [            Config.cpp: 129] Config(0x7f2638c25940, /data/user/0/org.chatengine.messenger.beta/files/tgnet.dat) config write ok
12-08 07:05:33.920  1992  2055 D tgnet   : move 0x7f2648c2faf0 - 14TL_api_request to requestsQueue because of initConnection
12-08 07:05:33.920  1992  2055 D tgnet   : [ConnectionsManager.cpp:2296] move 0x7f2648c2faf0 - 14TL_api_request to requestsQueue because of initConnection
12-08 07:05:33.920  1992  2055 D tgnet   : wrap in layer 14TL_api_request, flags = 2
12-08 07:05:33.920  1992  2055 D tgnet   : [ConnectionsManager.cpp:2943] wrap in layer 14TL_api_request, flags = 2
12-08 07:05:33.920  1992  2055 D tgnet   : messageId for token = 9, 0x693678bdeb852000
12-08 07:05:33.920  1992  2055 D tgnet   : [ConnectionsManager.cpp:2609] messageId for token = 9, 0x693678bdeb852000
12-08 07:05:33.920  1992  2055 D tgnet   : send message (session: 0xabcd9f43c04e8e49, seqno: 5, messageid: 7581379779820331008  0x693678bdeb852000): 15invokeWithLayer(0x7f2648c349b0)
12-08 07:05:33.920  1992  2055 D tgnet   : [        Datacenter.cpp:1186] send message (session: 0xabcd9f43c04e8e49, seqno: 5, messageid: 7581379779820331008  0x693678bdeb852000): 15invokeWithLayer(0x7f2648c349b0)
12-08 07:05:33.925  1992  2055 D tgnet   : connection( account0, dc1, type 1) received packet size less(83952) then message size(106444)
12-08 07:05:33.925  1992  2055 D tgnet   : [        Connection.cpp: 155] connection( account0, dc1, type 1) received packet size less(83952) then message size(106444)
12-08 07:05:33.930  1992  2055 D tgnet   : connection( account0, dc1, type 1) received packet size less(86728) then message size(106444)
12-08 07:05:33.930  1992  2055 D tgnet   : [        Connection.cpp: 155] connection( account0, dc1, type 1) received packet size less(86728) then message size(106444)
12-08 07:05:33.932  1992  2055 D tgnet   : connection( account0, dc1, type 1) received packet size less(89504) then message size(106444)
12-08 07:05:33.932  1992  2055 D tgnet   : [        Connection.cpp: 155] connection( account0, dc1, type 1) received packet size less(89504) then message size(106444)
12-08 07:05:33.934  1992  2055 D tgnet   : connection( account0, dc1, type 1) received packet size less(92280) then message size(106444)
12-08 07:05:33.934  1992  2055 D tgnet   : [        Connection.cpp: 155] connection( account0, dc1, type 1) received packet size less(92280) then message size(106444)
12-08 07:05:33.934  1992  2055 D tgnet   : connection( account0, dc1, type 1) received packet size less(95056) then message size(106444)
12-08 07:05:33.934  1992  2055 D tgnet   : [        Connection.cpp: 155] connection( account0, dc1, type 1) received packet size less(95056) then message size(106444)
12-08 07:05:33.934  1992  2055 D tgnet   : connection( account0, dc1, type 1) received packet size less(97832) then message size(106444)
12-08 07:05:33.935  1992  2055 D tgnet   : [        Connection.cpp: 155] connection( account0, dc1, type 1) received packet size less(97832) then message size(106444)
12-08 07:05:33.935  1992  2055 D tgnet   : connection( account0, dc1, type 1) received packet size less(100608) then message size(106444)
12-08 07:05:33.935  1992  2055 D tgnet   : [        Connection.cpp: 155] connection( account0, dc1, type 1) received packet size less(100608) then message size(106444)
12-08 07:05:33.935  1992  2055 D tgnet   : connection( account0, dc1, type 1) received packet size less(103384) then message size(106444)
12-08 07:05:33.935  1992  2055 D tgnet   : [        Connection.cpp: 155] connection( account0, dc1, type 1) received packet size less(103384) then message size(106444)
12-08 07:05:33.949  1992  2055 D tgnet   : received message len 106440 (currentPacketLength) equal to packet size
12-08 07:05:33.949  1992  2055 D tgnet   : [        Connection.cpp: 275] received message len 106440 (currentPacketLength) equal to packet size
12-08 07:05:33.950  1992  2055 D tgnet   : connection(0x7f2708c08070, account0, dc1, type 1) received object 13TL_rpc_result
12-08 07:05:33.950  1992  2055 D tgnet   : [ConnectionsManager.cpp:1008] connection(0x7f2708c08070, account0, dc1, type 1) received object 13TL_rpc_result
12-08 07:05:33.950  1992  2055 D tgnet   : process server response 0x7f2648c34110 - 13TL_rpc_result
12-08 07:05:33.950  1992  2055 D tgnet   : [ConnectionsManager.cpp:1122] process server response 0x7f2648c34110 - 13TL_rpc_result
12-08 07:05:33.950  1992  2055 D tgnet   : message_id 7581379777255606521 connection(0x7f2708c08070, account0, dc1, type 1) received rpc_result with 14TL_gzip_packed
12-08 07:05:33.950  1992  2055 D tgnet   : [ConnectionsManager.cpp:1267] message_id 7581379777255606521 connection(0x7f2708c08070, account0, dc1, type 1) received rpc_result with 14TL_gzip_packed
12-08 07:05:34.015  1992  2055 D tgnet   : connection(0x7f2708c08070, account0, dc1, type 1) received packet size less(2772) then message size(106440)
12-08 07:05:34.015  1992  2055 D tgnet   : [        Connection.cpp: 277] connection(0x7f2708c08070, account0, dc1, type 1) received packet size less(2772) then message size(106440)
12-08 07:05:34.016  1992  2055 D tgnet   : connection( account0, dc1, type 1) received packet size less(5552) then message size(106444)
12-08 07:05:34.016  1992  2055 D tgnet   : [        Connection.cpp: 155] connection( account0, dc1, type 1) received packet size less(5552) then message size(106444)
12-08 07:05:34.017  1992  2055 D tgnet   : connection( account0, dc1, type 1) received packet size less(8328) then message size(106444)
12-08 07:05:34.017  1992  2055 D tgnet   : [        Connection.cpp: 155] connection( account0, dc1, type 1) received packet size less(8328) then message size(106444)
12-08 07:05:34.018  1992  2055 D tgnet   : connection( account0, dc1, type 1) received packet size less(11104) then message size(106444)
12-08 07:05:34.018  1992  2055 D tgnet   : [        Connection.cpp: 155] connection( account0, dc1, type 1) received packet size less(11104) then message size(106444)
12-08 07:05:34.018  1992  2055 D tgnet   : connection( account0, dc1, type 1) received packet size less(13880) then message size(106444)
12-08 07:05:34.018  1992  2055 D tgnet   : [        Connection.cpp: 155] connection( account0, dc1, type 1) received packet size less(13880) then message size(106444)
12-08 07:05:34.019  1992  2055 D tgnet   : connection( account0, dc1, type 1) received packet size less(16656) then message size(106444)
12-08 07:05:34.019  1992  2055 D tgnet   : [        Connection.cpp: 155] connection( account0, dc1, type 1) received packet size less(16656) then message size(106444)
12-08 07:05:34.020  1992  2055 D tgnet   : connection( account0, dc1, type 1) received packet size less(19768) then message size(106444)
12-08 07:05:34.020  1992  2055 D tgnet   : [        Connection.cpp: 155] connection( account0, dc1, type 1) received packet size less(19768) then message size(106444)
12-08 07:05:34.020  1992  2055 D tgnet   : connection( account0, dc1, type 1) received packet size less(22544) then message size(106444)
12-08 07:05:34.020  1992  2055 D tgnet   : [        Connection.cpp: 155] connection( account0, dc1, type 1) received packet size less(22544) then message size(106444)
12-08 07:05:34.021  1992  2055 D tgnet   : connection( account0, dc1, type 1) received packet size less(25320) then message size(106444)
12-08 07:05:34.021  1992  2055 D tgnet   : [        Connection.cpp: 155] connection( account0, dc1, type 1) received packet size less(25320) then message size(106444)
12-08 07:05:34.022  1992  2055 D tgnet   : connection( account0, dc1, type 1) received packet size less(28096) then message size(106444)
12-08 07:05:34.022  1992  2055 D tgnet   : [        Connection.cpp: 155] connection( account0, dc1, type 1) received packet size less(28096) then message size(106444)
12-08 07:05:34.023  1992  2055 D tgnet   : connection( account0, dc1, type 1) received packet size less(30872) then message size(106444)
12-08 07:05:34.023  1992  2055 D tgnet   : [        Connection.cpp: 155] connection( account0, dc1, type 1) received packet size less(30872) then message size(106444)
12-08 07:05:34.023  1992  2055 D tgnet   : connection( account0, dc1, type 1) received packet size less(33648) then message size(106444)
12-08 07:05:34.023  1992  2055 D tgnet   : [        Connection.cpp: 155] connection( account0, dc1, type 1) received packet size less(33648) then message size(106444)
12-08 07:05:34.024  1992  2055 D tgnet   : connection( account0, dc1, type 1) received packet size less(39200) then message size(106444)
12-08 07:05:34.024  1992  2055 D tgnet   : [        Connection.cpp: 155] connection( account0, dc1, type 1) received packet size less(39200) then message size(106444)
12-08 07:05:34.024  1992  2055 D tgnet   : connection( account0, dc1, type 1) received packet size less(41976) then message size(106444)
12-08 07:05:34.024  1992  2055 D tgnet   : [        Connection.cpp: 155] connection( account0, dc1, type 1) received packet size less(41976) then message size(106444)
12-08 07:05:34.029  1992  2055 D tgnet   : connection( account0, dc1, type 1) received packet size less(44752) then message size(106444)
12-08 07:05:34.029  1992  2055 D tgnet   : [        Connection.cpp: 155] connection( account0, dc1, type 1) received packet size less(44752) then message size(106444)
12-08 07:05:34.030  1992  2055 D tgnet   : connection( account0, dc1, type 1) received packet size less(47528) then message size(106444)
12-08 07:05:34.030  1992  2055 D tgnet   : [        Connection.cpp: 155] connection( account0, dc1, type 1) received packet size less(47528) then message size(106444)
12-08 07:05:34.036  1992  2055 D tgnet   : connection( account0, dc1, type 1) received packet size less(50304) then message size(106444)
12-08 07:05:34.036  1992  2055 D tgnet   : [        Connection.cpp: 155] connection( account0, dc1, type 1) received packet size less(50304) then message size(106444)
12-08 07:05:34.037  1992  2055 D tgnet   : connection( account0, dc1, type 1) received packet size less(53080) then message size(106444)
12-08 07:05:34.037  1992  2055 D tgnet   : [        Connection.cpp: 155] connection( account0, dc1, type 1) received packet size less(53080) then message size(106444)
12-08 07:05:34.038  1992  2055 D tgnet   : connection( account0, dc1, type 1) received packet size less(55856) then message size(106444)
12-08 07:05:34.038  1992  2055 D tgnet   : [        Connection.cpp: 155] connection( account0, dc1, type 1) received packet size less(55856) then message size(106444)
12-08 07:05:34.042  1992  2055 D tgnet   : connection( account0, dc1, type 1) received packet size less(58632) then message size(106444)
12-08 07:05:34.042  1992  2055 D tgnet   : [        Connection.cpp: 155] connection( account0, dc1, type 1) received packet size less(58632) then message size(106444)
12-08 07:05:34.044  1992  2055 D tgnet   : connection( account0, dc1, type 1) received packet size less(61408) then message size(106444)
12-08 07:05:34.045  1992  2055 D tgnet   : [        Connection.cpp: 155] connection( account0, dc1, type 1) received packet size less(61408) then message size(106444)
12-08 07:05:34.045  1992  2055 D tgnet   : connection( account0, dc1, type 1) received packet size less(64184) then message size(106444)
12-08 07:05:34.045  1992  2055 D tgnet   : [        Connection.cpp: 155] connection( account0, dc1, type 1) received packet size less(64184) then message size(106444)
12-08 07:05:34.049  1992  2055 D tgnet   : connection( account0, dc1, type 1) received packet size less(66960) then message size(106444)
12-08 07:05:34.049  1992  2055 D tgnet   : [        Connection.cpp: 155] connection( account0, dc1, type 1) received packet size less(66960) then message size(106444)
12-08 07:05:34.050  1992  2055 D tgnet   : connection( account0, dc1, type 1) received packet size less(69736) then message size(106444)
12-08 07:05:34.050  1992  2055 D tgnet   : [        Connection.cpp: 155] connection( account0, dc1, type 1) received packet size less(69736) then message size(106444)
12-08 07:05:34.052  1992  2055 D tgnet   : connection( account0, dc1, type 1) received packet size less(72512) then message size(106444)
12-08 07:05:34.052  1992  2055 D tgnet   : [        Connection.cpp: 155] connection( account0, dc1, type 1) received packet size less(72512) then message size(106444)
12-08 07:05:34.052  1992  2055 D tgnet   : connection( account0, dc1, type 1) received packet size less(75288) then message size(106444)
12-08 07:05:34.052  1992  2055 D tgnet   : [        Connection.cpp: 155] connection( account0, dc1, type 1) received packet size less(75288) then message size(106444)
12-08 07:05:34.053  1992  2055 D tgnet   : connection( account0, dc1, type 1) received packet size less(78064) then message size(106444)
12-08 07:05:34.053  1992  2055 D tgnet   : [        Connection.cpp: 155] connection( account0, dc1, type 1) received packet size less(78064) then message size(106444)
12-08 07:05:34.058  1992  2055 D tgnet   : connection( account0, dc1, type 1) received packet size less(80840) then message size(106444)
12-08 07:05:34.058  1992  2055 D tgnet   : [        Connection.cpp: 155] connection( account0, dc1, type 1) received packet size less(80840) then message size(106444)
12-08 07:05:34.059  1992  2055 D tgnet   : connection( account0, dc1, type 1) received packet size less(83616) then message size(106444)
12-08 07:05:34.059  1992  2055 D tgnet   : [        Connection.cpp: 155] connection( account0, dc1, type 1) received packet size less(83616) then message size(106444)
12-08 07:05:34.060  1992  2055 D tgnet   : connection( account0, dc1, type 1) received packet size less(86392) then message size(106444)
12-08 07:05:34.060  1992  2055 D tgnet   : [        Connection.cpp: 155] connection( account0, dc1, type 1) received packet size less(86392) then message size(106444)
12-08 07:05:34.068  1992  2055 D tgnet   : connection( account0, dc1, type 1) received packet size less(89168) then message size(106444)
12-08 07:05:34.068  1992  2055 D tgnet   : [        Connection.cpp: 155] connection( account0, dc1, type 1) received packet size less(89168) then message size(106444)
12-08 07:05:34.068  1992  2055 D tgnet   : connection( account0, dc1, type 1) received packet size less(91944) then message size(106444)
12-08 07:05:34.068  1992  2055 D tgnet   : [        Connection.cpp: 155] connection( account0, dc1, type 1) received packet size less(91944) then message size(106444)
12-08 07:05:34.069  1992  2055 D tgnet   : connection( account0, dc1, type 1) received packet size less(94720) then message size(106444)
12-08 07:05:34.069  1992  2055 D tgnet   : [        Connection.cpp: 155] connection( account0, dc1, type 1) received packet size less(94720) then message size(106444)
12-08 07:05:34.070  1992  2055 D tgnet   : connection( account0, dc1, type 1) received packet size less(97496) then message size(106444)
12-08 07:05:34.070  1992  2055 D tgnet   : [        Connection.cpp: 155] connection( account0, dc1, type 1) received packet size less(97496) then message size(106444)
12-08 07:05:34.071  1992  2055 D tgnet   : connection( account0, dc1, type 1) received packet size less(100272) then message size(106444)
12-08 07:05:34.071  1992  2055 D tgnet   : [        Connection.cpp: 155] connection( account0, dc1, type 1) received packet size less(100272) then message size(106444)
12-08 07:05:34.071  1992  2055 D tgnet   : connection( account0, dc1, type 1) received packet size less(103048) then message size(106444)
12-08 07:05:34.071  1992  2055 D tgnet   : [        Connection.cpp: 155] connection( account0, dc1, type 1) received packet size less(103048) then message size(106444)
12-08 07:05:34.086  1992  2055 D tgnet   : connection( account0, dc1, type 1) received packet size less(105824) then message size(106444)
12-08 07:05:34.086  1992  2055 D tgnet   : [        Connection.cpp: 155] connection( account0, dc1, type 1) received packet size less(105824) then message size(106444)
12-08 07:05:34.113  1992  2055 D tgnet   : received message len 106440 (currentPacketLength) equal to packet size
12-08 07:05:34.113  1992  2055 D tgnet   : [        Connection.cpp: 275] received message len 106440 (currentPacketLength) equal to packet size
12-08 07:05:34.114  1992  2055 D tgnet   : connection(0x7f2708c08070, account0, dc1, type 1) received object 13TL_rpc_result
12-08 07:05:34.114  1992  2055 D tgnet   : [ConnectionsManager.cpp:1008] connection(0x7f2708c08070, account0, dc1, type 1) received object 13TL_rpc_result
12-08 07:05:34.114  1992  2055 D tgnet   : process server response 0x7f2648c37290 - 13TL_rpc_result
12-08 07:05:34.114  1992  2055 D tgnet   : [ConnectionsManager.cpp:1122] process server response 0x7f2648c37290 - 13TL_rpc_result
12-08 07:05:34.114  1992  2055 D tgnet   : message_id 7581379777794574593 connection(0x7f2708c08070, account0, dc1, type 1) received rpc_result with 14TL_gzip_packed
12-08 07:05:34.114  1992  2055 D tgnet   : [ConnectionsManager.cpp:1267] message_id 7581379777794574593 connection(0x7f2708c08070, account0, dc1, type 1) received rpc_result with 14TL_gzip_packed
12-08 07:05:34.114  1992  2055 D tgnet   : got response for request 0x7f2648c2faf0 - 14TL_api_request
12-08 07:05:34.114  1992  2055 D tgnet   : [ConnectionsManager.cpp:1303] got response for request 0x7f2648c2faf0 - 14TL_api_request
12-08 07:05:34.116  1992  2055 D tgnet   : api request constructor 0xf385c1f6, don't parse
12-08 07:05:34.116  1992  2055 D tgnet   : [ConnectionsManager.cpp:1096] api request constructor 0xf385c1f6, don't parse
12-08 07:05:34.117  1992  2055 D tmessages: CM java buff saved to /sdcard/Android/data/org.chatengine.messenger.beta/files/buff_1765177534116.bin
12-08 07:05:34.131  1992  2055 D tmessages: java received org.telegram.tgnet.TLRPC$TL_langPackDifference@2cf8bb0 error = null
12-08 07:05:34.171  1992  2033 D MTProto : requestMsgId=139799395009840 requestingTime=506 request_token=9
12-08 07:05:34.171  1992  2033 D MTProto : req -> TL_langpack_getLangPack : {"lang_code":"en"}
