12-08 07:05:51.628  1992  2043 D tmessages: finished downloading file to /storage/emulated/0/Android/data/org.chatengine.messenger.beta/cache/1_1655889310768959489.tgs time = 611 dc = 1 size = 5.9 KB
12-08 07:05:51.635  1992  2043 D tmessages: finished downloading file to /storage/emulated/0/Android/data/org.chatengine.messenger.beta/cache/1_1655889310773153792.tgs time = 618 dc = 1 size = 5.4 KB
12-08 07:05:51.644  1992  2043 D tmessages: finished downloading file to /storage/emulated/0/Android/data/org.chatengine.messenger.beta/cache/1_1655888074158116865.tgs time = 627 dc = 1 size = 54.9 KB
12-08 07:05:51.652  1992  2043 D tmessages: finished downloading file to /storage/emulated/0/Android/data/org.chatengine.messenger.beta/cache/1_1655889310752182273.tgs time = 635 dc = 1 size = 53.5 KB
12-08 07:05:51.706  1992  2055 D tgnet   : received message len 120 (currentPacketLength) equal to packet size
12-08 07:05:51.706  1992  2055 D tgnet   : [        Connection.cpp: 275] received message len 120 (currentPacketLength) equal to packet size
12-08 07:05:51.706  1992  2055 D tgnet   : api request constructor 0x71e094f3, don't parse
12-08 07:05:51.706  1992  2055 D tgnet   : [ConnectionsManager.cpp:1096] api request constructor 0x71e094f3, don't parse
12-08 07:05:51.706  1992  2055 D tgnet   : connection(0x7f2708c08070, account0, dc1, type 1) received object 13TL_rpc_result
12-08 07:05:51.706  1992  2055 D tgnet   : [ConnectionsManager.cpp:1008] connection(0x7f2708c08070, account0, dc1, type 1) received object 13TL_rpc_result
12-08 07:05:51.706  1992  2055 D tgnet   : process server response 0x7f2648c4bb70 - 13TL_rpc_result
12-08 07:05:51.706  1992  2055 D tgnet   : [ConnectionsManager.cpp:1122] process server response 0x7f2648c4bb70 - 13TL_rpc_result
12-08 07:05:51.706  1992  2055 D tgnet   : message_id 7581379854430800777 connection(0x7f2708c08070, account0, dc1, type 1) received rpc_result with 15TL_api_response
12-08 07:05:51.706  1992  2055 D tgnet   : [ConnectionsManager.cpp:1267] message_id 7581379854430800777 connection(0x7f2708c08070, account0, dc1, type 1) received rpc_result with 15TL_api_response
12-08 07:05:51.706  1992  2055 D tgnet   : got response for request 0x7f2648c5a090 - 14TL_api_request
12-08 07:05:51.706  1992  2055 D tgnet   : [ConnectionsManager.cpp:1303] got response for request 0x7f2648c5a090 - 14TL_api_request
12-08 07:05:51.707  1992  2055 D tmessages: CM java buff saved to /sdcard/Android/data/org.chatengine.messenger.beta/files/buff_1765177551707.bin
12-08 07:05:51.707  1992  2055 D tmessages: java received org.telegram.tgnet.TLRPC$TL_messages_dialogsSlice@b459f27 error = null
12-08 07:05:51.709  1992  2033 D MTProto : requestMsgId=139799395009840 requestingTime=500 request_token=66
12-08 07:05:51.709  1992  2033 D MTProto : req -> TL_messages_getDialogs : {"exclude_pinned":true,"flags":1,"folder_id":0,"hash":0,"limit":100,"offset_date":1765177446,"offset_id":8,"offset_peer":{"access_hash":7248528399095271617,"channel_id":0,"chat_id":0,"msg_id":0,"user_id":1271284286}}
12-08 07:05:51.709  1992  2033 D MTProto : res -> TL_messages_dialogsSlice : {"chats":[],"count":3,"dialogs":[],"messages":[],"users":[]}
12-08 07:05:51.709  1992  2033 D MTProto :  
12-08 07:05:51.709  1992  2043 D tmessages: loaded folderId 0 loadType 0 count 0
12-08 07:05:51.730  1992  2055 D tgnet   : received message len 184 (currentPacketLength) equal to packet size
12-08 07:05:51.730  1992  2055 D tgnet   : [        Connection.cpp: 275] received message len 184 (currentPacketLength) equal to packet size
12-08 07:05:51.730  1992  2055 D tgnet   : api request constructor 0x74ae4240, don't parse
12-08 07:05:51.730  1992  2055 D tgnet   : [ConnectionsManager.cpp:1096] api request constructor 0x74ae4240, don't parse
12-08 07:05:51.730  1992  2055 D tgnet   : connection(0x7f2708c08070, account0, dc1, type 1) received object 13TL_rpc_result
12-08 07:05:51.730  1992  2055 D tgnet   : [ConnectionsManager.cpp:1008] connection(0x7f2708c08070, account0, dc1, type 1) received object 13TL_rpc_result
12-08 07:05:51.730  1992  2055 D tgnet   : process server response 0x7f2648c4bb70 - 13TL_rpc_result
12-08 07:05:51.730  1992  2055 D tgnet   : [ConnectionsManager.cpp:1122] process server response 0x7f2648c4bb70 - 13TL_rpc_result
12-08 07:05:51.730  1992  2055 D tgnet   : message_id 7581379854434995089 connection(0x7f2708c08070, account0, dc1, type 1) received rpc_result with 15TL_api_response
12-08 07:05:51.730  1992  2055 D tgnet   : [ConnectionsManager.cpp:1267] message_id 7581379854434995089 connection(0x7f2708c08070, account0, dc1, type 1) received rpc_result with 15TL_api_response
12-08 07:05:51.730  1992  2055 D tgnet   : got response for request 0x7f2648c5a270 - 14TL_api_request
12-08 07:05:51.730  1992  2055 D tgnet   : [ConnectionsManager.cpp:1303] got response for request 0x7f2648c5a270 - 14TL_api_request
12-08 07:05:51.731  1992  2055 D tmessages: CM java buff saved to /sdcard/Android/data/org.chatengine.messenger.beta/files/buff_1765177551730.bin
12-08 07:05:51.731  1992  2055 D tmessages: java received org.telegram.tgnet.TLRPC$TL_updates@6295272 error = null
12-08 07:05:51.733  1992  2055 D tgnet   : send message (session: 0xabcd5c3d5f482f89, seqno: 78, messageid: 7581379856326583296  0x693678cfbba5e400): 24TL_ping_delay_disconnect(0x7f2648c4bb70) ping_id: 1
12-08 07:05:51.733  1992  2055 D tgnet   : [        Datacenter.cpp:1184] send message (session: 0xabcd5c3d5f482f89, seqno: 78, messageid: 7581379856326583296  0x693678cfbba5e400): 24TL_ping_delay_disconnect(0x7f2648c4bb70) ping_id: 1
12-08 07:05:51.733  1992  2055 D tgnet   : send message (session: 0xabcd5c3d5f482f89, seqno: 78, messageid: 7581379856326583296  0x693678cfbba5e400): 24TL_ping_delay_disconnect(0x7f2648c4bb70)
12-08 07:05:51.733  1992  2055 D tgnet   : [        Datacenter.cpp:1186] send message (session: 0xabcd5c3d5f482f89, seqno: 78, messageid: 7581379856326583296  0x693678cfbba5e400): 24TL_ping_delay_disconnect(0x7f2648c4bb70)
12-08 07:05:51.733  1992  2033 D MTProto : requestMsgId=139799395009840 requestingTime=525 request_token=65
12-08 07:05:51.733  1992  2033 D MTProto : req -> TL_messages_getAllDrafts : {}
12-08 07:05:51.733  1992  2033 D MTProto : res -> TL_updates : {"chat_id":0,"chats":[],"date":1765177551,"entities":[],"flags":0,"from_id":0,"id":0,"media_unread":false,"mentioned":false,"out":false,"pts":0,"pts_count":0,"seq":0,"seq_start":0,"silent":false,"ttl_period":0,"updates":[],"user_id":0,"users":[{"access_hash":1987210240484221045,"apply_min_photo":false,"attach_menu_enabled":false,"bot":false,"bot_attach_menu":false,"bot_chat_history":false,"bot_info_version":0,"bot_inline_geo":false,"bot_menu_webview":false,"bot_nochats":false,"contact":true,"deleted":false,"explicit_content":false,"fake":false,"first_name":"U","flags":7255,"flags2":0,"id":1271292291,"inactive":false,"last_name":"7","min":false,"mutual_contact":true,"premium":false,"restricted":false,"restriction_reason":[],"scam":false,"self":true,"status":{"expires":1765177609},"support":false,"usernames":[],"verified":false}],"via_bot_id":0}
12-08 07:05:51.733  1992  2033 D MTProto :  
12-08 07:05:51.810  1992  2055 D tgnet   : received message len 88 (currentPacketLength) equal to packet size
12-08 07:05:51.810  1992  2055 D tgnet   : [        Connection.cpp: 275] received message len 88 (currentPacketLength) equal to packet size
12-08 07:05:51.811  1992  2055 D tgnet   : connection(0x7f2708c08070, account0, dc1, type 1) received object 7TL_pong
12-08 07:05:51.811  1992  2055 D tgnet   : [ConnectionsManager.cpp:1008] connection(0x7f2708c08070, account0, dc1, type 1) received object 7TL_pong
12-08 07:05:51.811  1992  2055 D tgnet   : process server response 0x7f2648c5a270 - 7TL_pong
12-08 07:05:51.811  1992  2055 D tgnet   : [ConnectionsManager.cpp:1122] process server response 0x7f2648c5a270 - 7TL_pong
12-08 07:05:52.805  1992  2038 D tmessages: download queue: dc1 account=0 small_operations=38 large_operations=0
12-08 07:05:54.923  1992  1992 D tmessages: request spam button for 1271284286
12-08 07:05:54.923  1992  2043 D tmessages: send request org.telegram.tgnet.TLRPC$TL_messages_getPeerSettings@33ea017 with token = 67
12-08 07:05:54.923  1992  1992 D tmessages: load messages in chat 1271284286 topic_id 0 count 25 max_id 0 cache true mindate = 0 guid 4 load_type 2 last_message_id 0 mode 0 index 1 firstUnread 0 unread_count 0 last_date 0 queryFromServer false isTopic false
12-08 07:05:54.923  1992  2055 D tgnet   : send request 0x7f2648c5a270 - 14TL_api_request
12-08 07:05:54.923  1992  2055 D tgnet   : [ConnectionsManager.cpp:1875] send request 0x7f2648c5a270 - 14TL_api_request
12-08 07:05:54.923  1992  2055 D tgnet   : send request wrapped 0x7f2648c5a270 - 14TL_api_request
12-08 07:05:54.923  1992  2055 D tgnet   : [ConnectionsManager.cpp:1882] send request wrapped 0x7f2648c5a270 - 14TL_api_request
12-08 07:05:54.923  1992  2055 D tgnet   : messageId for token = 67, 0x693678d2ec49bc00
12-08 07:05:54.923  1992  2055 D tgnet   : [ConnectionsManager.cpp:2609] messageId for token = 67, 0x693678d2ec49bc00
12-08 07:05:54.923  1992  1992 D tmessages: load messages in chat 1271284286 topic_id 0 count 1 max_id 0 cache true mindate = 0 guid 4 load_type 2 last_message_id 0 mode 1 index 2 firstUnread 0 unread_count 0 last_date 0 queryFromServer false isTopic false
12-08 07:05:54.923  1992  2055 D tgnet   : send message (session: 0xabcd5c3d5f482f89, seqno: 79, messageid: 7581379870027529216  0x693678d2ec49bc00): 14TL_api_request(0x7f2648c5a270)
12-08 07:05:54.923  1992  2055 D tgnet   : [        Datacenter.cpp:1186] send message (session: 0xabcd5c3d5f482f89, seqno: 79, messageid: 7581379870027529216  0x693678d2ec49bc00): 14TL_api_request(0x7f2648c5a270)
12-08 07:05:54.923  1992  2055 D tgnet   : connection(0x7f2708d34940) reset last event time, no requests
12-08 07:05:54.923  1992  2055 D tgnet   : [  ConnectionSocket.cpp:1089] connection(0x7f2708d34940) reset last event time, no requests
12-08 07:05:54.924  1992  2040 D tmessages: messages load time = 0 for dialog = 1271284286
12-08 07:05:54.924  1992  2043 D tmessages: processLoadedMessages size 0 in chat 1271284286 topic_id 0 count 25 max_id 0 cache true guid 4 load_type 2 last_message_id 8 index 1 firstUnread 6 unread_count 2 last_date 1765177446 queryFromServer true isTopicfalse
12-08 07:05:54.924  1992  2040 D tmessages: messages load time = 1 for dialog = 1271284286
12-08 07:05:54.924  1992  2043 D tmessages: processLoadedMessages size 0 in chat 1271284286 topic_id 0 count 1 max_id 0 cache true guid 4 load_type 2 last_message_id 0 index 2 firstUnread 0 unread_count 0 last_date 0 queryFromServer false isTopicfalse
12-08 07:05:54.966  1992  2043 D tmessages: send request org.telegram.tgnet.TLRPC$TL_messages_getSearchCounters@27f7b0f with token = 68
12-08 07:05:54.966  1992  2055 D tgnet   : send request 0x7f2648c1c590 - 14TL_api_request
12-08 07:05:54.966  1992  2055 D tgnet   : [ConnectionsManager.cpp:1875] send request 0x7f2648c1c590 - 14TL_api_request
12-08 07:05:54.966  1992  2055 D tgnet   : send request wrapped 0x7f2648c1c590 - 14TL_api_request
12-08 07:05:54.966  1992  2055 D tgnet   : [ConnectionsManager.cpp:1882] send request wrapped 0x7f2648c1c590 - 14TL_api_request
12-08 07:05:54.966  1992  2055 D tgnet   : messageId for token = 68, 0x693678d2f74bc800
12-08 07:05:54.966  1992  2055 D tgnet   : [ConnectionsManager.cpp:2609] messageId for token = 68, 0x693678d2f74bc800
12-08 07:05:54.966  1992  2055 E tgnet   : connection(0x693678d2ec49bc00) request (msg_id: 0)
12-08 07:05:54.966  1992  2055 E tgnet   : connection(0x7f2708c08070) (type: 1 == 1 && num: 0 == 0) || (token: 1 == 1)
12-08 07:05:54.966  1992  2055 D tgnet   : send message (session: 0xabcd5c3d5f482f89, seqno: 81, messageid: 7581379870212212736  0x693678d2f74bc800): 14TL_api_request(0x7f2648c1c590)
12-08 07:05:54.966  1992  2055 D tgnet   : [        Datacenter.cpp:1186] send message (session: 0xabcd5c3d5f482f89, seqno: 81, messageid: 7581379870212212736  0x693678d2f74bc800): 14TL_api_request(0x7f2648c1c590)
12-08 07:05:55.010  1992  2055 D tgnet   : received message len 120 (currentPacketLength) equal to packet size
12-08 07:05:55.010  1992  2055 D tgnet   : [        Connection.cpp: 275] received message len 120 (currentPacketLength) equal to packet size
12-08 07:05:55.010  1992  2055 D tgnet   : api request constructor 0x6880b94d, don't parse
12-08 07:05:55.010  1992  2055 D tgnet   : [ConnectionsManager.cpp:1096] api request constructor 0x6880b94d, don't parse
12-08 07:05:55.010  1992  2055 D tgnet   : connection(0x7f2708c08070, account0, dc1, type 1) received object 13TL_rpc_result
12-08 07:05:55.010  1992  2055 D tgnet   : [ConnectionsManager.cpp:1008] connection(0x7f2708c08070, account0, dc1, type 1) received object 13TL_rpc_result
12-08 07:05:55.010  1992  2055 D tgnet   : process server response 0x7f2648c1a1f0 - 13TL_rpc_result
12-08 07:05:55.010  1992  2055 D tgnet   : [ConnectionsManager.cpp:1122] process server response 0x7f2648c1a1f0 - 13TL_rpc_result
12-08 07:05:55.010  1992  2055 D tgnet   : message_id 7581379867955334049 connection(0x7f2708c08070, account0, dc1, type 1) received rpc_result with 15TL_api_response
12-08 07:05:55.010  1992  2055 D tgnet   : [ConnectionsManager.cpp:1267] message_id 7581379867955334049 connection(0x7f2708c08070, account0, dc1, type 1) received rpc_result with 15TL_api_response
12-08 07:05:55.010  1992  2055 D tgnet   : got response for request 0x7f2648c5a270 - 14TL_api_request
12-08 07:05:55.010  1992  2055 D tgnet   : [ConnectionsManager.cpp:1303] got response for request 0x7f2648c5a270 - 14TL_api_request
12-08 07:05:55.010  1992  2055 D tmessages: CM java buff saved to /sdcard/Android/data/org.chatengine.messenger.beta/files/buff_1765177555010.bin
12-08 07:05:55.010  1992  2055 D tmessages: java received org.telegram.tgnet.TLRPC$TL_messages_peerSettings@f77ca85 error = null
12-08 07:05:55.011  1992  2033 D MTProto : requestMsgId=139799395009840 requestingTime=88 request_token=67
12-08 07:05:55.011  1992  2033 D MTProto : req -> TL_messages_getPeerSettings : {"peer":{"access_hash":7248528399095271617,"channel_id":0,"chat_id":0,"msg_id":0,"user_id":1271284286}}
12-08 07:05:55.011  1992  2033 D MTProto : res -> TL_messages_peerSettings : {"chats":[],"settings":{"add_contact":false,"autoarchived":false,"block_contact":false,"flags":0,"geo_distance":0,"invite_members":false,"need_contacts_exception":false,"report_geo":false,"report_spam":false,"request_chat_broadcast":false,"request_chat_date":0,"share_contact":false},"users":[]}
12-08 07:05:55.011  1992  2033 D MTProto :  
12-08 07:05:55.020  1992  1992 D tmessages: notify data set changed fragmentOpened=false
12-08 07:05:55.022  1992  2038 D tmessages: create load operation fileName=1_1655890435278639105.webp documentName=sticker.webpsize=79.6 KB position in queue 38 account=0
12-08 07:05:55.030  1992  2043 D tmessages: send request org.telegram.tgnet.TLRPC$TL_users_getFullUser@7983e73 with token = 69
12-08 07:05:55.030  1992  2055 D tgnet   : send request 0x7f2648c19b90 - 14TL_api_request
12-08 07:05:55.030  1992  2055 D tgnet   : [ConnectionsManager.cpp:1875] send request 0x7f2648c19b90 - 14TL_api_request
12-08 07:05:55.030  1992  2055 D tgnet   : send request wrapped 0x7f2648c19b90 - 14TL_api_request
12-08 07:05:55.030  1992  2055 D tgnet   : [ConnectionsManager.cpp:1882] send request wrapped 0x7f2648c19b90 - 14TL_api_request
12-08 07:05:55.030  1992  2055 D tgnet   : messageId for token = 69, 0x693678d307ae1400
12-08 07:05:55.030  1992  2055 D tgnet   : [ConnectionsManager.cpp:2609] messageId for token = 69, 0x693678d307ae1400
12-08 07:05:55.030  1992  2055 E tgnet   : connection(0x693678d2f74bc800) request (msg_id: 0)
12-08 07:05:55.030  1992  2043 D tmessages: send request org.telegram.tgnet.TLRPC$TL_messages_search@ecbd130 with token = 70
12-08 07:05:55.030  1992  2055 E tgnet   : connection(0x7f2708c08070) (type: 1 == 1 && num: 0 == 0) || (token: 1 == 1)
12-08 07:05:55.030  1992  2055 D tgnet   : send message (session: 0xabcd5c3d5f482f89, seqno: 83, messageid: 7581379870487090176  0x693678d307ae1400): 14TL_api_request(0x7f2648c19b90)
12-08 07:05:55.030  1992  2055 D tgnet   : [        Datacenter.cpp:1186] send message (session: 0xabcd5c3d5f482f89, seqno: 83, messageid: 7581379870487090176  0x693678d307ae1400): 14TL_api_request(0x7f2648c19b90)
12-08 07:05:55.030  1992  2055 D tgnet   : send request 0x7f2648c19fb0 - 14TL_api_request
12-08 07:05:55.030  1992  2055 D tgnet   : [ConnectionsManager.cpp:1875] send request 0x7f2648c19fb0 - 14TL_api_request
12-08 07:05:55.030  1992  2055 D tgnet   : send request wrapped 0x7f2648c19fb0 - 14TL_api_request
12-08 07:05:55.030  1992  2055 D tgnet   : [ConnectionsManager.cpp:1882] send request wrapped 0x7f2648c19fb0 - 14TL_api_request
12-08 07:05:55.030  1992  2055 D tgnet   : messageId for token = 70, 0x693678d307ae1404
12-08 07:05:55.030  1992  2055 D tgnet   : [ConnectionsManager.cpp:2609] messageId for token = 70, 0x693678d307ae1404
12-08 07:05:55.030  1992  2055 E tgnet   : connection(0x693678d2f74bc800) request (msg_id: 0)
12-08 07:05:55.030  1992  2055 E tgnet   : connection(0x7f2708c08070) (type: 1 == 1 && num: 0 == 0) || (token: 1 == 1)
12-08 07:05:55.030  1992  2055 D tgnet   : send message (session: 0xabcd5c3d5f482f89, seqno: 85, messageid: 7581379870487090180  0x693678d307ae1404): 14TL_api_request(0x7f2648c19fb0)
12-08 07:05:55.030  1992  2055 D tgnet   : [        Datacenter.cpp:1186] send message (session: 0xabcd5c3d5f482f89, seqno: 85, messageid: 7581379870487090180  0x693678d307ae1404): 14TL_api_request(0x7f2648c19fb0)
12-08 07:05:55.035  1992  1992 D tmessages: end animations
12-08 07:05:55.041  1992  1992 D tmessages: load messages in chat 1271284286 topic_id 0 count 25 max_id 6 cache false mindate = 0 guid 4 load_type 2 last_message_id 8 mode 0 index 1 firstUnread 6 unread_count 2 last_date 1765177446 queryFromServer true isTopic false
12-08 07:05:55.041  1992  1992 D tmessages: load messages in chat 1271284286 topic_id 0 count 1 max_id 0 cache false mindate = -1 guid 4 load_type 2 last_message_id 0 mode 1 index 2 firstUnread 0 unread_count 0 last_date 0 queryFromServer false isTopic false
12-08 07:05:55.041  1992  2043 D tmessages: send request org.telegram.tgnet.TLRPC$TL_messages_getHistory@5d4d05c with token = 71
12-08 07:05:55.041  1992  2055 D tgnet   : send request 0x7f2648c57150 - 14TL_api_request
12-08 07:05:55.041  1992  2055 D tgnet   : [ConnectionsManager.cpp:1875] send request 0x7f2648c57150 - 14TL_api_request
12-08 07:05:55.041  1992  2055 D tgnet   : send request wrapped 0x7f2648c57150 - 14TL_api_request
12-08 07:05:55.041  1992  2055 D tgnet   : [ConnectionsManager.cpp:1882] send request wrapped 0x7f2648c57150 - 14TL_api_request
12-08 07:05:55.041  1992  2043 D tmessages: send request org.telegram.tgnet.TLRPC$TL_messages_getScheduledHistory@640ef65 with token = 72
12-08 07:05:55.041  1992  2055 D tgnet   : messageId for token = 71, 0x693678d30a7efc00
12-08 07:05:55.041  1992  2055 D tgnet   : [ConnectionsManager.cpp:2609] messageId for token = 71, 0x693678d30a7efc00
12-08 07:05:55.041  1992  2055 E tgnet   : connection(0x693678d2f74bc800) request (msg_id: 0)
12-08 07:05:55.041  1992  2055 E tgnet   : connection(0x7f2708c08070) (type: 1 == 1 && num: 0 == 0) || (token: 1 == 1)
12-08 07:05:55.041  1992  2055 D tgnet   : send message (session: 0xabcd5c3d5f482f89, seqno: 87, messageid: 7581379870534335488  0x693678d30a7efc00): 14TL_api_request(0x7f2648c57150)
12-08 07:05:55.041  1992  2055 D tgnet   : [        Datacenter.cpp:1186] send message (session: 0xabcd5c3d5f482f89, seqno: 87, messageid: 7581379870534335488  0x693678d30a7efc00): 14TL_api_request(0x7f2648c57150)
12-08 07:05:55.042  1992  2055 D tgnet   : send request 0x7f2648c5a330 - 14TL_api_request
12-08 07:05:55.042  1992  2055 D tgnet   : [ConnectionsManager.cpp:1875] send request 0x7f2648c5a330 - 14TL_api_request
12-08 07:05:55.042  1992  2055 D tgnet   : send request wrapped 0x7f2648c5a330 - 14TL_api_request
12-08 07:05:55.042  1992  2055 D tgnet   : [ConnectionsManager.cpp:1882] send request wrapped 0x7f2648c5a330 - 14TL_api_request
12-08 07:05:55.042  1992  2055 D tgnet   : messageId for token = 72, 0x693678d30ac08400
12-08 07:05:55.042  1992  2055 D tgnet   : [ConnectionsManager.cpp:2609] messageId for token = 72, 0x693678d30ac08400
12-08 07:05:55.042  1992  2055 E tgnet   : connection(0x693678d2f74bc800) request (msg_id: 0)
12-08 07:05:55.042  1992  2055 E tgnet   : connection(0x7f2708c08070) (type: 1 == 1 && num: 0 == 0) || (token: 1 == 1)
12-08 07:05:55.042  1992  2055 D tgnet   : send message (session: 0xabcd5c3d5f482f89, seqno: 89, messageid: 7581379870538630144  0x693678d30ac08400): 14TL_api_request(0x7f2648c5a330)
12-08 07:05:55.042  1992  1992 D tmessages: peer settings loaded for 1271284286 add = false block = false spam = false share = false geo = false hide = true distance = 0 invite = false
12-08 07:05:55.042  1992  2055 D tgnet   : [        Datacenter.cpp:1186] send message (session: 0xabcd5c3d5f482f89, seqno: 89, messageid: 7581379870538630144  0x693678d30ac08400): 14TL_api_request(0x7f2648c5a330)
12-08 07:05:55.042  1992  2043 D tmessages: send request org.telegram.tgnet.TLRPC$TL_messages_getStickerSet@fb4e43a with token = 73
12-08 07:05:55.042  1992  2055 D tgnet   : send request 0x7f2648c5a690 - 14TL_api_request
12-08 07:05:55.042  1992  2055 D tgnet   : [ConnectionsManager.cpp:1875] send request 0x7f2648c5a690 - 14TL_api_request
12-08 07:05:55.043  1992  2055 D tgnet   : send request wrapped 0x7f2648c5a690 - 14TL_api_request
12-08 07:05:55.043  1992  2055 D tgnet   : [ConnectionsManager.cpp:1882] send request wrapped 0x7f2648c5a690 - 14TL_api_request
12-08 07:05:55.043  1992  2055 D tgnet   : messageId for token = 73, 0x693678d30b020c00
12-08 07:05:55.043  1992  2055 D tgnet   : [ConnectionsManager.cpp:2609] messageId for token = 73, 0x693678d30b020c00
12-08 07:05:55.043  1992  2055 E tgnet   : connection(0x693678d2f74bc800) request (msg_id: 0)
12-08 07:05:55.043  1992  2055 E tgnet   : connection(0x7f2708c08070) (type: 1 == 1 && num: 0 == 0) || (token: 1 == 1)
12-08 07:05:55.043  1992  2055 D tgnet   : send message (session: 0xabcd5c3d5f482f89, seqno: 91, messageid: 7581379870542924800  0x693678d30b020c00): 14TL_api_request(0x7f2648c5a690)
12-08 07:05:55.043  1992  2055 D tgnet   : [        Datacenter.cpp:1186] send message (session: 0xabcd5c3d5f482f89, seqno: 91, messageid: 7581379870542924800  0x693678d30b020c00): 14TL_api_request(0x7f2648c5a690)
12-08 07:05:55.045  1992  1992 D tmessages: chatItemAnimator enable notifications
12-08 07:05:55.062  1992  2055 D tgnet   : received message len 216 (currentPacketLength) equal to packet size
12-08 07:05:55.062  1992  2055 D tgnet   : [        Connection.cpp: 275] received message len 216 (currentPacketLength) equal to packet size
12-08 07:05:55.062  1992  2055 D tgnet   : api request constructor 0x1cb5c415, don't parse
12-08 07:05:55.062  1992  2055 D tgnet   : [ConnectionsManager.cpp:1096] api request constructor 0x1cb5c415, don't parse
12-08 07:05:55.062  1992  2055 D tgnet   : connection(0x7f2708c08070, account0, dc1, type 1) received object 13TL_rpc_result
12-08 07:05:55.062  1992  2055 D tgnet   : [ConnectionsManager.cpp:1008] connection(0x7f2708c08070, account0, dc1, type 1) received object 13TL_rpc_result
12-08 07:05:55.062  1992  2055 D tgnet   : process server response 0x7f2648c58770 - 13TL_rpc_result
12-08 07:05:55.062  1992  2055 D tgnet   : [ConnectionsManager.cpp:1122] process server response 0x7f2648c58770 - 13TL_rpc_result
12-08 07:05:55.062  1992  2055 D tgnet   : message_id 7581379868064385961 connection(0x7f2708c08070, account0, dc1, type 1) received rpc_result with 15TL_api_response
12-08 07:05:55.062  1992  2055 D tgnet   : [ConnectionsManager.cpp:1267] message_id 7581379868064385961 connection(0x7f2708c08070, account0, dc1, type 1) received rpc_result with 15TL_api_response
12-08 07:05:55.062  1992  2055 D tgnet   : got response for request 0x7f2648c1c590 - 14TL_api_request
12-08 07:05:55.062  1992  2055 D tgnet   : [ConnectionsManager.cpp:1303] got response for request 0x7f2648c1c590 - 14TL_api_request
12-08 07:05:55.062  1992  2055 D tmessages: CM java buff saved to /sdcard/Android/data/org.chatengine.messenger.beta/files/buff_1765177555062.bin
12-08 07:05:55.063  1992  2055 D tmessages: java received org.telegram.tgnet.TLRPC$Vector@70c9648 error = null
12-08 07:05:55.064  1992  2033 D MTProto : requestMsgId=139799395009840 requestingTime=98 request_token=68
12-08 07:05:55.064  1992  2033 D MTProto : req -> TL_messages_getSearchCounters : {"filters":[{"flags":0,"missed":false},{"flags":0,"missed":false},{"flags":0,"missed":false},{"flags":0,"missed":false},{"flags":0,"missed":false},{"flags":0,"missed":false},{"flags":0,"missed":false},{"flags":0,"missed":false}],"flags":0,"peer":{"access_hash":7248528399095271617,"channel_id":0,"chat_id":0,"msg_id":0,"user_id":1271284286},"top_msg_id":0}
12-08 07:05:55.064  1992  2033 D MTProto : res -> Vector : {"objects":[{"count":0,"filter":{"flags":0,"missed":false},"flags":0,"inexact":false},{"count":0,"filter":{"flags":0,"missed":false},"flags":0,"inexact":false},{"count":0,"filter":{"flags":0,"missed":false},"flags":0,"inexact":false},{"count":0,"filter":{"flags":0,"missed":false},"flags":0,"inexact":false},{"count":0,"filter":{"flags":0,"missed":false},"flags":0,"inexact":false},{"count":0,"filter":{"flags":0,"missed":false},"flags":0,"inexact":false},{"count":0,"filter":{"flags":0,"missed":false},"flags":0,"inexact":false},{"count":0,"filter":{"flags":0,"missed":false},"flags":0,"inexact":false}]}
12-08 07:05:55.064  1992  2033 D MTProto :  
12-08 07:05:55.130  1992  2055 D tgnet   : connection(0x7f2708c08070, account0, dc1, type 1) received message len (currentPacketLength) 200 but packet (buffer->remaining()) larger 369
12-08 07:05:55.130  1992  2055 D tgnet   : [        Connection.cpp: 269] connection(0x7f2708c08070, account0, dc1, type 1) received message len (currentPacketLength) 200 but packet (buffer->remaining()) larger 369
12-08 07:05:55.130  1992  2055 D tgnet   : api request constructor 0x3b6d152e, don't parse
12-08 07:05:55.130  1992  2055 D tgnet   : [ConnectionsManager.cpp:1096] api request constructor 0x3b6d152e, don't parse
12-08 07:05:55.130  1992  2055 D tgnet   : connection(0x7f2708c08070, account0, dc1, type 1) received object 13TL_rpc_result
12-08 07:05:55.130  1992  2055 D tgnet   : [ConnectionsManager.cpp:1008] connection(0x7f2708c08070, account0, dc1, type 1) received object 13TL_rpc_result
12-08 07:05:55.130  1992  2055 D tgnet   : process server response 0x7f2648c58770 - 13TL_rpc_result
12-08 07:05:55.130  1992  2055 D tgnet   : [ConnectionsManager.cpp:1122] process server response 0x7f2648c58770 - 13TL_rpc_result
12-08 07:05:55.130  1992  2055 D tgnet   : message_id 7581379870388030385 connection(0x7f2708c08070, account0, dc1, type 1) received rpc_result with 15TL_api_response
12-08 07:05:55.130  1992  2055 D tgnet   : [ConnectionsManager.cpp:1267] message_id 7581379870388030385 connection(0x7f2708c08070, account0, dc1, type 1) received rpc_result with 15TL_api_response
12-08 07:05:55.130  1992  2055 D tgnet   : got response for request 0x7f2648c19b90 - 14TL_api_request
12-08 07:05:55.130  1992  2055 D tgnet   : [ConnectionsManager.cpp:1303] got response for request 0x7f2648c19b90 - 14TL_api_request
12-08 07:05:55.131  1992  2055 D tmessages: CM java buff saved to /sdcard/Android/data/org.chatengine.messenger.beta/files/buff_1765177555131.bin
12-08 07:05:55.131  1992  2055 D tmessages: java received org.telegram.tgnet.TLRPC$TL_users_userFull@9e57bd5 error = null
12-08 07:05:55.134  1992  2055 D tgnet   : received message len 168 (currentPacketLength) equal to packet size
12-08 07:05:55.134  1992  2055 D tgnet   : [        Connection.cpp: 275] received message len 168 (currentPacketLength) equal to packet size
12-08 07:05:55.134  1992  2055 D tgnet   : api request constructor 0x8c718e87, don't parse
12-08 07:05:55.134  1992  2055 D tgnet   : [ConnectionsManager.cpp:1096] api request constructor 0x8c718e87, don't parse
12-08 07:05:55.134  1992  2033 D MTProto : requestMsgId=139799395009840 requestingTime=104 request_token=69
12-08 07:05:55.134  1992  2055 D tgnet   : connection(0x7f2708c08070, account0, dc1, type 1) received object 13TL_rpc_result
12-08 07:05:55.134  1992  2033 D MTProto : req -> TL_users_getFullUser : {"id":{"access_hash":7248528399095271617,"user_id":1271284286}}
12-08 07:05:55.134  1992  2033 D MTProto : res -> TL_users_userFull : {"chats":[],"full_user":{"blocked":false,"can_pin_message":true,"common_chats_count":0,"flags":8336,"folder_id":0,"has_scheduled":false,"id":1271284286,"notify_settings":{"events_mask":0,"flags":0,"mute_until":0,"show_previews":false,"silent":false},"phone_calls_available":true,"phone_calls_private":false,"pinned_msg_id":0,"premium_gifts":[],"settings":{"add_contact":false,"autoarchived":false,"block_contact":false,"flags":0,"geo_distance":0,"invite_members":false,"need_contacts_exception":false,"report_geo":false,"report_spam":false,"request_chat_broadcast":false,"request_chat_date":0,"share_contact":false},"translations_disabled":false,"ttl_period":0,"video_calls_available":true,"voice_messages_forbidden":false},"users":[{"access_hash":7248528399095271617,"apply_min_photo":false,"attach_menu_enabled":false,"bot":false,"bot_attach_menu":false,"bot_chat_history":false,"bot_info_version":0,"bot_inline_geo":false,"bot_menu_webview":false,"bot_nochats":false,"contact":false,"deleted":false,"explicit_content":false,"fake":false,"first_name":"u","flags":79,"flags2":0,"id":1271284286,"inactive":false,"last_name":"r","min":false,"mutual_contact":false,"premium":false,"restricted":false,"restriction_reason":[],"scam":false,"self":false,"status":{"expires":1765177459},"support":false,"username":"xxxxspace","usernames":[],"verified":false}]}
12-08 07:05:55.134  1992  2033 D MTProto :  
12-08 07:05:55.135  1992  2055 D tgnet   : [ConnectionsManager.cpp:1008] connection(0x7f2708c08070, account0, dc1, type 1) received object 13TL_rpc_result
12-08 07:05:55.135  1992  2055 D tgnet   : process server response 0x7f2648c58770 - 13TL_rpc_result
12-08 07:05:55.135  1992  2055 D tgnet   : [ConnectionsManager.cpp:1122] process server response 0x7f2648c58770 - 13TL_rpc_result
12-08 07:05:55.135  1992  2055 D tgnet   : message_id 7581379870390127545 connection(0x7f2708c08070, account0, dc1, type 1) received rpc_result with 15TL_api_response
12-08 07:05:55.135  1992  2055 D tgnet   : [ConnectionsManager.cpp:1267] message_id 7581379870390127545 connection(0x7f2708c08070, account0, dc1, type 1) received rpc_result with 15TL_api_response
12-08 07:05:55.135  1992  2055 D tgnet   : got response for request 0x7f2648c19fb0 - 14TL_api_request
12-08 07:05:55.135  1992  2055 D tgnet   : [ConnectionsManager.cpp:1303] got response for request 0x7f2648c19fb0 - 14TL_api_request
12-08 07:05:55.135  1992  2055 D tmessages: CM java buff saved to /sdcard/Android/data/org.chatengine.messenger.beta/files/buff_1765177555135.bin
12-08 07:05:55.135  1992  2055 D tmessages: java received org.telegram.tgnet.TLRPC$TL_messages_messages@4362178 error = null
12-08 07:05:55.138  1992  1992 D tmessages: peer settings loaded for 1271284286 add = false block = false spam = false share = false geo = false hide = true distance = 0 invite = false
12-08 07:05:55.160  1992  2033 D MTProto : requestMsgId=139799395009840 requestingTime=130 request_token=70
12-08 07:05:55.160  1992  2033 D MTProto : req -> TL_messages_search : {"add_offset":0,"filter":{"flags":0,"missed":false},"flags":0,"hash":0,"limit":40,"max_date":0,"max_id":0,"min_date":0,"min_id":0,"offset_id":0,"peer":{"access_hash":7248528399095271617,"channel_id":0,"chat_id":0,"msg_id":0,"user_id":1271284286},"q":"","top_msg_id":0}
12-08 07:05:55.160  1992  2033 D MTProto : res -> TL_messages_messages : {"chats":[],"count":0,"flags":0,"inexact":false,"messages":[],"next_rate":0,"offset_id_offset":0,"pts":0,"topics":[],"users":[{"access_hash":1987210240484221045,"apply_min_photo":false,"attach_menu_enabled":false,"bot":false,"bot_attach_menu":false,"bot_chat_history":false,"bot_info_version":0,"bot_inline_geo":false,"bot_menu_webview":false,"bot_nochats":false,"contact":true,"deleted":false,"explicit_content":false,"fake":false,"first_name":"U","flags":7255,"flags2":0,"id":1271292291,"inactive":false,"last_name":"7","min":false,"mutual_contact":true,"premium":false,"restricted":false,"restriction_reason":[],"scam":false,"self":true,"status":{"expires":1765177609},"support":false,"usernames":[],"verified":false}]}
12-08 07:05:55.160  1992  2033 D MTProto :  
12-08 07:05:55.170  1992  2055 D tgnet   : connection(0x7f2708c08070, account0, dc1, type 1) received message len (currentPacketLength) 168 but packet (buffer->remaining()) larger 1556
12-08 07:05:55.170  1992  2055 D tgnet   : [        Connection.cpp: 269] connection(0x7f2708c08070, account0, dc1, type 1) received message len (currentPacketLength) 168 but packet (buffer->remaining()) larger 1556
12-08 07:05:55.170  1992  2055 D tgnet   : api request constructor 0x8c718e87, don't parse
12-08 07:05:55.170  1992  2055 D tgnet   : [ConnectionsManager.cpp:1096] api request constructor 0x8c718e87, don't parse
12-08 07:05:55.170  1992  2055 D tgnet   : connection(0x7f2708c08070, account0, dc1, type 1) received object 13TL_rpc_result
12-08 07:05:55.170  1992  2055 D tgnet   : [ConnectionsManager.cpp:1008] connection(0x7f2708c08070, account0, dc1, type 1) received object 13TL_rpc_result
12-08 07:05:55.170  1992  2055 D tgnet   : process server response 0x7f2648c58770 - 13TL_rpc_result
12-08 07:05:55.170  1992  2055 D tgnet   : [ConnectionsManager.cpp:1122] process server response 0x7f2648c58770 - 13TL_rpc_result
12-08 07:05:55.170  1992  2055 D tgnet   : message_id 7581379870490790849 connection(0x7f2708c08070, account0, dc1, type 1) received rpc_result with 15TL_api_response
12-08 07:05:55.170  1992  2055 D tgnet   : [ConnectionsManager.cpp:1267] message_id 7581379870490790849 connection(0x7f2708c08070, account0, dc1, type 1) received rpc_result with 15TL_api_response
12-08 07:05:55.170  1992  2055 D tgnet   : got response for request 0x7f2648c5a330 - 14TL_api_request
12-08 07:05:55.170  1992  2055 D tgnet   : [ConnectionsManager.cpp:1303] got response for request 0x7f2648c5a330 - 14TL_api_request
12-08 07:05:55.170  1992  2055 D tmessages: CM java buff saved to /sdcard/Android/data/org.chatengine.messenger.beta/files/buff_1765177555170.bin
12-08 07:05:55.170  1992  2055 D tmessages: java received org.telegram.tgnet.TLRPC$TL_messages_messages@b26782b error = null
12-08 07:05:55.171  1992  2055 D tgnet   : connection(0x7f2708c08070, account0, dc1, type 1) received message len (currentPacketLength) 456 but packet (buffer->remaining()) larger 1387
12-08 07:05:55.171  1992  2055 D tgnet   : [        Connection.cpp: 269] connection(0x7f2708c08070, account0, dc1, type 1) received message len (currentPacketLength) 456 but packet (buffer->remaining()) larger 1387
12-08 07:05:55.171  1992  2043 D tmessages: processLoadedMessages size 0 in chat 1271284286 topic_id 0 count 1 max_id 0 cache false guid 4 load_type 2 last_message_id 0 index 2 firstUnread 0 unread_count 0 last_date 0 queryFromServer false isTopicfalse
12-08 07:05:55.171  1992  2055 D tgnet   : connection(0x7f2708c08070, account0, dc1, type 1) received object 13TL_rpc_result
12-08 07:05:55.171  1992  2055 D tgnet   : [ConnectionsManager.cpp:1008] connection(0x7f2708c08070, account0, dc1, type 1) received object 13TL_rpc_result
12-08 07:05:55.171  1992  2033 D MTProto : requestMsgId=139799395009840 requestingTime=130 request_token=72
12-08 07:05:55.171  1992  2055 D tgnet   : process server response 0x7f2648c279f0 - 13TL_rpc_result
12-08 07:05:55.171  1992  2033 D MTProto : req -> TL_messages_getScheduledHistory : {"hash":-1,"peer":{"access_hash":7248528399095271617,"channel_id":0,"chat_id":0,"msg_id":0,"user_id":1271284286}}
12-08 07:05:55.171  1992  2055 D tgnet   : [ConnectionsManager.cpp:1122] process server response 0x7f2648c279f0 - 13TL_rpc_result
12-08 07:05:55.171  1992  2055 D tgnet   : message_id 7581379870501276617 connection(0x7f2708c08070, account0, dc1, type 1) received rpc_result with 14TL_gzip_packed
12-08 07:05:55.171  1992  2055 D tgnet   : [ConnectionsManager.cpp:1267] message_id 7581379870501276617 connection(0x7f2708c08070, account0, dc1, type 1) received rpc_result with 14TL_gzip_packed
12-08 07:05:55.171  1992  2055 D tgnet   : got response for request 0x7f2648c57150 - 14TL_api_request
12-08 07:05:55.171  1992  2055 D tgnet   : [ConnectionsManager.cpp:1303] got response for request 0x7f2648c57150 - 14TL_api_request
12-08 07:05:55.171  1992  2033 D MTProto : res -> TL_messages_messages : {"chats":[],"count":0,"flags":0,"inexact":false,"messages":[],"next_rate":0,"offset_id_offset":0,"pts":0,"topics":[],"users":[{"access_hash":7248528399095271617,"apply_min_photo":false,"attach_menu_enabled":false,"bot":false,"bot_attach_menu":false,"bot_chat_history":false,"bot_info_version":0,"bot_inline_geo":false,"bot_menu_webview":false,"bot_nochats":false,"contact":true,"deleted":false,"explicit_content":false,"fake":false,"first_name":"U","flags":2127,"flags2":0,"id":1271284286,"inactive":false,"last_name":"2","min":false,"mutual_contact":false,"premium":false,"restricted":false,"restriction_reason":[],"scam":false,"self":false,"status":{"expires":1765177459},"support":false,"username":"xxxxspace","usernames":[],"verified":false}]}
12-08 07:05:55.171  1992  2033 D MTProto :  
12-08 07:05:55.171  1992  2055 D tgnet   : api request constructor 0x8c718e87, don't parse
12-08 07:05:55.171  1992  2055 D tgnet   : [ConnectionsManager.cpp:1096] api request constructor 0x8c718e87, don't parse
12-08 07:05:55.171  1992  2043 D tmessages: process time=0 count=0 for dialog  1271284286
12-08 07:05:55.172  1992  2055 D tmessages: CM java buff saved to /sdcard/Android/data/org.chatengine.messenger.beta/files/buff_1765177555171.bin
12-08 07:05:55.172  1992  2055 D tmessages: java received org.telegram.tgnet.TLRPC$TL_messages_messages@675b246 error = null
12-08 07:05:55.174  1992  2055 D tgnet   : connection(0x7f2708c08070, account0, dc1, type 1) received packet size less(927) then message size(1160)
12-08 07:05:55.174  1992  2055 D tgnet   : [        Connection.cpp: 277] connection(0x7f2708c08070, account0, dc1, type 1) received packet size less(927) then message size(1160)
12-08 07:05:55.174  1992  2043 D tmessages: processLoadedMessages size 7 in chat 1271284286 topic_id 0 count 25 max_id 6 cache false guid 4 load_type 2 last_message_id 8 index 1 firstUnread 6 unread_count 2 last_date 1765177446 queryFromServer true isTopicfalse
12-08 07:05:55.174  1992  2033 D MTProto : requestMsgId=139799395009840 requestingTime=133 request_token=71
12-08 07:05:55.174  1992  2033 D MTProto : req -> TL_messages_getHistory : {"add_offset":-19,"hash":0,"limit":25,"max_id":0,"min_id":0,"offset_date":0,"offset_id":6,"peer":{"access_hash":7248528399095271617,"channel_id":0,"chat_id":0,"msg_id":0,"user_id":1271284286}}
12-08 07:05:55.174  1992  2033 D MTProto : res -> TL_messages_messages : {"chats":[],"count":0,"flags":0,"inexact":false,"messages":[{"attachPath":"","date":1765177446,"destroyTime":0,"dialog_id":0,"edit_date":0,"edit_hide":false,"entities":[],"expire_date":0,"flags":0,"forwards":0,"from_id":{"channel_id":0,"chat_id":0,"user_id":1271284286},"from_scheduled":false,"fwd_msg_id":0,"grouped_id":0,"id":8,"isThreadMessage":false,"layer":0,"legacy":false,"local_id":0,"media_unread":false,"mentioned":false,"noforwards":false,"out":false,"peer_id":{"channel_id":0,"chat_id":0,"user_id":1271284286},"pinned":false,"post":false,"premiumEffectWasPlayed":false,"random_id":0,"realId":0,"reqId":0,"restriction_reason":[],"send_state":0,"seq_in":0,"seq_out":0,"silent":false,"stickerVerified":1,"topic_start":false,"ttl":0,"ttl_period":0,"unread":false,"via_bot_id":0,"views":0,"voiceTranscriptionFinal":false,"voiceTranscriptionForce":false,"voiceTranscriptionId":0,"voiceTranscriptionOpen":false,"voiceTranscriptionRated":false,"with_my_score":false},{"attachPath":"","date":1765177431,"destroyTime":0,"dialog_id":0,"edit_date":0,"edit_hide":false,"entities":[],"expire_date":0,"flags":0,"forwards":0,"from_id":{"channel_id":0,"chat_id":0,"user_id":1271284286},"from_scheduled":false,"fwd_msg_id":0,"grouped_id":0,"id":7,"isThreadMessage":false,"layer":0,"legacy":false,"local_id":0,"media_unread":false,"mentioned":false,"noforwards":false,"out":false,"peer_id":{"channel_id":0,"chat_id":0,"user_id":1271284286},"pinned":false,"post":false,"premiumEffectWasPlayed":false,"random_id":0,"realId":0,"reqId":0,"restriction_reason":[],"send_state":0,"seq_in":0,"seq_out":0,"silent":false,"stickerVerified":1,"topic_start":false,"ttl":0,"ttl_period":0,"unread":false,"via_bot_id":0,"views":0,"voiceTranscriptionFinal":false,"voiceTranscriptionForce":false,"voiceTranscriptionId":0,"voiceTranscriptionOpen":false,"voiceTranscriptionRated":false,"with_my_score":false},{"attachPath":"","date":1765176799,"destroyTime":0,"dialog_id":0,"edit_date":0,"edit_hide":false,"entities":[],"expire_date":0,"flags":258,"forwards":0,"from_id":{"channel_id":0,"chat_id":0,"user_id":1271292291},"from_scheduled":false,"fwd_msg_id":0,"grouped_id":0,"id":6,"isThreadMessage":false,"layer":0,"legacy":false,"local_id":0,"media_unread":false,"mentioned":false,"noforwards":false,"out":true,"peer_id":{"channel_id":0,"chat_id":0,"user_id":1271284286},"pinned":false,"post":false,"premiumEffectWasPlayed":false,"random_id":0,"realId":0,"reqId":0,"restriction_reason":[],"send_state":0,"seq_in":0,"seq_out":0,"silent":false,"stickerVerified":1,"topic_start":false,"ttl":0,"ttl_period":0,"unread":false,"via_bot_id":0,"views":0,"voiceTranscriptionFinal":false,"voiceTranscriptionForce":false,"voiceTranscriptionId":0,"voiceTranscriptionOpen":false,"voiceTranscriptionRated":false,"with_my_score":false},{"attachPath":"","date":1765175037,"destroyTime":0,"dialog_id":0,"edit_date":0,"edit_hide":false,"entities":[],"expire_date":0,"flags":258,"forwards":0,"from_id":{"channel_id":0,"chat_id":0,"user_id":1271292291},"from_scheduled":false,"fwd_msg_id":0,"grouped_id":0,"id":5,"isThreadMessage":false,"layer":0,"legacy":false,"local_id":0,"media_unread":false,"mentioned":false,"noforwards":false,"out":true,"peer_id":{"channel_id":0,"chat_id":0,"user_id":1271284286},"pinned":false,"post":false,"premiumEffectWasPlayed":false,"random_id":0,"realId":0,"reqId":0,"restriction_reason":[],"send_state":0,"seq_in":0,"seq_out":0,"silent":false,"stickerVerified":1,"topic_start":false,"ttl":0,"ttl_period":0,"unread":false,"via_bot_id":0,"views":0,"voiceTranscriptionFinal":false,"voiceTranscriptionForce":false,"voiceTranscriptionId":0,"voiceTranscriptionOpen":false,"voiceTranscriptionRated":false,"with_my_score":false},{"attachPath":"","date":1765104182,"destroyTime":0,"dialog_id":0,"edit_date":0,"edit_hide":false,"entities":[],"expire_date":0,"flags":258,"forwards":0,"from_id":{"channel_id":0,"chat_id":0,"user_id":1271292291},"from_scheduled":false,"fwd_msg_id":0,"grouped_id":0,"id":4,"isThreadMessage":false,"layer":0,"legacy":false,"
12-08 07:05:55.174  1992  2033 D MTProto :  
12-08 07:05:55.176  1992  2043 D tmessages: checkMediaExistance size=7 time=0
12-08 07:05:55.176  1992  2043 D tmessages: process time=2 count=7 for dialog  1271284286
12-08 07:05:55.180  1992  1992 D tmessages: notify data set changed fragmentOpened=false
12-08 07:05:55.201  1992  2043 D tmessages: send request org.telegram.tgnet.TLRPC$TL_messages_getMessagesReactions@616f7c7 with token = 74
12-08 07:05:55.201  1992  2055 D tgnet   : send request 0x7f2648c4f6b0 - 14TL_api_request
12-08 07:05:55.201  1992  2055 D tgnet   : [ConnectionsManager.cpp:1875] send request 0x7f2648c4f6b0 - 14TL_api_request
12-08 07:05:55.201  1992  2055 D tgnet   : send request wrapped 0x7f2648c4f6b0 - 14TL_api_request
12-08 07:05:55.201  1992  2055 D tgnet   : [ConnectionsManager.cpp:1882] send request wrapped 0x7f2648c4f6b0 - 14TL_api_request
12-08 07:05:55.201  1992  2055 D tgnet   : messageId for token = 74, 0x693678d33374bc00
12-08 07:05:55.201  1992  2055 D tgnet   : [ConnectionsManager.cpp:2609] messageId for token = 74, 0x693678d33374bc00
12-08 07:05:55.201  1992  2055 E tgnet   : connection(0x693678d30b020c00) request (msg_id: 0)
12-08 07:05:55.201  1992  2055 E tgnet   : connection(0x7f2708c08070) (type: 1 == 1 && num: 0 == 0) || (token: 1 == 1)
12-08 07:05:55.201  1992  2055 D tgnet   : send message (session: 0xabcd5c3d5f482f89, seqno: 93, messageid: 7581379871221529600  0x693678d33374bc00): 14TL_api_request(0x7f2648c4f6b0)
12-08 07:05:55.201  1992  2055 D tgnet   : [        Datacenter.cpp:1186] send message (session: 0xabcd5c3d5f482f89, seqno: 93, messageid: 7581379871221529600  0x693678d33374bc00): 14TL_api_request(0x7f2648c4f6b0)
12-08 07:05:55.201  1992  2043 D tmessages: send request org.telegram.tgnet.TLRPC$TL_messages_readHistory@23051f4 with token = 75
12-08 07:05:55.201  1992  2055 D tgnet   : send request 0x7f2648c535b0 - 14TL_api_request
12-08 07:05:55.201  1992  2055 D tgnet   : [ConnectionsManager.cpp:1875] send request 0x7f2648c535b0 - 14TL_api_request
12-08 07:05:55.201  1992  2055 D tgnet   : send request wrapped 0x7f2648c535b0 - 14TL_api_request
12-08 07:05:55.201  1992  2055 D tgnet   : [ConnectionsManager.cpp:1882] send request wrapped 0x7f2648c535b0 - 14TL_api_request
12-08 07:05:55.201  1992  2055 D tgnet   : messageId for token = 75, 0x693678d33374bc04
12-08 07:05:55.201  1992  2055 D tgnet   : [ConnectionsManager.cpp:2609] messageId for token = 75, 0x693678d33374bc04
12-08 07:05:55.201  1992  2055 E tgnet   : connection(0x693678d30b020c00) request (msg_id: 0)
12-08 07:05:55.201  1992  2055 E tgnet   : connection(0x7f2708c08070) (type: 1 == 1 && num: 0 == 0) || (token: 1 == 1)
12-08 07:05:55.201  1992  2055 D tgnet   : send message (session: 0xabcd5c3d5f482f89, seqno: 95, messageid: 7581379871221529604  0x693678d33374bc04): 14TL_api_request(0x7f2648c535b0)
12-08 07:05:55.201  1992  2055 D tgnet   : [        Datacenter.cpp:1186] send message (session: 0xabcd5c3d5f482f89, seqno: 95, messageid: 7581379871221529604  0x693678d33374bc04): 14TL_api_request(0x7f2648c535b0)
12-08 07:05:55.206  1992  2055 D tgnet   : received message len 1160 (currentPacketLength) equal to packet size
12-08 07:05:55.206  1992  2055 D tgnet   : [        Connection.cpp: 275] received message len 1160 (currentPacketLength) equal to packet size
12-08 07:05:55.206  1992  2055 D tgnet   : connection(0x7f2708c08070, account0, dc1, type 1) received object 13TL_rpc_result
12-08 07:05:55.206  1992  2055 D tgnet   : [ConnectionsManager.cpp:1008] connection(0x7f2708c08070, account0, dc1, type 1) received object 13TL_rpc_result
12-08 07:05:55.206  1992  2055 D tgnet   : process server response 0x7f2648c53430 - 13TL_rpc_result
12-08 07:05:55.206  1992  2055 D tgnet   : [ConnectionsManager.cpp:1122] process server response 0x7f2648c53430 - 13TL_rpc_result
12-08 07:05:55.206  1992  2055 D tgnet   : message_id 7581379870511762385 connection(0x7f2708c08070, account0, dc1, type 1) received rpc_result with 14TL_gzip_packed
12-08 07:05:55.206  1992  2055 D tgnet   : [ConnectionsManager.cpp:1267] message_id 7581379870511762385 connection(0x7f2708c08070, account0, dc1, type 1) received rpc_result with 14TL_gzip_packed
12-08 07:05:55.206  1992  2055 D tgnet   : got response for request 0x7f2648c5a690 - 14TL_api_request
12-08 07:05:55.206  1992  2055 D tgnet   : [ConnectionsManager.cpp:1303] got response for request 0x7f2648c5a690 - 14TL_api_request
12-08 07:05:55.206  1992  2055 D tgnet   : api request constructor 0x6e153f16, don't parse
12-08 07:05:55.206  1992  2055 D tgnet   : [ConnectionsManager.cpp:1096] api request constructor 0x6e153f16, don't parse
12-08 07:05:55.206  1992  2055 D tmessages: CM java buff saved to /sdcard/Android/data/org.chatengine.messenger.beta/files/buff_1765177555206.bin
12-08 07:05:55.207  1992  2055 D tmessages: java received org.telegram.tgnet.TLRPC$TL_messages_stickerSet@f627b92 error = null
12-08 07:05:55.209  1992  1992 D tmessages: load messages in chat 1271284286 topic_id 0 count 50 max_id 2 cache true mindate = 1765104125 guid 4 load_type 0 last_message_id 0 mode 0 index 3 firstUnread 0 unread_count 0 last_date 0 queryFromServer false isTopic false
12-08 07:05:55.210  1992  2040 D tmessages: messages load time = 1 for dialog = 1271284286
12-08 07:05:55.210  1992  2043 D tmessages: processLoadedMessages size 0 in chat 1271284286 topic_id 0 count 50 max_id 2 cache true guid 4 load_type 0 last_message_id 0 index 3 firstUnread 0 unread_count 0 last_date 0 queryFromServer false isTopicfalse
12-08 07:05:55.211  1992  2085 D tmessages: current channel for 0channel_silent_a7b16_6056931434452546833 = NotificationChannel{mId='0channel_silent_a7b16_6056931434452546833', mName=Silent, mDescription=, mImportance=2, mBypassDnd=false, mLockscreenVisibility=-1000, mSound=content://settings/system/notification_sound, mLights=false, mLightColor=0, mVibration=null, mUserLockedFields=0, mFgServiceShown=false, mVibrationEnabled=false, mShowBadge=true, mDeleted=false, mGroup='other0', mAudioAttributes=AudioAttributes: usage=USAGE_NOTIFICATION content=CONTENT_TYPE_SONIFICATION flags=0x800 tags= bundle=null, mBlockableSystem=false, mAllowBubbles=-1, mImportanceLockedByOEM=false, mImportanceLockedDefaultApp=false, mOriginalImp=2, mParent=null, mConversationId=null, mDemoted=false, mImportantConvo=false}
12-08 07:05:55.212  1992  2085 D tmessages: show extra notifications chatId 777000 topicId 0
12-08 07:05:55.213  1992  2085 D tmessages: cancel notification id 1271284286
