12-08 06:53:09.124  1491  1580 D tgnet   : [ConnectionsManager.cpp:1875] send request 0x7c5205040c10 - 14TL_api_request
12-08 06:53:09.124  1491  1580 D tgnet   : send request wrapped 0x7c5205040c10 - 14TL_api_request
12-08 06:53:09.124  1491  1580 D tgnet   : [ConnectionsManager.cpp:1882] send request wrapped 0x7c5205040c10 - 14TL_api_request
12-08 06:53:09.124  1491  1563 D tmessages: debug_loading: 1_1655891440108048385.webm send reqId 79
12-08 06:53:09.124  1491  1563 D tmessages: send request org.telegram.tgnet.TLRPC$TL_upload_getFile@b22da89 with token = 80
12-08 06:53:09.124  1491  1563 D tmessages: debug_loading: 1_1655891440108048385.webm send reqId 80
12-08 06:53:09.124  1491  1563 D tmessages: send request org.telegram.tgnet.TLRPC$TL_upload_getFile@b62fa8e with token = 81
12-08 06:53:09.124  1491  1563 D tmessages: debug_loading: 1_1655891440108048385.webm send reqId 81
12-08 06:53:09.124  1491  1563 D tmessages: send request org.telegram.tgnet.TLRPC$TL_upload_getFile@95022af with token = 82
12-08 06:53:09.124  1491  1563 D tmessages: debug_loading: 1_1655891440108048385.webm send reqId 82
12-08 06:53:09.125  1491  1580 D tgnet   : connection(0x7c52c50391a0) set current timeout = 12
12-08 06:53:09.125  1491  1580 D tgnet   : [  ConnectionSocket.cpp:1072] connection(0x7c52c50391a0) set current timeout = 12
12-08 06:53:09.125  1491  1580 D tgnet   : messageId for token = 79, 0x693675d520000000
12-08 06:53:09.125  1491  1580 D tgnet   : [ConnectionsManager.cpp:2609] messageId for token = 79, 0x693675d520000000
12-08 06:53:09.125  1491  1580 E tgnet   : connection(0x7c52c50391a0) return true
12-08 06:53:09.125  1491  1580 D tgnet   : send message (session: 0xabcdf93babf801a0, seqno: 77, messageid: 7581376580950163456  0x693675d520000000): 14TL_api_request(0x7c5205040c10)
12-08 06:53:09.125  1491  1580 D tgnet   : [        Datacenter.cpp:1186] send message (session: 0xabcdf93babf801a0, seqno: 77, messageid: 7581376580950163456  0x693675d520000000): 14TL_api_request(0x7c5205040c10)
12-08 06:53:09.125  1491  1580 D tgnet   : firstPacketSent called
12-08 06:53:09.125  1491  1580 D tgnet   : [        Connection.cpp: 576] firstPacketSent called
12-08 06:53:09.125  1491  1580 D tgnet   : send request 0x7c5205041510 - 14TL_api_request
12-08 06:53:09.126  1491  1580 D tgnet   : [ConnectionsManager.cpp:1875] send request 0x7c5205041510 - 14TL_api_request
12-08 06:53:09.126  1491  1580 D tgnet   : send request wrapped 0x7c5205041510 - 14TL_api_request
12-08 06:53:09.126  1491  1580 D tgnet   : [ConnectionsManager.cpp:1882] send request wrapped 0x7c5205041510 - 14TL_api_request
12-08 06:53:09.126  1491  1580 D tgnet   : send request 0x7c5205040670 - 14TL_api_request
12-08 06:53:09.126  1491  1580 D tgnet   : [ConnectionsManager.cpp:1875] send request 0x7c5205040670 - 14TL_api_request
12-08 06:53:09.126  1491  1580 D tgnet   : send request wrapped 0x7c5205040670 - 14TL_api_request
12-08 06:53:09.126  1491  1580 D tgnet   : [ConnectionsManager.cpp:1882] send request wrapped 0x7c5205040670 - 14TL_api_request
12-08 06:53:09.126  1491  1580 D tgnet   : send request 0x7c5205041270 - 14TL_api_request
12-08 06:53:09.126  1491  1580 D tgnet   : [ConnectionsManager.cpp:1875] send request 0x7c5205041270 - 14TL_api_request
12-08 06:53:09.126  1491  1580 D tgnet   : send request wrapped 0x7c5205041270 - 14TL_api_request
12-08 06:53:09.126  1491  1580 D tgnet   : [ConnectionsManager.cpp:1882] send request wrapped 0x7c5205041270 - 14TL_api_request
12-08 06:53:09.127  1491  1580 D tgnet   : connection(0x7c52c50384c0) set current timeout = 12
12-08 06:53:09.127  1491  1580 D tgnet   : [  ConnectionSocket.cpp:1072] connection(0x7c52c50384c0) set current timeout = 12
12-08 06:53:09.127  1491  1580 D tgnet   : messageId for token = 80, 0x693675d520831400
12-08 06:53:09.127  1491  1580 D tgnet   : [ConnectionsManager.cpp:2609] messageId for token = 80, 0x693675d520831400
12-08 06:53:09.127  1491  1580 E tgnet   : connection(0x7c52c50384c0) return true
12-08 06:53:09.127  1491  1580 D tgnet   : send message (session: 0xabcdff386d5ad64c, seqno: 25, messageid: 7581376580958753792  0x693675d520831400): 14TL_api_request(0x7c5205041510)
12-08 06:53:09.127  1491  1580 D tgnet   : [        Datacenter.cpp:1186] send message (session: 0xabcdff386d5ad64c, seqno: 25, messageid: 7581376580958753792  0x693675d520831400): 14TL_api_request(0x7c5205041510)
12-08 06:53:09.128  1491  1580 D tgnet   : firstPacketSent called
12-08 06:53:09.128  1491  1580 D tgnet   : [        Connection.cpp: 576] firstPacketSent called
12-08 06:53:09.128  1491  1580 D tgnet   : messageId for token = 81, 0x693675d520c49c00
12-08 06:53:09.128  1491  1580 D tgnet   : [ConnectionsManager.cpp:2609] messageId for token = 81, 0x693675d520c49c00
12-08 06:53:09.128  1491  1580 E tgnet   : connection(0x7c52c50391a0) return true
12-08 06:53:09.128  1491  1580 D tgnet   : send message (session: 0xabcdf93babf801a0, seqno: 79, messageid: 7581376580963048448  0x693675d520c49c00): 14TL_api_request(0x7c5205040670)
12-08 06:53:09.128  1491  1580 D tgnet   : [        Datacenter.cpp:1186] send message (session: 0xabcdf93babf801a0, seqno: 79, messageid: 7581376580963048448  0x693675d520c49c00): 14TL_api_request(0x7c5205040670)
12-08 06:53:09.128  1491  1580 D tgnet   : messageId for token = 82, 0x693675d520c49c04
12-08 06:53:09.128  1491  1580 D tgnet   : [ConnectionsManager.cpp:2609] messageId for token = 82, 0x693675d520c49c04
12-08 06:53:09.128  1491  1580 E tgnet   : connection(0x7c52c50384c0) return true
12-08 06:53:09.128  1491  1580 D tgnet   : send message (session: 0xabcdff386d5ad64c, seqno: 27, messageid: 7581376580963048452  0x693675d520c49c04): 14TL_api_request(0x7c5205041270)
12-08 06:53:09.128  1491  1580 D tgnet   : [        Datacenter.cpp:1186] send message (session: 0xabcdff386d5ad64c, seqno: 27, messageid: 7581376580963048452  0x693675d520c49c04): 14TL_api_request(0x7c5205041270)
12-08 06:53:09.134  1491  1491 D tmessages: notify data set changed fragmentOpened=false
12-08 06:53:09.134  1491  1491 D tmessages: load messages in chat 1271284286 topic_id 0 count 1 max_id 0 cache false mindate = -1 guid 3 load_type 2 last_message_id 0 mode 1 index 2 firstUnread 0 unread_count 0 last_date 0 queryFromServer false isTopic false
12-08 06:53:09.135  1491  1563 D tmessages: send request org.telegram.tgnet.TLRPC$TL_messages_getScheduledHistory@40a46bc with token = 83
12-08 06:53:09.135  1491  1580 D tgnet   : send request 0x7c52050419f0 - 14TL_api_request
12-08 06:53:09.135  1491  1580 D tgnet   : [ConnectionsManager.cpp:1875] send request 0x7c52050419f0 - 14TL_api_request
12-08 06:53:09.135  1491  1580 D tgnet   : send request wrapped 0x7c52050419f0 - 14TL_api_request
12-08 06:53:09.135  1491  1580 D tgnet   : [ConnectionsManager.cpp:1882] send request wrapped 0x7c52050419f0 - 14TL_api_request
12-08 06:53:09.135  1491  1580 D tgnet   : messageId for token = 83, 0x693675d5228f5c00
12-08 06:53:09.135  1491  1580 D tgnet   : [ConnectionsManager.cpp:2609] messageId for token = 83, 0x693675d5228f5c00
12-08 06:53:09.135  1491  1580 E tgnet   : connection(0x693675d51c28f800) request (msg_id: 0)
12-08 06:53:09.135  1491  1580 E tgnet   : connection(0x7c52c5013af0) (type: 1 == 1 && num: 0 == 0) || (token: 7 == 7)
12-08 06:53:09.135  1491  1580 D tgnet   : send message (session: 0xabcdf815972b6e9e, seqno: 87, messageid: 7581376580993113088  0x693675d5228f5c00): 14TL_api_request(0x7c52050419f0)
12-08 06:53:09.135  1491  1580 D tgnet   : [        Datacenter.cpp:1186] send message (session: 0xabcdf815972b6e9e, seqno: 87, messageid: 7581376580993113088  0x693675d5228f5c00): 14TL_api_request(0x7c52050419f0)
12-08 06:53:09.135  1491  1491 D tmessages: load messages in chat 1271284286 topic_id 0 count 50 max_id 2 cache true mindate = 1765104125 guid 3 load_type 0 last_message_id 0 mode 0 index 3 firstUnread 0 unread_count 0 last_date 0 queryFromServer false isTopic false
12-08 06:53:09.137  1491  1559 D tmessages: messages load time = 2 for dialog = 1271284286
12-08 06:53:09.137  1491  1563 D tmessages: processLoadedMessages size 0 in chat 1271284286 topic_id 0 count 50 max_id 2 cache true guid 3 load_type 0 last_message_id 0 index 3 firstUnread 0 unread_count 0 last_date 0 queryFromServer false isTopicfalse
12-08 06:53:09.148  1491  1563 D tmessages: send request org.telegram.tgnet.TLRPC$TL_messages_getMessagesReactions@229f6c6 with token = 84
12-08 06:53:09.148  1491  1580 D tgnet   : send request 0x7c5205040fd0 - 14TL_api_request
12-08 06:53:09.149  1491  1580 D tgnet   : [ConnectionsManager.cpp:1875] send request 0x7c5205040fd0 - 14TL_api_request
12-08 06:53:09.149  1491  1580 D tgnet   : send request wrapped 0x7c5205040fd0 - 14TL_api_request
12-08 06:53:09.149  1491  1580 D tgnet   : [ConnectionsManager.cpp:1882] send request wrapped 0x7c5205040fd0 - 14TL_api_request
12-08 06:53:09.149  1491  1580 D tgnet   : messageId for token = 84, 0x693675d52624dc00
12-08 06:53:09.149  1491  1580 D tgnet   : [ConnectionsManager.cpp:2609] messageId for token = 84, 0x693675d52624dc00
12-08 06:53:09.149  1491  1580 E tgnet   : connection(0x693675d51c28f800) request (msg_id: 0)
12-08 06:53:09.149  1491  1580 E tgnet   : connection(0x7c52c5013af0) (type: 1 == 1 && num: 0 == 0) || (token: 7 == 7)
12-08 06:53:09.149  1491  1580 D tgnet   : send message (session: 0xabcdf815972b6e9e, seqno: 89, messageid: 7581376581053242368  0x693675d52624dc00): 14TL_api_request(0x7c5205040fd0)
12-08 06:53:09.149  1491  1580 D tgnet   : [        Datacenter.cpp:1186] send message (session: 0xabcdf815972b6e9e, seqno: 89, messageid: 7581376581053242368  0x693675d52624dc00): 14TL_api_request(0x7c5205040fd0)
12-08 06:53:09.149  1491  1563 D tmessages: send request org.telegram.tgnet.TLRPC$TL_messages_readHistory@8329687 with token = 85
12-08 06:53:09.149  1491  1580 D tgnet   : send request 0x7c5205041570 - 14TL_api_request
12-08 06:53:09.149  1491  1580 D tgnet   : [ConnectionsManager.cpp:1875] send request 0x7c5205041570 - 14TL_api_request
12-08 06:53:09.149  1491  1580 D tgnet   : send request wrapped 0x7c5205041570 - 14TL_api_request
12-08 06:53:09.149  1491  1580 D tgnet   : [ConnectionsManager.cpp:1882] send request wrapped 0x7c5205041570 - 14TL_api_request
12-08 06:53:09.149  1491  1580 D tgnet   : messageId for token = 85, 0x693675d52624dc04
12-08 06:53:09.149  1491  1580 D tgnet   : [ConnectionsManager.cpp:2609] messageId for token = 85, 0x693675d52624dc04
12-08 06:53:09.149  1491  1580 E tgnet   : connection(0x693675d51c28f800) request (msg_id: 0)
12-08 06:53:09.149  1491  1580 E tgnet   : connection(0x7c52c5013af0) (type: 1 == 1 && num: 0 == 0) || (token: 7 == 7)
12-08 06:53:09.149  1491  1580 D tgnet   : send message (session: 0xabcdf815972b6e9e, seqno: 91, messageid: 7581376581053242372  0x693675d52624dc04): 14TL_api_request(0x7c5205041570)
12-08 06:53:09.149  1491  1580 D tgnet   : [        Datacenter.cpp:1186] send message (session: 0xabcdf815972b6e9e, seqno: 91, messageid: 7581376581053242372  0x693675d52624dc04): 14TL_api_request(0x7c5205041570)
12-08 06:53:09.154  1491  1580 D tgnet   : connection(0x7c52c50384c0) reset last event time, on connect
12-08 06:53:09.154  1491  1580 D tgnet   : [  ConnectionSocket.cpp: 959] connection(0x7c52c50384c0) reset last event time, on connect
12-08 06:53:09.154  1491  1580 D tgnet   : connection(0x7c52c50384c0, account0, dc1, type 2) connected to 43.155.11.190:10443
12-08 06:53:09.154  1491  1580 D tgnet   : [        Connection.cpp: 831] connection(0x7c52c50384c0, account0, dc1, type 2) connected to 43.155.11.190:10443
12-08 06:53:09.154  1491  1580 D tgnet   : called from onConnectionConnected
12-08 06:53:09.154  1491  1580 D tgnet   : [ConnectionsManager.cpp: 817] called from onConnectionConnected
12-08 06:53:09.154  1491  1580 D tgnet   : send message (session: 0xabcdff386d5ad64c, seqno: 25, messageid: 7581376580958753792  0x693675d520831400): 14TL_api_request(0x7c5205041510)
12-08 06:53:09.154  1491  1580 D tgnet   : [        Datacenter.cpp:1186] send message (session: 0xabcdff386d5ad64c, seqno: 25, messageid: 7581376580958753792  0x693675d520831400): 14TL_api_request(0x7c5205041510)
12-08 06:53:09.155  1491  1580 D tgnet   : send message (session: 0xabcdff386d5ad64c, seqno: 27, messageid: 7581376580963048452  0x693675d520c49c04): 14TL_api_request(0x7c5205041270)
12-08 06:53:09.155  1491  1580 D tgnet   : [        Datacenter.cpp:1186] send message (session: 0xabcdff386d5ad64c, seqno: 27, messageid: 7581376580963048452  0x693675d520c49c04): 14TL_api_request(0x7c5205041270)
12-08 06:53:09.155  1491  1491 D tmessages: chatItemAnimator enable notifications
12-08 06:53:09.155  1491  1580 D tgnet   : connection(0x7c52c50391a0) reset last event time, on connect
12-08 06:53:09.155  1491  1580 D tgnet   : [  ConnectionSocket.cpp: 959] connection(0x7c52c50391a0) reset last event time, on connect
12-08 06:53:09.155  1491  1580 D tgnet   : connection(0x7c52c50391a0, account0, dc1, type 2) connected to 43.155.11.190:10443
12-08 06:53:09.155  1491  1580 D tgnet   : [        Connection.cpp: 831] connection(0x7c52c50391a0, account0, dc1, type 2) connected to 43.155.11.190:10443
12-08 06:53:09.155  1491  1580 D tgnet   : called from onConnectionConnected
12-08 06:53:09.155  1491  1580 D tgnet   : [ConnectionsManager.cpp: 817] called from onConnectionConnected
12-08 06:53:09.155  1491  1580 D tgnet   : send message (session: 0xabcdf93babf801a0, seqno: 77, messageid: 7581376580950163456  0x693675d520000000): 14TL_api_request(0x7c5205040c10)
12-08 06:53:09.155  1491  1580 D tgnet   : [        Datacenter.cpp:1186] send message (session: 0xabcdf93babf801a0, seqno: 77, messageid: 7581376580950163456  0x693675d520000000): 14TL_api_request(0x7c5205040c10)
12-08 06:53:09.156  1491  1580 D tgnet   : send message (session: 0xabcdff386d5ad64c, seqno: 25, messageid: 7581376580958753792  0x693675d520831400): 14TL_api_request(0x7c5205041510)
12-08 06:53:09.156  1491  1580 D tgnet   : [        Datacenter.cpp:1186] send message (session: 0xabcdff386d5ad64c, seqno: 25, messageid: 7581376580958753792  0x693675d520831400): 14TL_api_request(0x7c5205041510)
12-08 06:53:09.156  1491  1580 D tgnet   : send message (session: 0xabcdf93babf801a0, seqno: 79, messageid: 7581376580963048448  0x693675d520c49c00): 14TL_api_request(0x7c5205040670)
12-08 06:53:09.156  1491  1580 D tgnet   : [        Datacenter.cpp:1186] send message (session: 0xabcdf93babf801a0, seqno: 79, messageid: 7581376580963048448  0x693675d520c49c00): 14TL_api_request(0x7c5205040670)
12-08 06:53:09.156  1491  1580 D tgnet   : send message (session: 0xabcdff386d5ad64c, seqno: 27, messageid: 7581376580963048452  0x693675d520c49c04): 14TL_api_request(0x7c5205041270)
12-08 06:53:09.156  1491  1580 D tgnet   : [        Datacenter.cpp:1186] send message (session: 0xabcdff386d5ad64c, seqno: 27, messageid: 7581376580963048452  0x693675d520c49c04): 14TL_api_request(0x7c5205041270)
12-08 06:53:09.161  1491  1491 D tmessages: load messages in chat 1271284286 topic_id 0 count 50 max_id 2 cache false mindate = 0 guid 3 load_type 0 last_message_id 0 mode 0 index 3 firstUnread 0 unread_count 0 last_date 0 queryFromServer false isTopic false
12-08 06:53:09.161  1491  1563 D tmessages: send request org.telegram.tgnet.TLRPC$TL_messages_getHistory@ad169b4 with token = 86
12-08 06:53:09.161  1491  1580 D tgnet   : send request 0x7c5205040910 - 14TL_api_request
12-08 06:53:09.161  1491  1580 D tgnet   : [ConnectionsManager.cpp:1875] send request 0x7c5205040910 - 14TL_api_request
12-08 06:53:09.161  1491  1580 D tgnet   : send request wrapped 0x7c5205040910 - 14TL_api_request
12-08 06:53:09.161  1491  1580 D tgnet   : [ConnectionsManager.cpp:1882] send request wrapped 0x7c5205040910 - 14TL_api_request
12-08 06:53:09.161  1491  1580 D tgnet   : messageId for token = 86, 0x693675d529374c00
12-08 06:53:09.161  1491  1580 D tgnet   : [ConnectionsManager.cpp:2609] messageId for token = 86, 0x693675d529374c00
12-08 06:53:09.161  1491  1580 E tgnet   : connection(0x693675d51c28f800) request (msg_id: 0)
12-08 06:53:09.162  1491  1580 E tgnet   : connection(0x7c52c5013af0) (type: 1 == 1 && num: 0 == 0) || (token: 7 == 7)
12-08 06:53:09.162  1491  1580 D tgnet   : send message (session: 0xabcdf815972b6e9e, seqno: 93, messageid: 7581376581104782336  0x693675d529374c00): 14TL_api_request(0x7c5205040910)
12-08 06:53:09.162  1491  1580 D tgnet   : [        Datacenter.cpp:1186] send message (session: 0xabcdf815972b6e9e, seqno: 93, messageid: 7581376581104782336  0x693675d529374c00): 14TL_api_request(0x7c5205040910)
12-08 06:53:09.212  1491  1580 D tgnet   : received message len 200 (currentPacketLength) equal to packet size
12-08 06:53:09.212  1491  1580 D tgnet   : [        Connection.cpp: 275] received message len 200 (currentPacketLength) equal to packet size
12-08 06:53:09.213  1491  1580 D tgnet   : api request constructor 0x3b6d152e, don't parse
12-08 06:53:09.213  1491  1580 D tgnet   : [ConnectionsManager.cpp:1096] api request constructor 0x3b6d152e, don't parse
12-08 06:53:09.213  1491  1580 D tgnet   : connection(0x7c52c5013af0, account0, dc1, type 1) received object 13TL_rpc_result
12-08 06:53:09.213  1491  1580 D tgnet   : [ConnectionsManager.cpp:1008] connection(0x7c52c5013af0, account0, dc1, type 1) received object 13TL_rpc_result
12-08 06:53:09.213  1491  1580 D tgnet   : process server response 0x7c5205040d90 - 13TL_rpc_result
12-08 06:53:09.213  1491  1580 D tgnet   : [ConnectionsManager.cpp:1122] process server response 0x7c5205040d90 - 13TL_rpc_result
12-08 06:53:09.213  1491  1580 D tgnet   : message_id 7581376580675862745 connection(0x7c52c5013af0, account0, dc1, type 1) received rpc_result with 15TL_api_response
12-08 06:53:09.213  1491  1580 D tgnet   : [ConnectionsManager.cpp:1267] message_id 7581376580675862745 connection(0x7c52c5013af0, account0, dc1, type 1) received rpc_result with 15TL_api_response
12-08 06:53:09.213  1491  1580 D tgnet   : got response for request 0x7c52050408b0 - 14TL_api_request
12-08 06:53:09.213  1491  1580 D tgnet   : [ConnectionsManager.cpp:1303] got response for request 0x7c52050408b0 - 14TL_api_request
12-08 06:53:09.216  1491  1580 D tmessages: CM java buff saved to /sdcard/Android/data/org.chatengine.messenger.beta/files/buff_1765176789214.bin
12-08 06:53:09.217  1491  1580 D tmessages: java received org.telegram.tgnet.TLRPC$TL_users_userFull@93eb952 error = null
12-08 06:53:09.219  1491  1532 D MTProto : requestMsgId=136688709088560 requestingTime=108 request_token=78
12-08 06:53:09.219  1491  1532 D MTProto : req -> TL_users_getFullUser : {"id":{"access_hash":7248528399095271617,"user_id":1271284286}}
12-08 06:53:09.219  1491  1532 D MTProto : res -> TL_users_userFull : {"chats":[],"full_user":{"blocked":false,"can_pin_message":true,"common_chats_count":0,"flags":8336,"folder_id":0,"has_scheduled":false,"id":1271284286,"notify_settings":{"events_mask":0,"flags":0,"mute_until":0,"show_previews":false,"silent":false},"phone_calls_available":true,"phone_calls_private":false,"pinned_msg_id":0,"premium_gifts":[],"settings":{"add_contact":false,"autoarchived":false,"block_contact":false,"flags":0,"geo_distance":0,"invite_members":false,"need_contacts_exception":false,"report_geo":false,"report_spam":false,"request_chat_broadcast":false,"request_chat_date":0,"share_contact":false},"translations_disabled":false,"ttl_period":0,"video_calls_available":true,"voice_messages_forbidden":false},"users":[{"access_hash":7248528399095271617,"apply_min_photo":false,"attach_menu_enabled":false,"bot":false,"bot_attach_menu":false,"bot_chat_history":false,"bot_info_version":0,"bot_inline_geo":false,"bot_menu_webview":false,"bot_nochats":false,"contact":false,"deleted":false,"explicit_content":false,"fake":false,"first_name":"u","flags":79,"flags2":0,"id":1271284286,"inactive":false,"last_name":"r","min":false,"mutual_contact":false,"premium":false,"restricted":false,"restriction_reason":[],"scam":false,"self":false,"status":{"expires":1765019305},"support":false,"username":"xxxxspace","usernames":[],"verified":false}]}
12-08 06:53:09.219  1491  1532 D MTProto :  
12-08 06:53:09.223  1491  1491 D tmessages: peer settings loaded for 1271284286 add = false block = false spam = false share = false geo = false hide = true distance = 0 invite = false
12-08 06:53:09.267  1491  1580 D tgnet   : received message len 168 (currentPacketLength) equal to packet size
12-08 06:53:09.268  1491  1580 D tgnet   : [        Connection.cpp: 275] received message len 168 (currentPacketLength) equal to packet size
12-08 06:53:09.268  1491  1580 D tgnet   : api request constructor 0x8c718e87, don't parse
12-08 06:53:09.268  1491  1580 D tgnet   : [ConnectionsManager.cpp:1096] api request constructor 0x8c718e87, don't parse
12-08 06:53:09.268  1491  1580 D tgnet   : connection(0x7c52c5013af0, account0, dc1, type 1) received object 13TL_rpc_result
12-08 06:53:09.268  1491  1580 D tgnet   : [ConnectionsManager.cpp:1008] connection(0x7c52c5013af0, account0, dc1, type 1) received object 13TL_rpc_result
12-08 06:53:09.269  1491  1580 D tgnet   : process server response 0x7c52050408b0 - 13TL_rpc_result
12-08 06:53:09.269  1491  1580 D tgnet   : [ConnectionsManager.cpp:1122] process server response 0x7c52050408b0 - 13TL_rpc_result
12-08 06:53:09.269  1491  1580 D tgnet   : message_id 7581376580789108961 connection(0x7c52c5013af0, account0, dc1, type 1) received rpc_result with 15TL_api_response
12-08 06:53:09.269  1491  1580 D tgnet   : [ConnectionsManager.cpp:1267] message_id 7581376580789108961 connection(0x7c52c5013af0, account0, dc1, type 1) received rpc_result with 15TL_api_response
12-08 06:53:09.269  1491  1580 D tgnet   : got response for request 0x7c52050419f0 - 14TL_api_request
12-08 06:53:09.269  1491  1580 D tgnet   : [ConnectionsManager.cpp:1303] got response for request 0x7c52050419f0 - 14TL_api_request
12-08 06:53:09.271  1491  1580 D tmessages: CM java buff saved to /sdcard/Android/data/org.chatengine.messenger.beta/files/buff_1765176789269.bin
12-08 06:53:09.271  1491  1580 D tmessages: java received org.telegram.tgnet.TLRPC$TL_messages_messages@3f56d20 error = null
12-08 06:53:09.273  1491  1563 D tmessages: processLoadedMessages size 0 in chat 1271284286 topic_id 0 count 1 max_id 0 cache false guid 3 load_type 2 last_message_id 0 index 2 firstUnread 0 unread_count 0 last_date 0 queryFromServer false isTopicfalse
12-08 06:53:09.274  1491  1563 D tmessages: process time=0 count=0 for dialog  1271284286
12-08 06:53:09.274  1491  1532 D MTProto : requestMsgId=136688709088560 requestingTime=138 request_token=83
12-08 06:53:09.275  1491  1532 D MTProto : req -> TL_messages_getScheduledHistory : {"hash":-1,"peer":{"access_hash":7248528399095271617,"channel_id":0,"chat_id":0,"msg_id":0,"user_id":1271284286}}
12-08 06:53:09.275  1491  1532 D MTProto : res -> TL_messages_messages : {"chats":[],"count":0,"flags":0,"inexact":false,"messages":[],"next_rate":0,"offset_id_offset":0,"pts":0,"topics":[],"users":[{"access_hash":7248528399095271617,"apply_min_photo":false,"attach_menu_enabled":false,"bot":false,"bot_attach_menu":false,"bot_chat_history":false,"bot_info_version":0,"bot_inline_geo":false,"bot_menu_webview":false,"bot_nochats":false,"contact":true,"deleted":false,"explicit_content":false,"fake":false,"first_name":"U","flags":2127,"flags2":0,"id":1271284286,"inactive":false,"last_name":"2","min":false,"mutual_contact":false,"premium":false,"restricted":false,"restriction_reason":[],"scam":false,"self":false,"status":{"expires":1765019305},"support":false,"username":"xxxxspace","usernames":[],"verified":false}]}
12-08 06:53:09.275  1491  1532 D MTProto :  
12-08 06:53:09.281  1491  1580 D tgnet   : Config(0x7c51f501cd20, /data/user/0/org.chatengine.messenger.beta/files/dc1conf.dat) config write ok
12-08 06:53:09.282  1491  1580 D tgnet   : [            Config.cpp: 129] Config(0x7c51f501cd20, /data/user/0/org.chatengine.messenger.beta/files/dc1conf.dat) config write ok
12-08 06:53:09.282  1491  1580 D tgnet   : connection(0x7c52c50391a0) set current timeout = 25
12-08 06:53:09.282  1491  1580 D tgnet   : [  ConnectionSocket.cpp:1072] connection(0x7c52c50391a0) set current timeout = 25
12-08 06:53:09.282  1491  1580 D tgnet   : received message len 104 (currentPacketLength) equal to packet size
12-08 06:53:09.282  1491  1580 D tgnet   : [        Connection.cpp: 275] received message len 104 (currentPacketLength) equal to packet size
12-08 06:53:09.283  1491  1580 D tgnet   : connection(0x7c52c50391a0, account0, dc1, type 2) received object 22TL_new_session_created
12-08 06:53:09.283  1491  1580 D tgnet   : [ConnectionsManager.cpp:1008] connection(0x7c52c50391a0, account0, dc1, type 2) received object 22TL_new_session_created
12-08 06:53:09.283  1491  1580 D tgnet   : process server response 0x7c5215276940 - 22TL_new_session_created
12-08 06:53:09.283  1491  1580 D tgnet   : [ConnectionsManager.cpp:1122] process server response 0x7c5215276940 - 22TL_new_session_created
12-08 06:53:09.283  1491  1580 D tgnet   : connection(0x7c52c50391a0, account0, dc1, type 2) new session created (first message id: 0x693675d520c49c00, server salt: 0x65cbf10f35359ba1, unique id: 0x385485fbaeb2000)
12-08 06:53:09.283  1491  1580 D tgnet   : [ConnectionsManager.cpp:1131] connection(0x7c52c50391a0, account0, dc1, type 2) new session created (first message id: 0x693675d520c49c00, server salt: 0x65cbf10f35359ba1, unique id: 0x385485fbaeb2000)
12-08 06:53:09.283  1491  1580 D tgnet   : clear request 0x7c5205040c10 - 14TL_api_request
12-08 06:53:09.283  1491  1580 D tgnet   : [ConnectionsManager.cpp:1143] clear request 0x7c5205040c10 - 14TL_api_request
12-08 06:53:09.283  1491  1580 D tgnet   : clear request 0x7c5205041510 - 14TL_api_request
12-08 06:53:09.283  1491  1580 D tgnet   : [ConnectionsManager.cpp:1143] clear request 0x7c5205041510 - 14TL_api_request
12-08 06:53:09.290  1491  1580 D tgnet   : Config(0x7c51f501e3f0, /data/user/0/org.chatengine.messenger.beta/files/tgnet.dat) config write ok
12-08 06:53:09.290  1491  1580 D tgnet   : [            Config.cpp: 129] Config(0x7c51f501e3f0, /data/user/0/org.chatengine.messenger.beta/files/tgnet.dat) config write ok
12-08 06:53:09.290  1491  1580 D tgnet   : send message (session: 0xabcdf93babf801a0, seqno: 81, messageid: 7581376581658832896  0x693675d54a3d7000): 14TL_api_request(0x7c5205040c10)
12-08 06:53:09.291  1491  1580 D tgnet   : [        Datacenter.cpp:1186] send message (session: 0xabcdf93babf801a0, seqno: 81, messageid: 7581376581658832896  0x693675d54a3d7000): 14TL_api_request(0x7c5205040c10)
12-08 06:53:09.291  1491  1580 D tgnet   : send message (session: 0xabcdff386d5ad64c, seqno: 29, messageid: 7581376581663128576  0x693675d54a7efc00): 14TL_api_request(0x7c5205041510)
12-08 06:53:09.291  1491  1580 D tgnet   : [        Datacenter.cpp:1186] send message (session: 0xabcdff386d5ad64c, seqno: 29, messageid: 7581376581663128576  0x693675d54a7efc00): 14TL_api_request(0x7c5205041510)
12-08 06:53:09.298  1491  1580 D tgnet   : Config(0x7c51f501cd20, /data/user/0/org.chatengine.messenger.beta/files/dc1conf.dat) config write ok
12-08 06:53:09.298  1491  1580 D tgnet   : [            Config.cpp: 129] Config(0x7c51f501cd20, /data/user/0/org.chatengine.messenger.beta/files/dc1conf.dat) config write ok
12-08 06:53:09.298  1491  1580 D tgnet   : connection(0x7c52c50384c0) set current timeout = 25
12-08 06:53:09.298  1491  1580 D tgnet   : [  ConnectionSocket.cpp:1072] connection(0x7c52c50384c0) set current timeout = 25
12-08 06:53:09.298  1491  1580 D tgnet   : received message len 104 (currentPacketLength) equal to packet size
12-08 06:53:09.298  1491  1580 D tgnet   : [        Connection.cpp: 275] received message len 104 (currentPacketLength) equal to packet size
12-08 06:53:09.299  1491  1580 D tgnet   : connection(0x7c52c50384c0, account0, dc1, type 2) received object 22TL_new_session_created
12-08 06:53:09.299  1491  1580 D tgnet   : [ConnectionsManager.cpp:1008] connection(0x7c52c50384c0, account0, dc1, type 2) received object 22TL_new_session_created
12-08 06:53:09.299  1491  1580 D tgnet   : process server response 0x7c5215275bb0 - 22TL_new_session_created
12-08 06:53:09.299  1491  1580 D tgnet   : [ConnectionsManager.cpp:1122] process server response 0x7c5215275bb0 - 22TL_new_session_created
12-08 06:53:09.299  1491  1580 D tgnet   : connection(0x7c52c50384c0, account0, dc1, type 2) new session created (first message id: 0x693675d520831400, server salt: 0x65cbf10f35359ba1, unique id: 0x1302000679b432a1)
12-08 06:53:09.299  1491  1580 D tgnet   : [ConnectionsManager.cpp:1131] connection(0x7c52c50384c0, account0, dc1, type 2) new session created (first message id: 0x693675d520831400, server salt: 0x65cbf10f35359ba1, unique id: 0x1302000679b432a1)
12-08 06:53:09.307  1491  1580 D tgnet   : Config(0x7c51f501e3f0, /data/user/0/org.chatengine.messenger.beta/files/tgnet.dat) config write ok
12-08 06:53:09.307  1491  1580 D tgnet   : [            Config.cpp: 129] Config(0x7c51f501e3f0, /data/user/0/org.chatengine.messenger.beta/files/tgnet.dat) config write ok
12-08 06:53:09.308  1491  1580 D tgnet   : connection(0x7c52c50391a0, account0, dc1, type 2) received message len (currentPacketLength) 104 but packet (buffer->remaining()) larger 2775
12-08 06:53:09.308  1491  1580 D tgnet   : [        Connection.cpp: 269] connection(0x7c52c50391a0, account0, dc1, type 2) received message len (currentPacketLength) 104 but packet (buffer->remaining()) larger 2775
12-08 06:53:09.308  1491  1580 D tgnet   : connection(0x7c52c50391a0, account0, dc1, type 2) received message len (currentPacketLength) 104 but packet (buffer->remaining()) larger 2670
12-08 06:53:09.308  1491  1580 D tgnet   : [        Connection.cpp: 269] connection(0x7c52c50391a0, account0, dc1, type 2) received message len (currentPacketLength) 104 but packet (buffer->remaining()) larger 2670
12-08 06:53:09.309  1491  1580 D tgnet   : connection(0x7c52c50391a0, account0, dc1, type 2) received object 22TL_new_session_created
12-08 06:53:09.309  1491  1580 D tgnet   : [ConnectionsManager.cpp:1008] connection(0x7c52c50391a0, account0, dc1, type 2) received object 22TL_new_session_created
12-08 06:53:09.309  1491  1580 D tgnet   : process server response 0x7c5215275bb0 - 22TL_new_session_created
12-08 06:53:09.309  1491  1580 D tgnet   : [ConnectionsManager.cpp:1122] process server response 0x7c5215275bb0 - 22TL_new_session_created
12-08 06:53:09.309  1491  1580 D tgnet   : connection(0x7c52c50391a0, account0, dc1, type 2) new session created (first message id: 0x693675d520c49c00, server salt: 0x65cbf10f35359ba1, unique id: 0x232bba0a8e3c9f43)
12-08 06:53:09.309  1491  1580 D tgnet   : [ConnectionsManager.cpp:1131] connection(0x7c52c50391a0, account0, dc1, type 2) new session created (first message id: 0x693675d520c49c00, server salt: 0x65cbf10f35359ba1, unique id: 0x232bba0a8e3c9f43)
12-08 06:53:09.316  1491  1580 D tgnet   : Config(0x7c51f501e3f0, /data/user/0/org.chatengine.messenger.beta/files/tgnet.dat) config write ok
12-08 06:53:09.316  1491  1580 D tgnet   : [            Config.cpp: 129] Config(0x7c51f501e3f0, /data/user/0/org.chatengine.messenger.beta/files/tgnet.dat) config write ok
12-08 06:53:09.316  1491  1580 D tgnet   : connection(0x7c52c50391a0, account0, dc1, type 2) received message len (currentPacketLength) 104 but packet (buffer->remaining()) larger 2565
12-08 06:53:09.316  1491  1580 D tgnet   : [        Connection.cpp: 269] connection(0x7c52c50391a0, account0, dc1, type 2) received message len (currentPacketLength) 104 but packet (buffer->remaining()) larger 2565
12-08 06:53:09.317  1491  1580 D tgnet   : connection(0x7c52c50391a0, account0, dc1, type 2) received packet size less(2457) then message size(32872)
12-08 06:53:09.317  1491  1580 D tgnet   : [        Connection.cpp: 277] connection(0x7c52c50391a0, account0, dc1, type 2) received packet size less(2457) then message size(32872)
12-08 06:53:09.317  1491  1580 D tgnet   : connection(0x7c52c5013af0, account0, dc1, type 1) received message len (currentPacketLength) 168 but packet (buffer->remaining()) larger 474
12-08 06:53:09.318  1491  1580 D tgnet   : [        Connection.cpp: 269] connection(0x7c52c5013af0, account0, dc1, type 1) received message len (currentPacketLength) 168 but packet (buffer->remaining()) larger 474
12-08 06:53:09.319  1491  1580 D tgnet   : api request constructor 0x8c718e87, don't parse
12-08 06:53:09.319  1491  1580 D tgnet   : [ConnectionsManager.cpp:1096] api request constructor 0x8c718e87, don't parse
12-08 06:53:09.319  1491  1580 D tgnet   : connection(0x7c52c5013af0, account0, dc1, type 1) received object 13TL_rpc_result
12-08 06:53:09.319  1491  1580 D tgnet   : [ConnectionsManager.cpp:1008] connection(0x7c52c5013af0, account0, dc1, type 1) received object 13TL_rpc_result
12-08 06:53:09.319  1491  1580 D tgnet   : process server response 0x7c5205041390 - 13TL_rpc_result
12-08 06:53:09.319  1491  1580 D tgnet   : [ConnectionsManager.cpp:1122] process server response 0x7c5205041390 - 13TL_rpc_result
12-08 06:53:09.319  1491  1580 D tgnet   : message_id 7581376580797497577 connection(0x7c52c5013af0, account0, dc1, type 1) received rpc_result with 15TL_api_response
12-08 06:53:09.319  1491  1580 D tgnet   : [ConnectionsManager.cpp:1267] message_id 7581376580797497577 connection(0x7c52c5013af0, account0, dc1, type 1) received rpc_result with 15TL_api_response
12-08 06:53:09.319  1491  1580 D tgnet   : got response for request 0x7c5205040910 - 14TL_api_request
12-08 06:53:09.320  1491  1580 D tgnet   : [ConnectionsManager.cpp:1303] got response for request 0x7c5205040910 - 14TL_api_request
12-08 06:53:09.323  1491  1580 D tmessages: CM java buff saved to /sdcard/Android/data/org.chatengine.messenger.beta/files/buff_1765176789321.bin
12-08 06:53:09.324  1491  1580 D tmessages: java received org.telegram.tgnet.TLRPC$TL_messages_messages@9943b4c error = null
12-08 06:53:09.325  1491  1580 D tgnet   : connection(0x7c52c5013af0, account0, dc1, type 1) received message len (currentPacketLength) 104 but packet (buffer->remaining()) larger 305
12-08 06:53:09.325  1491  1580 D tgnet   : [        Connection.cpp: 269] connection(0x7c52c5013af0, account0, dc1, type 1) received message len (currentPacketLength) 104 but packet (buffer->remaining()) larger 305
12-08 06:53:09.325  1491  1563 D tmessages: processLoadedMessages size 0 in chat 1271284286 topic_id 0 count 50 max_id 2 cache false guid 3 load_type 0 last_message_id 0 index 3 firstUnread 0 unread_count 0 last_date 0 queryFromServer false isTopicfalse
12-08 06:53:09.326  1491  1580 D tgnet   : api request constructor 0x84d19185, don't parse
12-08 06:53:09.326  1491  1580 D tgnet   : [ConnectionsManager.cpp:1096] api request constructor 0x84d19185, don't parse
12-08 06:53:09.326  1491  1563 D tmessages: process time=1 count=0 for dialog  1271284286
12-08 06:53:09.326  1491  1580 D tgnet   : connection(0x7c52c5013af0, account0, dc1, type 1) received object 13TL_rpc_result
12-08 06:53:09.326  1491  1580 D tgnet   : [ConnectionsManager.cpp:1008] connection(0x7c52c5013af0, account0, dc1, type 1) received object 13TL_rpc_result
12-08 06:53:09.326  1491  1532 D MTProto : requestMsgId=136688709088560 requestingTime=164 request_token=86
12-08 06:53:09.326  1491  1580 D tgnet   : process server response 0x7c5205041150 - 13TL_rpc_result
12-08 06:53:09.326  1491  1580 D tgnet   : [ConnectionsManager.cpp:1122] process server response 0x7c5205041150 - 13TL_rpc_result
12-08 06:53:09.326  1491  1532 D MTProto : req -> TL_messages_getHistory : {"add_offset":0,"hash":0,"limit":50,"max_id":0,"min_id":0,"offset_date":0,"offset_id":2,"peer":{"access_hash":7248528399095271617,"channel_id":0,"chat_id":0,"msg_id":0,"user_id":1271284286}}
12-08 06:53:09.326  1491  1580 D tgnet   : message_id 7581376580807983345 connection(0x7c52c5013af0, account0, dc1, type 1) received rpc_result with 15TL_api_response
12-08 06:53:09.326  1491  1532 D MTProto : res -> TL_messages_messages : {"chats":[],"count":0,"flags":0,"inexact":false,"messages":[],"next_rate":0,"offset_id_offset":0,"pts":0,"topics":[],"users":[{"access_hash":1987210240484221045,"apply_min_photo":false,"attach_menu_enabled":false,"bot":false,"bot_attach_menu":false,"bot_chat_history":false,"bot_info_version":0,"bot_inline_geo":false,"bot_menu_webview":false,"bot_nochats":false,"contact":true,"deleted":false,"explicit_content":false,"fake":false,"first_name":"U","flags":7255,"flags2":0,"id":1271292291,"inactive":false,"last_name":"7","min":false,"mutual_contact":true,"premium":false,"restricted":false,"restriction_reason":[],"scam":false,"self":true,"status":{"expires":1765176847},"support":false,"usernames":[],"verified":false}]}
12-08 06:53:09.327  1491  1532 D MTProto :  
12-08 06:53:09.327  1491  1580 D tgnet   : [ConnectionsManager.cpp:1267] message_id 7581376580807983345 connection(0x7c52c5013af0, account0, dc1, type 1) received rpc_result with 15TL_api_response
12-08 06:53:09.327  1491  1580 D tgnet   : got response for request 0x7c5205041570 - 14TL_api_request
12-08 06:53:09.327  1491  1580 D tgnet   : [ConnectionsManager.cpp:1303] got response for request 0x7c5205041570 - 14TL_api_request
12-08 06:53:09.329  1491  1580 D tmessages: CM java buff saved to /sdcard/Android/data/org.chatengine.messenger.beta/files/buff_1765176789328.bin
12-08 06:53:09.329  1491  1580 D tmessages: java received org.telegram.tgnet.TLRPC$TL_messages_affectedMessages@c79e49b error = null
12-08 06:53:09.330  1491  1580 D tgnet   : received message len 200 (currentPacketLength) equal to packet size
12-08 06:53:09.330  1491  1580 D tgnet   : [        Connection.cpp: 275] received message len 200 (currentPacketLength) equal to packet size
12-08 06:53:09.331  1491  1563 D tmessages: processNewDifferenceParams seq = -1 pts = 13 date = -1 pts_count = 1
12-08 06:53:09.331  1491  1563 D tmessages: APPLY PTS
12-08 06:53:09.331  1491  1580 D tgnet   : connection(0x7c52c5013af0, account0, dc1, type 1) received object 13TL_rpc_result
12-08 06:53:09.331  1491  1580 D tgnet   : [ConnectionsManager.cpp:1008] connection(0x7c52c5013af0, account0, dc1, type 1) received object 13TL_rpc_result
12-08 06:53:09.331  1491  1580 D tgnet   : process server response 0x7c5205041150 - 13TL_rpc_result
12-08 06:53:09.331  1491  1580 D tgnet   : [ConnectionsManager.cpp:1122] process server response 0x7c5205041150 - 13TL_rpc_result
12-08 06:53:09.331  1491  1580 D tgnet   : message_id 7581376580826857737 connection(0x7c52c5013af0, account0, dc1, type 1) received rpc_result with 14TL_gzip_packed
12-08 06:53:09.331  1491  1580 D tgnet   : [ConnectionsManager.cpp:1267] message_id 7581376580826857737 connection(0x7c52c5013af0, account0, dc1, type 1) received rpc_result with 14TL_gzip_packed
12-08 06:53:09.331  1491  1580 D tgnet   : got response for request 0x7c5205040fd0 - 14TL_api_request
12-08 06:53:09.331  1491  1580 D tgnet   : [ConnectionsManager.cpp:1303] got response for request 0x7c5205040fd0 - 14TL_api_request
12-08 06:53:09.331  1491  1580 D tgnet   : api request constructor 0x74ae4240, don't parse
12-08 06:53:09.331  1491  1580 D tgnet   : [ConnectionsManager.cpp:1096] api request constructor 0x74ae4240, don't parse
12-08 06:53:09.332  1491  1532 D MTProto : requestMsgId=136688709088560 requestingTime=182 request_token=85
12-08 06:53:09.332  1491  1532 D MTProto : req -> TL_messages_readHistory : {"max_id":5,"peer":{"access_hash":7248528399095271617,"channel_id":0,"chat_id":0,"msg_id":0,"user_id":1271284286}}
12-08 06:53:09.332  1491  1532 D MTProto : res -> TL_messages_affectedMessages : {"pts":13,"pts_count":1}
12-08 06:53:09.332  1491  1532 D MTProto :  
12-08 06:53:09.333  1491  1580 D tmessages: CM java buff saved to /sdcard/Android/data/org.chatengine.messenger.beta/files/buff_1765176789332.bin
12-08 06:53:09.333  1491  1580 D tmessages: java received org.telegram.tgnet.TLRPC$TL_updates@5761811 error = null
12-08 06:53:09.335  1491  1580 D tgnet   : connection(0x7c52c50384c0, account0, dc1, type 2) received message len (currentPacketLength) 104 but packet (buffer->remaining()) larger 4163
12-08 06:53:09.335  1491  1580 D tgnet   : [        Connection.cpp: 269] connection(0x7c52c50384c0, account0, dc1, type 2) received message len (currentPacketLength) 104 but packet (buffer->remaining()) larger 4163
12-08 06:53:09.335  1491  1580 D tgnet   : connection(0x7c52c50384c0, account0, dc1, type 2) received message len (currentPacketLength) 104 but packet (buffer->remaining()) larger 4058
12-08 06:53:09.335  1491  1580 D tgnet   : [        Connection.cpp: 269] connection(0x7c52c50384c0, account0, dc1, type 2) received message len (currentPacketLength) 104 but packet (buffer->remaining()) larger 4058
12-08 06:53:09.336  1491  1580 D tgnet   : connection(0x7c52c50384c0, account0, dc1, type 2) received object 22TL_new_session_created
12-08 06:53:09.336  1491  1580 D tgnet   : [ConnectionsManager.cpp:1008] connection(0x7c52c50384c0, account0, dc1, type 2) received object 22TL_new_session_created
12-08 06:53:09.336  1491  1580 D tgnet   : process server response 0x7c5215036170 - 22TL_new_session_created
12-08 06:53:09.336  1491  1580 D tgnet   : [ConnectionsManager.cpp:1122] process server response 0x7c5215036170 - 22TL_new_session_created
12-08 06:53:09.336  1491  1580 D tgnet   : connection(0x7c52c50384c0, account0, dc1, type 2) new session created (first message id: 0x693675d520831400, server salt: 0x65cbf10f35359ba1, unique id: 0x70cb7435ad26d153)
12-08 06:53:09.336  1491  1580 D tgnet   : [ConnectionsManager.cpp:1131] connection(0x7c52c50384c0, account0, dc1, type 2) new session created (first message id: 0x693675d520831400, server salt: 0x65cbf10f35359ba1, unique id: 0x70cb7435ad26d153)
12-08 06:53:09.336  1491  1532 D MTProto : requestMsgId=136688709088560 requestingTime=187 request_token=84
12-08 06:53:09.336  1491  1532 D MTProto : req -> TL_messages_getMessagesReactions : {"id":[5,4,3,2],"peer":{"access_hash":7248528399095271617,"channel_id":0,"chat_id":0,"msg_id":0,"user_id":1271284286}}
12-08 06:53:09.336  1491  1532 D MTProto : res -> TL_updates : {"chat_id":0,"chats":[],"date":1765176789,"entities":[],"flags":0,"from_id":0,"id":0,"media_unread":false,"mentioned":false,"out":false,"pts":0,"pts_count":0,"seq":0,"seq_start":0,"silent":false,"ttl_period":0,"updates":[],"user_id":0,"users":[{"access_hash":1987210240484221045,"apply_min_photo":false,"attach_menu_enabled":false,"bot":false,"bot_attach_menu":false,"bot_chat_history":false,"bot_info_version":0,"bot_inline_geo":false,"bot_menu_webview":false,"bot_nochats":false,"contact":true,"deleted":false,"explicit_content":false,"fake":false,"first_name":"U","flags":7255,"flags2":0,"id":1271292291,"inactive":false,"last_name":"7","min":false,"mutual_contact":true,"premium":false,"restricted":false,"restriction_reason":[],"scam":false,"self":true,"status":{"expires":0},"support":false,"usernames":[],"verified":false},{"access_hash":1987210240484221045,"apply_min_photo":false,"attach_menu_enabled":false,"bot":false,"bot_attach_menu":false,"bot_chat_history":false,"bot_info_version":0,"bot_inline_geo":false,"bot_menu_webview":false,"bot_nochats":false,"contact":true,"deleted":false,"explicit_content":false,"fake":false,"first_name":"U","flags":7255,"flags2":0,"id":1271292291,"inactive":false,"last_name":"7","min":false,"mutual_contact":true,"premium":false,"restricted":false,"restriction_reason":[],"scam":false,"self":true,"status":{"expires":0},"support":false,"usernames":[],"verified":false},{"access_hash":1987210240484221045,"apply_min_photo":false,"attach_menu_enabled":false,"bot":false,"bot_attach_menu":false,"bot_chat_history":false,"bot_info_version":0,"bot_inline_geo":false,"bot_menu_webview":false,"bot_nochats":false,"contact":true,"deleted":false,"explicit_content":false,"fake":false,"first_name":"U","flags":7255,"flags2":0,"id":1271292291,"inactive":false,"last_name":"7","min":false,"mutual_contact":true,"premium":false,"restricted":false,"restriction_reason":[],"scam":false,"self":true,"status":{"expires":0},"support":false,"usernames":[],"verified":false},{"access_hash":1987210240484221045,"apply_min_photo":false,"attach_menu_enabled":false,"bot":false,"bot_attach_menu":false,"bot_chat_history":false,"bot_info_version":0,"bot_inline_geo":false,"bot_menu_webview":false,"bot_nochats":false,"contact":true,"deleted":false,"explicit_content":false,"fake":false,"first_name":"U","flags":7255,"flags2":0,"id":1271292291,"inactive":false,"last_name":"7","min":false,"mutual_contact":true,"premium":false,"restricted":false,"restriction_reason":[],"scam":false,"self":true,"status":{"expires":0},"support":false,"usernames":[],"verified":false}],"via_bot_id":0}
12-08 06:53:09.337  1491  1532 D MTProto :  
12-08 06:53:09.346  1491  1580 D tgnet   : Config(0x7c51f501e3f0, /data/user/0/org.chatengine.messenger.beta/files/tgnet.dat) config write ok
12-08 06:53:09.347  1491  1580 D tgnet   : [            Config.cpp: 129] Config(0x7c51f501e3f0, /data/user/0/org.chatengine.messenger.beta/files/tgnet.dat) config write ok
12-08 06:53:09.347  1491  1580 D tgnet   : connection(0x7c52c50384c0, account0, dc1, type 2) received message len (currentPacketLength) 104 but packet (buffer->remaining()) larger 3953
12-08 06:53:09.347  1491  1580 D tgnet   : [        Connection.cpp: 269] connection(0x7c52c50384c0, account0, dc1, type 2) received message len (currentPacketLength) 104 but packet (buffer->remaining()) larger 3953
12-08 06:53:09.348  1491  1580 D tgnet   : connection(0x7c52c50384c0, account0, dc1, type 2) received packet size less(3845) then message size(32872)
12-08 06:53:09.348  1491  1580 D tgnet   : [        Connection.cpp: 277] connection(0x7c52c50384c0, account0, dc1, type 2) received packet size less(3845) then message size(32872)
12-08 06:53:09.348  1491  1580 D tgnet   : connection( account0, dc1, type 2) received packet size less(9401) then message size(32876)
12-08 06:53:09.348  1491  1580 D tgnet   : [        Connection.cpp: 155] connection( account0, dc1, type 2) received packet size less(9401) then message size(32876)
12-08 06:53:09.348  1491  1580 D tgnet   : connection( account0, dc1, type 2) received packet size less(7012) then message size(32876)
12-08 06:53:09.348  1491  1580 D tgnet   : [        Connection.cpp: 155] connection( account0, dc1, type 2) received packet size less(7012) then message size(32876)
12-08 06:53:09.356  1491  1580 D tgnet   : connection( account0, dc1, type 2) received packet size less(9788) then message size(32876)
12-08 06:53:09.357  1491  1580 D tgnet   : [        Connection.cpp: 155] connection( account0, dc1, type 2) received packet size less(9788) then message size(32876)
12-08 06:53:09.357  1491  1580 D tgnet   : connection( account0, dc1, type 2) received packet size less(9884) then message size(32876)
12-08 06:53:09.357  1491  1580 D tgnet   : [        Connection.cpp: 155] connection( account0, dc1, type 2) received packet size less(9884) then message size(32876)
12-08 06:53:09.374  1491  1580 D tgnet   : connection( account0, dc1, type 2) received packet size less(12660) then message size(32876)
12-08 06:53:09.374  1491  1580 D tgnet   : [        Connection.cpp: 155] connection( account0, dc1, type 2) received packet size less(12660) then message size(32876)
12-08 06:53:09.377  1491  1580 D tgnet   : connection( account0, dc1, type 2) received packet size less(11176) then message size(32876)
12-08 06:53:09.377  1491  1580 D tgnet   : [        Connection.cpp: 155] connection( account0, dc1, type 2) received packet size less(11176) then message size(32876)
12-08 06:53:09.377  1491  1580 D tgnet   : connection( account0, dc1, type 2) received packet size less(14048) then message size(32876)
12-08 06:53:09.377  1491  1580 D tgnet   : [        Connection.cpp: 155] connection( account0, dc1, type 2) received packet size less(14048) then message size(32876)
12-08 06:53:09.387  1491  1491 D tmessages: notify item removed 6
12-08 06:53:09.392  1491  1580 D tgnet   : connection( account0, dc1, type 2) received packet size less(13952) then message size(32876)
12-08 06:53:09.392  1491  1580 D tgnet   : [        Connection.cpp: 155] connection( account0, dc1, type 2) received packet size less(13952) then message size(32876)
12-08 06:53:09.393  1491  1580 D tgnet   : connection( account0, dc1, type 2) received packet size less(16728) then message size(32876)
12-08 06:53:09.393  1491  1580 D tgnet   : [        Connection.cpp: 155] connection( account0, dc1, type 2) received packet size less(16728) then message size(32876)
12-08 06:53:09.394  1491  1580 D tgnet   : connection( account0, dc1, type 2) received packet size less(22280) then message size(32876)
12-08 06:53:09.394  1491  1580 D tgnet   : [        Connection.cpp: 155] connection( account0, dc1, type 2) received packet size less(22280) then message size(32876)
12-08 06:53:09.394  1491  1580 D tgnet   : connection( account0, dc1, type 2) received packet size less(19600) then message size(32876)
12-08 06:53:09.394  1491  1580 D tgnet   : [        Connection.cpp: 155] connection( account0, dc1, type 2) received packet size less(19600) then message size(32876)
12-08 06:53:09.404  1491  1580 D tgnet   : connection( account0, dc1, type 2) received packet size less(22376) then message size(32876)
12-08 06:53:09.404  1491  1580 D tgnet   : [        Connection.cpp: 155] connection( account0, dc1, type 2) received packet size less(22376) then message size(32876)
12-08 06:53:09.408  1491  1580 D tgnet   : connection( account0, dc1, type 2) received packet size less(25152) then message size(32876)
12-08 06:53:09.408  1491  1580 D tgnet   : [        Connection.cpp: 155] connection( account0, dc1, type 2) received packet size less(25152) then message size(32876)
12-08 06:53:09.415  1491  1491 D tmessages: animate remove
12-08 06:53:09.417  1491  1580 D tgnet   : connection( account0, dc1, type 2) received packet size less(27928) then message size(32876)
