12-07 10:41:25.829  1754  1819 D tgnet   : process server response 0x707d5be58470 - 13TL_rpc_result
12-07 10:41:25.829  1754  1819 D tgnet   : [ConnectionsManager.cpp:1122] process server response 0x707d5be58470 - 13TL_rpc_result
12-07 10:41:25.829  1754  1819 D tgnet   : message_id 7581064320805844729 connection(0x707e1be0c390, account0, dc1, type 1) received rpc_result with 14TL_gzip_packed
12-07 10:41:25.829  1754  1819 D tgnet   : [ConnectionsManager.cpp:1267] message_id 7581064320805844729 connection(0x707e1be0c390, account0, dc1, type 1) received rpc_result with 14TL_gzip_packed
12-07 10:41:25.829  1754  1819 D tgnet   : got response for request 0x707d5be4be70 - 14TL_api_request
12-07 10:41:25.829  1754  1819 D tgnet   : [ConnectionsManager.cpp:1303] got response for request 0x707d5be4be70 - 14TL_api_request
12-07 10:41:25.829  1754  1819 D tgnet   : api request constructor 0x3371c354, don't parse
12-07 10:41:25.829  1754  1819 D tgnet   : [ConnectionsManager.cpp:1096] api request constructor 0x3371c354, don't parse
12-07 10:41:25.831  1754  1819 D tmessages: CM java buff saved to /sdcard/Android/data/org.chatengine.messenger.beta/files/buff_1765104085829.bin
12-07 10:41:25.832  1754  1819 D tmessages: java received org.telegram.tgnet.TLRPC$TL_messages_peerDialogs@b861bd0 error = null
12-07 10:41:25.839  1754  1797 D MTProto : requestMsgId=123680703141168 requestingTime=162 request_token=104
12-07 10:41:25.839  1754  1797 D MTProto : req -> TL_messages_getPeerDialogs : {"peers":[{"peer":{"access_hash":6599886787491911851,"channel_id":0,"chat_id":0,"msg_id":0,"user_id":777000}}]}
12-07 10:41:25.839  1754  1797 D MTProto : res -> TL_messages_peerDialogs : {"chats":[],"dialogs":[{"flags":0,"folder_id":0,"id":0,"isFolder":false,"last_message_date":0,"notify_settings":{"events_mask":0,"flags":0,"mute_until":0,"show_previews":false,"silent":false},"peer":{"channel_id":0,"chat_id":0,"user_id":777000},"pinned":false,"pinnedNum":0,"pts":0,"read_inbox_max_id":0,"read_outbox_max_id":0,"top_message":1,"ttl_period":0,"unread_count":1,"unread_mark":false,"unread_mentions_count":0,"unread_reactions_count":0}],"messages":[{"attachPath":"","date":1765104085,"destroyTime":0,"dialog_id":0,"edit_date":0,"edit_hide":false,"entities":[{"length":11,"offset":0},{"length":3,"offset":22}],"expire_date":0,"flags":128,"forwards":0,"from_id":{"channel_id":0,"chat_id":0,"user_id":777000},"from_scheduled":false,"fwd_msg_id":0,"grouped_id":0,"id":1,"isThreadMessage":false,"layer":0,"legacy":false,"local_id":0,"media_unread":false,"mentioned":false,"noforwards":false,"out":false,"peer_id":{"channel_id":0,"chat_id":0,"user_id":777000},"pinned":false,"post":false,"premiumEffectWasPlayed":false,"random_id":0,"realId":0,"reqId":0,"restriction_reason":[],"send_state":0,"seq_in":0,"seq_out":0,"silent":false,"stickerVerified":1,"topic_start":false,"ttl":0,"ttl_period":0,"unread":false,"via_bot_id":0,"views":0,"voiceTranscriptionFinal":false,"voiceTranscriptionForce":false,"voiceTranscriptionId":0,"voiceTranscriptionOpen":false,"voiceTranscriptionRated":false,"with_my_score":false}],"state":{"date":1765104085,"pts":2,"qts":0,"seq":-1,"unread_count":0},"users":[{"access_hash":1987210240484221045,"apply_min_photo":false,"attach_menu_enabled":false,"bot":false,"bot_attach_menu":false,"bot_chat_history":false,"bot_info_version":0,"bot_inline_geo":false,"bot_menu_webview":false,"bot_nochats":false,"contact":true,"deleted":false,"explicit_content":false,"fake":false,"first_name":"U","flags":7255,"flags2":0,"id":1271292291,"inactive":false,"last_name":"7","min":false,"mutual_contact":true,"premium":false,"restricted":false,"restriction_reason":[],"scam":false,"self":true,"status":{"expires":1765104143},"support":false,"usernames":[],"verified":false},{"access_hash":6599886787491911851,"apply_min_photo":false,"attach_menu_enabled":false,"bot":false,"bot_attach_menu":false,"bot_chat_history":false,"bot_info_version":0,"bot_inline_geo":false,"bot_menu_webview":false,"bot_nochats":false,"contact":false,"deleted":false,"explicit_content":false,"fake":false,"first_name":"Teamgram","flags":131147,"flags2":0,"id":777000,"inactive":false,"min":false,"mutual_contact":false,"premium":false,"restricted":false,"restriction_reason":[],"scam":false,"self":false,"status":{"expires":0},"support":false,"username":"teamgram","usernames":[],"verified":true}]}
12-07 10:41:25.839  1754  1797 D MTProto :  
12-07 10:41:25.839  1754  1807 D tmessages: loaded folderId 0 loadType 3 count 1
12-07 10:41:25.909  1754  1897 D tmessages: file db backup created /data/user/0/org.chatengine.messenger.beta/files/file_to_path_backup.db
12-07 10:41:25.909  1754  1897 D tmessages: files db created from_backup= false
12-07 10:41:25.909  1754  1807 D tmessages: checkMediaExistance size=1 time=69
12-07 10:41:25.935  1754  1852 D tmessages: create new channel 0channel_silent_a7b16_313015008232628147
12-07 10:41:25.951  1754  1852 D tmessages: show extra notifications chatId 777000 topicId 0
12-07 10:41:25.955  1754  1852 W tmessages: show dialog notification with id 777000 777000 user=org.telegram.tgnet.TLRPC$TL_user@e3194e8 chat=null
12-07 10:41:26.676  1754  1852 D tmessages: delay reached
12-07 10:41:26.680  1754  1852 D tmessages: create new channel 0channel_private_ia_b9fad_-4412507302098504498
12-07 10:41:26.691  1754  1852 D tmessages: show extra notifications chatId 777000 topicId 0
12-07 10:41:26.699  1754  1852 W tmessages: show dialog notification with id 777000 777000 user=org.telegram.tgnet.TLRPC$TL_user@e3194e8 chat=null
12-07 10:41:28.222  1754  1802 D tmessages: download queue: dc1 account=0 small_operations=38 large_operations=0
12-07 10:41:28.756  1754  1819 D tgnet   : connection(0x707e1bf35f50) reset last event time, no requests
12-07 10:41:28.756  1754  1819 D tgnet   : [  ConnectionSocket.cpp:1089] connection(0x707e1bf35f50) reset last event time, no requests
12-07 10:41:29.477  1754  1819 D tgnet   : connection(0x707e1be0c390, account0, dc1, type 1) received packet size less(1396) then message size(106808)
12-07 10:41:29.477  1754  1819 D tgnet   : [        Connection.cpp: 277] connection(0x707e1be0c390, account0, dc1, type 1) received packet size less(1396) then message size(106808)
12-07 10:41:29.478  1754  1819 D tgnet   : connection( account0, dc1, type 1) received packet size less(2800) then message size(106812)
12-07 10:41:29.478  1754  1819 D tgnet   : [        Connection.cpp: 155] connection( account0, dc1, type 1) received packet size less(2800) then message size(106812)
12-07 10:41:29.481  1754  1819 D tgnet   : connection( account0, dc1, type 1) received packet size less(14000) then message size(106812)
12-07 10:41:29.481  1754  1819 D tgnet   : [        Connection.cpp: 155] connection( account0, dc1, type 1) received packet size less(14000) then message size(106812)
12-07 10:41:29.682  1754  1819 D tgnet   : connection( account0, dc1, type 1) received packet size less(15400) then message size(106812)
12-07 10:41:29.682  1754  1819 D tgnet   : [        Connection.cpp: 155] connection( account0, dc1, type 1) received packet size less(15400) then message size(106812)
12-07 10:41:29.683  1754  1819 D tgnet   : connection( account0, dc1, type 1) received packet size less(16800) then message size(106812)
12-07 10:41:29.683  1754  1819 D tgnet   : [        Connection.cpp: 155] connection( account0, dc1, type 1) received packet size less(16800) then message size(106812)
12-07 10:41:29.686  1754  1819 D tgnet   : connection( account0, dc1, type 1) received packet size less(42000) then message size(106812)
12-07 10:41:29.686  1754  1819 D tgnet   : [        Connection.cpp: 155] connection( account0, dc1, type 1) received packet size less(42000) then message size(106812)
12-07 10:41:29.825  1754  1819 D tgnet   : connection( account0, dc1, type 1) received packet size less(43400) then message size(106812)
12-07 10:41:29.826  1754  1819 D tgnet   : [        Connection.cpp: 155] connection( account0, dc1, type 1) received packet size less(43400) then message size(106812)
12-07 10:41:29.826  1754  1819 D tgnet   : connection( account0, dc1, type 1) received packet size less(44800) then message size(106812)
12-07 10:41:29.827  1754  1819 D tgnet   : [        Connection.cpp: 155] connection( account0, dc1, type 1) received packet size less(44800) then message size(106812)
12-07 10:41:29.830  1754  1819 D tgnet   : connection( account0, dc1, type 1) received packet size less(46200) then message size(106812)
12-07 10:41:29.830  1754  1819 D tgnet   : [        Connection.cpp: 155] connection( account0, dc1, type 1) received packet size less(46200) then message size(106812)
12-07 10:41:29.831  1754  1819 D tgnet   : connection( account0, dc1, type 1) received packet size less(47600) then message size(106812)
12-07 10:41:29.831  1754  1819 D tgnet   : [        Connection.cpp: 155] connection( account0, dc1, type 1) received packet size less(47600) then message size(106812)
12-07 10:41:29.835  1754  1819 D tgnet   : connection( account0, dc1, type 1) received packet size less(82600) then message size(106812)
12-07 10:41:29.835  1754  1819 D tgnet   : [        Connection.cpp: 155] connection( account0, dc1, type 1) received packet size less(82600) then message size(106812)
12-07 10:41:29.837  1754  1819 D tgnet   : connection( account0, dc1, type 1) received packet size less(98000) then message size(106812)
12-07 10:41:29.837  1754  1819 D tgnet   : [        Connection.cpp: 155] connection( account0, dc1, type 1) received packet size less(98000) then message size(106812)
12-07 10:41:29.915  1754  1754 D tmessages: app paused = true
12-07 10:41:29.915  1754  1754 D tmessages: app resume count 0
12-07 10:41:29.921  1754  1754 D tgnet   : Config(0x707d4be1d890, /data/user/0/org.chatengine.messenger.beta/files/tgnet.dat) config write ok
12-07 10:41:29.921  1754  1754 D tgnet   : [            Config.cpp: 129] Config(0x707d4be1d890, /data/user/0/org.chatengine.messenger.beta/files/tgnet.dat) config write ok
12-07 10:41:29.988  1754  1819 D tgnet   : connection( account0, dc1, type 1) received packet size less(99400) then message size(106812)
12-07 10:41:29.988  1754  1819 D tgnet   : [        Connection.cpp: 155] connection( account0, dc1, type 1) received packet size less(99400) then message size(106812)
12-07 10:41:29.989  1754  1819 D tgnet   : connection( account0, dc1, type 1) received packet size less(100800) then message size(106812)
12-07 10:41:29.989  1754  1819 D tgnet   : [        Connection.cpp: 155] connection( account0, dc1, type 1) received packet size less(100800) then message size(106812)
12-07 10:41:29.990  1754  1819 D tgnet   : received message len 106808 (currentPacketLength) equal to packet size
12-07 10:41:29.990  1754  1819 D tgnet   : [        Connection.cpp: 275] received message len 106808 (currentPacketLength) equal to packet size
12-07 10:41:29.991  1754  1819 E tgnet   : connection(0x707e1be0c390) received invalid message session id (0xabcd745effba028a instead of 0xabcdc9716331cb54)
12-07 10:41:31.342  1754  1808 D tmessages: force import contacts
12-07 10:41:31.342  1754  1808 D tmessages: start read contacts from phone
12-07 10:41:31.343  1754  1809 D tmessages: checkKeepMedia start task
12-07 10:41:31.346  1754  1754 D tmessages: app paused = false
12-07 10:41:31.346  1754  1754 D tmessages: app resume count 1
12-07 10:41:31.346  1754  1754 D tmessages: reset app pause time
12-07 10:41:31.346  1754  1819 D tgnet   : wakeup network account0
12-07 10:41:31.347  1754  1819 D tgnet   : [ConnectionsManager.cpp:3533] wakeup network account0
12-07 10:41:31.350  1754  1809 D tmessages: external dir mounted
12-07 10:41:31.351  1754  1809 D tmessages: check dir /storage/emulated/0/Android/data/org.chatengine.messenger.beta/cache 
12-07 10:41:31.352  1754  1809 D tmessages: cache path = /storage/emulated/0/Android/data/org.chatengine.messenger.beta/cache
12-07 10:41:31.382  1754  1809 D tmessages: image path = /storage/emulated/0/Android/data/org.chatengine.messenger.beta/files/Teamgram/Teamgram Images
12-07 10:41:31.394  1754  1809 D tmessages: video path = /storage/emulated/0/Android/data/org.chatengine.messenger.beta/files/Teamgram/Teamgram Video
12-07 10:41:31.407  1754  1809 D tmessages: audio path = /storage/emulated/0/Android/data/org.chatengine.messenger.beta/files/Teamgram/Teamgram Audio
12-07 10:41:31.419  1754  1809 D tmessages: documents path = /storage/emulated/0/Android/data/org.chatengine.messenger.beta/files/Teamgram/Teamgram Documents
12-07 10:41:31.431  1754  1809 D tmessages: files path = /storage/emulated/0/Android/data/org.chatengine.messenger.beta/files/Teamgram/Teamgram Files
12-07 10:41:31.448  1754  1809 D tmessages: image path = /storage/emulated/0/Android/media/org.chatengine.messenger.beta/Teamgram/Teamgram Images
12-07 10:41:31.464  1754  1809 D tmessages: video path = /storage/emulated/0/Android/media/org.chatengine.messenger.beta/Teamgram/Teamgram Video
12-07 10:41:31.468  1754  1809 D tmessages: checkKeepMedia task end time 125 auto deleted info: files 0 size 0 KB   deleted by size limit info: files 0 size 0 KB unknownTimeFiles 0
12-07 10:41:31.481  1754  1808 D tmessages: done processing contacts
12-07 10:41:32.466  1754  1819 D tgnet   : received message len 4200 (currentPacketLength) equal to packet size
12-07 10:41:32.466  1754  1819 D tgnet   : [        Connection.cpp: 275] received message len 4200 (currentPacketLength) equal to packet size
12-07 10:41:32.467  1754  1819 E tgnet   : connection(0x707e1be0c390) received invalid message session id (0xabcd745effba028a instead of 0xabcdc9716331cb54)
12-07 10:41:33.105  1754  1802 D tmessages: start loading file to temp = /storage/emulated/0/Android/data/org.chatengine.messenger.beta/cache/1_1655891575881863168.temp final = /storage/emulated/0/Android/data/org.chatengine.messenger.beta/cache/1_1655891575881863168.tgs priority65536
12-07 10:41:33.113  1754  1807 D tmessages: send request org.telegram.tgnet.TLRPC$TL_upload_getFile@d8ed852 with token = 105
12-07 10:41:33.114  1754  1802 D tmessages: create load operation fileName=1_1655891575881863168.tgs documentName=AnimatedSticker.tgssize=8.7 KB position in queue 1 account=0
12-07 10:41:33.114  1754  1807 D tmessages: debug_loading: 1_1655891575881863168.tgs send reqId 105
12-07 10:41:33.114  1754  1819 D tgnet   : send request 0x707d5be544b0 - 14TL_api_request
12-07 10:41:33.114  1754  1819 D tgnet   : [ConnectionsManager.cpp:1875] send request 0x707d5be544b0 - 14TL_api_request
12-07 10:41:33.114  1754  1819 D tgnet   : send request wrapped 0x707d5be544b0 - 14TL_api_request
12-07 10:41:33.114  1754  1819 D tgnet   : [ConnectionsManager.cpp:1882] send request wrapped 0x707d5be544b0 - 14TL_api_request
12-07 10:41:33.114  1754  1819 D tgnet   : messageId for token = 105, 0x693559dd1d2f1c00
12-07 10:41:33.114  1754  1819 D tgnet   : [ConnectionsManager.cpp:2609] messageId for token = 105, 0x693559dd1d2f1c00
12-07 10:41:33.114  1754  1819 E tgnet   : connection(0x707e1bf629e0) return true
12-07 10:41:33.114  1754  1819 D tgnet   : send message (session: 0xabcdc854f1e96da9, seqno: 87, messageid: 7581064353960369152  0x693559dd1d2f1c00): 14TL_api_request(0x707d5be544b0)
12-07 10:41:33.114  1754  1819 D tgnet   : [        Datacenter.cpp:1186] send message (session: 0xabcdc854f1e96da9, seqno: 87, messageid: 7581064353960369152  0x693559dd1d2f1c00): 14TL_api_request(0x707d5be544b0)
12-07 10:41:33.114  1754  1819 D tgnet   : connection(0x707e1bf35f50) reset last event time, no requests
12-07 10:41:33.114  1754  1819 D tgnet   : [  ConnectionSocket.cpp:1089] connection(0x707e1bf35f50) reset last event time, no requests
12-07 10:41:33.201  1754  1819 D tgnet   : received message len 8984 (currentPacketLength) equal to packet size
12-07 10:41:33.201  1754  1819 D tgnet   : [        Connection.cpp: 275] received message len 8984 (currentPacketLength) equal to packet size
12-07 10:41:33.201  1754  1819 D tgnet   : api request constructor 0x96a18d5, don't parse
12-07 10:41:33.202  1754  1819 D tgnet   : [ConnectionsManager.cpp:1096] api request constructor 0x96a18d5, don't parse
12-07 10:41:33.202  1754  1819 D tgnet   : connection(0x707e1bf629e0, account0, dc1, type 2) received object 13TL_rpc_result
12-07 10:41:33.202  1754  1819 D tgnet   : [ConnectionsManager.cpp:1008] connection(0x707e1bf629e0, account0, dc1, type 2) received object 13TL_rpc_result
12-07 10:41:33.202  1754  1819 D tgnet   : process server response 0x707d5be678f0 - 13TL_rpc_result
12-07 10:41:33.202  1754  1819 D tgnet   : [ConnectionsManager.cpp:1122] process server response 0x707d5be678f0 - 13TL_rpc_result
12-07 10:41:33.202  1754  1819 D tgnet   : message_id 7581064353827600145 connection(0x707e1bf629e0, account0, dc1, type 2) received rpc_result with 15TL_api_response
12-07 10:41:33.202  1754  1819 D tgnet   : [ConnectionsManager.cpp:1267] message_id 7581064353827600145 connection(0x707e1bf629e0, account0, dc1, type 2) received rpc_result with 15TL_api_response
12-07 10:41:33.202  1754  1819 D tgnet   : got response for request 0x707d5be544b0 - 14TL_api_request
12-07 10:41:33.202  1754  1819 D tgnet   : [ConnectionsManager.cpp:1303] got response for request 0x707d5be544b0 - 14TL_api_request
12-07 10:41:33.202  1754  1819 D tmessages: CM java buff saved to /sdcard/Android/data/org.chatengine.messenger.beta/files/buff_1765104093202.bin
12-07 10:41:33.203  1754  1819 D tmessages: java received org.telegram.tgnet.TLRPC$TL_upload_file@ce9d198 error = null
12-07 10:41:33.203  1754  1807 D tmessages: debug_loading: 1_1655891575881863168.tgs time=90 dcId=1 cdn=false conType=2 reqId105
12-07 10:41:33.213  1754  1807 D tmessages: finished downloading file to /storage/emulated/0/Android/data/org.chatengine.messenger.beta/cache/1_1655891575881863168.tgs time = 108 dc = 1 size = 8.7 KB
12-07 10:41:36.218  1754  1819 D tgnet   : send message (session: 0xabcdc9716331cb54, seqno: 82, messageid: 7581064367291947008  0x693559e037ced800): 24TL_ping_delay_disconnect(0x707d5be746d0) ping_id: 2
12-07 10:41:36.218  1754  1819 D tgnet   : [        Datacenter.cpp:1184] send message (session: 0xabcdc9716331cb54, seqno: 82, messageid: 7581064367291947008  0x693559e037ced800): 24TL_ping_delay_disconnect(0x707d5be746d0) ping_id: 2
12-07 10:41:36.218  1754  1819 D tgnet   : send message (session: 0xabcdc9716331cb54, seqno: 82, messageid: 7581064367291947008  0x693559e037ced800): 24TL_ping_delay_disconnect(0x707d5be746d0)
12-07 10:41:36.218  1754  1819 D tgnet   : [        Datacenter.cpp:1186] send message (session: 0xabcdc9716331cb54, seqno: 82, messageid: 7581064367291947008  0x693559e037ced800): 24TL_ping_delay_disconnect(0x707d5be746d0)
12-07 10:41:36.366  1754  1819 D tgnet   : received message len 88 (currentPacketLength) equal to packet size
12-07 10:41:36.366  1754  1819 D tgnet   : [        Connection.cpp: 275] received message len 88 (currentPacketLength) equal to packet size
12-07 10:41:36.366  1754  1819 D tgnet   : connection(0x707e1be0c390, account0, dc1, type 1) received object 7TL_pong
12-07 10:41:36.366  1754  1819 D tgnet   : [ConnectionsManager.cpp:1008] connection(0x707e1be0c390, account0, dc1, type 1) received object 7TL_pong
12-07 10:41:36.366  1754  1819 D tgnet   : process server response 0x707d5be73c50 - 7TL_pong
12-07 10:41:36.366  1754  1819 D tgnet   : [ConnectionsManager.cpp:1122] process server response 0x707d5be73c50 - 7TL_pong
12-07 10:41:37.371  1754  1819 D tgnet   : connection(0x707e1bf35f50) reset last event time, no requests
12-07 10:41:37.371  1754  1819 D tgnet   : [  ConnectionSocket.cpp:1089] connection(0x707e1bf35f50) reset last event time, no requests
12-07 10:41:38.227  1754  1802 D tmessages: download queue: dc1 account=0 small_operations=39 large_operations=0
12-07 10:41:40.385  1754  1819 D tgnet   : connection(0x707e1be0c390) reset last event time, no requests
12-07 10:41:40.385  1754  1819 D tgnet   : [  ConnectionSocket.cpp:1089] connection(0x707e1be0c390) reset last event time, no requests
12-07 10:41:41.390  1754  1819 D tgnet   : connection(0x707e1bf35f50) reset last event time, no requests
12-07 10:41:41.390  1754  1819 D tgnet   : [  ConnectionSocket.cpp:1089] connection(0x707e1bf35f50) reset last event time, no requests
12-07 10:41:43.506  1754  1819 D tgnet   : received message len 216 (currentPacketLength) equal to packet size
12-07 10:41:43.506  1754  1819 D tgnet   : [        Connection.cpp: 275] received message len 216 (currentPacketLength) equal to packet size
12-07 10:41:43.507  1754  1819 D tgnet   : not found request to parse constructor 0x5e002502
12-07 10:41:43.507  1754  1819 D tgnet   : [ConnectionsManager.cpp:1105] not found request to parse constructor 0x5e002502
12-07 10:41:43.507  1754  1819 D tgnet   : connection(0x707e1be0c390, account0, dc1, type 1) received object 16TL_msg_container
12-07 10:41:43.507  1754  1819 D tgnet   : [ConnectionsManager.cpp:1008] connection(0x707e1be0c390, account0, dc1, type 1) received object 16TL_msg_container
12-07 10:41:43.507  1754  1819 D tgnet   : process server response 0x707d6c0ab9f0 - 16TL_msg_container
12-07 10:41:43.507  1754  1819 D tgnet   : [ConnectionsManager.cpp:1122] process server response 0x707d6c0ab9f0 - 16TL_msg_container
12-07 10:41:43.507  1754  1819 D tgnet   : received container with 2 items
12-07 10:41:43.507  1754  1819 D tgnet   : [ConnectionsManager.cpp:1164] received container with 2 items
12-07 10:41:43.507  1754  1819 D tgnet   : inner message 0 id 0x693559c95405335b already processed
12-07 10:41:43.507  1754  1819 D tgnet   : [ConnectionsManager.cpp:1181] inner message 0 id 0x693559c95405335b already processed
12-07 10:41:43.507  1754  1819 D tgnet   : inner message 1 id 0x693559c955453361 already processed
12-07 10:41:43.507  1754  1819 D tgnet   : [ConnectionsManager.cpp:1181] inner message 1 id 0x693559c955453361 already processed
12-07 10:41:45.513  1754  1819 D tgnet   : connection(0x707e1bf35f50) reset last event time, no requests
12-07 10:41:45.514  1754  1819 D tgnet   : [  ConnectionSocket.cpp:1089] connection(0x707e1bf35f50) reset last event time, no requests
12-07 10:41:46.476  1754  1819 D tgnet   : received message len 88 (currentPacketLength) equal to packet size
12-07 10:41:46.476  1754  1819 D tgnet   : [        Connection.cpp: 275] received message len 88 (currentPacketLength) equal to packet size
12-07 10:41:48.237  1754  1802 D tmessages: download queue: dc1 account=0 small_operations=39 large_operations=0
12-07 10:41:48.712  1754  1807 D tmessages: send request org.telegram.tgnet.TLRPC$TL_contacts_importContacts@f48d7de with token = 106
12-07 10:41:48.712  1754  1819 D tgnet   : send request 0x707d5be79d10 - 14TL_api_request
12-07 10:41:48.712  1754  1819 D tgnet   : [ConnectionsManager.cpp:1875] send request 0x707d5be79d10 - 14TL_api_request
12-07 10:41:48.712  1754  1819 D tgnet   : send request wrapped 0x707d5be79d10 - 14TL_api_request
12-07 10:41:48.712  1754  1819 D tgnet   : [ConnectionsManager.cpp:1882] send request wrapped 0x707d5be79d10 - 14TL_api_request
12-07 10:41:48.712  1754  1819 D tgnet   : messageId for token = 106, 0x693559ecb645a400
12-07 10:41:48.712  1754  1819 D tgnet   : [ConnectionsManager.cpp:2609] messageId for token = 106, 0x693559ecb645a400
12-07 10:41:48.712  1754  1819 D tgnet   : send message (session: 0xabcdc9716331cb54, seqno: 83, messageid: 7581064420953269248  0x693559ecb645a400): 14TL_api_request(0x707d5be79d10)
12-07 10:41:48.712  1754  1819 D tgnet   : [        Datacenter.cpp:1186] send message (session: 0xabcdc9716331cb54, seqno: 83, messageid: 7581064420953269248  0x693559ecb645a400): 14TL_api_request(0x707d5be79d10)
12-07 10:41:48.886  1754  1819 D tgnet   : received message len 200 (currentPacketLength) equal to packet size
12-07 10:41:48.886  1754  1819 D tgnet   : [        Connection.cpp: 275] received message len 200 (currentPacketLength) equal to packet size
12-07 10:41:48.886  1754  1819 D tgnet   : api request constructor 0x77d01c3b, don't parse
12-07 10:41:48.886  1754  1819 D tgnet   : [ConnectionsManager.cpp:1096] api request constructor 0x77d01c3b, don't parse
12-07 10:41:48.886  1754  1819 D tgnet   : connection(0x707e1be0c390, account0, dc1, type 1) received object 13TL_rpc_result
12-07 10:41:48.886  1754  1819 D tgnet   : [ConnectionsManager.cpp:1008] connection(0x707e1be0c390, account0, dc1, type 1) received object 13TL_rpc_result
12-07 10:41:48.886  1754  1819 D tgnet   : process server response 0x707d5be74850 - 13TL_rpc_result
12-07 10:41:48.886  1754  1819 D tgnet   : [ConnectionsManager.cpp:1122] process server response 0x707d5be74850 - 13TL_rpc_result
12-07 10:41:48.886  1754  1819 D tgnet   : message_id 7581064419707533097 connection(0x707e1be0c390, account0, dc1, type 1) received rpc_result with 15TL_api_response
12-07 10:41:48.886  1754  1819 D tgnet   : [ConnectionsManager.cpp:1267] message_id 7581064419707533097 connection(0x707e1be0c390, account0, dc1, type 1) received rpc_result with 15TL_api_response
12-07 10:41:48.886  1754  1819 D tgnet   : got response for request 0x707d5be79d10 - 14TL_api_request
12-07 10:41:48.886  1754  1819 D tgnet   : [ConnectionsManager.cpp:1303] got response for request 0x707d5be79d10 - 14TL_api_request
12-07 10:41:48.886  1754  1819 D tmessages: CM java buff saved to /sdcard/Android/data/org.chatengine.messenger.beta/files/buff_1765104108886.bin
12-07 10:41:48.887  1754  1819 D tmessages: java received org.telegram.tgnet.TLRPC$TL_contacts_importedContacts@8693ea error = null
12-07 10:41:48.890  1754  1797 D MTProto : requestMsgId=123680703141168 requestingTime=178 request_token=106
12-07 10:41:48.890  1754  1797 D MTProto : req -> TL_contacts_importContacts : {"contacts":[{"client_id":0,"first_name":"U","last_name":"2"}]}
12-07 10:41:48.890  1754  1797 D MTProto : res -> TL_contacts_importedContacts : {"imported":[{"client_id":0,"user_id":1271284286}],"popular_invites":[],"retry_contacts":[],"users":[{"access_hash":7248528399095271617,"apply_min_photo":false,"attach_menu_enabled":false,"bot":false,"bot_attach_menu":false,"bot_chat_history":false,"bot_info_version":0,"bot_inline_geo":false,"bot_menu_webview":false,"bot_nochats":false,"contact":true,"deleted":false,"explicit_content":false,"fake":false,"first_name":"U","flags":2127,"flags2":0,"id":1271284286,"inactive":false,"last_name":"2","min":false,"mutual_contact":false,"premium":false,"restricted":false,"restriction_reason":[],"scam":false,"self":false,"status":{"expires":1765019305},"support":false,"username":"xxxxspace","usernames":[],"verified":false}]}
12-07 10:41:48.890  1754  1797 D MTProto :  
12-07 10:41:48.955  1754  1754 D tmessages: request spam button for 1271284286
12-07 10:41:48.955  1754  1807 D tmessages: send request org.telegram.tgnet.TLRPC$TL_messages_getPeerSettings@c618124 with token = 107
12-07 10:41:48.955  1754  1754 D tmessages: load messages in chat 1271284286 topic_id 0 count 25 max_id 0 cache true mindate = 0 guid 6 load_type 2 last_message_id 0 mode 0 index 1 firstUnread 0 unread_count 0 last_date 0 queryFromServer false isTopic false
12-07 10:41:48.955  1754  1754 D tmessages: load messages in chat 1271284286 topic_id 0 count 1 max_id 0 cache true mindate = 0 guid 6 load_type 2 last_message_id 0 mode 1 index 2 firstUnread 0 unread_count 0 last_date 0 queryFromServer false isTopic false
12-07 10:41:48.955  1754  1819 D tgnet   : send request 0x707d5be79d10 - 14TL_api_request
12-07 10:41:48.955  1754  1819 D tgnet   : [ConnectionsManager.cpp:1875] send request 0x707d5be79d10 - 14TL_api_request
12-07 10:41:48.955  1754  1819 D tgnet   : send request wrapped 0x707d5be79d10 - 14TL_api_request
12-07 10:41:48.955  1754  1819 D tgnet   : [ConnectionsManager.cpp:1882] send request wrapped 0x707d5be79d10 - 14TL_api_request
12-07 10:41:48.955  1754  1819 D tgnet   : messageId for token = 107, 0x693559ecf47ae000
12-07 10:41:48.955  1754  1819 D tgnet   : [ConnectionsManager.cpp:2609] messageId for token = 107, 0x693559ecf47ae000
12-07 10:41:48.955  1754  1819 D tgnet   : send message (session: 0xabcdc9716331cb54, seqno: 85, messageid: 7581064421996945408  0x693559ecf47ae000): 14TL_api_request(0x707d5be79d10)
12-07 10:41:48.955  1754  1819 D tgnet   : [        Datacenter.cpp:1186] send message (session: 0xabcdc9716331cb54, seqno: 85, messageid: 7581064421996945408  0x693559ecf47ae000): 14TL_api_request(0x707d5be79d10)
12-07 10:41:48.955  1754  1804 D tmessages: messages load time = 0 for dialog = 1271284286
12-07 10:41:48.955  1754  1807 D tmessages: processLoadedMessages size 0 in chat 1271284286 topic_id 0 count 25 max_id 0 cache true guid 6 load_type 2 last_message_id 0 index 1 firstUnread 0 unread_count 0 last_date 0 queryFromServer false isTopicfalse
12-07 10:41:48.955  1754  1804 D tmessages: messages load time = 0 for dialog = 1271284286
12-07 10:41:48.955  1754  1807 D tmessages: processLoadedMessages size 0 in chat 1271284286 topic_id 0 count 1 max_id 0 cache true guid 6 load_type 2 last_message_id 0 index 2 firstUnread 0 unread_count 0 last_date 0 queryFromServer false isTopicfalse
12-07 10:41:48.967  1754  1819 D tgnet   : received message len 184 (currentPacketLength) equal to packet size
12-07 10:41:48.967  1754  1819 D tgnet   : [        Connection.cpp: 275] received message len 184 (currentPacketLength) equal to packet size
12-07 10:41:48.967  1754  1819 D tgnet   : not found request to parse constructor 0x74ae4240
12-07 10:41:48.967  1754  1819 D tgnet   : [ConnectionsManager.cpp:1105] not found request to parse constructor 0x74ae4240
12-07 10:41:48.968  1754  1819 D tmessages: java received org.telegram.tgnet.TLRPC$TL_updates@75845
12-07 10:41:48.969  1754  1807 D tmessages: process update TL_updatePeerSettings
12-07 10:41:48.969  1754  1797 D MTProto : msgId=0
12-07 10:41:48.969  1754  1797 D MTProto : receive message -> TL_updates : {"chat_id":0,"chats":[],"date":1765104108,"entities":[],"flags":0,"from_id":0,"id":0,"media_unread":false,"mentioned":false,"out":false,"pts":0,"pts_count":0,"seq":0,"seq_start":0,"silent":false,"ttl_period":0,"updates":[{"peer":{"channel_id":0,"chat_id":0,"user_id":1271284286},"settings":{"add_contact":false,"autoarchived":false,"block_contact":false,"flags":0,"geo_distance":0,"invite_members":false,"need_contacts_exception":false,"report_geo":false,"report_spam":false,"request_chat_broadcast":false,"request_chat_date":0,"share_contact":false}}],"user_id":0,"users":[{"access_hash":7248528399095271617,"apply_min_photo":false,"attach_menu_enabled":false,"bot":false,"bot_attach_menu":false,"bot_chat_history":false,"bot_info_version":0,"bot_inline_geo":false,"bot_menu_webview":false,"bot_nochats":false,"contact":true,"deleted":false,"explicit_content":false,"fake":false,"first_name":"U","flags":2127,"flags2":0,"id":1271284286,"inactive":false,"last_name":"2","min":false,"mutual_contact":false,"premium":false,"restricted":false,"restriction_reason":[],"scam":false,"self":false,"status":{"expires":1765019305},"support":false,"username":"xxxxspace","usernames":[],"verified":false}],"via_bot_id":0}
12-07 10:41:48.969  1754  1797 D MTProto :  
12-07 10:41:48.969  1754  1807 D tmessages: process update - contacts add = 1 delete = 0
12-07 10:41:48.969  1754  1807 D tmessages: load contacts from server
12-07 10:41:48.969  1754  1807 D tmessages: send request org.telegram.tgnet.TLRPC$TL_contacts_getContacts@a63cb9a with token = 108
12-07 10:41:48.969  1754  1819 D tgnet   : send request 0x707d5be7bc30 - 14TL_api_request
12-07 10:41:48.969  1754  1819 D tgnet   : [ConnectionsManager.cpp:1875] send request 0x707d5be7bc30 - 14TL_api_request
12-07 10:41:48.969  1754  1819 D tgnet   : send request wrapped 0x707d5be7bc30 - 14TL_api_request
12-07 10:41:48.969  1754  1819 D tgnet   : [ConnectionsManager.cpp:1882] send request wrapped 0x707d5be7bc30 - 14TL_api_request
12-07 10:41:48.969  1754  1819 D tgnet   : messageId for token = 108, 0x693559ecf8106400
12-07 10:41:48.969  1754  1819 D tgnet   : [ConnectionsManager.cpp:2609] messageId for token = 108, 0x693559ecf8106400
12-07 10:41:48.969  1754  1819 E tgnet   : connection(0x693559ecf47ae000) request (msg_id: 0)
12-07 10:41:48.969  1754  1819 E tgnet   : connection(0x707e1be0c390) (type: 1 == 1 && num: 0 == 0) || (token: 1 == 1)
12-07 10:41:48.969  1754  1819 D tgnet   : send message (session: 0xabcdc9716331cb54, seqno: 87, messageid: 7581064422057075712  0x693559ecf8106400): 14TL_api_request(0x707d5be7bc30)
12-07 10:41:48.969  1754  1819 D tgnet   : [        Datacenter.cpp:1186] send message (session: 0xabcdc9716331cb54, seqno: 87, messageid: 7581064422057075712  0x693559ecf8106400): 14TL_api_request(0x707d5be7bc30)
12-07 10:41:49.002  1754  1807 D tmessages: send request org.telegram.tgnet.TLRPC$TL_messages_getSearchCounters@7a2cccb with token = 109
12-07 10:41:49.002  1754  1819 D tgnet   : send request 0x707d5be7c9b0 - 14TL_api_request
12-07 10:41:49.003  1754  1819 D tgnet   : [ConnectionsManager.cpp:1875] send request 0x707d5be7c9b0 - 14TL_api_request
12-07 10:41:49.003  1754  1819 D tgnet   : send request wrapped 0x707d5be7c9b0 - 14TL_api_request
12-07 10:41:49.003  1754  1819 D tgnet   : [ConnectionsManager.cpp:1882] send request wrapped 0x707d5be7c9b0 - 14TL_api_request
12-07 10:41:49.003  1754  1819 D tgnet   : messageId for token = 109, 0x693559ed00c49c00
12-07 10:41:49.003  1754  1819 D tgnet   : [ConnectionsManager.cpp:2609] messageId for token = 109, 0x693559ed00c49c00
12-07 10:41:49.003  1754  1819 E tgnet   : connection(0x693559ecf47ae000) request (msg_id: 0)
12-07 10:41:49.003  1754  1819 E tgnet   : connection(0x707e1be0c390) (type: 1 == 1 && num: 0 == 0) || (token: 1 == 1)
12-07 10:41:49.003  1754  1819 D tgnet   : send message (session: 0xabcdc9716331cb54, seqno: 89, messageid: 7581064422203104256  0x693559ed00c49c00): 14TL_api_request(0x707d5be7c9b0)
12-07 10:41:49.003  1754  1819 D tgnet   : [        Datacenter.cpp:1186] send message (session: 0xabcdc9716331cb54, seqno: 89, messageid: 7581064422203104256  0x693559ed00c49c00): 14TL_api_request(0x707d5be7c9b0)
12-07 10:41:49.070  1754  1754 D tmessages: notify data set changed fragmentOpened=false
12-07 10:41:49.071  1754  1802 D tmessages: create load operation fileName=1_1655890435245084673.webp documentName=sticker.webpsize=88.1 KB position in queue 39 account=0
12-07 10:41:49.089  1754  1754 D tmessages: end animations
12-07 10:41:49.096  1754  1807 D tmessages: send request org.telegram.tgnet.TLRPC$TL_messages_getPeerDialogs@a715205 with token = 110
12-07 10:41:49.096  1754  1754 D tmessages: load messages in chat 1271284286 topic_id 0 count 25 max_id 0 cache false mindate = 0 guid 6 load_type 2 last_message_id 0 mode 0 index 1 firstUnread 0 unread_count 0 last_date 0 queryFromServer false isTopic false
12-07 10:41:49.096  1754  1754 D tmessages: load messages in chat 1271284286 topic_id 0 count 1 max_id 0 cache false mindate = -1 guid 6 load_type 2 last_message_id 0 mode 1 index 2 firstUnread 0 unread_count 0 last_date 0 queryFromServer false isTopic false
12-07 10:41:49.096  1754  1807 D tmessages: send request org.telegram.tgnet.TLRPC$TL_users_getFullUser@e1ba25a with token = 111
12-07 10:41:49.096  1754  1819 D tgnet   : send request 0x707d5be7e2d0 - 14TL_api_request
12-07 10:41:49.096  1754  1819 D tgnet   : [ConnectionsManager.cpp:1875] send request 0x707d5be7e2d0 - 14TL_api_request
12-07 10:41:49.096  1754  1819 D tgnet   : send request wrapped 0x707d5be7e2d0 - 14TL_api_request
12-07 10:41:49.096  1754  1819 D tgnet   : [ConnectionsManager.cpp:1882] send request wrapped 0x707d5be7e2d0 - 14TL_api_request
12-07 10:41:49.096  1754  1819 D tgnet   : messageId for token = 110, 0x693559ed18937400
12-07 10:41:49.096  1754  1819 D tgnet   : [ConnectionsManager.cpp:2609] messageId for token = 110, 0x693559ed18937400
12-07 10:41:49.096  1754  1807 D tmessages: send request org.telegram.tgnet.TLRPC$TL_messages_search@8d7bc8b with token = 112
12-07 10:41:49.096  1754  1819 E tgnet   : connection(0x693559ecf47ae000) request (msg_id: 0)
12-07 10:41:49.096  1754  1819 E tgnet   : connection(0x707e1be0c390) (type: 1 == 1 && num: 0 == 0) || (token: 1 == 1)
12-07 10:41:49.096  1754  1819 D tgnet   : send message (session: 0xabcdc9716331cb54, seqno: 91, messageid: 7581064422602535936  0x693559ed18937400): 14TL_api_request(0x707d5be7e2d0)
12-07 10:41:49.096  1754  1819 D tgnet   : [        Datacenter.cpp:1186] send message (session: 0xabcdc9716331cb54, seqno: 91, messageid: 7581064422602535936  0x693559ed18937400): 14TL_api_request(0x707d5be7e2d0)
12-07 10:41:49.096  1754  1807 D tmessages: send request org.telegram.tgnet.TLRPC$TL_messages_getPeerDialogs@dcfd168 with token = 113
12-07 10:41:49.096  1754  1807 D tmessages: send request org.telegram.tgnet.TLRPC$TL_messages_getScheduledHistory@1ba0981 with token = 114
12-07 10:41:49.096  1754  1754 D tmessages: peer settings loaded for 1271284286 add = false block = false spam = false share = false geo = false hide = true distance = 0 invite = false
12-07 10:41:49.096  1754  1819 D tgnet   : send request 0x707d5be7ef90 - 14TL_api_request
12-07 10:41:49.096  1754  1819 D tgnet   : [ConnectionsManager.cpp:1875] send request 0x707d5be7ef90 - 14TL_api_request
12-07 10:41:49.096  1754  1819 D tgnet   : send request wrapped 0x707d5be7ef90 - 14TL_api_request
12-07 10:41:49.096  1754  1819 D tgnet   : [ConnectionsManager.cpp:1882] send request wrapped 0x707d5be7ef90 - 14TL_api_request
12-07 10:41:49.096  1754  1819 D tgnet   : messageId for token = 111, 0x693559ed18937404
12-07 10:41:49.096  1754  1819 D tgnet   : [ConnectionsManager.cpp:2609] messageId for token = 111, 0x693559ed18937404
12-07 10:41:49.096  1754  1819 E tgnet   : connection(0x693559ecf47ae000) request (msg_id: 0)
12-07 10:41:49.096  1754  1819 E tgnet   : connection(0x707e1be0c390) (type: 1 == 1 && num: 0 == 0) || (token: 1 == 1)
12-07 10:41:49.096  1754  1819 D tgnet   : send message (session: 0xabcdc9716331cb54, seqno: 93, messageid: 7581064422602535940  0x693559ed18937404): 14TL_api_request(0x707d5be7ef90)
12-07 10:41:49.096  1754  1819 D tgnet   : [        Datacenter.cpp:1186] send message (session: 0xabcdc9716331cb54, seqno: 93, messageid: 7581064422602535940  0x693559ed18937404): 14TL_api_request(0x707d5be7ef90)
12-07 10:41:49.097  1754  1819 D tgnet   : send request 0x707d5be7eb70 - 14TL_api_request
12-07 10:41:49.097  1754  1819 D tgnet   : [ConnectionsManager.cpp:1875] send request 0x707d5be7eb70 - 14TL_api_request
12-07 10:41:49.097  1754  1819 D tgnet   : send request wrapped 0x707d5be7eb70 - 14TL_api_request
12-07 10:41:49.097  1754  1819 D tgnet   : [ConnectionsManager.cpp:1882] send request wrapped 0x707d5be7eb70 - 14TL_api_request
12-07 10:41:49.097  1754  1819 D tgnet   : messageId for token = 112, 0x693559ed18d50000
12-07 10:41:49.097  1754  1819 D tgnet   : [ConnectionsManager.cpp:2609] messageId for token = 112, 0x693559ed18d50000
12-07 10:41:49.097  1754  1819 E tgnet   : connection(0x693559ecf47ae000) request (msg_id: 0)
12-07 10:41:49.097  1754  1819 E tgnet   : connection(0x707e1be0c390) (type: 1 == 1 && num: 0 == 0) || (token: 1 == 1)
12-07 10:41:49.097  1754  1819 D tgnet   : send message (session: 0xabcdc9716331cb54, seqno: 95, messageid: 7581064422606831616  0x693559ed18d50000): 14TL_api_request(0x707d5be7eb70)
12-07 10:41:49.097  1754  1819 D tgnet   : [        Datacenter.cpp:1186] send message (session: 0xabcdc9716331cb54, seqno: 95, messageid: 7581064422606831616  0x693559ed18d50000): 14TL_api_request(0x707d5be7eb70)
12-07 10:41:49.097  1754  1819 D tgnet   : send request 0x707d5be7e570 - 14TL_api_request
12-07 10:41:49.097  1754  1819 D tgnet   : [ConnectionsManager.cpp:1875] send request 0x707d5be7e570 - 14TL_api_request
12-07 10:41:49.097  1754  1819 D tgnet   : send request wrapped 0x707d5be7e570 - 14TL_api_request
12-07 10:41:49.097  1754  1819 D tgnet   : [ConnectionsManager.cpp:1882] send request wrapped 0x707d5be7e570 - 14TL_api_request
12-07 10:41:49.097  1754  1819 D tgnet   : messageId for token = 113, 0x693559ed18d50004
12-07 10:41:49.097  1754  1819 D tgnet   : [ConnectionsManager.cpp:2609] messageId for token = 113, 0x693559ed18d50004
12-07 10:41:49.097  1754  1819 E tgnet   : connection(0x693559ecf47ae000) request (msg_id: 0)
12-07 10:41:49.097  1754  1819 E tgnet   : connection(0x707e1be0c390) (type: 1 == 1 && num: 0 == 0) || (token: 1 == 1)
12-07 10:41:49.097  1754  1819 D tgnet   : send message (session: 0xabcdc9716331cb54, seqno: 97, messageid: 7581064422606831620  0x693559ed18d50004): 14TL_api_request(0x707d5be7e570)
12-07 10:41:49.097  1754  1819 D tgnet   : [        Datacenter.cpp:1186] send message (session: 0xabcdc9716331cb54, seqno: 97, messageid: 7581064422606831620  0x693559ed18d50004): 14TL_api_request(0x707d5be7e570)
12-07 10:41:49.097  1754  1819 D tgnet   : send request 0x707d5be7e810 - 14TL_api_request
12-07 10:41:49.097  1754  1819 D tgnet   : [ConnectionsManager.cpp:1875] send request 0x707d5be7e810 - 14TL_api_request
12-07 10:41:49.097  1754  1819 D tgnet   : send request wrapped 0x707d5be7e810 - 14TL_api_request
12-07 10:41:49.097  1754  1819 D tgnet   : [ConnectionsManager.cpp:1882] send request wrapped 0x707d5be7e810 - 14TL_api_request
12-07 10:41:49.097  1754  1819 D tgnet   : messageId for token = 114, 0x693559ed18d50008
12-07 10:41:49.097  1754  1819 D tgnet   : [ConnectionsManager.cpp:2609] messageId for token = 114, 0x693559ed18d50008
12-07 10:41:49.097  1754  1819 E tgnet   : connection(0x693559ecf47ae000) request (msg_id: 0)
12-07 10:41:49.097  1754  1819 E tgnet   : connection(0x707e1be0c390) (type: 1 == 1 && num: 0 == 0) || (token: 1 == 1)
12-07 10:41:49.097  1754  1819 D tgnet   : send message (session: 0xabcdc9716331cb54, seqno: 99, messageid: 7581064422606831624  0x693559ed18d50008): 14TL_api_request(0x707d5be7e810)
12-07 10:41:49.097  1754  1819 D tgnet   : [        Datacenter.cpp:1186] send message (session: 0xabcdc9716331cb54, seqno: 99, messageid: 7581064422606831624  0x693559ed18d50008): 14TL_api_request(0x707d5be7e810)
12-07 10:41:49.098  1754  1807 D tmessages: send request org.telegram.tgnet.TLRPC$TL_messages_getStickerSet@8839667 with token = 115
12-07 10:41:49.098  1754  1819 D tgnet   : send request 0x707d5be7f3b0 - 14TL_api_request
12-07 10:41:49.098  1754  1819 D tgnet   : [ConnectionsManager.cpp:1875] send request 0x707d5be7f3b0 - 14TL_api_request
12-07 10:41:49.098  1754  1819 D tgnet   : send request wrapped 0x707d5be7f3b0 - 14TL_api_request
12-07 10:41:49.098  1754  1819 D tgnet   : [ConnectionsManager.cpp:1882] send request wrapped 0x707d5be7f3b0 - 14TL_api_request
12-07 10:41:49.098  1754  1819 D tgnet   : messageId for token = 115, 0x693559ed19168800
12-07 10:41:49.098  1754  1819 D tgnet   : [ConnectionsManager.cpp:2609] messageId for token = 115, 0x693559ed19168800
12-07 10:41:49.098  1754  1819 E tgnet   : connection(0x693559ecf47ae000) request (msg_id: 0)
12-07 10:41:49.098  1754  1819 E tgnet   : connection(0x707e1be0c390) (type: 1 == 1 && num: 0 == 0) || (token: 1 == 1)
12-07 10:41:49.098  1754  1819 D tgnet   : send message (session: 0xabcdc9716331cb54, seqno: 101, messageid: 7581064422611126272  0x693559ed19168800): 14TL_api_request(0x707d5be7f3b0)
12-07 10:41:49.098  1754  1819 D tgnet   : [        Datacenter.cpp:1186] send message (session: 0xabcdc9716331cb54, seqno: 101, messageid: 7581064422611126272  0x693559ed19168800): 14TL_api_request(0x707d5be7f3b0)
12-07 10:41:49.102  1754  1754 D tmessages: chatItemAnimator enable notifications
12-07 10:41:49.103  1754  1819 D tgnet   : received message len 120 (currentPacketLength) equal to packet size
12-07 10:41:49.103  1754  1819 D tgnet   : [        Connection.cpp: 275] received message len 120 (currentPacketLength) equal to packet size
12-07 10:41:49.103  1754  1819 D tgnet   : api request constructor 0x6880b94d, don't parse
12-07 10:41:49.103  1754  1819 D tgnet   : [ConnectionsManager.cpp:1096] api request constructor 0x6880b94d, don't parse
12-07 10:41:49.103  1754  1819 D tgnet   : connection(0x707e1be0c390, account0, dc1, type 1) received object 13TL_rpc_result
12-07 10:41:49.103  1754  1819 D tgnet   : [ConnectionsManager.cpp:1008] connection(0x707e1be0c390, account0, dc1, type 1) received object 13TL_rpc_result
12-07 10:41:49.103  1754  1819 D tgnet   : process server response 0x707d5be7f230 - 13TL_rpc_result
12-07 10:41:49.103  1754  1819 D tgnet   : [ConnectionsManager.cpp:1122] process server response 0x707d5be7f230 - 13TL_rpc_result
12-07 10:41:49.103  1754  1819 D tgnet   : message_id 7581064422362527545 connection(0x707e1be0c390, account0, dc1, type 1) received rpc_result with 15TL_api_response
12-07 10:41:49.103  1754  1819 D tgnet   : [ConnectionsManager.cpp:1267] message_id 7581064422362527545 connection(0x707e1be0c390, account0, dc1, type 1) received rpc_result with 15TL_api_response
12-07 10:41:49.103  1754  1819 D tgnet   : got response for request 0x707d5be79d10 - 14TL_api_request
12-07 10:41:49.103  1754  1819 D tgnet   : [ConnectionsManager.cpp:1303] got response for request 0x707d5be79d10 - 14TL_api_request
12-07 10:41:49.104  1754  1819 D tmessages: CM java buff saved to /sdcard/Android/data/org.chatengine.messenger.beta/files/buff_1765104109103.bin
12-07 10:41:49.104  1754  1819 D tmessages: java received org.telegram.tgnet.TLRPC$TL_messages_peerSettings@57cbcbd error = null
12-07 10:41:49.105  1754  1797 D MTProto : requestMsgId=123680703141168 requestingTime=150 request_token=107
12-07 10:41:49.105  1754  1797 D MTProto : req -> TL_messages_getPeerSettings : {"peer":{"access_hash":7248528399095271617,"channel_id":0,"chat_id":0,"msg_id":0,"user_id":1271284286}}
12-07 10:41:49.105  1754  1797 D MTProto : res -> TL_messages_peerSettings : {"chats":[],"settings":{"add_contact":false,"autoarchived":false,"block_contact":false,"flags":0,"geo_distance":0,"invite_members":false,"need_contacts_exception":false,"report_geo":false,"report_spam":false,"request_chat_broadcast":false,"request_chat_date":0,"share_contact":false},"users":[]}
12-07 10:41:49.105  1754  1797 D MTProto :  
12-07 10:41:49.108  1754  1754 D tmessages: peer settings loaded for 1271284286 add = false block = false spam = false share = false geo = false hide = true distance = 0 invite = false
12-07 10:41:49.116  1754  1819 D tgnet   : received message len 184 (currentPacketLength) equal to packet size
12-07 10:41:49.116  1754  1819 D tgnet   : [        Connection.cpp: 275] received message len 184 (currentPacketLength) equal to packet size
12-07 10:41:49.117  1754  1819 D tgnet   : api request constructor 0xeae87e42, don't parse
12-07 10:41:49.117  1754  1819 D tgnet   : [ConnectionsManager.cpp:1096] api request constructor 0xeae87e42, don't parse
12-07 10:41:49.117  1754  1819 D tgnet   : connection(0x707e1be0c390, account0, dc1, type 1) received object 13TL_rpc_result
12-07 10:41:49.117  1754  1819 D tgnet   : [ConnectionsManager.cpp:1008] connection(0x707e1be0c390, account0, dc1, type 1) received object 13TL_rpc_result
12-07 10:41:49.117  1754  1819 D tgnet   : process server response 0x707d5be7f230 - 13TL_rpc_result
12-07 10:41:49.117  1754  1819 D tgnet   : [ConnectionsManager.cpp:1122] process server response 0x707d5be7f230 - 13TL_rpc_result
12-07 10:41:49.117  1754  1819 D tgnet   : message_id 7581064422391887681 connection(0x707e1be0c390, account0, dc1, type 1) received rpc_result with 15TL_api_response
12-07 10:41:49.117  1754  1819 D tgnet   : [ConnectionsManager.cpp:1267] message_id 7581064422391887681 connection(0x707e1be0c390, account0, dc1, type 1) received rpc_result with 15TL_api_response
12-07 10:41:49.117  1754  1819 D tgnet   : got response for request 0x707d5be7bc30 - 14TL_api_request
12-07 10:41:49.117  1754  1819 D tgnet   : [ConnectionsManager.cpp:1303] got response for request 0x707d5be7bc30 - 14TL_api_request
12-07 10:41:49.117  1754  1819 D tmessages: CM java buff saved to /sdcard/Android/data/org.chatengine.messenger.beta/files/buff_1765104109117.bin
12-07 10:41:49.117  1754  1819 D tmessages: java received org.telegram.tgnet.TLRPC$TL_contacts_contacts@7bd67b9 error = null
12-07 10:41:49.118  1754  1797 D MTProto : requestMsgId=123680703141168 requestingTime=148 request_token=108
12-07 10:41:49.118  1754  1797 D MTProto : req -> TL_contacts_getContacts : {"hash":0}
12-07 10:41:49.118  1754  1797 D MTProto : res -> TL_contacts_contacts : {"contacts":[{"mutual":false,"user_id":1271284286}],"saved_count":0,"users":[{"access_hash":7248528399095271617,"apply_min_photo":false,"attach_menu_enabled":false,"bot":false,"bot_attach_menu":false,"bot_chat_history":false,"bot_info_version":0,"bot_inline_geo":false,"bot_menu_webview":false,"bot_nochats":false,"contact":true,"deleted":false,"explicit_content":false,"fake":false,"first_name":"U","flags":2127,"flags2":0,"id":1271284286,"inactive":false,"last_name":"2","min":false,"mutual_contact":false,"premium":false,"restricted":false,"restriction_reason":[],"scam":false,"self":false,"status":{"expires":1765019305},"support":false,"username":"xxxxspace","usernames":[],"verified":false}]}
12-07 10:41:49.118  1754  1797 D MTProto :  
12-07 10:41:49.129  1754  1807 D tmessages: done loading contacts
12-07 10:41:49.156  1754  1819 D tgnet   : received message len 216 (currentPacketLength) equal to packet size
12-07 10:41:49.156  1754  1819 D tgnet   : [        Connection.cpp: 275] received message len 216 (currentPacketLength) equal to packet size
12-07 10:41:49.156  1754  1819 D tgnet   : api request constructor 0x1cb5c415, don't parse
12-07 10:41:49.156  1754  1819 D tgnet   : [ConnectionsManager.cpp:1096] api request constructor 0x1cb5c415, don't parse
12-07 10:41:49.156  1754  1819 D tgnet   : connection(0x707e1be0c390, account0, dc1, type 1) received object 13TL_rpc_result
12-07 10:41:49.156  1754  1819 D tgnet   : [ConnectionsManager.cpp:1008] connection(0x707e1be0c390, account0, dc1, type 1) received object 13TL_rpc_result
12-07 10:41:49.156  1754  1819 D tgnet   : process server response 0x707d5be7f230 - 13TL_rpc_result
