12-07 10:41:24.874  1754  1819 D tgnet   : api request constructor 0x96a18d5, don't parse
12-07 10:41:24.874  1754  1819 D tgnet   : [ConnectionsManager.cpp:1096] api request constructor 0x96a18d5, don't parse
12-07 10:41:24.874  1754  1819 D tgnet   : connection(0x707e1bf629e0, account0, dc1, type 2) received object 13TL_rpc_result
12-07 10:41:24.874  1754  1819 D tgnet   : [ConnectionsManager.cpp:1008] connection(0x707e1bf629e0, account0, dc1, type 2) received object 13TL_rpc_result
12-07 10:41:24.874  1754  1819 D tgnet   : process server response 0x707d5be2e470 - 13TL_rpc_result
12-07 10:41:24.874  1754  1819 D tgnet   : [ConnectionsManager.cpp:1122] process server response 0x707d5be2e470 - 13TL_rpc_result
12-07 10:41:24.874  1754  1819 D tgnet   : message_id 7581064316569597521 connection(0x707e1bf629e0, account0, dc1, type 2) received rpc_result with 15TL_api_response
12-07 10:41:24.874  1754  1819 D tgnet   : [ConnectionsManager.cpp:1267] message_id 7581064316569597521 connection(0x707e1bf629e0, account0, dc1, type 2) received rpc_result with 15TL_api_response
12-07 10:41:24.874  1754  1819 D tgnet   : got response for request 0x707d5be5dc90 - 14TL_api_request
12-07 10:41:24.874  1754  1819 D tgnet   : [ConnectionsManager.cpp:1303] got response for request 0x707d5be5dc90 - 14TL_api_request
12-07 10:41:24.874  1754  1819 D tmessages: CM java buff saved to /sdcard/Android/data/org.chatengine.messenger.beta/files/buff_1765104084874.bin
12-07 10:41:24.874  1754  1819 D tmessages: java received org.telegram.tgnet.TLRPC$TL_upload_file@bfd78db error = null
12-07 10:41:24.875  1754  1819 D tgnet   : connection(0x707e1bf629e0, account0, dc1, type 2) received packet size less(12596) then message size(32872)
12-07 10:41:24.875  1754  1807 D tmessages: debug_loading: 1_1655889252455550977.tgs time=251 dcId=1 cdn=false conType=2 reqId84
12-07 10:41:24.875  1754  1819 D tgnet   : [        Connection.cpp: 277] connection(0x707e1bf629e0, account0, dc1, type 2) received packet size less(12596) then message size(32872)
12-07 10:41:24.875  1754  1807 D tmessages: save file part 1_1655889252455550977.tgs offset=0 chunk_size=32768 isCdn=false
12-07 10:41:24.877  1754  1819 D tgnet   : connection(0x707e1bf5a2b0, account0, dc1, type 2) received packet size less(18196) then message size(18504)
12-07 10:41:24.877  1754  1819 D tgnet   : [        Connection.cpp: 277] connection(0x707e1bf5a2b0, account0, dc1, type 2) received packet size less(18196) then message size(18504)
12-07 10:41:24.878  1754  1802 D tmessages: start loading file to temp = /storage/emulated/0/Android/data/org.chatengine.messenger.beta/cache/1_1655889252484911105.temp final = /storage/emulated/0/Android/data/org.chatengine.messenger.beta/cache/1_1655889252484911105.tgs priority0
12-07 10:41:24.884  1754  1807 D tmessages: send request org.telegram.tgnet.TLRPC$TL_upload_getFile@a1c6651 with token = 92
12-07 10:41:24.884  1754  1802 D tmessages: start loading file to temp = /storage/emulated/0/Android/data/org.chatengine.messenger.beta/cache/1_1655889252497494017.temp final = /storage/emulated/0/Android/data/org.chatengine.messenger.beta/cache/1_1655889252497494017.tgs priority0
12-07 10:41:24.885  1754  1807 D tmessages: debug_loading: 1_1655889252484911105.tgs send reqId 92
12-07 10:41:24.885  1754  1819 D tgnet   : send request 0x707d5be61cb0 - 14TL_api_request
12-07 10:41:24.885  1754  1807 D tmessages: send request org.telegram.tgnet.TLRPC$TL_upload_getFile@dc8fb24 with token = 93
12-07 10:41:24.885  1754  1819 D tgnet   : [ConnectionsManager.cpp:1875] send request 0x707d5be61cb0 - 14TL_api_request
12-07 10:41:24.885  1754  1819 D tgnet   : send request wrapped 0x707d5be61cb0 - 14TL_api_request
12-07 10:41:24.885  1754  1819 D tgnet   : [ConnectionsManager.cpp:1882] send request wrapped 0x707d5be61cb0 - 14TL_api_request
12-07 10:41:24.885  1754  1819 D tgnet   : send request 0x707d5be59970 - 14TL_api_request
12-07 10:41:24.885  1754  1819 D tgnet   : [ConnectionsManager.cpp:1875] send request 0x707d5be59970 - 14TL_api_request
12-07 10:41:24.885  1754  1807 D tmessages: debug_loading: 1_1655889252484911105.tgs send reqId 93
12-07 10:41:24.885  1754  1819 D tgnet   : send request wrapped 0x707d5be59970 - 14TL_api_request
12-07 10:41:24.885  1754  1819 D tgnet   : [ConnectionsManager.cpp:1882] send request wrapped 0x707d5be59970 - 14TL_api_request
12-07 10:41:24.885  1754  1819 D tgnet   : messageId for token = 92, 0x693559d4e28f5c00
12-07 10:41:24.885  1754  1819 D tgnet   : [ConnectionsManager.cpp:2609] messageId for token = 92, 0x693559d4e28f5c00
12-07 10:41:24.885  1754  1819 E tgnet   : connection(0x707e1bf629e0) return true
12-07 10:41:24.885  1754  1819 D tgnet   : send message (session: 0xabcdc854f1e96da9, seqno: 73, messageid: 7581064318617082880  0x693559d4e28f5c00): 14TL_api_request(0x707d5be61cb0)
12-07 10:41:24.885  1754  1819 D tgnet   : [        Datacenter.cpp:1186] send message (session: 0xabcdc854f1e96da9, seqno: 73, messageid: 7581064318617082880  0x693559d4e28f5c00): 14TL_api_request(0x707d5be61cb0)
12-07 10:41:24.885  1754  1819 D tgnet   : messageId for token = 93, 0x693559d4e28f5c04
12-07 10:41:24.885  1754  1819 D tgnet   : [ConnectionsManager.cpp:2609] messageId for token = 93, 0x693559d4e28f5c04
12-07 10:41:24.885  1754  1819 E tgnet   : connection(0x707e1bf5a2b0) return true
12-07 10:41:24.885  1754  1819 D tgnet   : send message (session: 0xabcdf12ca24e734f, seqno: 21, messageid: 7581064318617082884  0x693559d4e28f5c04): 14TL_api_request(0x707d5be59970)
12-07 10:41:24.885  1754  1819 D tgnet   : [        Datacenter.cpp:1186] send message (session: 0xabcdf12ca24e734f, seqno: 21, messageid: 7581064318617082884  0x693559d4e28f5c04): 14TL_api_request(0x707d5be59970)
12-07 10:41:24.885  1754  1807 D tmessages: finished downloading file to /storage/emulated/0/Android/data/org.chatengine.messenger.beta/cache/1_1655889252468133888.tgs time = 203 dc = 1 size = 59.1 KB
12-07 10:41:24.891  1754  1807 D tmessages: send request org.telegram.tgnet.TLRPC$TL_upload_getFile@726c042 with token = 94
12-07 10:41:24.891  1754  1819 D tgnet   : send request 0x707d5be570f0 - 14TL_api_request
12-07 10:41:24.891  1754  1819 D tgnet   : [ConnectionsManager.cpp:1875] send request 0x707d5be570f0 - 14TL_api_request
12-07 10:41:24.891  1754  1807 D tmessages: debug_loading: 1_1655889252497494017.tgs send reqId 94
12-07 10:41:24.891  1754  1819 D tgnet   : send request wrapped 0x707d5be570f0 - 14TL_api_request
12-07 10:41:24.891  1754  1819 D tgnet   : [ConnectionsManager.cpp:1882] send request wrapped 0x707d5be570f0 - 14TL_api_request
12-07 10:41:24.891  1754  1819 D tgnet   : messageId for token = 94, 0x693559d4e4189400
12-07 10:41:24.891  1754  1819 D tgnet   : [ConnectionsManager.cpp:2609] messageId for token = 94, 0x693559d4e4189400
12-07 10:41:24.891  1754  1819 E tgnet   : connection(0x707e1bf629e0) return true
12-07 10:41:24.891  1754  1819 D tgnet   : send message (session: 0xabcdc854f1e96da9, seqno: 75, messageid: 7581064318642852864  0x693559d4e4189400): 14TL_api_request(0x707d5be570f0)
12-07 10:41:24.891  1754  1819 D tgnet   : [        Datacenter.cpp:1186] send message (session: 0xabcdc854f1e96da9, seqno: 75, messageid: 7581064318642852864  0x693559d4e4189400): 14TL_api_request(0x707d5be570f0)
12-07 10:41:24.894  1754  1819 D tgnet   : connection( account0, dc1, type 1) received packet size less(39200) then message size(99500)
12-07 10:41:24.894  1754  1819 D tgnet   : [        Connection.cpp: 155] connection( account0, dc1, type 1) received packet size less(39200) then message size(99500)
12-07 10:41:24.902  1754  1807 D tmessages: finished downloading file to /storage/emulated/0/Android/data/org.chatengine.messenger.beta/cache/1_1655889252455550977.tgs time = 18 dc = 1 size = 63.5 KB
12-07 10:41:24.920  1754  1819 D tgnet   : connection( account0, dc1, type 1) received packet size less(40600) then message size(99500)
12-07 10:41:24.920  1754  1819 D tgnet   : [        Connection.cpp: 155] connection( account0, dc1, type 1) received packet size less(40600) then message size(99500)
12-07 10:41:24.920  1754  1819 D tgnet   : connection( account0, dc1, type 1) received packet size less(42000) then message size(99500)
12-07 10:41:24.920  1754  1819 D tgnet   : [        Connection.cpp: 155] connection( account0, dc1, type 1) received packet size less(42000) then message size(99500)
12-07 10:41:24.921  1754  1819 D tgnet   : connection( account0, dc1, type 1) received packet size less(43400) then message size(99500)
12-07 10:41:24.921  1754  1819 D tgnet   : [        Connection.cpp: 155] connection( account0, dc1, type 1) received packet size less(43400) then message size(99500)
12-07 10:41:24.921  1754  1819 D tgnet   : connection( account0, dc1, type 1) received packet size less(44800) then message size(99500)
12-07 10:41:24.921  1754  1819 D tgnet   : [        Connection.cpp: 155] connection( account0, dc1, type 1) received packet size less(44800) then message size(99500)
12-07 10:41:24.922  1754  1819 D tgnet   : connection( account0, dc1, type 1) received packet size less(47600) then message size(99500)
12-07 10:41:24.922  1754  1819 D tgnet   : [        Connection.cpp: 155] connection( account0, dc1, type 1) received packet size less(47600) then message size(99500)
12-07 10:41:24.923  1754  1819 D tgnet   : connection( account0, dc1, type 1) received packet size less(50400) then message size(99500)
12-07 10:41:24.923  1754  1819 D tgnet   : [        Connection.cpp: 155] connection( account0, dc1, type 1) received packet size less(50400) then message size(99500)
12-07 10:41:24.927  1754  1819 D tgnet   : received message len 32872 (currentPacketLength) equal to packet size
12-07 10:41:24.927  1754  1819 D tgnet   : [        Connection.cpp: 275] received message len 32872 (currentPacketLength) equal to packet size
12-07 10:41:24.928  1754  1819 D tgnet   : api request constructor 0x96a18d5, don't parse
12-07 10:41:24.928  1754  1819 D tgnet   : [ConnectionsManager.cpp:1096] api request constructor 0x96a18d5, don't parse
12-07 10:41:24.928  1754  1819 D tgnet   : connection(0x707e1bf629e0, account0, dc1, type 2) received object 13TL_rpc_result
12-07 10:41:24.928  1754  1819 D tgnet   : [ConnectionsManager.cpp:1008] connection(0x707e1bf629e0, account0, dc1, type 2) received object 13TL_rpc_result
12-07 10:41:24.928  1754  1819 D tgnet   : process server response 0x707d5be62070 - 13TL_rpc_result
12-07 10:41:24.928  1754  1819 D tgnet   : [ConnectionsManager.cpp:1122] process server response 0x707d5be62070 - 13TL_rpc_result
12-07 10:41:24.928  1754  1819 D tgnet   : message_id 7581064316584277601 connection(0x707e1bf629e0, account0, dc1, type 2) received rpc_result with 15TL_api_response
12-07 10:41:24.928  1754  1819 D tgnet   : [ConnectionsManager.cpp:1267] message_id 7581064316584277601 connection(0x707e1bf629e0, account0, dc1, type 2) received rpc_result with 15TL_api_response
12-07 10:41:24.928  1754  1819 D tgnet   : got response for request 0x707d5be4df10 - 14TL_api_request
12-07 10:41:24.928  1754  1819 D tgnet   : [ConnectionsManager.cpp:1303] got response for request 0x707d5be4df10 - 14TL_api_request
12-07 10:41:24.928  1754  1819 D tmessages: CM java buff saved to /sdcard/Android/data/org.chatengine.messenger.beta/files/buff_1765104084928.bin
12-07 10:41:24.929  1754  1819 D tmessages: java received org.telegram.tgnet.TLRPC$TL_upload_file@2ca590 error = null
12-07 10:41:24.929  1754  1819 D tgnet   : connection(0x707e1bf629e0, account0, dc1, type 2) received packet size less(9120) then message size(32872)
12-07 10:41:24.929  1754  1819 D tgnet   : [        Connection.cpp: 277] connection(0x707e1bf629e0, account0, dc1, type 2) received packet size less(9120) then message size(32872)
12-07 10:41:24.929  1754  1807 D tmessages: debug_loading: 1_1655889252476522497.tgs time=270 dcId=1 cdn=false conType=2 reqId86
12-07 10:41:24.929  1754  1807 D tmessages: save file part 1_1655889252476522497.tgs offset=0 chunk_size=32768 isCdn=false
12-07 10:41:24.935  1754  1819 D tgnet   : received message len 32872 (currentPacketLength) equal to packet size
12-07 10:41:24.935  1754  1819 D tgnet   : [        Connection.cpp: 275] received message len 32872 (currentPacketLength) equal to packet size
12-07 10:41:24.936  1754  1819 D tgnet   : api request constructor 0x96a18d5, don't parse
12-07 10:41:24.936  1754  1819 D tgnet   : [ConnectionsManager.cpp:1096] api request constructor 0x96a18d5, don't parse
12-07 10:41:24.936  1754  1819 D tgnet   : connection(0x707e1bf629e0, account0, dc1, type 2) received object 13TL_rpc_result
12-07 10:41:24.936  1754  1819 D tgnet   : [ConnectionsManager.cpp:1008] connection(0x707e1bf629e0, account0, dc1, type 2) received object 13TL_rpc_result
12-07 10:41:24.936  1754  1819 D tgnet   : process server response 0x707d5be62070 - 13TL_rpc_result
12-07 10:41:24.936  1754  1819 D tgnet   : [ConnectionsManager.cpp:1122] process server response 0x707d5be62070 - 13TL_rpc_result
12-07 10:41:24.936  1754  1819 D tgnet   : message_id 7581064316601054833 connection(0x707e1bf629e0, account0, dc1, type 2) received rpc_result with 15TL_api_response
12-07 10:41:24.936  1754  1819 D tgnet   : [ConnectionsManager.cpp:1267] message_id 7581064316601054833 connection(0x707e1bf629e0, account0, dc1, type 2) received rpc_result with 15TL_api_response
12-07 10:41:24.936  1754  1819 D tgnet   : got response for request 0x707d5be5c850 - 14TL_api_request
12-07 10:41:24.936  1754  1819 D tgnet   : [ConnectionsManager.cpp:1303] got response for request 0x707d5be5c850 - 14TL_api_request
12-07 10:41:24.936  1754  1819 D tmessages: CM java buff saved to /sdcard/Android/data/org.chatengine.messenger.beta/files/buff_1765104084936.bin
12-07 10:41:24.936  1754  1819 D tmessages: java received org.telegram.tgnet.TLRPC$TL_upload_file@6e49e8e error = null
12-07 10:41:24.936  1754  1819 D tgnet   : connection(0x707e1bf629e0, account0, dc1, type 2) received packet size less(5644) then message size(32872)
12-07 10:41:24.936  1754  1819 D tgnet   : [        Connection.cpp: 277] connection(0x707e1bf629e0, account0, dc1, type 2) received packet size less(5644) then message size(32872)
12-07 10:41:24.936  1754  1807 D tmessages: debug_loading: 1_1655889252493299713.tgs time=270 dcId=1 cdn=false conType=2 reqId88
12-07 10:41:24.936  1754  1807 D tmessages: save file part 1_1655889252493299713.tgs offset=0 chunk_size=32768 isCdn=false
12-07 10:41:24.940  1754  1819 D tgnet   : received message len 18504 (currentPacketLength) equal to packet size
12-07 10:41:24.940  1754  1819 D tgnet   : [        Connection.cpp: 275] received message len 18504 (currentPacketLength) equal to packet size
12-07 10:41:24.940  1754  1819 D tgnet   : api request constructor 0x96a18d5, don't parse
12-07 10:41:24.940  1754  1819 D tgnet   : [ConnectionsManager.cpp:1096] api request constructor 0x96a18d5, don't parse
12-07 10:41:24.940  1754  1819 D tgnet   : connection(0x707e1bf5a2b0, account0, dc1, type 2) received object 13TL_rpc_result
12-07 10:41:24.940  1754  1819 D tgnet   : [ConnectionsManager.cpp:1008] connection(0x707e1bf5a2b0, account0, dc1, type 2) received object 13TL_rpc_result
12-07 10:41:24.940  1754  1819 D tgnet   : process server response 0x707d5be62070 - 13TL_rpc_result
12-07 10:41:24.940  1754  1819 D tgnet   : [ConnectionsManager.cpp:1122] process server response 0x707d5be62070 - 13TL_rpc_result
12-07 10:41:24.940  1754  1819 D tgnet   : message_id 7581064316592666217 connection(0x707e1bf5a2b0, account0, dc1, type 2) received rpc_result with 15TL_api_response
12-07 10:41:24.940  1754  1819 D tgnet   : [ConnectionsManager.cpp:1267] message_id 7581064316592666217 connection(0x707e1bf5a2b0, account0, dc1, type 2) received rpc_result with 15TL_api_response
12-07 10:41:24.940  1754  1819 D tgnet   : got response for request 0x707d5be5d690 - 14TL_api_request
12-07 10:41:24.940  1754  1819 D tgnet   : [ConnectionsManager.cpp:1303] got response for request 0x707d5be5d690 - 14TL_api_request
12-07 10:41:24.941  1754  1819 D tmessages: CM java buff saved to /sdcard/Android/data/org.chatengine.messenger.beta/files/buff_1765104084941.bin
12-07 10:41:24.941  1754  1819 D tmessages: java received org.telegram.tgnet.TLRPC$TL_upload_file@de8abc error = null
12-07 10:41:24.942  1754  1819 D tgnet   : connection(0x707e1bf5a2b0, account0, dc1, type 2) received message len (currentPacketLength) 24904 but packet (buffer->remaining()) larger 29088
12-07 10:41:24.942  1754  1819 D tgnet   : [        Connection.cpp: 269] connection(0x707e1bf5a2b0, account0, dc1, type 2) received message len (currentPacketLength) 24904 but packet (buffer->remaining()) larger 29088
12-07 10:41:24.942  1754  1807 D tmessages: debug_loading: 1_1655889252476522497.tgs time=283 dcId=1 cdn=false conType=65538 reqId87
12-07 10:41:24.942  1754  1807 D tmessages: save file part 1_1655889252476522497.tgs offset=32768 chunk_size=32768 isCdn=false
12-07 10:41:24.942  1754  1819 D tgnet   : api request constructor 0x96a18d5, don't parse
12-07 10:41:24.942  1754  1819 D tgnet   : [ConnectionsManager.cpp:1096] api request constructor 0x96a18d5, don't parse
12-07 10:41:24.942  1754  1819 D tgnet   : connection(0x707e1bf5a2b0, account0, dc1, type 2) received object 13TL_rpc_result
12-07 10:41:24.942  1754  1819 D tgnet   : [ConnectionsManager.cpp:1008] connection(0x707e1bf5a2b0, account0, dc1, type 2) received object 13TL_rpc_result
12-07 10:41:24.942  1754  1819 D tgnet   : process server response 0x707d5be2e470 - 13TL_rpc_result
12-07 10:41:24.942  1754  1819 D tgnet   : [ConnectionsManager.cpp:1122] process server response 0x707d5be2e470 - 13TL_rpc_result
12-07 10:41:24.942  1754  1819 D tgnet   : message_id 7581064316607346297 connection(0x707e1bf5a2b0, account0, dc1, type 2) received rpc_result with 15TL_api_response
12-07 10:41:24.942  1754  1819 D tgnet   : [ConnectionsManager.cpp:1267] message_id 7581064316607346297 connection(0x707e1bf5a2b0, account0, dc1, type 2) received rpc_result with 15TL_api_response
12-07 10:41:24.942  1754  1819 D tgnet   : got response for request 0x707d5be5ea70 - 14TL_api_request
12-07 10:41:24.942  1754  1819 D tgnet   : [ConnectionsManager.cpp:1303] got response for request 0x707d5be5ea70 - 14TL_api_request
12-07 10:41:24.942  1754  1819 D tmessages: CM java buff saved to /sdcard/Android/data/org.chatengine.messenger.beta/files/buff_1765104084942.bin
12-07 10:41:24.943  1754  1819 D tmessages: java received org.telegram.tgnet.TLRPC$TL_upload_file@190159a error = null
12-07 10:41:24.943  1754  1819 D tgnet   : connection(0x707e1bf5a2b0, account0, dc1, type 2) received packet size less(4180) then message size(32696)
12-07 10:41:24.943  1754  1819 D tgnet   : [        Connection.cpp: 277] connection(0x707e1bf5a2b0, account0, dc1, type 2) received packet size less(4180) then message size(32696)
12-07 10:41:24.943  1754  1807 D tmessages: debug_loading: 1_1655889252493299713.tgs time=277 dcId=1 cdn=false conType=65538 reqId89
12-07 10:41:24.943  1754  1807 D tmessages: save file part 1_1655889252493299713.tgs offset=32768 chunk_size=32768 isCdn=false
12-07 10:41:24.944  1754  1819 D tgnet   : connection( account0, dc1, type 2) received packet size less(32184) then message size(32700)
12-07 10:41:24.944  1754  1819 D tgnet   : [        Connection.cpp: 155] connection( account0, dc1, type 2) received packet size less(32184) then message size(32700)
12-07 10:41:24.947  1754  1802 D tmessages: start loading file to temp = /storage/emulated/0/Android/data/org.chatengine.messenger.beta/cache/1_1655889252489105409.temp final = /storage/emulated/0/Android/data/org.chatengine.messenger.beta/cache/1_1655889252489105409.tgs priority0
12-07 10:41:24.953  1754  1807 D tmessages: finished downloading file to /storage/emulated/0/Android/data/org.chatengine.messenger.beta/cache/1_1655889252476522497.tgs time = 50 dc = 1 size = 50.0 KB
12-07 10:41:24.957  1754  1807 D tmessages: send request org.telegram.tgnet.TLRPC$TL_upload_getFile@460bcfd with token = 95
12-07 10:41:24.957  1754  1802 D tmessages: start loading file to temp = /storage/emulated/0/Android/data/org.chatengine.messenger.beta/cache/1_1655889252480716800.temp final = /storage/emulated/0/Android/data/org.chatengine.messenger.beta/cache/1_1655889252480716800.tgs priority0
12-07 10:41:24.957  1754  1807 D tmessages: debug_loading: 1_1655889252489105409.tgs send reqId 95
12-07 10:41:24.957  1754  1819 D tgnet   : send request 0x707d5be4aa30 - 14TL_api_request
12-07 10:41:24.957  1754  1807 D tmessages: send request org.telegram.tgnet.TLRPC$TL_upload_getFile@f73bdf2 with token = 96
12-07 10:41:24.957  1754  1819 D tgnet   : [ConnectionsManager.cpp:1875] send request 0x707d5be4aa30 - 14TL_api_request
12-07 10:41:24.957  1754  1807 D tmessages: debug_loading: 1_1655889252489105409.tgs send reqId 96
12-07 10:41:24.957  1754  1819 D tgnet   : send request wrapped 0x707d5be4aa30 - 14TL_api_request
12-07 10:41:24.957  1754  1819 D tgnet   : [ConnectionsManager.cpp:1882] send request wrapped 0x707d5be4aa30 - 14TL_api_request
12-07 10:41:24.957  1754  1819 D tgnet   : send request 0x707d5be2e470 - 14TL_api_request
12-07 10:41:24.957  1754  1819 D tgnet   : [ConnectionsManager.cpp:1875] send request 0x707d5be2e470 - 14TL_api_request
12-07 10:41:24.957  1754  1819 D tgnet   : send request wrapped 0x707d5be2e470 - 14TL_api_request
12-07 10:41:24.957  1754  1819 D tgnet   : [ConnectionsManager.cpp:1882] send request wrapped 0x707d5be2e470 - 14TL_api_request
12-07 10:41:24.957  1754  1819 D tgnet   : messageId for token = 95, 0x693559d4f4fdf400
12-07 10:41:24.957  1754  1819 D tgnet   : [ConnectionsManager.cpp:2609] messageId for token = 95, 0x693559d4f4fdf400
12-07 10:41:24.957  1754  1819 E tgnet   : connection(0x707e1bf629e0) return true
12-07 10:41:24.958  1754  1819 D tgnet   : send message (session: 0xabcdc854f1e96da9, seqno: 77, messageid: 7581064318926320640  0x693559d4f4fdf400): 14TL_api_request(0x707d5be4aa30)
12-07 10:41:24.958  1754  1819 D tgnet   : [        Datacenter.cpp:1186] send message (session: 0xabcdc854f1e96da9, seqno: 77, messageid: 7581064318926320640  0x693559d4f4fdf400): 14TL_api_request(0x707d5be4aa30)
12-07 10:41:24.958  1754  1819 D tgnet   : messageId for token = 96, 0x693559d4f53f7c00
12-07 10:41:24.958  1754  1819 D tgnet   : [ConnectionsManager.cpp:2609] messageId for token = 96, 0x693559d4f53f7c00
12-07 10:41:24.958  1754  1819 E tgnet   : connection(0x707e1bf5a2b0) return true
12-07 10:41:24.958  1754  1819 D tgnet   : send message (session: 0xabcdf12ca24e734f, seqno: 23, messageid: 7581064318930615296  0x693559d4f53f7c00): 14TL_api_request(0x707d5be2e470)
12-07 10:41:24.958  1754  1819 D tgnet   : [        Datacenter.cpp:1186] send message (session: 0xabcdf12ca24e734f, seqno: 23, messageid: 7581064318930615296  0x693559d4f53f7c00): 14TL_api_request(0x707d5be2e470)
12-07 10:41:24.963  1754  1807 D tmessages: finished downloading file to /storage/emulated/0/Android/data/org.chatengine.messenger.beta/cache/1_1655889252493299713.tgs time = 6 dc = 1 size = 56.2 KB
12-07 10:41:24.968  1754  1807 D tmessages: send request org.telegram.tgnet.TLRPC$TL_upload_getFile@1bc92c0 with token = 97
12-07 10:41:24.968  1754  1807 D tmessages: debug_loading: 1_1655889252480716800.tgs send reqId 97
12-07 10:41:24.968  1754  1819 D tgnet   : send request 0x707d5be5d690 - 14TL_api_request
12-07 10:41:24.968  1754  1819 D tgnet   : [ConnectionsManager.cpp:1875] send request 0x707d5be5d690 - 14TL_api_request
12-07 10:41:24.968  1754  1819 D tgnet   : send request wrapped 0x707d5be5d690 - 14TL_api_request
12-07 10:41:24.968  1754  1819 D tgnet   : [ConnectionsManager.cpp:1882] send request wrapped 0x707d5be5d690 - 14TL_api_request
12-07 10:41:24.968  1754  1819 D tgnet   : messageId for token = 97, 0x693559d4f7ced800
12-07 10:41:24.968  1754  1819 D tgnet   : [ConnectionsManager.cpp:2609] messageId for token = 97, 0x693559d4f7ced800
12-07 10:41:24.968  1754  1819 E tgnet   : connection(0x707e1bf629e0) return true
12-07 10:41:24.968  1754  1819 D tgnet   : send message (session: 0xabcdc854f1e96da9, seqno: 79, messageid: 7581064318973564928  0x693559d4f7ced800): 14TL_api_request(0x707d5be5d690)
12-07 10:41:24.968  1754  1819 D tgnet   : [        Datacenter.cpp:1186] send message (session: 0xabcdc854f1e96da9, seqno: 79, messageid: 7581064318973564928  0x693559d4f7ced800): 14TL_api_request(0x707d5be5d690)
12-07 10:41:24.976  1754  1819 D tgnet   : connection( account0, dc1, type 2) received packet size less(7048) then message size(32876)
12-07 10:41:24.976  1754  1819 D tgnet   : [        Connection.cpp: 155] connection( account0, dc1, type 2) received packet size less(7048) then message size(32876)
12-07 10:41:24.977  1754  1819 D tgnet   : connection( account0, dc1, type 2) received packet size less(8448) then message size(32876)
12-07 10:41:24.977  1754  1819 D tgnet   : [        Connection.cpp: 155] connection( account0, dc1, type 2) received packet size less(8448) then message size(32876)
12-07 10:41:24.983  1754  1819 D tgnet   : received message len 32872 (currentPacketLength) equal to packet size
12-07 10:41:24.983  1754  1819 D tgnet   : [        Connection.cpp: 275] received message len 32872 (currentPacketLength) equal to packet size
12-07 10:41:24.984  1754  1819 D tgnet   : api request constructor 0x96a18d5, don't parse
12-07 10:41:24.984  1754  1819 D tgnet   : [ConnectionsManager.cpp:1096] api request constructor 0x96a18d5, don't parse
12-07 10:41:24.984  1754  1819 D tgnet   : connection(0x707e1bf629e0, account0, dc1, type 2) received object 13TL_rpc_result
12-07 10:41:24.984  1754  1819 D tgnet   : [ConnectionsManager.cpp:1008] connection(0x707e1bf629e0, account0, dc1, type 2) received object 13TL_rpc_result
12-07 10:41:24.984  1754  1819 D tgnet   : process server response 0x707d5be5c850 - 13TL_rpc_result
12-07 10:41:24.984  1754  1819 D tgnet   : [ConnectionsManager.cpp:1122] process server response 0x707d5be5c850 - 13TL_rpc_result
12-07 10:41:24.984  1754  1819 D tgnet   : message_id 7581064316622026377 connection(0x707e1bf629e0, account0, dc1, type 2) received rpc_result with 15TL_api_response
12-07 10:41:24.984  1754  1819 D tgnet   : [ConnectionsManager.cpp:1267] message_id 7581064316622026377 connection(0x707e1bf629e0, account0, dc1, type 2) received rpc_result with 15TL_api_response
12-07 10:41:24.984  1754  1819 D tgnet   : got response for request 0x707d5be60c30 - 14TL_api_request
12-07 10:41:24.984  1754  1819 D tgnet   : [ConnectionsManager.cpp:1303] got response for request 0x707d5be60c30 - 14TL_api_request
12-07 10:41:24.985  1754  1819 D tmessages: CM java buff saved to /sdcard/Android/data/org.chatengine.messenger.beta/files/buff_1765104084984.bin
12-07 10:41:24.985  1754  1819 D tmessages: java received org.telegram.tgnet.TLRPC$TL_upload_file@7fbc73e error = null
12-07 10:41:24.985  1754  1819 D tgnet   : connection(0x707e1bf629e0, account0, dc1, type 2) received packet size less(10568) then message size(32872)
12-07 10:41:24.985  1754  1819 D tgnet   : [        Connection.cpp: 277] connection(0x707e1bf629e0, account0, dc1, type 2) received packet size less(10568) then message size(32872)
12-07 10:41:24.985  1754  1807 D tmessages: debug_loading: 1_1655889252493299712.tgs time=303 dcId=1 cdn=false conType=2 reqId90
12-07 10:41:24.985  1754  1807 D tmessages: save file part 1_1655889252493299712.tgs offset=0 chunk_size=32768 isCdn=false
12-07 10:41:24.986  1754  1819 D tgnet   : connection( account0, dc1, type 2) received packet size less(23172) then message size(32876)
12-07 10:41:24.986  1754  1819 D tgnet   : [        Connection.cpp: 155] connection( account0, dc1, type 2) received packet size less(23172) then message size(32876)
12-07 10:41:24.992  1754  1819 D tgnet   : connection( account0, dc1, type 2) received packet size less(24572) then message size(32876)
12-07 10:41:24.992  1754  1819 D tgnet   : [        Connection.cpp: 155] connection( account0, dc1, type 2) received packet size less(24572) then message size(32876)
12-07 10:41:24.992  1754  1819 D tgnet   : connection( account0, dc1, type 2) received packet size less(25972) then message size(32876)
12-07 10:41:24.992  1754  1819 D tgnet   : [        Connection.cpp: 155] connection( account0, dc1, type 2) received packet size less(25972) then message size(32876)
12-07 10:41:24.997  1754  1819 D tgnet   : received message len 32872 (currentPacketLength) equal to packet size
12-07 10:41:24.997  1754  1819 D tgnet   : [        Connection.cpp: 275] received message len 32872 (currentPacketLength) equal to packet size
12-07 10:41:24.997  1754  1819 D tgnet   : api request constructor 0x96a18d5, don't parse
12-07 10:41:24.997  1754  1819 D tgnet   : [ConnectionsManager.cpp:1096] api request constructor 0x96a18d5, don't parse
12-07 10:41:24.997  1754  1819 D tgnet   : connection(0x707e1bf629e0, account0, dc1, type 2) received object 13TL_rpc_result
12-07 10:41:24.997  1754  1819 D tgnet   : [ConnectionsManager.cpp:1008] connection(0x707e1bf629e0, account0, dc1, type 2) received object 13TL_rpc_result
12-07 10:41:24.997  1754  1819 D tgnet   : process server response 0x707d5be4df10 - 13TL_rpc_result
12-07 10:41:24.997  1754  1819 D tgnet   : [ConnectionsManager.cpp:1122] process server response 0x707d5be4df10 - 13TL_rpc_result
12-07 10:41:24.997  1754  1819 D tgnet   : message_id 7581064316752049809 connection(0x707e1bf629e0, account0, dc1, type 2) received rpc_result with 15TL_api_response
12-07 10:41:24.997  1754  1819 D tgnet   : [ConnectionsManager.cpp:1267] message_id 7581064316752049809 connection(0x707e1bf629e0, account0, dc1, type 2) received rpc_result with 15TL_api_response
12-07 10:41:24.997  1754  1819 D tgnet   : got response for request 0x707d5be61cb0 - 14TL_api_request
12-07 10:41:24.997  1754  1819 D tgnet   : [ConnectionsManager.cpp:1303] got response for request 0x707d5be61cb0 - 14TL_api_request
12-07 10:41:24.998  1754  1819 D tmessages: CM java buff saved to /sdcard/Android/data/org.chatengine.messenger.beta/files/buff_1765104084997.bin
12-07 10:41:24.998  1754  1819 D tmessages: java received org.telegram.tgnet.TLRPC$TL_upload_file@1381aec error = null
12-07 10:41:24.998  1754  1819 D tgnet   : connection(0x707e1bf629e0, account0, dc1, type 2) received packet size less(19692) then message size(27128)
12-07 10:41:24.998  1754  1819 D tgnet   : [        Connection.cpp: 277] connection(0x707e1bf629e0, account0, dc1, type 2) received packet size less(19692) then message size(27128)
12-07 10:41:24.998  1754  1807 D tmessages: debug_loading: 1_1655889252484911105.tgs time=114 dcId=1 cdn=false conType=2 reqId92
12-07 10:41:24.998  1754  1819 D tgnet   : received message len 32696 (currentPacketLength) equal to packet size
12-07 10:41:24.998  1754  1819 D tgnet   : [        Connection.cpp: 275] received message len 32696 (currentPacketLength) equal to packet size
12-07 10:41:24.998  1754  1807 D tmessages: save file part 1_1655889252484911105.tgs offset=0 chunk_size=32768 isCdn=false
12-07 10:41:24.998  1754  1819 D tgnet   : api request constructor 0x96a18d5, don't parse
12-07 10:41:24.998  1754  1819 D tgnet   : [ConnectionsManager.cpp:1096] api request constructor 0x96a18d5, don't parse
12-07 10:41:24.998  1754  1819 D tgnet   : connection(0x707e1bf5a2b0, account0, dc1, type 2) received object 13TL_rpc_result
12-07 10:41:24.998  1754  1819 D tgnet   : [ConnectionsManager.cpp:1008] connection(0x707e1bf5a2b0, account0, dc1, type 2) received object 13TL_rpc_result
12-07 10:41:24.998  1754  1819 D tgnet   : process server response 0x707d5be4df10 - 13TL_rpc_result
12-07 10:41:24.999  1754  1819 D tgnet   : [ConnectionsManager.cpp:1122] process server response 0x707d5be4df10 - 13TL_rpc_result
12-07 10:41:24.999  1754  1819 D tgnet   : message_id 7581064316615734913 connection(0x707e1bf5a2b0, account0, dc1, type 2) received rpc_result with 15TL_api_response
12-07 10:41:24.999  1754  1819 D tgnet   : [ConnectionsManager.cpp:1267] message_id 7581064316615734913 connection(0x707e1bf5a2b0, account0, dc1, type 2) received rpc_result with 15TL_api_response
12-07 10:41:24.999  1754  1819 D tgnet   : got response for request 0x707d5be59130 - 14TL_api_request
12-07 10:41:24.999  1754  1819 D tgnet   : [ConnectionsManager.cpp:1303] got response for request 0x707d5be59130 - 14TL_api_request
12-07 10:41:24.999  1754  1819 D tmessages: CM java buff saved to /sdcard/Android/data/org.chatengine.messenger.beta/files/buff_1765104084999.bin
12-07 10:41:24.999  1754  1819 D tmessages: java received org.telegram.tgnet.TLRPC$TL_upload_file@569194a error = null
12-07 10:41:24.999  1754  1819 D tgnet   : connection(0x707e1bf5a2b0, account0, dc1, type 2) received packet size less(880) then message size(11416)
12-07 10:41:24.999  1754  1819 D tgnet   : [        Connection.cpp: 277] connection(0x707e1bf5a2b0, account0, dc1, type 2) received packet size less(880) then message size(11416)
12-07 10:41:24.999  1754  1807 D tmessages: debug_loading: 1_1655889252493299712.tgs time=317 dcId=1 cdn=false conType=65538 reqId91
12-07 10:41:24.999  1754  1807 D tmessages: save file part 1_1655889252493299712.tgs offset=32768 chunk_size=32768 isCdn=false
12-07 10:41:24.999  1754  1819 D tgnet   : received message len 11416 (currentPacketLength) equal to packet size
12-07 10:41:24.999  1754  1819 D tgnet   : [        Connection.cpp: 275] received message len 11416 (currentPacketLength) equal to packet size
12-07 10:41:24.999  1754  1819 D tgnet   : api request constructor 0x96a18d5, don't parse
12-07 10:41:24.999  1754  1819 D tgnet   : [ConnectionsManager.cpp:1096] api request constructor 0x96a18d5, don't parse
12-07 10:41:24.999  1754  1819 D tgnet   : connection(0x707e1bf5a2b0, account0, dc1, type 2) received object 13TL_rpc_result
12-07 10:41:24.999  1754  1819 D tgnet   : [ConnectionsManager.cpp:1008] connection(0x707e1bf5a2b0, account0, dc1, type 2) received object 13TL_rpc_result
12-07 10:41:24.999  1754  1819 D tgnet   : process server response 0x707d5be4df10 - 13TL_rpc_result
12-07 10:41:24.999  1754  1819 D tgnet   : [ConnectionsManager.cpp:1122] process server response 0x707d5be4df10 - 13TL_rpc_result
12-07 10:41:24.999  1754  1819 D tgnet   : message_id 7581064316758341273 connection(0x707e1bf5a2b0, account0, dc1, type 2) received rpc_result with 15TL_api_response
12-07 10:41:24.999  1754  1819 D tgnet   : [ConnectionsManager.cpp:1267] message_id 7581064316758341273 connection(0x707e1bf5a2b0, account0, dc1, type 2) received rpc_result with 15TL_api_response
12-07 10:41:24.999  1754  1819 D tgnet   : got response for request 0x707d5be59970 - 14TL_api_request
12-07 10:41:24.999  1754  1819 D tgnet   : [ConnectionsManager.cpp:1303] got response for request 0x707d5be59970 - 14TL_api_request
12-07 10:41:25.000  1754  1819 D tmessages: CM java buff saved to /sdcard/Android/data/org.chatengine.messenger.beta/files/buff_1765104084999.bin
12-07 10:41:25.000  1754  1819 D tmessages: java received org.telegram.tgnet.TLRPC$TL_upload_file@a01f9d8 error = null
12-07 10:41:25.000  1754  1807 D tmessages: debug_loading: 1_1655889252484911105.tgs time=115 dcId=1 cdn=false conType=65538 reqId93
12-07 10:41:25.000  1754  1807 D tmessages: save file part 1_1655889252484911105.tgs offset=32768 chunk_size=32768 isCdn=false
12-07 10:41:25.016  1754  1819 D tgnet   : connection(0x707e1bf5a2b0, account0, dc1, type 2) received packet size less(1396) then message size(2344)
12-07 10:41:25.016  1754  1819 D tgnet   : [        Connection.cpp: 277] connection(0x707e1bf5a2b0, account0, dc1, type 2) received packet size less(1396) then message size(2344)
12-07 10:41:25.016  1754  1819 D tgnet   : received message len 2344 (currentPacketLength) equal to packet size
12-07 10:41:25.016  1754  1819 D tgnet   : [        Connection.cpp: 275] received message len 2344 (currentPacketLength) equal to packet size
12-07 10:41:25.017  1754  1819 D tgnet   : api request constructor 0x96a18d5, don't parse
12-07 10:41:25.017  1754  1819 D tgnet   : [ConnectionsManager.cpp:1096] api request constructor 0x96a18d5, don't parse
12-07 10:41:25.017  1754  1819 D tgnet   : connection(0x707e1bf5a2b0, account0, dc1, type 2) received object 13TL_rpc_result
12-07 10:41:25.017  1754  1819 D tgnet   : [ConnectionsManager.cpp:1008] connection(0x707e1bf5a2b0, account0, dc1, type 2) received object 13TL_rpc_result
12-07 10:41:25.017  1754  1819 D tgnet   : process server response 0x707d5be2ccd0 - 13TL_rpc_result
12-07 10:41:25.017  1754  1819 D tgnet   : [ConnectionsManager.cpp:1122] process server response 0x707d5be2ccd0 - 13TL_rpc_result
12-07 10:41:25.017  1754  1819 D tgnet   : message_id 7581064316898850473 connection(0x707e1bf5a2b0, account0, dc1, type 2) received rpc_result with 15TL_api_response
12-07 10:41:25.017  1754  1819 D tgnet   : [ConnectionsManager.cpp:1267] message_id 7581064316898850473 connection(0x707e1bf5a2b0, account0, dc1, type 2) received rpc_result with 15TL_api_response
12-07 10:41:25.017  1754  1819 D tgnet   : got response for request 0x707d5be2e470 - 14TL_api_request
12-07 10:41:25.017  1754  1819 D tgnet   : [ConnectionsManager.cpp:1303] got response for request 0x707d5be2e470 - 14TL_api_request
12-07 10:41:25.017  1754  1819 D tmessages: CM java buff saved to /sdcard/Android/data/org.chatengine.messenger.beta/files/buff_1765104085017.bin
12-07 10:41:25.017  1754  1819 D tmessages: java received org.telegram.tgnet.TLRPC$TL_upload_file@688db84 error = null
12-07 10:41:25.017  1754  1807 D tmessages: debug_loading: 1_1655889252489105409.tgs time=60 dcId=1 cdn=false conType=65538 reqId96
12-07 10:41:25.017  1754  1807 D tmessages: save file part 1_1655889252489105409.tgs offset=32768 chunk_size=32768 isCdn=false
12-07 10:41:25.018  1754  1807 D tmessages: finished downloading file to /storage/emulated/0/Android/data/org.chatengine.messenger.beta/cache/1_1655889252493299712.tgs time = 50 dc = 1 size = 63.8 KB
12-07 10:41:25.026  1754  1807 D tmessages: finished downloading file to /storage/emulated/0/Android/data/org.chatengine.messenger.beta/cache/1_1655889252484911105.tgs time = 27 dc = 1 size = 43.0 KB
12-07 10:41:25.033  1754  1819 D tgnet   : connection( account0, dc1, type 2) received packet size less(21096) then message size(27132)
12-07 10:41:25.033  1754  1819 D tgnet   : [        Connection.cpp: 155] connection( account0, dc1, type 2) received packet size less(21096) then message size(27132)
12-07 10:41:25.033  1754  1819 D tgnet   : connection( account0, dc1, type 2) received packet size less(22496) then message size(27132)
12-07 10:41:25.033  1754  1819 D tgnet   : [        Connection.cpp: 155] connection( account0, dc1, type 2) received packet size less(22496) then message size(27132)
12-07 10:41:25.038  1754  1819 D tgnet   : received message len 27128 (currentPacketLength) equal to packet size
12-07 10:41:25.038  1754  1819 D tgnet   : [        Connection.cpp: 275] received message len 27128 (currentPacketLength) equal to packet size
12-07 10:41:25.038  1754  1819 D tgnet   : api request constructor 0x96a18d5, don't parse
12-07 10:41:25.038  1754  1819 D tgnet   : [ConnectionsManager.cpp:1096] api request constructor 0x96a18d5, don't parse
12-07 10:41:25.038  1754  1819 D tgnet   : connection(0x707e1bf629e0, account0, dc1, type 2) received object 13TL_rpc_result
12-07 10:41:25.038  1754  1819 D tgnet   : [ConnectionsManager.cpp:1008] connection(0x707e1bf629e0, account0, dc1, type 2) received object 13TL_rpc_result
12-07 10:41:25.039  1754  1819 D tgnet   : process server response 0x707d5be58d10 - 13TL_rpc_result
12-07 10:41:25.039  1754  1819 D tgnet   : [ConnectionsManager.cpp:1122] process server response 0x707d5be58d10 - 13TL_rpc_result
12-07 10:41:25.039  1754  1819 D tgnet   : message_id 7581064316768827041 connection(0x707e1bf629e0, account0, dc1, type 2) received rpc_result with 15TL_api_response
12-07 10:41:25.039  1754  1819 D tgnet   : [ConnectionsManager.cpp:1267] message_id 7581064316768827041 connection(0x707e1bf629e0, account0, dc1, type 2) received rpc_result with 15TL_api_response
12-07 10:41:25.039  1754  1819 D tgnet   : got response for request 0x707d5be570f0 - 14TL_api_request
12-07 10:41:25.039  1754  1819 D tgnet   : [ConnectionsManager.cpp:1303] got response for request 0x707d5be570f0 - 14TL_api_request
12-07 10:41:25.039  1754  1819 D tmessages: CM java buff saved to /sdcard/Android/data/org.chatengine.messenger.beta/files/buff_1765104085039.bin
12-07 10:41:25.039  1754  1819 D tmessages: java received org.telegram.tgnet.TLRPC$TL_upload_file@77a2bf0 error = null
12-07 10:41:25.039  1754  1819 D tgnet   : connection(0x707e1bf629e0, account0, dc1, type 2) received packet size less(24760) then message size(32872)
12-07 10:41:25.039  1754  1819 D tgnet   : [        Connection.cpp: 277] connection(0x707e1bf629e0, account0, dc1, type 2) received packet size less(24760) then message size(32872)
12-07 10:41:25.039  1754  1807 D tmessages: debug_loading: 1_1655889252497494017.tgs time=148 dcId=1 cdn=false conType=2 reqId94
12-07 10:41:25.039  1754  1819 D tgnet   : connection( account0, dc1, type 2) received packet size less(30364) then message size(32876)
12-07 10:41:25.039  1754  1819 D tgnet   : [        Connection.cpp: 155] connection( account0, dc1, type 2) received packet size less(30364) then message size(32876)
12-07 10:41:25.043  1754  1819 D tgnet   : connection( account0, dc1, type 1) received packet size less(51800) then message size(99500)
12-07 10:41:25.043  1754  1819 D tgnet   : [        Connection.cpp: 155] connection( account0, dc1, type 1) received packet size less(51800) then message size(99500)
12-07 10:41:25.043  1754  1819 D tgnet   : connection( account0, dc1, type 1) received packet size less(53200) then message size(99500)
12-07 10:41:25.043  1754  1819 D tgnet   : [        Connection.cpp: 155] connection( account0, dc1, type 1) received packet size less(53200) then message size(99500)
12-07 10:41:25.048  1754  1819 D tgnet   : connection( account0, dc1, type 1) received packet size less(82600) then message size(99500)
12-07 10:41:25.048  1754  1819 D tgnet   : [        Connection.cpp: 155] connection( account0, dc1, type 1) received packet size less(82600) then message size(99500)
12-07 10:41:25.048  1754  1807 D tmessages: finished downloading file to /storage/emulated/0/Android/data/org.chatengine.messenger.beta/cache/1_1655889252497494017.tgs time = 22 dc = 1 size = 26.4 KB
12-07 10:41:25.049  1754  1819 D tgnet   : connection( account0, dc1, type 1) received packet size less(95200) then message size(99500)
12-07 10:41:25.049  1754  1819 D tgnet   : [        Connection.cpp: 155] connection( account0, dc1, type 1) received packet size less(95200) then message size(99500)
12-07 10:41:25.053  1754  1819 D tgnet   : received message len 32872 (currentPacketLength) equal to packet size
12-07 10:41:25.053  1754  1819 D tgnet   : [        Connection.cpp: 275] received message len 32872 (currentPacketLength) equal to packet size
12-07 10:41:25.054  1754  1819 D tgnet   : api request constructor 0x96a18d5, don't parse
12-07 10:41:25.054  1754  1819 D tgnet   : [ConnectionsManager.cpp:1096] api request constructor 0x96a18d5, don't parse
12-07 10:41:25.054  1754  1819 D tgnet   : connection(0x707e1bf629e0, account0, dc1, type 2) received object 13TL_rpc_result
12-07 10:41:25.054  1754  1819 D tgnet   : [ConnectionsManager.cpp:1008] connection(0x707e1bf629e0, account0, dc1, type 2) received object 13TL_rpc_result
12-07 10:41:25.054  1754  1819 D tgnet   : process server response 0x707d5be60c30 - 13TL_rpc_result
12-07 10:41:25.054  1754  1819 D tgnet   : [ConnectionsManager.cpp:1122] process server response 0x707d5be60c30 - 13TL_rpc_result
12-07 10:41:25.054  1754  1819 D tgnet   : message_id 7581064316907239089 connection(0x707e1bf629e0, account0, dc1, type 2) received rpc_result with 15TL_api_response
12-07 10:41:25.054  1754  1819 D tgnet   : [ConnectionsManager.cpp:1267] message_id 7581064316907239089 connection(0x707e1bf629e0, account0, dc1, type 2) received rpc_result with 15TL_api_response
12-07 10:41:25.054  1754  1819 D tgnet   : got response for request 0x707d5be4aa30 - 14TL_api_request
12-07 10:41:25.054  1754  1819 D tgnet   : [ConnectionsManager.cpp:1303] got response for request 0x707d5be4aa30 - 14TL_api_request
12-07 10:41:25.054  1754  1819 D tmessages: CM java buff saved to /sdcard/Android/data/org.chatengine.messenger.beta/files/buff_1765104085054.bin
12-07 10:41:25.054  1754  1819 D tmessages: java received org.telegram.tgnet.TLRPC$TL_upload_file@8ee171c error = null
12-07 10:41:25.054  1754  1819 D tgnet   : connection(0x707e1bf629e0, account0, dc1, type 2) received packet size less(26884) then message size(29032)
12-07 10:41:25.054  1754  1819 D tgnet   : [        Connection.cpp: 277] connection(0x707e1bf629e0, account0, dc1, type 2) received packet size less(26884) then message size(29032)
12-07 10:41:25.054  1754  1807 D tmessages: debug_loading: 1_1655889252489105409.tgs time=97 dcId=1 cdn=false conType=2 reqId95
12-07 10:41:25.054  1754  1807 D tmessages: save file part 1_1655889252489105409.tgs offset=0 chunk_size=32768 isCdn=false
12-07 10:41:25.056  1754  1819 D tgnet   : received message len 29032 (currentPacketLength) equal to packet size
12-07 10:41:25.056  1754  1819 D tgnet   : [        Connection.cpp: 275] received message len 29032 (currentPacketLength) equal to packet size
12-07 10:41:25.056  1754  1819 D tgnet   : api request constructor 0x96a18d5, don't parse
12-07 10:41:25.056  1754  1819 D tgnet   : [ConnectionsManager.cpp:1096] api request constructor 0x96a18d5, don't parse
12-07 10:41:25.056  1754  1819 D tgnet   : connection(0x707e1bf629e0, account0, dc1, type 2) received object 13TL_rpc_result
12-07 10:41:25.056  1754  1819 D tgnet   : [ConnectionsManager.cpp:1008] connection(0x707e1bf629e0, account0, dc1, type 2) received object 13TL_rpc_result
12-07 10:41:25.056  1754  1819 D tgnet   : process server response 0x707d5be60c30 - 13TL_rpc_result
12-07 10:41:25.056  1754  1819 D tgnet   : [ConnectionsManager.cpp:1122] process server response 0x707d5be60c30 - 13TL_rpc_result
12-07 10:41:25.056  1754  1819 D tgnet   : message_id 7581064319115540153 connection(0x707e1bf629e0, account0, dc1, type 2) received rpc_result with 15TL_api_response
12-07 10:41:25.056  1754  1819 D tgnet   : [ConnectionsManager.cpp:1267] message_id 7581064319115540153 connection(0x707e1bf629e0, account0, dc1, type 2) received rpc_result with 15TL_api_response
12-07 10:41:25.056  1754  1819 D tgnet   : got response for request 0x707d5be5d690 - 14TL_api_request
12-07 10:41:25.056  1754  1819 D tgnet   : [ConnectionsManager.cpp:1303] got response for request 0x707d5be5d690 - 14TL_api_request
12-07 10:41:25.057  1754  1819 D tmessages: CM java buff saved to /sdcard/Android/data/org.chatengine.messenger.beta/files/buff_1765104085057.bin
12-07 10:41:25.058  1754  1819 D tmessages: java received org.telegram.tgnet.TLRPC$TL_upload_file@f2268fa error = null
12-07 10:41:25.060  1754  1807 D tmessages: debug_loading: 1_1655889252480716800.tgs time=92 dcId=1 cdn=false conType=2 reqId97
12-07 10:41:25.064  1754  1819 D tgnet   : connection( account0, dc1, type 1) received packet size less(96600) then message size(99500)
12-07 10:41:25.064  1754  1819 D tgnet   : [        Connection.cpp: 155] connection( account0, dc1, type 1) received packet size less(96600) then message size(99500)
12-07 10:41:25.065  1754  1819 D tgnet   : connection( account0, dc1, type 1) received packet size less(98000) then message size(99500)
12-07 10:41:25.065  1754  1819 D tgnet   : [        Connection.cpp: 155] connection( account0, dc1, type 1) received packet size less(98000) then message size(99500)
12-07 10:41:25.066  1754  1819 D tgnet   : received message len 99496 (currentPacketLength) equal to packet size
12-07 10:41:25.066  1754  1819 D tgnet   : [        Connection.cpp: 275] received message len 99496 (currentPacketLength) equal to packet size
12-07 10:41:25.067  1754  1819 D tgnet   : connection(0x707e1be0c390, account0, dc1, type 1) received object 13TL_rpc_result
12-07 10:41:25.067  1754  1819 D tgnet   : [ConnectionsManager.cpp:1008] connection(0x707e1be0c390, account0, dc1, type 1) received object 13TL_rpc_result
12-07 10:41:25.067  1754  1819 D tgnet   : process server response 0x707d5be58d10 - 13TL_rpc_result
12-07 10:41:25.067  1754  1819 D tgnet   : [ConnectionsManager.cpp:1122] process server response 0x707d5be58d10 - 13TL_rpc_result
12-07 10:41:25.067  1754  1819 D tgnet   : message_id 7581064316305356233 connection(0x707e1be0c390, account0, dc1, type 1) received rpc_result with 14TL_gzip_packed
12-07 10:41:25.067  1754  1819 D tgnet   : [ConnectionsManager.cpp:1267] message_id 7581064316305356233 connection(0x707e1be0c390, account0, dc1, type 1) received rpc_result with 14TL_gzip_packed
12-07 10:41:25.067  1754  1819 D tgnet   : got response for request 0x707d5be5aff0 - 14TL_api_request
12-07 10:41:25.067  1754  1819 D tgnet   : [ConnectionsManager.cpp:1303] got response for request 0x707d5be5aff0 - 14TL_api_request
12-07 10:41:25.068  1754  1819 D tgnet   : api request constructor 0xbe382906, don't parse
12-07 10:41:25.068  1754  1819 D tgnet   : [ConnectionsManager.cpp:1096] api request constructor 0xbe382906, don't parse
12-07 10:41:25.069  1754  1819 D tmessages: CM java buff saved to /sdcard/Android/data/org.chatengine.messenger.beta/files/buff_1765104085068.bin
12-07 10:41:25.069  1754  1807 D tmessages: finished downloading file to /storage/emulated/0/Android/data/org.chatengine.messenger.beta/cache/1_1655889252489105409.tgs time = 19 dc = 1 size = 34.2 KB
12-07 10:41:25.077  1754  1807 D tmessages: finished downloading file to /storage/emulated/0/Android/data/org.chatengine.messenger.beta/cache/1_1655889252480716800.tgs time = 16 dc = 1 size = 28.2 KB
12-07 10:41:25.141  1754  1819 D tmessages: java received org.telegram.tgnet.TLRPC$TL_messages_featuredStickers@11c2db4 error = null
