12-07 10:41:24.471  1754  1819 D tgnet   : [ConnectionsManager.cpp:2609] messageId for token = 57, 0x693559d478937400
12-07 10:41:24.471  1754  1819 E tgnet   : connection(0x693559d476872c00) request (msg_id: 0)
12-07 10:41:24.471  1754  1819 E tgnet   : connection(0x707e1be0c390) (type: 1 == 1 && num: 0 == 0) || (token: 1 == 1)
12-07 10:41:24.471  1754  1819 D tgnet   : send message (session: 0xabcdc9716331cb54, seqno: 45, messageid: 7581064316838966272  0x693559d478937400): 14TL_api_request(0x707d5be60c30)
12-07 10:41:24.471  1754  1819 D tgnet   : [        Datacenter.cpp:1186] send message (session: 0xabcdc9716331cb54, seqno: 45, messageid: 7581064316838966272  0x693559d478937400): 14TL_api_request(0x707d5be60c30)
12-07 10:41:24.473  1754  1807 D tmessages: send request org.telegram.tgnet.TLRPC$TL_upload_getFile@fb9f8d3 with token = 58
12-07 10:41:24.474  1754  1802 D tmessages: start loading file to temp = /storage/emulated/0/Android/data/org.chatengine.messenger.beta/cache/1_1655889310785736704.temp final = /storage/emulated/0/Android/data/org.chatengine.messenger.beta/cache/1_1655889310785736704.tgs priority0
12-07 10:41:24.474  1754  1819 D tgnet   : send request 0x707d5be2e470 - 14TL_api_request
12-07 10:41:24.474  1754  1807 D tmessages: debug_loading: 1_1655888074321694721.tgs send reqId 58
12-07 10:41:24.474  1754  1819 D tgnet   : [ConnectionsManager.cpp:1875] send request 0x707d5be2e470 - 14TL_api_request
12-07 10:41:24.474  1754  1819 D tgnet   : send request wrapped 0x707d5be2e470 - 14TL_api_request
12-07 10:41:24.474  1754  1819 D tgnet   : [ConnectionsManager.cpp:1882] send request wrapped 0x707d5be2e470 - 14TL_api_request
12-07 10:41:24.474  1754  1819 D tgnet   : messageId for token = 58, 0x693559d479581000
12-07 10:41:24.474  1754  1819 D tgnet   : [ConnectionsManager.cpp:2609] messageId for token = 58, 0x693559d479581000
12-07 10:41:24.474  1754  1819 E tgnet   : connection(0x707e1bf629e0) return true
12-07 10:41:24.474  1754  1819 D tgnet   : send message (session: 0xabcdc854f1e96da9, seqno: 49, messageid: 7581064316851851264  0x693559d479581000): 14TL_api_request(0x707d5be2e470)
12-07 10:41:24.474  1754  1819 D tgnet   : [        Datacenter.cpp:1186] send message (session: 0xabcdc854f1e96da9, seqno: 49, messageid: 7581064316851851264  0x693559d479581000): 14TL_api_request(0x707d5be2e470)
12-07 10:41:24.475  1754  1807 D tmessages: done loading contacts
12-07 10:41:24.475  1754  1807 D tmessages: load contacts from server
12-07 10:41:24.475  1754  1807 D tmessages: send request org.telegram.tgnet.TLRPC$TL_messages_getStickerSet@2581309 with token = 59
12-07 10:41:24.476  1754  1807 D tmessages: send request org.telegram.tgnet.TLRPC$TL_contacts_getContacts@743090e with token = 60
12-07 10:41:24.476  1754  1819 D tgnet   : send request 0x707d5be55b90 - 14TL_api_request
12-07 10:41:24.476  1754  1819 D tgnet   : [ConnectionsManager.cpp:1875] send request 0x707d5be55b90 - 14TL_api_request
12-07 10:41:24.476  1754  1819 D tgnet   : send request wrapped 0x707d5be55b90 - 14TL_api_request
12-07 10:41:24.476  1754  1819 D tgnet   : [ConnectionsManager.cpp:1882] send request wrapped 0x707d5be55b90 - 14TL_api_request
12-07 10:41:24.476  1754  1819 D tgnet   : messageId for token = 59, 0x693559d479db2400
12-07 10:41:24.476  1754  1819 D tgnet   : [ConnectionsManager.cpp:2609] messageId for token = 59, 0x693559d479db2400
12-07 10:41:24.476  1754  1819 E tgnet   : connection(0x693559d476872c00) request (msg_id: 0)
12-07 10:41:24.476  1754  1819 E tgnet   : connection(0x707e1be0c390) (type: 1 == 1 && num: 0 == 0) || (token: 1 == 1)
12-07 10:41:24.476  1754  1819 D tgnet   : send message (session: 0xabcdc9716331cb54, seqno: 47, messageid: 7581064316860441600  0x693559d479db2400): 14TL_api_request(0x707d5be55b90)
12-07 10:41:24.476  1754  1819 D tgnet   : [        Datacenter.cpp:1186] send message (session: 0xabcdc9716331cb54, seqno: 47, messageid: 7581064316860441600  0x693559d479db2400): 14TL_api_request(0x707d5be55b90)
12-07 10:41:24.476  1754  1819 D tgnet   : send request 0x707d5be29df0 - 14TL_api_request
12-07 10:41:24.476  1754  1819 D tgnet   : [ConnectionsManager.cpp:1875] send request 0x707d5be29df0 - 14TL_api_request
12-07 10:41:24.476  1754  1819 D tgnet   : send request wrapped 0x707d5be29df0 - 14TL_api_request
12-07 10:41:24.476  1754  1819 D tgnet   : [ConnectionsManager.cpp:1882] send request wrapped 0x707d5be29df0 - 14TL_api_request
12-07 10:41:24.476  1754  1819 D tgnet   : messageId for token = 60, 0x693559d479db2404
12-07 10:41:24.476  1754  1819 D tgnet   : [ConnectionsManager.cpp:2609] messageId for token = 60, 0x693559d479db2404
12-07 10:41:24.476  1754  1807 D tmessages: send request org.telegram.tgnet.TLRPC$TL_messages_getPeerDialogs@3214f2f with token = 61
12-07 10:41:24.476  1754  1819 E tgnet   : connection(0x693559d476872c00) request (msg_id: 0)
12-07 10:41:24.476  1754  1807 D tmessages: send request org.telegram.tgnet.TLRPC$TL_users_getFullUser@8a9393c with token = 62
12-07 10:41:24.477  1754  1819 E tgnet   : connection(0x707e1be0c390) (type: 1 == 1 && num: 0 == 0) || (token: 1 == 1)
12-07 10:41:24.477  1754  1807 D tmessages: send request org.telegram.tgnet.TLRPC$TL_messages_getFavedStickers@fe5d6c5 with token = 63
12-07 10:41:24.477  1754  1819 D tgnet   : send message (session: 0xabcdc9716331cb54, seqno: 49, messageid: 7581064316860441604  0x693559d479db2404): 14TL_api_request(0x707d5be29df0)
12-07 10:41:24.477  1754  1819 D tgnet   : [        Datacenter.cpp:1186] send message (session: 0xabcdc9716331cb54, seqno: 49, messageid: 7581064316860441604  0x693559d479db2404): 14TL_api_request(0x707d5be29df0)
12-07 10:41:24.477  1754  1807 D tmessages: send request org.telegram.tgnet.TLRPC$TL_messages_getStickers@daaa81a with token = 64
12-07 10:41:24.477  1754  1819 D tgnet   : send request 0x707d5be55710 - 14TL_api_request
12-07 10:41:24.477  1754  1819 D tgnet   : [ConnectionsManager.cpp:1875] send request 0x707d5be55710 - 14TL_api_request
12-07 10:41:24.477  1754  1819 D tgnet   : send request wrapped 0x707d5be55710 - 14TL_api_request
12-07 10:41:24.477  1754  1819 D tgnet   : [ConnectionsManager.cpp:1882] send request wrapped 0x707d5be55710 - 14TL_api_request
12-07 10:41:24.477  1754  1819 D tgnet   : messageId for token = 61, 0x693559d47a1cac00
12-07 10:41:24.477  1754  1819 D tgnet   : [ConnectionsManager.cpp:2609] messageId for token = 61, 0x693559d47a1cac00
12-07 10:41:24.477  1754  1819 E tgnet   : connection(0x693559d476872c00) request (msg_id: 0)
12-07 10:41:24.477  1754  1819 E tgnet   : connection(0x707e1be0c390) (type: 1 == 1 && num: 0 == 0) || (token: 1 == 1)
12-07 10:41:24.477  1754  1819 D tgnet   : send message (session: 0xabcdc9716331cb54, seqno: 51, messageid: 7581064316864736256  0x693559d47a1cac00): 14TL_api_request(0x707d5be55710)
12-07 10:41:24.477  1754  1819 D tgnet   : [        Datacenter.cpp:1186] send message (session: 0xabcdc9716331cb54, seqno: 51, messageid: 7581064316864736256  0x693559d47a1cac00): 14TL_api_request(0x707d5be55710)
12-07 10:41:24.477  1754  1819 D tgnet   : send request 0x707d5be300f0 - 14TL_api_request
12-07 10:41:24.477  1754  1819 D tgnet   : [ConnectionsManager.cpp:1875] send request 0x707d5be300f0 - 14TL_api_request
12-07 10:41:24.478  1754  1819 D tgnet   : send request wrapped 0x707d5be300f0 - 14TL_api_request
12-07 10:41:24.478  1754  1754 D tmessages: folderId = 0 load cacheOffset = 0 count = 100 cache = false
12-07 10:41:24.478  1754  1819 D tgnet   : [ConnectionsManager.cpp:1882] send request wrapped 0x707d5be300f0 - 14TL_api_request
12-07 10:41:24.478  1754  1819 D tgnet   : messageId for token = 62, 0x693559d47a5e3400
12-07 10:41:24.478  1754  1819 D tgnet   : [ConnectionsManager.cpp:2609] messageId for token = 62, 0x693559d47a5e3400
12-07 10:41:24.478  1754  1819 E tgnet   : connection(0x693559d476872c00) request (msg_id: 0)
12-07 10:41:24.478  1754  1819 E tgnet   : connection(0x707e1be0c390) (type: 1 == 1 && num: 0 == 0) || (token: 1 == 1)
12-07 10:41:24.478  1754  1819 D tgnet   : send message (session: 0xabcdc9716331cb54, seqno: 53, messageid: 7581064316869030912  0x693559d47a5e3400): 14TL_api_request(0x707d5be300f0)
12-07 10:41:24.478  1754  1819 D tgnet   : [        Datacenter.cpp:1186] send message (session: 0xabcdc9716331cb54, seqno: 53, messageid: 7581064316869030912  0x693559d47a5e3400): 14TL_api_request(0x707d5be300f0)
12-07 10:41:24.478  1754  1819 D tgnet   : send request 0x707d5be56370 - 14TL_api_request
12-07 10:41:24.478  1754  1819 D tgnet   : [ConnectionsManager.cpp:1875] send request 0x707d5be56370 - 14TL_api_request
12-07 10:41:24.478  1754  1807 D tmessages: send request org.telegram.tgnet.TLRPC$TL_messages_getDialogs@efdaf4b with token = 65
12-07 10:41:24.478  1754  1819 D tgnet   : send request wrapped 0x707d5be56370 - 14TL_api_request
12-07 10:41:24.478  1754  1819 D tgnet   : [ConnectionsManager.cpp:1882] send request wrapped 0x707d5be56370 - 14TL_api_request
12-07 10:41:24.478  1754  1819 D tgnet   : messageId for token = 63, 0x693559d47a5e3404
12-07 10:41:24.478  1754  1819 D tgnet   : [ConnectionsManager.cpp:2609] messageId for token = 63, 0x693559d47a5e3404
12-07 10:41:24.478  1754  1819 E tgnet   : connection(0x693559d476872c00) request (msg_id: 0)
12-07 10:41:24.478  1754  1819 E tgnet   : connection(0x707e1be0c390) (type: 1 == 1 && num: 0 == 0) || (token: 1 == 1)
12-07 10:41:24.478  1754  1819 D tgnet   : send message (session: 0xabcdc9716331cb54, seqno: 55, messageid: 7581064316869030916  0x693559d47a5e3404): 14TL_api_request(0x707d5be56370)
12-07 10:41:24.478  1754  1819 D tgnet   : [        Datacenter.cpp:1186] send message (session: 0xabcdc9716331cb54, seqno: 55, messageid: 7581064316869030916  0x693559d47a5e3404): 14TL_api_request(0x707d5be56370)
12-07 10:41:24.478  1754  1819 D tgnet   : send request 0x707d5be558f0 - 14TL_api_request
12-07 10:41:24.478  1754  1819 D tgnet   : [ConnectionsManager.cpp:1875] send request 0x707d5be558f0 - 14TL_api_request
12-07 10:41:24.478  1754  1819 D tgnet   : send request wrapped 0x707d5be558f0 - 14TL_api_request
12-07 10:41:24.478  1754  1819 D tgnet   : [ConnectionsManager.cpp:1882] send request wrapped 0x707d5be558f0 - 14TL_api_request
12-07 10:41:24.478  1754  1819 D tgnet   : messageId for token = 64, 0x693559d47a5e3408
12-07 10:41:24.478  1754  1819 D tgnet   : [ConnectionsManager.cpp:2609] messageId for token = 64, 0x693559d47a5e3408
12-07 10:41:24.478  1754  1819 E tgnet   : connection(0x693559d476872c00) request (msg_id: 0)
12-07 10:41:24.478  1754  1819 E tgnet   : connection(0x707e1be0c390) (type: 1 == 1 && num: 0 == 0) || (token: 1 == 1)
12-07 10:41:24.478  1754  1819 D tgnet   : send message (session: 0xabcdc9716331cb54, seqno: 57, messageid: 7581064316869030920  0x693559d47a5e3408): 14TL_api_request(0x707d5be558f0)
12-07 10:41:24.478  1754  1819 D tgnet   : [        Datacenter.cpp:1186] send message (session: 0xabcdc9716331cb54, seqno: 57, messageid: 7581064316869030920  0x693559d47a5e3408): 14TL_api_request(0x707d5be558f0)
12-07 10:41:24.478  1754  1807 D tmessages: send request org.telegram.tgnet.TLRPC$TL_messages_getAvailableReactions@c6ead28 with token = 66
12-07 10:41:24.478  1754  1819 D tgnet   : send request 0x707d5be306f0 - 14TL_api_request
12-07 10:41:24.478  1754  1819 D tgnet   : [ConnectionsManager.cpp:1875] send request 0x707d5be306f0 - 14TL_api_request
12-07 10:41:24.478  1754  1819 D tgnet   : send request wrapped 0x707d5be306f0 - 14TL_api_request
12-07 10:41:24.478  1754  1819 D tgnet   : [ConnectionsManager.cpp:1882] send request wrapped 0x707d5be306f0 - 14TL_api_request
12-07 10:41:24.478  1754  1819 D tgnet   : messageId for token = 65, 0x693559d47a5e340c
12-07 10:41:24.478  1754  1819 D tgnet   : [ConnectionsManager.cpp:2609] messageId for token = 65, 0x693559d47a5e340c
12-07 10:41:24.478  1754  1819 E tgnet   : connection(0x693559d476872c00) request (msg_id: 0)
12-07 10:41:24.478  1754  1819 E tgnet   : connection(0x707e1be0c390) (type: 1 == 1 && num: 0 == 0) || (token: 1 == 1)
12-07 10:41:24.478  1754  1819 D tgnet   : send message (session: 0xabcdc9716331cb54, seqno: 59, messageid: 7581064316869030924  0x693559d47a5e340c): 14TL_api_request(0x707d5be306f0)
12-07 10:41:24.478  1754  1819 D tgnet   : [        Datacenter.cpp:1186] send message (session: 0xabcdc9716331cb54, seqno: 59, messageid: 7581064316869030924  0x693559d47a5e340c): 14TL_api_request(0x707d5be306f0)
12-07 10:41:24.478  1754  1807 D tmessages: send request org.telegram.tgnet.TLRPC$TL_messages_getFeaturedStickers@8d21a41 with token = 67
12-07 10:41:24.478  1754  1819 D tgnet   : send request 0x707d5be61350 - 14TL_api_request
12-07 10:41:24.478  1754  1819 D tgnet   : [ConnectionsManager.cpp:1875] send request 0x707d5be61350 - 14TL_api_request
12-07 10:41:24.478  1754  1819 D tgnet   : send request wrapped 0x707d5be61350 - 14TL_api_request
12-07 10:41:24.478  1754  1819 D tgnet   : [ConnectionsManager.cpp:1882] send request wrapped 0x707d5be61350 - 14TL_api_request
12-07 10:41:24.478  1754  1807 D tmessages: send request org.telegram.tgnet.TLRPC$TL_messages_getFeaturedEmojiStickers@4bb2be6 with token = 68
12-07 10:41:24.478  1754  1819 D tgnet   : messageId for token = 66, 0x693559d47a5e3410
12-07 10:41:24.478  1754  1819 D tgnet   : [ConnectionsManager.cpp:2609] messageId for token = 66, 0x693559d47a5e3410
12-07 10:41:24.478  1754  1819 E tgnet   : connection(0x693559d476872c00) request (msg_id: 0)
12-07 10:41:24.478  1754  1819 E tgnet   : connection(0x707e1be0c390) (type: 1 == 1 && num: 0 == 0) || (token: 1 == 1)
12-07 10:41:24.478  1754  1819 D tgnet   : send message (session: 0xabcdc9716331cb54, seqno: 61, messageid: 7581064316869030928  0x693559d47a5e3410): 14TL_api_request(0x707d5be61350)
12-07 10:41:24.478  1754  1819 D tgnet   : [        Datacenter.cpp:1186] send message (session: 0xabcdc9716331cb54, seqno: 61, messageid: 7581064316869030928  0x693559d47a5e3410): 14TL_api_request(0x707d5be61350)
12-07 10:41:24.478  1754  1807 D tmessages: send request org.telegram.tgnet.TLRPC$TL_messages_getStickerSet@4f5f527 with token = 69
12-07 10:41:24.478  1754  1819 D tgnet   : send request 0x707d5be5c370 - 14TL_api_request
12-07 10:41:24.478  1754  1819 D tgnet   : [ConnectionsManager.cpp:1875] send request 0x707d5be5c370 - 14TL_api_request
12-07 10:41:24.478  1754  1819 D tgnet   : send request wrapped 0x707d5be5c370 - 14TL_api_request
12-07 10:41:24.478  1754  1819 D tgnet   : [ConnectionsManager.cpp:1882] send request wrapped 0x707d5be5c370 - 14TL_api_request
12-07 10:41:24.478  1754  1819 D tgnet   : messageId for token = 67, 0x693559d47a5e3414
12-07 10:41:24.478  1754  1807 D tmessages: send request org.telegram.tgnet.TLRPC$TL_messages_getStickerSet@9573d4 with token = 70
12-07 10:41:24.478  1754  1819 D tgnet   : [ConnectionsManager.cpp:2609] messageId for token = 67, 0x693559d47a5e3414
12-07 10:41:24.479  1754  1819 E tgnet   : connection(0x693559d476872c00) request (msg_id: 0)
12-07 10:41:24.479  1754  1819 E tgnet   : connection(0x707e1be0c390) (type: 1 == 1 && num: 0 == 0) || (token: 1 == 1)
12-07 10:41:24.479  1754  1819 D tgnet   : send message (session: 0xabcdc9716331cb54, seqno: 63, messageid: 7581064316869030932  0x693559d47a5e3414): 14TL_api_request(0x707d5be5c370)
12-07 10:41:24.479  1754  1819 D tgnet   : [        Datacenter.cpp:1186] send message (session: 0xabcdc9716331cb54, seqno: 63, messageid: 7581064316869030932  0x693559d47a5e3414): 14TL_api_request(0x707d5be5c370)
12-07 10:41:24.479  1754  1819 D tgnet   : send request 0x707d5be5aff0 - 14TL_api_request
12-07 10:41:24.479  1754  1819 D tgnet   : [ConnectionsManager.cpp:1875] send request 0x707d5be5aff0 - 14TL_api_request
12-07 10:41:24.479  1754  1819 D tgnet   : send request wrapped 0x707d5be5aff0 - 14TL_api_request
12-07 10:41:24.479  1754  1819 D tgnet   : [ConnectionsManager.cpp:1882] send request wrapped 0x707d5be5aff0 - 14TL_api_request
12-07 10:41:24.479  1754  1819 D tgnet   : messageId for token = 68, 0x693559d47a9fc000
12-07 10:41:24.479  1754  1819 D tgnet   : [ConnectionsManager.cpp:2609] messageId for token = 68, 0x693559d47a9fc000
12-07 10:41:24.479  1754  1819 E tgnet   : connection(0x693559d476872c00) request (msg_id: 0)
12-07 10:41:24.479  1754  1819 E tgnet   : connection(0x707e1be0c390) (type: 1 == 1 && num: 0 == 0) || (token: 1 == 1)
12-07 10:41:24.479  1754  1819 D tgnet   : send message (session: 0xabcdc9716331cb54, seqno: 65, messageid: 7581064316873326592  0x693559d47a9fc000): 14TL_api_request(0x707d5be5aff0)
12-07 10:41:24.479  1754  1819 D tgnet   : [        Datacenter.cpp:1186] send message (session: 0xabcdc9716331cb54, seqno: 65, messageid: 7581064316873326592  0x693559d47a9fc000): 14TL_api_request(0x707d5be5aff0)
12-07 10:41:24.479  1754  1807 D tmessages: finished downloading file to /storage/emulated/0/Android/data/org.chatengine.messenger.beta/cache/1_1655888074158116865.tgs time = 15 dc = 1 size = 54.9 KB
12-07 10:41:24.479  1754  1819 D tgnet   : received message len 13752 (currentPacketLength) equal to packet size
12-07 10:41:24.479  1754  1819 D tgnet   : [        Connection.cpp: 275] received message len 13752 (currentPacketLength) equal to packet size
12-07 10:41:24.480  1754  1819 D tgnet   : api request constructor 0x96a18d5, don't parse
12-07 10:41:24.480  1754  1819 D tgnet   : [ConnectionsManager.cpp:1096] api request constructor 0x96a18d5, don't parse
12-07 10:41:24.480  1754  1819 D tgnet   : connection(0x707e1bf629e0, account0, dc1, type 2) received object 13TL_rpc_result
12-07 10:41:24.480  1754  1819 D tgnet   : [ConnectionsManager.cpp:1008] connection(0x707e1bf629e0, account0, dc1, type 2) received object 13TL_rpc_result
12-07 10:41:24.480  1754  1819 D tgnet   : process server response 0x707d5be58d10 - 13TL_rpc_result
12-07 10:41:24.480  1754  1819 D tgnet   : [ConnectionsManager.cpp:1122] process server response 0x707d5be58d10 - 13TL_rpc_result
12-07 10:41:24.480  1754  1819 D tgnet   : message_id 7581064315726542161 connection(0x707e1bf629e0, account0, dc1, type 2) received rpc_result with 15TL_api_response
12-07 10:41:24.480  1754  1819 D tgnet   : [ConnectionsManager.cpp:1267] message_id 7581064315726542161 connection(0x707e1bf629e0, account0, dc1, type 2) received rpc_result with 15TL_api_response
12-07 10:41:24.480  1754  1807 D tmessages: send request org.telegram.tgnet.TLRPC$TL_contacts_getTopPeers@42bcc3 with token = 71
12-07 10:41:24.480  1754  1819 D tgnet   : got response for request 0x707d5be570f0 - 14TL_api_request
12-07 10:41:24.480  1754  1819 D tgnet   : [ConnectionsManager.cpp:1303] got response for request 0x707d5be570f0 - 14TL_api_request
12-07 10:41:24.480  1754  1819 D tmessages: CM java buff saved to /sdcard/Android/data/org.chatengine.messenger.beta/files/buff_1765104084480.bin
12-07 10:41:24.480  1754  1819 D tmessages: java received org.telegram.tgnet.TLRPC$TL_upload_file@d0a621f error = null
12-07 10:41:24.481  1754  1819 D tgnet   : send request 0x707d5be60c90 - 14TL_api_request
12-07 10:41:24.481  1754  1819 D tgnet   : [ConnectionsManager.cpp:1875] send request 0x707d5be60c90 - 14TL_api_request
12-07 10:41:24.481  1754  1819 D tgnet   : send request wrapped 0x707d5be60c90 - 14TL_api_request
12-07 10:41:24.481  1754  1819 D tgnet   : [ConnectionsManager.cpp:1882] send request wrapped 0x707d5be60c90 - 14TL_api_request
12-07 10:41:24.481  1754  1819 D tgnet   : messageId for token = 69, 0x693559d47b22d000
12-07 10:41:24.481  1754  1819 D tgnet   : [ConnectionsManager.cpp:2609] messageId for token = 69, 0x693559d47b22d000
12-07 10:41:24.481  1754  1819 E tgnet   : connection(0x693559d476872c00) request (msg_id: 0)
12-07 10:41:24.481  1754  1819 E tgnet   : connection(0x707e1be0c390) (type: 1 == 1 && num: 0 == 0) || (token: 1 == 1)
12-07 10:41:24.481  1754  1807 D tmessages: debug_loading: 1_1655889310785736705.tgs time=80 dcId=1 cdn=false conType=2 reqId53
12-07 10:41:24.481  1754  1819 D tgnet   : send message (session: 0xabcdc9716331cb54, seqno: 67, messageid: 7581064316881915904  0x693559d47b22d000): 14TL_api_request(0x707d5be60c90)
12-07 10:41:24.481  1754  1819 D tgnet   : [        Datacenter.cpp:1186] send message (session: 0xabcdc9716331cb54, seqno: 67, messageid: 7581064316881915904  0x693559d47b22d000): 14TL_api_request(0x707d5be60c90)
12-07 10:41:24.481  1754  1819 D tgnet   : send request 0x707d5be5ce50 - 14TL_api_request
12-07 10:41:24.481  1754  1819 D tgnet   : [ConnectionsManager.cpp:1875] send request 0x707d5be5ce50 - 14TL_api_request
12-07 10:41:24.481  1754  1819 D tgnet   : send request wrapped 0x707d5be5ce50 - 14TL_api_request
12-07 10:41:24.481  1754  1819 D tgnet   : [ConnectionsManager.cpp:1882] send request wrapped 0x707d5be5ce50 - 14TL_api_request
12-07 10:41:24.481  1754  1819 D tgnet   : messageId for token = 70, 0x693559d47b22d004
12-07 10:41:24.481  1754  1819 D tgnet   : [ConnectionsManager.cpp:2609] messageId for token = 70, 0x693559d47b22d004
12-07 10:41:24.481  1754  1819 E tgnet   : connection(0x693559d476872c00) request (msg_id: 0)
12-07 10:41:24.481  1754  1819 E tgnet   : connection(0x707e1be0c390) (type: 1 == 1 && num: 0 == 0) || (token: 1 == 1)
12-07 10:41:24.481  1754  1819 D tgnet   : send message (session: 0xabcdc9716331cb54, seqno: 69, messageid: 7581064316881915908  0x693559d47b22d004): 14TL_api_request(0x707d5be5ce50)
12-07 10:41:24.481  1754  1819 D tgnet   : [        Datacenter.cpp:1186] send message (session: 0xabcdc9716331cb54, seqno: 69, messageid: 7581064316881915908  0x693559d47b22d004): 14TL_api_request(0x707d5be5ce50)
12-07 10:41:24.482  1754  1819 D tgnet   : send request 0x707d5be2e2f0 - 14TL_api_request
12-07 10:41:24.482  1754  1819 D tgnet   : [ConnectionsManager.cpp:1875] send request 0x707d5be2e2f0 - 14TL_api_request
12-07 10:41:24.482  1754  1819 D tgnet   : send request wrapped 0x707d5be2e2f0 - 14TL_api_request
12-07 10:41:24.482  1754  1819 D tgnet   : [ConnectionsManager.cpp:1882] send request wrapped 0x707d5be2e2f0 - 14TL_api_request
12-07 10:41:24.482  1754  1819 D tgnet   : messageId for token = 71, 0x693559d47b645c00
12-07 10:41:24.482  1754  1819 D tgnet   : [ConnectionsManager.cpp:2609] messageId for token = 71, 0x693559d47b645c00
12-07 10:41:24.482  1754  1819 E tgnet   : connection(0x693559d476872c00) request (msg_id: 0)
12-07 10:41:24.482  1754  1819 E tgnet   : connection(0x707e1be0c390) (type: 1 == 1 && num: 0 == 0) || (token: 1 == 1)
12-07 10:41:24.482  1754  1819 D tgnet   : send message (session: 0xabcdc9716331cb54, seqno: 71, messageid: 7581064316886211584  0x693559d47b645c00): 14TL_api_request(0x707d5be2e2f0)
12-07 10:41:24.482  1754  1819 D tgnet   : [        Datacenter.cpp:1186] send message (session: 0xabcdc9716331cb54, seqno: 71, messageid: 7581064316886211584  0x693559d47b645c00): 14TL_api_request(0x707d5be2e2f0)
12-07 10:41:24.482  1754  1807 D tmessages: send request org.telegram.tgnet.TLRPC$TL_upload_getFile@a4b696c with token = 72
12-07 10:41:24.482  1754  1819 D tgnet   : send request 0x707d5be58d10 - 14TL_api_request
12-07 10:41:24.482  1754  1819 D tgnet   : [ConnectionsManager.cpp:1875] send request 0x707d5be58d10 - 14TL_api_request
12-07 10:41:24.482  1754  1807 D tmessages: debug_loading: 1_1655889310785736704.tgs send reqId 72
12-07 10:41:24.482  1754  1819 D tgnet   : send request wrapped 0x707d5be58d10 - 14TL_api_request
12-07 10:41:24.482  1754  1819 D tgnet   : [ConnectionsManager.cpp:1882] send request wrapped 0x707d5be58d10 - 14TL_api_request
12-07 10:41:24.482  1754  1819 D tgnet   : messageId for token = 72, 0x693559d47b645c04
12-07 10:41:24.482  1754  1819 D tgnet   : [ConnectionsManager.cpp:2609] messageId for token = 72, 0x693559d47b645c04
12-07 10:41:24.482  1754  1819 E tgnet   : connection(0x707e1bf629e0) return true
12-07 10:41:24.482  1754  1819 D tgnet   : send message (session: 0xabcdc854f1e96da9, seqno: 51, messageid: 7581064316886211588  0x693559d47b645c04): 14TL_api_request(0x707d5be58d10)
12-07 10:41:24.482  1754  1819 D tgnet   : [        Datacenter.cpp:1186] send message (session: 0xabcdc854f1e96da9, seqno: 51, messageid: 7581064316886211588  0x693559d47b645c04): 14TL_api_request(0x707d5be58d10)
12-07 10:41:24.489  1754  1802 D tmessages: start loading file to temp = /storage/emulated/0/Android/data/org.chatengine.messenger.beta/cache/1_1655888074401386497.temp final = /storage/emulated/0/Android/data/org.chatengine.messenger.beta/cache/1_1655888074401386497.tgs priority0
12-07 10:41:24.490  1754  1807 D tmessages: finished downloading file to /storage/emulated/0/Android/data/org.chatengine.messenger.beta/cache/1_1655888074699182080.tgs time = 16 dc = 1 size = 21.9 KB
12-07 10:41:24.495  1754  1807 D tmessages: send request org.telegram.tgnet.TLRPC$TL_messages_getStickerSet@cb07617 with token = 73
12-07 10:41:24.496  1754  1819 D tgnet   : send request 0x707d5be568b0 - 14TL_api_request
12-07 10:41:24.496  1754  1819 D tgnet   : [ConnectionsManager.cpp:1875] send request 0x707d5be568b0 - 14TL_api_request
12-07 10:41:24.496  1754  1819 D tgnet   : send request wrapped 0x707d5be568b0 - 14TL_api_request
12-07 10:41:24.496  1754  1819 D tgnet   : [ConnectionsManager.cpp:1882] send request wrapped 0x707d5be568b0 - 14TL_api_request
12-07 10:41:24.496  1754  1819 D tgnet   : messageId for token = 73, 0x693559d47ef9dc00
12-07 10:41:24.496  1754  1819 D tgnet   : [ConnectionsManager.cpp:2609] messageId for token = 73, 0x693559d47ef9dc00
12-07 10:41:24.496  1754  1819 E tgnet   : connection(0x693559d476872c00) request (msg_id: 0)
12-07 10:41:24.496  1754  1819 E tgnet   : connection(0x707e1be0c390) (type: 1 == 1 && num: 0 == 0) || (token: 1 == 1)
12-07 10:41:24.496  1754  1819 D tgnet   : send message (session: 0xabcdc9716331cb54, seqno: 73, messageid: 7581064316946340864  0x693559d47ef9dc00): 14TL_api_request(0x707d5be568b0)
12-07 10:41:24.496  1754  1819 D tgnet   : [        Datacenter.cpp:1186] send message (session: 0xabcdc9716331cb54, seqno: 73, messageid: 7581064316946340864  0x693559d47ef9dc00): 14TL_api_request(0x707d5be568b0)
12-07 10:41:24.497  1754  1807 D tmessages: send request org.telegram.tgnet.TLRPC$TL_upload_getFile@7e77a04 with token = 74
12-07 10:41:24.497  1754  1819 D tgnet   : send request 0x707d5be570f0 - 14TL_api_request
12-07 10:41:24.497  1754  1819 D tgnet   : [ConnectionsManager.cpp:1875] send request 0x707d5be570f0 - 14TL_api_request
12-07 10:41:24.497  1754  1807 D tmessages: debug_loading: 1_1655888074401386497.tgs send reqId 74
12-07 10:41:24.497  1754  1819 D tgnet   : send request wrapped 0x707d5be570f0 - 14TL_api_request
12-07 10:41:24.497  1754  1819 D tgnet   : [ConnectionsManager.cpp:1882] send request wrapped 0x707d5be570f0 - 14TL_api_request
12-07 10:41:24.497  1754  1807 D tmessages: send request org.telegram.tgnet.TLRPC$TL_upload_getFile@7d45bed with token = 75
12-07 10:41:24.497  1754  1819 D tgnet   : messageId for token = 74, 0x693559d47f3b6400
12-07 10:41:24.497  1754  1819 D tgnet   : [ConnectionsManager.cpp:2609] messageId for token = 74, 0x693559d47f3b6400
12-07 10:41:24.497  1754  1819 E tgnet   : connection(0x707e1bf629e0) return true
12-07 10:41:24.497  1754  1819 D tgnet   : send message (session: 0xabcdc854f1e96da9, seqno: 53, messageid: 7581064316950635520  0x693559d47f3b6400): 14TL_api_request(0x707d5be570f0)
12-07 10:41:24.497  1754  1819 D tgnet   : [        Datacenter.cpp:1186] send message (session: 0xabcdc854f1e96da9, seqno: 53, messageid: 7581064316950635520  0x693559d47f3b6400): 14TL_api_request(0x707d5be570f0)
12-07 10:41:24.497  1754  1807 D tmessages: debug_loading: 1_1655888074401386497.tgs send reqId 75
12-07 10:41:24.497  1754  1819 D tgnet   : send request 0x707d5be4a8b0 - 14TL_api_request
12-07 10:41:24.497  1754  1819 D tgnet   : [ConnectionsManager.cpp:1875] send request 0x707d5be4a8b0 - 14TL_api_request
12-07 10:41:24.497  1754  1807 D tmessages: finished downloading file to /storage/emulated/0/Android/data/org.chatengine.messenger.beta/cache/1_1655889310785736705.tgs time = 16 dc = 1 size = 13.3 KB
12-07 10:41:24.497  1754  1819 D tgnet   : send request wrapped 0x707d5be4a8b0 - 14TL_api_request
12-07 10:41:24.497  1754  1819 D tgnet   : [ConnectionsManager.cpp:1882] send request wrapped 0x707d5be4a8b0 - 14TL_api_request
12-07 10:41:24.497  1754  1819 D tgnet   : messageId for token = 75, 0x693559d47f3b6404
12-07 10:41:24.497  1754  1819 D tgnet   : [ConnectionsManager.cpp:2609] messageId for token = 75, 0x693559d47f3b6404
12-07 10:41:24.497  1754  1819 E tgnet   : connection(0x707e1bf5a2b0) return true
12-07 10:41:24.497  1754  1819 D tgnet   : send message (session: 0xabcdf12ca24e734f, seqno: 7, messageid: 7581064316950635524  0x693559d47f3b6404): 14TL_api_request(0x707d5be4a8b0)
12-07 10:41:24.497  1754  1819 D tgnet   : [        Datacenter.cpp:1186] send message (session: 0xabcdf12ca24e734f, seqno: 7, messageid: 7581064316950635524  0x693559d47f3b6404): 14TL_api_request(0x707d5be4a8b0)
12-07 10:41:24.498  1754  1819 D tgnet   : received message len 600 (currentPacketLength) equal to packet size
12-07 10:41:24.498  1754  1819 D tgnet   : [        Connection.cpp: 275] received message len 600 (currentPacketLength) equal to packet size
12-07 10:41:24.498  1754  1819 D tgnet   : connection(0x707e1bf35f50, account0, dc1, type 64) received object 15TL_future_salts
12-07 10:41:24.498  1754  1819 D tgnet   : [ConnectionsManager.cpp:1008] connection(0x707e1bf35f50, account0, dc1, type 64) received object 15TL_future_salts
12-07 10:41:24.498  1754  1819 D tgnet   : process server response 0x707d7c049c70 - 15TL_future_salts
12-07 10:41:24.498  1754  1819 D tgnet   : [ConnectionsManager.cpp:1122] process server response 0x707d7c049c70 - 15TL_future_salts
12-07 10:41:24.511  1754  1819 D tgnet   : connection(0x707e1bf629e0, account0, dc1, type 2) received packet size less(1396) then message size(16104)
12-07 10:41:24.511  1754  1819 D tgnet   : [        Connection.cpp: 277] connection(0x707e1bf629e0, account0, dc1, type 2) received packet size less(1396) then message size(16104)
12-07 10:41:24.511  1754  1819 D tgnet   : connection( account0, dc1, type 2) received packet size less(2800) then message size(16108)
12-07 10:41:24.511  1754  1819 D tgnet   : [        Connection.cpp: 155] connection( account0, dc1, type 2) received packet size less(2800) then message size(16108)
12-07 10:41:24.514  1754  1819 D tgnet   : received message len 16104 (currentPacketLength) equal to packet size
12-07 10:41:24.514  1754  1819 D tgnet   : [        Connection.cpp: 275] received message len 16104 (currentPacketLength) equal to packet size
12-07 10:41:24.514  1754  1819 D tgnet   : api request constructor 0x96a18d5, don't parse
12-07 10:41:24.514  1754  1819 D tgnet   : [ConnectionsManager.cpp:1096] api request constructor 0x96a18d5, don't parse
12-07 10:41:24.514  1754  1819 D tgnet   : connection(0x707e1bf629e0, account0, dc1, type 2) received object 13TL_rpc_result
12-07 10:41:24.514  1754  1819 D tgnet   : [ConnectionsManager.cpp:1008] connection(0x707e1bf629e0, account0, dc1, type 2) received object 13TL_rpc_result
12-07 10:41:24.514  1754  1819 D tgnet   : process server response 0x707d5be28710 - 13TL_rpc_result
12-07 10:41:24.514  1754  1819 D tgnet   : [ConnectionsManager.cpp:1122] process server response 0x707d5be28710 - 13TL_rpc_result
12-07 10:41:24.514  1754  1819 D tgnet   : message_id 7581064315846079841 connection(0x707e1bf629e0, account0, dc1, type 2) received rpc_result with 15TL_api_response
12-07 10:41:24.514  1754  1819 D tgnet   : [ConnectionsManager.cpp:1267] message_id 7581064315846079841 connection(0x707e1bf629e0, account0, dc1, type 2) received rpc_result with 15TL_api_response
12-07 10:41:24.514  1754  1819 D tgnet   : got response for request 0x707d5be1fe90 - 14TL_api_request
12-07 10:41:24.514  1754  1819 D tgnet   : [ConnectionsManager.cpp:1303] got response for request 0x707d5be1fe90 - 14TL_api_request
12-07 10:41:24.515  1754  1819 D tmessages: CM java buff saved to /sdcard/Android/data/org.chatengine.messenger.beta/files/buff_1765104084515.bin
12-07 10:41:24.516  1754  1819 D tmessages: java received org.telegram.tgnet.TLRPC$TL_upload_file@f3c5cb3 error = null
12-07 10:41:24.516  1754  1807 D tmessages: debug_loading: 1_1655888074183282688.tgs time=60 dcId=1 cdn=false conType=2 reqId54
12-07 10:41:24.516  1754  1802 D tmessages: start loading file to temp = /storage/emulated/0/Android/data/org.chatengine.messenger.beta/cache/1_1655889310781542400.temp final = /storage/emulated/0/Android/data/org.chatengine.messenger.beta/cache/1_1655889310781542400.tgs priority0
12-07 10:41:24.523  1754  1807 D tmessages: send request org.telegram.tgnet.TLRPC$TL_upload_getFile@196110f with token = 76
12-07 10:41:24.523  1754  1819 D tgnet   : send request 0x707d5be60a50 - 14TL_api_request
12-07 10:41:24.523  1754  1807 D tmessages: debug_loading: 1_1655889310781542400.tgs send reqId 76
12-07 10:41:24.523  1754  1819 D tgnet   : [ConnectionsManager.cpp:1875] send request 0x707d5be60a50 - 14TL_api_request
12-07 10:41:24.523  1754  1819 D tgnet   : send request wrapped 0x707d5be60a50 - 14TL_api_request
12-07 10:41:24.523  1754  1819 D tgnet   : [ConnectionsManager.cpp:1882] send request wrapped 0x707d5be60a50 - 14TL_api_request
12-07 10:41:24.523  1754  1819 D tgnet   : messageId for token = 76, 0x693559d485e35400
12-07 10:41:24.523  1754  1819 D tgnet   : [ConnectionsManager.cpp:2609] messageId for token = 76, 0x693559d485e35400
12-07 10:41:24.523  1754  1819 E tgnet   : connection(0x707e1bf629e0) return true
12-07 10:41:24.523  1754  1819 D tgnet   : send message (session: 0xabcdc854f1e96da9, seqno: 55, messageid: 7581064317062304768  0x693559d485e35400): 14TL_api_request(0x707d5be60a50)
12-07 10:41:24.523  1754  1819 D tgnet   : [        Datacenter.cpp:1186] send message (session: 0xabcdc854f1e96da9, seqno: 55, messageid: 7581064317062304768  0x693559d485e35400): 14TL_api_request(0x707d5be60a50)
12-07 10:41:24.524  1754  1807 D tmessages: finished downloading file to /storage/emulated/0/Android/data/org.chatengine.messenger.beta/cache/1_1655888074183282688.tgs time = 26 dc = 1 size = 15.6 KB
12-07 10:41:24.530  1754  1819 D tgnet   : connection(0x707e1bf629e0, account0, dc1, type 2) received packet size less(1396) then message size(9048)
12-07 10:41:24.530  1754  1819 D tgnet   : [        Connection.cpp: 277] connection(0x707e1bf629e0, account0, dc1, type 2) received packet size less(1396) then message size(9048)
12-07 10:41:24.531  1754  1819 D tgnet   : connection( account0, dc1, type 2) received packet size less(2800) then message size(9052)
12-07 10:41:24.531  1754  1819 D tgnet   : [        Connection.cpp: 155] connection( account0, dc1, type 2) received packet size less(2800) then message size(9052)
12-07 10:41:24.532  1754  1819 D tgnet   : received message len 9048 (currentPacketLength) equal to packet size
12-07 10:41:24.532  1754  1819 D tgnet   : [        Connection.cpp: 275] received message len 9048 (currentPacketLength) equal to packet size
12-07 10:41:24.532  1754  1819 D tgnet   : api request constructor 0x96a18d5, don't parse
12-07 10:41:24.532  1754  1819 D tgnet   : [ConnectionsManager.cpp:1096] api request constructor 0x96a18d5, don't parse
12-07 10:41:24.532  1754  1819 D tgnet   : connection(0x707e1bf629e0, account0, dc1, type 2) received object 13TL_rpc_result
12-07 10:41:24.532  1754  1819 D tgnet   : [ConnectionsManager.cpp:1008] connection(0x707e1bf629e0, account0, dc1, type 2) received object 13TL_rpc_result
12-07 10:41:24.532  1754  1819 D tgnet   : process server response 0x707d5be61470 - 13TL_rpc_result
12-07 10:41:24.532  1754  1819 D tgnet   : [ConnectionsManager.cpp:1122] process server response 0x707d5be61470 - 13TL_rpc_result
12-07 10:41:24.532  1754  1819 D tgnet   : message_id 7581064315885925737 connection(0x707e1bf629e0, account0, dc1, type 2) received rpc_result with 15TL_api_response
12-07 10:41:24.532  1754  1819 D tgnet   : [ConnectionsManager.cpp:1267] message_id 7581064315885925737 connection(0x707e1bf629e0, account0, dc1, type 2) received rpc_result with 15TL_api_response
12-07 10:41:24.532  1754  1819 D tgnet   : got response for request 0x707d5be5a570 - 14TL_api_request
12-07 10:41:24.532  1754  1819 D tgnet   : [ConnectionsManager.cpp:1303] got response for request 0x707d5be5a570 - 14TL_api_request
12-07 10:41:24.533  1754  1819 D tmessages: CM java buff saved to /sdcard/Android/data/org.chatengine.messenger.beta/files/buff_1765104084533.bin
12-07 10:41:24.533  1754  1819 D tmessages: java received org.telegram.tgnet.TLRPC$TL_upload_file@a2a1ba5 error = null
12-07 10:41:24.533  1754  1807 D tmessages: debug_loading: 1_1655889310777348096.tgs time=69 dcId=1 cdn=false conType=2 reqId56
12-07 10:41:24.534  1754  1819 D tgnet   : connection(0x707e1bf629e0, account0, dc1, type 2) received packet size less(1396) then message size(21976)
12-07 10:41:24.534  1754  1819 D tgnet   : [        Connection.cpp: 277] connection(0x707e1bf629e0, account0, dc1, type 2) received packet size less(1396) then message size(21976)
12-07 10:41:24.534  1754  1802 D tmessages: start loading file to temp = /storage/emulated/0/Android/data/org.chatengine.messenger.beta/cache/1_1655888074346860545.temp final = /storage/emulated/0/Android/data/org.chatengine.messenger.beta/cache/1_1655888074346860545.tgs priority0
12-07 10:41:24.534  1754  1819 D tgnet   : connection( account0, dc1, type 2) received packet size less(2800) then message size(21980)
12-07 10:41:24.534  1754  1819 D tgnet   : [        Connection.cpp: 155] connection( account0, dc1, type 2) received packet size less(2800) then message size(21980)
12-07 10:41:24.536  1754  1807 D tmessages: send request org.telegram.tgnet.TLRPC$TL_upload_getFile@2c5cd21 with token = 77
12-07 10:41:24.537  1754  1807 D tmessages: debug_loading: 1_1655888074346860545.tgs send reqId 77
12-07 10:41:24.537  1754  1819 D tgnet   : send request 0x707d5be28710 - 14TL_api_request
12-07 10:41:24.537  1754  1819 D tgnet   : [ConnectionsManager.cpp:1875] send request 0x707d5be28710 - 14TL_api_request
12-07 10:41:24.537  1754  1819 D tgnet   : send request wrapped 0x707d5be28710 - 14TL_api_request
12-07 10:41:24.537  1754  1819 D tgnet   : [ConnectionsManager.cpp:1882] send request wrapped 0x707d5be28710 - 14TL_api_request
12-07 10:41:24.537  1754  1819 D tgnet   : messageId for token = 77, 0x693559d48978d400
12-07 10:41:24.537  1754  1819 D tgnet   : [ConnectionsManager.cpp:2609] messageId for token = 77, 0x693559d48978d400
12-07 10:41:24.537  1754  1819 E tgnet   : connection(0x707e1bf629e0) return true
12-07 10:41:24.537  1754  1819 D tgnet   : send message (session: 0xabcdc854f1e96da9, seqno: 57, messageid: 7581064317122434048  0x693559d48978d400): 14TL_api_request(0x707d5be28710)
12-07 10:41:24.537  1754  1819 D tgnet   : [        Datacenter.cpp:1186] send message (session: 0xabcdc854f1e96da9, seqno: 57, messageid: 7581064317122434048  0x693559d48978d400): 14TL_api_request(0x707d5be28710)
12-07 10:41:24.538  1754  1819 D tgnet   : received message len 21976 (currentPacketLength) equal to packet size
12-07 10:41:24.538  1754  1819 D tgnet   : [        Connection.cpp: 275] received message len 21976 (currentPacketLength) equal to packet size
12-07 10:41:24.538  1754  1819 D tgnet   : api request constructor 0x96a18d5, don't parse
12-07 10:41:24.538  1754  1819 D tgnet   : [ConnectionsManager.cpp:1096] api request constructor 0x96a18d5, don't parse
12-07 10:41:24.538  1754  1819 D tgnet   : connection(0x707e1bf629e0, account0, dc1, type 2) received object 13TL_rpc_result
12-07 10:41:24.538  1754  1819 D tgnet   : [ConnectionsManager.cpp:1008] connection(0x707e1bf629e0, account0, dc1, type 2) received object 13TL_rpc_result
12-07 10:41:24.538  1754  1819 D tgnet   : process server response 0x707d5be5a570 - 13TL_rpc_result
12-07 10:41:24.538  1754  1819 D tgnet   : [ConnectionsManager.cpp:1122] process server response 0x707d5be5a570 - 13TL_rpc_result
12-07 10:41:24.538  1754  1819 D tgnet   : message_id 7581064315894314353 connection(0x707e1bf629e0, account0, dc1, type 2) received rpc_result with 15TL_api_response
12-07 10:41:24.538  1754  1819 D tgnet   : [ConnectionsManager.cpp:1267] message_id 7581064315894314353 connection(0x707e1bf629e0, account0, dc1, type 2) received rpc_result with 15TL_api_response
12-07 10:41:24.538  1754  1819 D tgnet   : got response for request 0x707d5be2e470 - 14TL_api_request
12-07 10:41:24.539  1754  1819 D tgnet   : [ConnectionsManager.cpp:1303] got response for request 0x707d5be2e470 - 14TL_api_request
12-07 10:41:24.539  1754  1819 D tmessages: CM java buff saved to /sdcard/Android/data/org.chatengine.messenger.beta/files/buff_1765104084539.bin
12-07 10:41:24.539  1754  1819 D tmessages: java received org.telegram.tgnet.TLRPC$TL_upload_file@5451307 error = null
12-07 10:41:24.540  1754  1819 D tgnet   : connection(0x707e1bf629e0, account0, dc1, type 2) received packet size less(1396) then message size(11416)
12-07 10:41:24.540  1754  1819 D tgnet   : [        Connection.cpp: 277] connection(0x707e1bf629e0, account0, dc1, type 2) received packet size less(1396) then message size(11416)
12-07 10:41:24.540  1754  1807 D tmessages: debug_loading: 1_1655888074321694721.tgs time=67 dcId=1 cdn=false conType=2 reqId58
12-07 10:41:24.540  1754  1802 D tmessages: start loading file to temp = /storage/emulated/0/Android/data/org.chatengine.messenger.beta/cache/1_1655889310747987968.temp final = /storage/emulated/0/Android/data/org.chatengine.messenger.beta/cache/1_1655889310747987968.tgs priority0
12-07 10:41:24.540  1754  1807 D tmessages: finished downloading file to /storage/emulated/0/Android/data/org.chatengine.messenger.beta/cache/1_1655889310777348096.tgs time = 16 dc = 1 size = 8.7 KB
12-07 10:41:24.541  1754  1819 D tgnet   : received message len 11416 (currentPacketLength) equal to packet size
12-07 10:41:24.541  1754  1819 D tgnet   : [        Connection.cpp: 275] received message len 11416 (currentPacketLength) equal to packet size
12-07 10:41:24.541  1754  1819 D tgnet   : api request constructor 0x96a18d5, don't parse
12-07 10:41:24.541  1754  1819 D tgnet   : [ConnectionsManager.cpp:1096] api request constructor 0x96a18d5, don't parse
12-07 10:41:24.541  1754  1819 D tgnet   : connection(0x707e1bf629e0, account0, dc1, type 2) received object 13TL_rpc_result
12-07 10:41:24.541  1754  1819 D tgnet   : [ConnectionsManager.cpp:1008] connection(0x707e1bf629e0, account0, dc1, type 2) received object 13TL_rpc_result
12-07 10:41:24.541  1754  1819 D tgnet   : process server response 0x707d5be5a570 - 13TL_rpc_result
12-07 10:41:24.541  1754  1819 D tgnet   : [ConnectionsManager.cpp:1122] process server response 0x707d5be5a570 - 13TL_rpc_result
12-07 10:41:24.541  1754  1819 D tgnet   : message_id 7581064315900605817 connection(0x707e1bf629e0, account0, dc1, type 2) received rpc_result with 15TL_api_response
12-07 10:41:24.541  1754  1819 D tgnet   : [ConnectionsManager.cpp:1267] message_id 7581064315900605817 connection(0x707e1bf629e0, account0, dc1, type 2) received rpc_result with 15TL_api_response
12-07 10:41:24.541  1754  1819 D tgnet   : got response for request 0x707d5be58d10 - 14TL_api_request
12-07 10:41:24.541  1754  1819 D tgnet   : [ConnectionsManager.cpp:1303] got response for request 0x707d5be58d10 - 14TL_api_request
12-07 10:41:24.542  1754  1819 D tmessages: CM java buff saved to /sdcard/Android/data/org.chatengine.messenger.beta/files/buff_1765104084541.bin
12-07 10:41:24.542  1754  1819 D tmessages: java received org.telegram.tgnet.TLRPC$TL_upload_file@e117a0 error = null
12-07 10:41:24.542  1754  1807 D tmessages: debug_loading: 1_1655889310785736704.tgs time=60 dcId=1 cdn=false conType=2 reqId72
12-07 10:41:24.544  1754  1807 D tmessages: send request org.telegram.tgnet.TLRPC$TL_upload_getFile@ac9ff59 with token = 78
12-07 10:41:24.544  1754  1807 D tmessages: debug_loading: 1_1655889310747987968.tgs send reqId 78
12-07 10:41:24.544  1754  1819 D tgnet   : send request 0x707d5be2a030 - 14TL_api_request
12-07 10:41:24.544  1754  1819 D tgnet   : [ConnectionsManager.cpp:1875] send request 0x707d5be2a030 - 14TL_api_request
12-07 10:41:24.544  1754  1819 D tgnet   : send request wrapped 0x707d5be2a030 - 14TL_api_request
12-07 10:41:24.544  1754  1819 D tgnet   : [ConnectionsManager.cpp:1882] send request wrapped 0x707d5be2a030 - 14TL_api_request
12-07 10:41:24.544  1754  1819 D tgnet   : messageId for token = 78, 0x693559d48b439800
12-07 10:41:24.544  1754  1819 D tgnet   : [ConnectionsManager.cpp:2609] messageId for token = 78, 0x693559d48b439800
12-07 10:41:24.544  1754  1819 E tgnet   : connection(0x707e1bf629e0) return true
12-07 10:41:24.544  1754  1819 D tgnet   : send message (session: 0xabcdc854f1e96da9, seqno: 59, messageid: 7581064317152499712  0x693559d48b439800): 14TL_api_request(0x707d5be2a030)
12-07 10:41:24.544  1754  1819 D tgnet   : [        Datacenter.cpp:1186] send message (session: 0xabcdc854f1e96da9, seqno: 59, messageid: 7581064317152499712  0x693559d48b439800): 14TL_api_request(0x707d5be2a030)
12-07 10:41:24.550  1754  1807 D tmessages: finished downloading file to /storage/emulated/0/Android/data/org.chatengine.messenger.beta/cache/1_1655888074321694721.tgs time = 13 dc = 1 size = 21.4 KB
12-07 10:41:24.552  1754  1819 D tgnet   : connection(0x707e1bf629e0, account0, dc1, type 2) received packet size less(1396) then message size(32872)
12-07 10:41:24.552  1754  1802 D tmessages: start loading file to temp = /storage/emulated/0/Android/data/org.chatengine.messenger.beta/cache/1_1655889252459745281.temp final = /storage/emulated/0/Android/data/org.chatengine.messenger.beta/cache/1_1655889252459745281.tgs priority0
12-07 10:41:24.552  1754  1819 D tgnet   : [        Connection.cpp: 277] connection(0x707e1bf629e0, account0, dc1, type 2) received packet size less(1396) then message size(32872)
12-07 10:41:24.553  1754  1819 D tgnet   : connection( account0, dc1, type 2) received packet size less(2800) then message size(32876)
12-07 10:41:24.553  1754  1819 D tgnet   : [        Connection.cpp: 155] connection( account0, dc1, type 2) received packet size less(2800) then message size(32876)
12-07 10:41:24.555  1754  1819 D tgnet   : connection( account0, dc1, type 2) received packet size less(18200) then message size(32876)
12-07 10:41:24.555  1754  1819 D tgnet   : [        Connection.cpp: 155] connection( account0, dc1, type 2) received packet size less(18200) then message size(32876)
12-07 10:41:24.558  1754  1807 D tmessages: finished downloading file to /storage/emulated/0/Android/data/org.chatengine.messenger.beta/cache/1_1655889310785736704.tgs time = 14 dc = 1 size = 11.1 KB
12-07 10:41:24.559  1754  1819 D tgnet   : connection(0x707e1bf5a2b0, account0, dc1, type 2) received packet size less(1396) then message size(16968)
12-07 10:41:24.559  1754  1819 D tgnet   : [        Connection.cpp: 277] connection(0x707e1bf5a2b0, account0, dc1, type 2) received packet size less(1396) then message size(16968)
12-07 10:41:24.559  1754  1819 D tgnet   : connection( account0, dc1, type 2) received packet size less(2800) then message size(16972)
12-07 10:41:24.559  1754  1819 D tgnet   : [        Connection.cpp: 155] connection( account0, dc1, type 2) received packet size less(2800) then message size(16972)
12-07 10:41:24.560  1754  1807 D tmessages: send request org.telegram.tgnet.TLRPC$TL_messages_getDialogFilters@d6b4091 with token = 79
12-07 10:41:24.560  1754  1819 D tgnet   : send request 0x707d5be61470 - 14TL_api_request
12-07 10:41:24.560  1754  1819 D tgnet   : [ConnectionsManager.cpp:1875] send request 0x707d5be61470 - 14TL_api_request
12-07 10:41:24.560  1754  1819 D tgnet   : send request wrapped 0x707d5be61470 - 14TL_api_request
12-07 10:41:24.560  1754  1819 D tgnet   : [ConnectionsManager.cpp:1882] send request wrapped 0x707d5be61470 - 14TL_api_request
12-07 10:41:24.560  1754  1819 D tgnet   : messageId for token = 79, 0x693559d48f5c2800
12-07 10:41:24.560  1754  1819 D tgnet   : [ConnectionsManager.cpp:2609] messageId for token = 79, 0x693559d48f5c2800
12-07 10:41:24.560  1754  1819 E tgnet   : connection(0x693559d476872c00) request (msg_id: 0)
12-07 10:41:24.560  1754  1819 E tgnet   : connection(0x707e1be0c390) (type: 1 == 1 && num: 0 == 0) || (token: 1 == 1)
12-07 10:41:24.560  1754  1819 D tgnet   : send message (session: 0xabcdc9716331cb54, seqno: 75, messageid: 7581064317221218304  0x693559d48f5c2800): 14TL_api_request(0x707d5be61470)
12-07 10:41:24.560  1754  1819 D tgnet   : [        Datacenter.cpp:1186] send message (session: 0xabcdc9716331cb54, seqno: 75, messageid: 7581064317221218304  0x693559d48f5c2800): 14TL_api_request(0x707d5be61470)
12-07 10:41:24.563  1754  1819 D tgnet   : connection( account0, dc1, type 2) received packet size less(7000) then message size(16972)
12-07 10:41:24.563  1754  1807 D tmessages: send request org.telegram.tgnet.TLRPC$TL_upload_getFile@57cdbf6 with token = 80
12-07 10:41:24.563  1754  1819 D tgnet   : [        Connection.cpp: 155] connection( account0, dc1, type 2) received packet size less(7000) then message size(16972)
12-07 10:41:24.563  1754  1819 D tgnet   : send request 0x707d5be61cb0 - 14TL_api_request
12-07 10:41:24.563  1754  1819 D tgnet   : [ConnectionsManager.cpp:1875] send request 0x707d5be61cb0 - 14TL_api_request
12-07 10:41:24.563  1754  1819 D tgnet   : send request wrapped 0x707d5be61cb0 - 14TL_api_request
12-07 10:41:24.563  1754  1819 D tgnet   : [ConnectionsManager.cpp:1882] send request wrapped 0x707d5be61cb0 - 14TL_api_request
12-07 10:41:24.563  1754  1807 D tmessages: debug_loading: 1_1655889252459745281.tgs send reqId 80
12-07 10:41:24.563  1754  1819 D tgnet   : messageId for token = 80, 0x693559d49020c400
12-07 10:41:24.563  1754  1819 D tgnet   : [ConnectionsManager.cpp:2609] messageId for token = 80, 0x693559d49020c400
12-07 10:41:24.563  1754  1819 E tgnet   : connection(0x707e1bf629e0) return true
