12-08 07:05:50.926  1992  2055 D tgnet   : got response for request 0x7f2648c53f70 - 14TL_api_request
12-08 07:05:50.926  1992  2055 D tgnet   : [ConnectionsManager.cpp:1303] got response for request 0x7f2648c53f70 - 14TL_api_request
12-08 07:05:50.926  1992  2055 D tmessages: CM java buff saved to /sdcard/Android/data/org.chatengine.messenger.beta/files/buff_1765177550926.bin
12-08 07:05:50.926  1992  2055 D tmessages: java received org.telegram.tgnet.TLRPC$TL_upload_file@136f882 error = null
12-08 07:05:50.926  1992  2055 D tgnet   : connection(0x7f2708d30270, account0, dc1, type 2) received packet size less(5800) then message size(12952)
12-08 07:05:50.926  1992  2055 D tgnet   : [        Connection.cpp: 277] connection(0x7f2708d30270, account0, dc1, type 2) received packet size less(5800) then message size(12952)
12-08 07:05:50.926  1992  2043 D tmessages: debug_loading: 1_1655889425424453632.tgs time=497 dcId=1 cdn=false conType=2 reqId33
12-08 07:05:50.931  1992  2055 D tgnet   : connection( account0, dc1, type 2) received packet size less(8580) then message size(12956)
12-08 07:05:50.931  1992  2055 D tgnet   : [        Connection.cpp: 155] connection( account0, dc1, type 2) received packet size less(8580) then message size(12956)
12-08 07:05:50.931  1992  2043 D tmessages: send request org.telegram.tgnet.TLRPC$TL_upload_getFile@b2a37d0 with token = 56
12-08 07:05:50.931  1992  2055 D tgnet   : send request 0x7f2648c58ef0 - 14TL_api_request
12-08 07:05:50.931  1992  2055 D tgnet   : [ConnectionsManager.cpp:1875] send request 0x7f2648c58ef0 - 14TL_api_request
12-08 07:05:50.931  1992  2043 D tmessages: debug_loading: 1_1655889310768959489.tgs send reqId 56
12-08 07:05:50.931  1992  2055 D tgnet   : send request wrapped 0x7f2648c58ef0 - 14TL_api_request
12-08 07:05:50.931  1992  2055 D tgnet   : [ConnectionsManager.cpp:1882] send request wrapped 0x7f2648c58ef0 - 14TL_api_request
12-08 07:05:50.931  1992  2038 D tmessages: start loading file to temp = /storage/emulated/0/Android/data/org.chatengine.messenger.beta/cache/1_1655888074694987778.temp final = /storage/emulated/0/Android/data/org.chatengine.messenger.beta/cache/1_1655888074694987778.tgs priority0
12-08 07:05:50.931  1992  2055 D tgnet   : messageId for token = 56, 0x693678ceee560400
12-08 07:05:50.931  1992  2055 D tgnet   : [ConnectionsManager.cpp:2609] messageId for token = 56, 0x693678ceee560400
12-08 07:05:50.931  1992  2055 E tgnet   : connection(0x7f2708d30270) return true
12-08 07:05:50.931  1992  2055 D tgnet   : send message (session: 0xabcd5d79503fff9f, seqno: 23, messageid: 7581379852882019328  0x693678ceee560400): 14TL_api_request(0x7f2648c58ef0)
12-08 07:05:50.931  1992  2055 D tgnet   : [        Datacenter.cpp:1186] send message (session: 0xabcd5d79503fff9f, seqno: 23, messageid: 7581379852882019328  0x693678ceee560400): 14TL_api_request(0x7f2648c58ef0)
12-08 07:05:50.932  1992  2055 D tgnet   : connection( account0, dc1, type 2) received packet size less(11356) then message size(12956)
12-08 07:05:50.932  1992  2055 D tgnet   : [        Connection.cpp: 155] connection( account0, dc1, type 2) received packet size less(11356) then message size(12956)
12-08 07:05:50.932  1992  2055 D tgnet   : received message len 12952 (currentPacketLength) equal to packet size
12-08 07:05:50.932  1992  2055 D tgnet   : [        Connection.cpp: 275] received message len 12952 (currentPacketLength) equal to packet size
12-08 07:05:50.932  1992  2055 D tgnet   : api request constructor 0x96a18d5, don't parse
12-08 07:05:50.932  1992  2055 D tgnet   : [ConnectionsManager.cpp:1096] api request constructor 0x96a18d5, don't parse
12-08 07:05:50.932  1992  2055 D tgnet   : connection(0x7f2708d30270, account0, dc1, type 2) received object 13TL_rpc_result
12-08 07:05:50.932  1992  2055 D tgnet   : [ConnectionsManager.cpp:1008] connection(0x7f2708d30270, account0, dc1, type 2) received object 13TL_rpc_result
12-08 07:05:50.932  1992  2055 D tgnet   : process server response 0x7f2648c53f70 - 13TL_rpc_result
12-08 07:05:50.932  1992  2055 D tgnet   : [ConnectionsManager.cpp:1122] process server response 0x7f2648c53f70 - 13TL_rpc_result
12-08 07:05:50.932  1992  2055 D tgnet   : message_id 7581379850423143025 connection(0x7f2708d30270, account0, dc1, type 2) received rpc_result with 15TL_api_response
12-08 07:05:50.932  1992  2055 D tgnet   : [ConnectionsManager.cpp:1267] message_id 7581379850423143025 connection(0x7f2708d30270, account0, dc1, type 2) received rpc_result with 15TL_api_response
12-08 07:05:50.932  1992  2055 D tgnet   : got response for request 0x7f2648c56250 - 14TL_api_request
12-08 07:05:50.932  1992  2055 D tgnet   : [ConnectionsManager.cpp:1303] got response for request 0x7f2648c56250 - 14TL_api_request
12-08 07:05:50.932  1992  2055 D tmessages: CM java buff saved to /sdcard/Android/data/org.chatengine.messenger.beta/files/buff_1765177550932.bin
12-08 07:05:50.932  1992  2055 D tmessages: java received org.telegram.tgnet.TLRPC$TL_upload_file@d6a5def error = null
12-08 07:05:50.932  1992  2055 D tgnet   : connection(0x7f2708d30270, account0, dc1, type 2) received packet size less(1172) then message size(5288)
12-08 07:05:50.932  1992  2055 D tgnet   : [        Connection.cpp: 277] connection(0x7f2708d30270, account0, dc1, type 2) received packet size less(1172) then message size(5288)
12-08 07:05:50.932  1992  2043 D tmessages: debug_loading: 1_1655889425428647938.tgs time=473 dcId=1 cdn=false conType=2 reqId36
12-08 07:05:50.936  1992  2043 D tmessages: finished downloading file to /storage/emulated/0/Android/data/org.chatengine.messenger.beta/cache/1_1655889425428647937.tgs time = 38 dc = 1 size = 6.7 KB
12-08 07:05:50.937  1992  2043 D tmessages: send request org.telegram.tgnet.TLRPC$TL_upload_getFile@de715da with token = 57
12-08 07:05:50.937  1992  2038 D tmessages: start loading file to temp = /storage/emulated/0/Android/data/org.chatengine.messenger.beta/cache/1_1655889310773153792.temp final = /storage/emulated/0/Android/data/org.chatengine.messenger.beta/cache/1_1655889310773153792.tgs priority0
12-08 07:05:50.937  1992  2043 D tmessages: debug_loading: 1_1655888074694987778.tgs send reqId 57
12-08 07:05:50.937  1992  2055 D tgnet   : send request 0x7f2648c53d30 - 14TL_api_request
12-08 07:05:50.937  1992  2055 D tgnet   : [ConnectionsManager.cpp:1875] send request 0x7f2648c53d30 - 14TL_api_request
12-08 07:05:50.937  1992  2055 D tgnet   : send request wrapped 0x7f2648c53d30 - 14TL_api_request
12-08 07:05:50.937  1992  2055 D tgnet   : [ConnectionsManager.cpp:1882] send request wrapped 0x7f2648c53d30 - 14TL_api_request
12-08 07:05:50.937  1992  2055 D tgnet   : messageId for token = 57, 0x693678ceefdf3c00
12-08 07:05:50.937  1992  2055 D tgnet   : [ConnectionsManager.cpp:2609] messageId for token = 57, 0x693678ceefdf3c00
12-08 07:05:50.937  1992  2055 E tgnet   : connection(0x7f2708d30270) return true
12-08 07:05:50.937  1992  2055 D tgnet   : send message (session: 0xabcd5d79503fff9f, seqno: 25, messageid: 7581379852907789312  0x693678ceefdf3c00): 14TL_api_request(0x7f2648c53d30)
12-08 07:05:50.937  1992  2055 D tgnet   : [        Datacenter.cpp:1186] send message (session: 0xabcd5d79503fff9f, seqno: 25, messageid: 7581379852907789312  0x693678ceefdf3c00): 14TL_api_request(0x7f2648c53d30)
12-08 07:05:50.942  1992  2043 D tmessages: finished downloading file to /storage/emulated/0/Android/data/org.chatengine.messenger.beta/cache/1_1655889425424453632.tgs time = 11 dc = 1 size = 11.0 KB
12-08 07:05:50.945  1992  2043 D tmessages: send request org.telegram.tgnet.TLRPC$TL_upload_getFile@5b0b5a6 with token = 58
12-08 07:05:50.945  1992  2043 D tmessages: debug_loading: 1_1655889310773153792.tgs send reqId 58
12-08 07:05:50.945  1992  2055 D tgnet   : send request 0x7f2648c56250 - 14TL_api_request
12-08 07:05:50.945  1992  2055 D tgnet   : [ConnectionsManager.cpp:1875] send request 0x7f2648c56250 - 14TL_api_request
12-08 07:05:50.945  1992  2055 D tgnet   : send request wrapped 0x7f2648c56250 - 14TL_api_request
12-08 07:05:50.945  1992  2055 D tgnet   : [ConnectionsManager.cpp:1882] send request wrapped 0x7f2648c56250 - 14TL_api_request
12-08 07:05:50.945  1992  2055 D tgnet   : messageId for token = 58, 0x693678cef1eb8400
12-08 07:05:50.945  1992  2055 D tgnet   : [ConnectionsManager.cpp:2609] messageId for token = 58, 0x693678cef1eb8400
12-08 07:05:50.945  1992  2055 E tgnet   : connection(0x7f2708d30270) return true
12-08 07:05:50.945  1992  2055 D tgnet   : send message (session: 0xabcd5d79503fff9f, seqno: 27, messageid: 7581379852942148608  0x693678cef1eb8400): 14TL_api_request(0x7f2648c56250)
12-08 07:05:50.945  1992  2055 D tgnet   : [        Datacenter.cpp:1186] send message (session: 0xabcd5d79503fff9f, seqno: 27, messageid: 7581379852942148608  0x693678cef1eb8400): 14TL_api_request(0x7f2648c56250)
12-08 07:05:50.946  1992  2055 D tgnet   : connection( account0, dc1, type 2) received packet size less(3952) then message size(5292)
12-08 07:05:50.946  1992  2055 D tgnet   : [        Connection.cpp: 155] connection( account0, dc1, type 2) received packet size less(3952) then message size(5292)
12-08 07:05:50.950  1992  2043 D tmessages: finished downloading file to /storage/emulated/0/Android/data/org.chatengine.messenger.beta/cache/1_1655889425428647938.tgs time = 12 dc = 1 size = 12.5 KB
12-08 07:05:50.958  1992  2055 D tgnet   : received message len 5288 (currentPacketLength) equal to packet size
12-08 07:05:50.958  1992  2055 D tgnet   : [        Connection.cpp: 275] received message len 5288 (currentPacketLength) equal to packet size
12-08 07:05:50.959  1992  2055 D tgnet   : api request constructor 0x96a18d5, don't parse
12-08 07:05:50.959  1992  2055 D tgnet   : [ConnectionsManager.cpp:1096] api request constructor 0x96a18d5, don't parse
12-08 07:05:50.959  1992  2055 D tgnet   : connection(0x7f2708d30270, account0, dc1, type 2) received object 13TL_rpc_result
12-08 07:05:50.959  1992  2055 D tgnet   : [ConnectionsManager.cpp:1008] connection(0x7f2708d30270, account0, dc1, type 2) received object 13TL_rpc_result
12-08 07:05:50.959  1992  2055 D tgnet   : process server response 0x7f2648c54c30 - 13TL_rpc_result
12-08 07:05:50.959  1992  2055 D tgnet   : [ConnectionsManager.cpp:1122] process server response 0x7f2648c54c30 - 13TL_rpc_result
12-08 07:05:50.959  1992  2055 D tgnet   : message_id 7581379850515417721 connection(0x7f2708d30270, account0, dc1, type 2) received rpc_result with 15TL_api_response
12-08 07:05:50.959  1992  2055 D tgnet   : [ConnectionsManager.cpp:1267] message_id 7581379850515417721 connection(0x7f2708d30270, account0, dc1, type 2) received rpc_result with 15TL_api_response
12-08 07:05:50.959  1992  2055 D tgnet   : got response for request 0x7f2648c56310 - 14TL_api_request
12-08 07:05:50.959  1992  2055 D tgnet   : [ConnectionsManager.cpp:1303] got response for request 0x7f2648c56310 - 14TL_api_request
12-08 07:05:50.959  1992  2055 D tmessages: CM java buff saved to /sdcard/Android/data/org.chatengine.messenger.beta/files/buff_1765177550959.bin
12-08 07:05:50.959  1992  2055 D tmessages: java received org.telegram.tgnet.TLRPC$TL_upload_file@5a87394 error = null
12-08 07:05:50.959  1992  2043 D tmessages: debug_loading: 1_1655889425432842241.tgs time=166 dcId=1 cdn=false conType=2 reqId38
12-08 07:05:50.960  1992  2038 D tmessages: start loading file to temp = /storage/emulated/0/Android/data/org.chatengine.messenger.beta/cache/1_1655888074158116865.temp final = /storage/emulated/0/Android/data/org.chatengine.messenger.beta/cache/1_1655888074158116865.tgs priority0
12-08 07:05:50.965  1992  2043 D tmessages: finished downloading file to /storage/emulated/0/Android/data/org.chatengine.messenger.beta/cache/1_1655889425432842241.tgs time = 15 dc = 1 size = 5.1 KB
12-08 07:05:50.969  1992  2043 D tmessages: send request org.telegram.tgnet.TLRPC$TL_upload_getFile@363c139 with token = 59
12-08 07:05:50.969  1992  2043 D tmessages: debug_loading: 1_1655888074158116865.tgs send reqId 59
12-08 07:05:50.969  1992  2055 D tgnet   : send request 0x7f2648c57990 - 14TL_api_request
12-08 07:05:50.969  1992  2043 D tmessages: send request org.telegram.tgnet.TLRPC$TL_upload_getFile@16ed37e with token = 60
12-08 07:05:50.969  1992  2055 D tgnet   : [ConnectionsManager.cpp:1875] send request 0x7f2648c57990 - 14TL_api_request
12-08 07:05:50.969  1992  2043 D tmessages: debug_loading: 1_1655888074158116865.tgs send reqId 60
12-08 07:05:50.969  1992  2055 D tgnet   : send request wrapped 0x7f2648c57990 - 14TL_api_request
12-08 07:05:50.969  1992  2055 D tgnet   : [ConnectionsManager.cpp:1882] send request wrapped 0x7f2648c57990 - 14TL_api_request
12-08 07:05:50.969  1992  2055 D tgnet   : send request 0x7f2648c53f70 - 14TL_api_request
12-08 07:05:50.969  1992  2055 D tgnet   : [ConnectionsManager.cpp:1875] send request 0x7f2648c53f70 - 14TL_api_request
12-08 07:05:50.969  1992  2055 D tgnet   : send request wrapped 0x7f2648c53f70 - 14TL_api_request
12-08 07:05:50.969  1992  2055 D tgnet   : [ConnectionsManager.cpp:1882] send request wrapped 0x7f2648c53f70 - 14TL_api_request
12-08 07:05:50.969  1992  2055 D tgnet   : messageId for token = 59, 0x693678cef8106400
12-08 07:05:50.969  1992  2055 D tgnet   : [ConnectionsManager.cpp:2609] messageId for token = 59, 0x693678cef8106400
12-08 07:05:50.969  1992  2055 E tgnet   : connection(0x7f2708d30270) return true
12-08 07:05:50.969  1992  2055 D tgnet   : send message (session: 0xabcd5d79503fff9f, seqno: 29, messageid: 7581379853045228544  0x693678cef8106400): 14TL_api_request(0x7f2648c57990)
12-08 07:05:50.969  1992  2055 D tgnet   : [        Datacenter.cpp:1186] send message (session: 0xabcd5d79503fff9f, seqno: 29, messageid: 7581379853045228544  0x693678cef8106400): 14TL_api_request(0x7f2648c57990)
12-08 07:05:50.970  1992  2055 D tgnet   : connection(0x7f2708d35620) set current timeout = 12
12-08 07:05:50.970  1992  2055 D tgnet   : [  ConnectionSocket.cpp:1072] connection(0x7f2708d35620) set current timeout = 12
12-08 07:05:50.970  1992  2055 D tgnet   : messageId for token = 60, 0x693678cef851ec00
12-08 07:05:50.970  1992  2055 D tgnet   : [ConnectionsManager.cpp:2609] messageId for token = 60, 0x693678cef851ec00
12-08 07:05:50.970  1992  2055 E tgnet   : connection(0x7f2708d35620) return true
12-08 07:05:50.970  1992  2055 D tgnet   : send message (session: 0xabcdca306b2f5ff2, seqno: 1, messageid: 7581379853049523200  0x693678cef851ec00): 14TL_api_request(0x7f2648c53f70)
12-08 07:05:50.970  1992  2055 D tgnet   : [        Datacenter.cpp:1186] send message (session: 0xabcdca306b2f5ff2, seqno: 1, messageid: 7581379853049523200  0x693678cef851ec00): 14TL_api_request(0x7f2648c53f70)
12-08 07:05:50.970  1992  2055 D tgnet   : firstPacketSent called
12-08 07:05:50.970  1992  2055 D tgnet   : [        Connection.cpp: 576] firstPacketSent called
12-08 07:05:50.979  1992  2043 D tmessages: send request org.telegram.tgnet.TLRPC$TL_messages_getDialogFilters@214a0df with token = 61
12-08 07:05:50.979  1992  2055 D tgnet   : send request 0x7f2648c58350 - 14TL_api_request
12-08 07:05:50.979  1992  2055 D tgnet   : [ConnectionsManager.cpp:1875] send request 0x7f2648c58350 - 14TL_api_request
12-08 07:05:50.979  1992  2055 D tgnet   : send request wrapped 0x7f2648c58350 - 14TL_api_request
12-08 07:05:50.979  1992  2055 D tgnet   : [ConnectionsManager.cpp:1882] send request wrapped 0x7f2648c58350 - 14TL_api_request
12-08 07:05:50.979  1992  2055 D tgnet   : messageId for token = 61, 0x693678cefa9fc000
12-08 07:05:50.979  1992  2055 D tgnet   : [ConnectionsManager.cpp:2609] messageId for token = 61, 0x693678cefa9fc000
12-08 07:05:50.979  1992  2055 E tgnet   : connection(0x693678cee4189400) request (msg_id: 0)
12-08 07:05:50.979  1992  2055 E tgnet   : connection(0x7f2708c08070) (type: 1 == 1 && num: 0 == 0) || (token: 1 == 1)
12-08 07:05:50.979  1992  2055 D tgnet   : send message (session: 0xabcd5c3d5f482f89, seqno: 73, messageid: 7581379853088178176  0x693678cefa9fc000): 14TL_api_request(0x7f2648c58350)
12-08 07:05:50.979  1992  2055 D tgnet   : [        Datacenter.cpp:1186] send message (session: 0xabcd5c3d5f482f89, seqno: 73, messageid: 7581379853088178176  0x693678cefa9fc000): 14TL_api_request(0x7f2648c58350)
12-08 07:05:50.980  1992  2055 D tgnet   : connection(0x7f2708d30270, account0, dc1, type 2) received packet size less(2772) then message size(18200)
12-08 07:05:50.980  1992  2055 D tgnet   : [        Connection.cpp: 277] connection(0x7f2708d30270, account0, dc1, type 2) received packet size less(2772) then message size(18200)
12-08 07:05:50.980  1992  2055 D tgnet   : received message len 104 (currentPacketLength) equal to packet size
12-08 07:05:50.980  1992  2055 D tgnet   : [        Connection.cpp: 275] received message len 104 (currentPacketLength) equal to packet size
12-08 07:05:50.980  1992  2055 D tgnet   : api request constructor 0xa56c2a3e, don't parse
12-08 07:05:50.980  1992  2055 D tgnet   : [ConnectionsManager.cpp:1096] api request constructor 0xa56c2a3e, don't parse
12-08 07:05:50.980  1992  2055 D tgnet   : connection(0x7f2708c08070, account0, dc1, type 1) received object 13TL_rpc_result
12-08 07:05:50.980  1992  2055 D tgnet   : [ConnectionsManager.cpp:1008] connection(0x7f2708c08070, account0, dc1, type 1) received object 13TL_rpc_result
12-08 07:05:50.980  1992  2055 D tgnet   : process server response 0x7f2648c54150 - 13TL_rpc_result
12-08 07:05:50.980  1992  2055 D tgnet   : [ConnectionsManager.cpp:1122] process server response 0x7f2648c54150 - 13TL_rpc_result
12-08 07:05:50.980  1992  2055 D tgnet   : message_id 7581379850699967113 connection(0x7f2708c08070, account0, dc1, type 1) received rpc_result with 15TL_api_response
12-08 07:05:50.980  1992  2055 D tgnet   : [ConnectionsManager.cpp:1267] message_id 7581379850699967113 connection(0x7f2708c08070, account0, dc1, type 1) received rpc_result with 15TL_api_response
12-08 07:05:50.980  1992  2055 D tgnet   : got response for request 0x7f2648c55b30 - 14TL_api_request
12-08 07:05:50.980  1992  2055 D tgnet   : [ConnectionsManager.cpp:1303] got response for request 0x7f2648c55b30 - 14TL_api_request
12-08 07:05:50.980  1992  2055 D tmessages: CM java buff saved to /sdcard/Android/data/org.chatengine.messenger.beta/files/buff_1765177550980.bin
12-08 07:05:50.981  1992  2055 D tmessages: java received org.telegram.tgnet.TLRPC$TL_updates_state@23637f5 error = null
12-08 07:05:50.981  1992  2033 D MTProto : requestMsgId=139799395009840 requestingTime=90 request_token=39
12-08 07:05:50.981  1992  2033 D MTProto : req -> TL_updates_getState : {}
12-08 07:05:50.981  1992  2033 D MTProto : res -> TL_updates_state : {"date":1765177550,"pts":21,"qts":0,"seq":-1,"unread_count":0}
12-08 07:05:50.981  1992  2033 D MTProto :  
12-08 07:05:50.982  1992  2055 D tgnet   : connection( account0, dc1, type 2) received packet size less(5552) then message size(18204)
12-08 07:05:50.982  1992  2055 D tgnet   : [        Connection.cpp: 155] connection( account0, dc1, type 2) received packet size less(5552) then message size(18204)
12-08 07:05:50.982  1992  2055 D tgnet   : connection( account0, dc1, type 2) received packet size less(8328) then message size(18204)
12-08 07:05:50.982  1992  2055 D tgnet   : [        Connection.cpp: 155] connection( account0, dc1, type 2) received packet size less(8328) then message size(18204)
12-08 07:05:50.983  1992  2055 D tgnet   : connection( account0, dc1, type 2) received packet size less(11104) then message size(18204)
12-08 07:05:50.983  1992  2055 D tgnet   : [        Connection.cpp: 155] connection( account0, dc1, type 2) received packet size less(11104) then message size(18204)
12-08 07:05:50.983  1992  2055 D tgnet   : connection( account0, dc1, type 2) received packet size less(13880) then message size(18204)
12-08 07:05:50.983  1992  2055 D tgnet   : [        Connection.cpp: 155] connection( account0, dc1, type 2) received packet size less(13880) then message size(18204)
12-08 07:05:50.984  1992  2055 D tgnet   : connection( account0, dc1, type 2) received packet size less(16656) then message size(18204)
12-08 07:05:50.984  1992  2055 D tgnet   : [        Connection.cpp: 155] connection( account0, dc1, type 2) received packet size less(16656) then message size(18204)
12-08 07:05:50.985  1992  2055 D tgnet   : connection( account0, dc1, type 2) received packet size less(18044) then message size(18204)
12-08 07:05:50.985  1992  2055 D tgnet   : [        Connection.cpp: 155] connection( account0, dc1, type 2) received packet size less(18044) then message size(18204)
12-08 07:05:50.985  1992  2055 D tgnet   : connection(0x7f2708c08070, account0, dc1, type 1) received packet size less(1384) then message size(2568)
12-08 07:05:50.985  1992  2055 D tgnet   : [        Connection.cpp: 277] connection(0x7f2708c08070, account0, dc1, type 1) received packet size less(1384) then message size(2568)
12-08 07:05:50.991  1992  2055 D tgnet   : received message len 2568 (currentPacketLength) equal to packet size
12-08 07:05:50.991  1992  2055 D tgnet   : [        Connection.cpp: 275] received message len 2568 (currentPacketLength) equal to packet size
12-08 07:05:50.992  1992  2055 D tgnet   : connection(0x7f2708c08070, account0, dc1, type 1) received object 13TL_rpc_result
12-08 07:05:50.992  1992  2055 D tgnet   : [ConnectionsManager.cpp:1008] connection(0x7f2708c08070, account0, dc1, type 1) received object 13TL_rpc_result
12-08 07:05:50.992  1992  2055 D tgnet   : process server response 0x7f2648c54150 - 13TL_rpc_result
12-08 07:05:50.992  1992  2055 D tgnet   : [ConnectionsManager.cpp:1122] process server response 0x7f2648c54150 - 13TL_rpc_result
12-08 07:05:50.992  1992  2055 D tgnet   : message_id 7581379850746104473 connection(0x7f2708c08070, account0, dc1, type 1) received rpc_result with 14TL_gzip_packed
12-08 07:05:50.992  1992  2055 D tgnet   : [ConnectionsManager.cpp:1267] message_id 7581379850746104473 connection(0x7f2708c08070, account0, dc1, type 1) received rpc_result with 14TL_gzip_packed
12-08 07:05:50.992  1992  2055 D tgnet   : got response for request 0x7f2648c57090 - 14TL_api_request
12-08 07:05:50.992  1992  2055 D tgnet   : [ConnectionsManager.cpp:1303] got response for request 0x7f2648c57090 - 14TL_api_request
12-08 07:05:50.992  1992  2055 D tgnet   : api request constructor 0x6e153f16, don't parse
12-08 07:05:50.992  1992  2055 D tgnet   : [ConnectionsManager.cpp:1096] api request constructor 0x6e153f16, don't parse
12-08 07:05:50.992  1992  2055 D tmessages: CM java buff saved to /sdcard/Android/data/org.chatengine.messenger.beta/files/buff_1765177550992.bin
12-08 07:05:50.993  1992  2055 D tmessages: java received org.telegram.tgnet.TLRPC$TL_messages_stickerSet@b12a418 error = null
12-08 07:05:50.997  1992  2055 D tgnet   : connection(0x7f2708c08070, account0, dc1, type 1) received message len (currentPacketLength) 120 but packet (buffer->remaining()) larger 203
12-08 07:05:50.997  1992  2055 D tgnet   : [        Connection.cpp: 269] connection(0x7f2708c08070, account0, dc1, type 1) received message len (currentPacketLength) 120 but packet (buffer->remaining()) larger 203
12-08 07:05:50.997  1992  2055 D tgnet   : api request constructor 0x3c4301c0, don't parse
12-08 07:05:50.998  1992  2055 D tgnet   : [ConnectionsManager.cpp:1096] api request constructor 0x3c4301c0, don't parse
12-08 07:05:50.998  1992  2055 D tgnet   : connection(0x7f2708c08070, account0, dc1, type 1) received object 13TL_rpc_result
12-08 07:05:50.998  1992  2055 D tgnet   : [ConnectionsManager.cpp:1008] connection(0x7f2708c08070, account0, dc1, type 1) received object 13TL_rpc_result
12-08 07:05:50.998  1992  2055 D tgnet   : process server response 0x7f2648c54150 - 13TL_rpc_result
12-08 07:05:50.998  1992  2055 D tgnet   : [ConnectionsManager.cpp:1122] process server response 0x7f2648c54150 - 13TL_rpc_result
12-08 07:05:50.998  1992  2055 D tgnet   : message_id 7581379850748201633 connection(0x7f2708c08070, account0, dc1, type 1) received rpc_result with 15TL_api_response
12-08 07:05:50.998  1992  2055 D tgnet   : [ConnectionsManager.cpp:1267] message_id 7581379850748201633 connection(0x7f2708c08070, account0, dc1, type 1) received rpc_result with 15TL_api_response
12-08 07:05:50.998  1992  2055 D tgnet   : got response for request 0x7f2648c5a6f0 - 14TL_api_request
12-08 07:05:50.998  1992  2055 D tgnet   : [ConnectionsManager.cpp:1303] got response for request 0x7f2648c5a6f0 - 14TL_api_request
12-08 07:05:50.998  1992  2055 D tmessages: CM java buff saved to /sdcard/Android/data/org.chatengine.messenger.beta/files/buff_1765177550998.bin
12-08 07:05:50.998  1992  2033 D MTProto : requestMsgId=139799395009840 requestingTime=94 request_token=42
12-08 07:05:50.998  1992  2033 D MTProto : req -> TL_messages_getStickerSet : {"hash":0,"stickerset":{"access_hash":0,"id":0,"short_name":"tg_placeholders_android"}}
12-08 07:05:50.998  1992  2055 D tmessages: java received org.telegram.tgnet.TLRPC$TL_attachMenuBots@b6bccd7 error = null
12-08 07:05:50.998  1992  2033 D MTProto : res -> TL_messages_stickerSet : {"documents":[{"access_hash":7691567431020640180,"attributes":[{"duration":0,"flags":0,"h":512,"mask":false,"round_message":false,"supports_streaming":false,"voice":false,"w":512},{"alt":"😢","duration":0,"flags":0,"h":0,"mask":false,"round_message":false,"stickerset":{"access_hash":2622809916949441796,"id":1655891575877668864},"supports_streaming":false,"voice":false,"w":0},{"duration":0,"file_name":"AnimatedSticker.tgs","flags":0,"h":0,"mask":false,"round_message":false,"supports_streaming":false,"voice":false,"w":0}],"date":1683630291,"dc_id":1,"file_name_fixed":"AnimatedSticker.tgs","file_reference":[],"flags":1,"id":1655891575881863168,"mime_type":"application/x-tgsticker","size":8877,"thumbs":[{"svgPath":{"isSimplePath":false},"h":50,"location":{"dc_id":0,"local_id":1106,"volume_id":-1655891575881863168},"size":0,"type":"j","w":50},{"h":128,"location":{"dc_id":0,"local_id":1109,"volume_id":-1655891575881863168},"size":5024,"type":"m","w":128}],"user_id":0,"version":0,"video_thumbs":[]},{"access_hash":7835682805936239045,"attributes":[{"duration":0,"flags":0,"h":512,"mask":false,"round_message":false,"supports_streaming":false,"voice":false,"w":512},{"alt":"🧐","duration":0,"flags":0,"h":0,"mask":false,"round_message":false,"stickerset":{"access_hash":2622809916949441796,"id":1655891575877668864},"supports_streaming":false,"voice":false,"w":0},{"duration":0,"file_name":"AnimatedSticker.tgs","flags":0,"h":0,"mask":false,"round_message":false,"supports_streaming":false,"voice":false,"w":0}],"date":1683630291,"dc_id":1,"file_name_fixed":"AnimatedSticker.tgs","file_reference":[],"flags":1,"id":1655891575886057472,"mime_type":"application/x-tgsticker","size":8590,"thumbs":[{"svgPath":{"isSimplePath":false},"h":50,"location":{"dc_id":0,"local_id":1106,"volume_id":-1655891575886057472},"size":0,"type":"j","w":50},{"h":128,"location":{"dc_id":0,"local_id":1109,"volume_id":-1655891575886057472},"size":5414,"type":"m","w":128}],"user_id":0,"version":0,"video_thumbs":[]},{"access_hash":5620492172551237706,"attributes":[{"duration":0,"flags":0,"h":512,"mask":false,"round_message":false,"supports_streaming":false,"voice":false,"w":512},{"alt":"😋","duration":0,"flags":0,"h":0,"mask":false,"round_message":false,"stickerset":{"access_hash":2622809916949441796,"id":1655891575877668864},"supports_streaming":false,"voice":false,"w":0},{"duration":0,"file_name":"AnimatedSticker.tgs","flags":0,"h":0,"mask":false,"round_message":false,"supports_streaming":false,"voice":false,"w":0}],"date":1683630291,"dc_id":1,"file_name_fixed":"AnimatedSticker.tgs","file_reference":[],"flags":1,"id":1655891575886057473,"mime_type":"application/x-tgsticker","size":13254,"thumbs":[{"svgPath":{"isSimplePath":false},"h":50,"location":{"dc_id":0,"local_id":1106,"volume_id":-1655891575886057473},"size":0,"type":"j","w":50},{"h":128,"location":{"dc_id":0,"local_id":1109,"volume_id":-1655891575886057473},"size":4294,"type":"m","w":128}],"user_id":0,"version":0,"video_thumbs":[]},{"access_hash":7998392742941281789,"attributes":[{"duration":0,"flags":0,"h":512,"mask":false,"round_message":false,"supports_streaming":false,"voice":false,"w":512},{"alt":"😁","duration":0,"flags":0,"h":0,"mask":false,"round_message":false,"stickerset":{"access_hash":2622809916949441796,"id":1655891575877668864},"supports_streaming":false,"voice":false,"w":0},{"duration":0,"file_name":"AnimatedSticker.tgs","flags":0,"h":0,"mask":false,"round_message":false,"supports_streaming":false,"voice":false,"w":0}],"date":1683630291,"dc_id":1,"file_name_fixed":"AnimatedSticker.tgs","file_reference":[],"flags":1,"id":1655891575886057474,"mime_type":"application/x-tgsticker","size":29706,"thumbs":[{"svgPath":{"isSimplePath":false},"h":50,"location":{"dc_id":0,"local_id":1106,"volume_id":-1655891575886057474},"size":0,"type":"j","w":50},{"h":128,"location":{"dc_id":0,"local_id":1109,"volume_id":-1655891575886057474},"size":4344,"type":"m","w":128}],"user_id":0,"version":0,"video_thumbs":[]},{"access_hash":704276778046911
12-08 07:05:50.998  1992  2033 D MTProto :  
12-08 07:05:50.998  1992  2055 D tgnet   : connection(0x7f2708c08070, account0, dc1, type 1) received packet size less(82) then message size(200)
12-08 07:05:50.998  1992  2055 D tgnet   : [        Connection.cpp: 277] connection(0x7f2708c08070, account0, dc1, type 1) received packet size less(82) then message size(200)
12-08 07:05:50.998  1992  2033 D MTProto : requestMsgId=139799395009840 requestingTime=101 request_token=41
12-08 07:05:50.998  1992  2033 D MTProto : req -> TL_messages_getAttachMenuBots : {"hash":0}
12-08 07:05:50.998  1992  2033 D MTProto : res -> TL_attachMenuBots : {"bots":[],"hash":0,"users":[]}
12-08 07:05:50.998  1992  2033 D MTProto :  
12-08 07:05:50.998  1992  2055 D tgnet   : received message len 18200 (currentPacketLength) equal to packet size
12-08 07:05:50.998  1992  2055 D tgnet   : [        Connection.cpp: 275] received message len 18200 (currentPacketLength) equal to packet size
12-08 07:05:50.998  1992  2055 D tgnet   : api request constructor 0x96a18d5, don't parse
12-08 07:05:50.999  1992  2055 D tgnet   : [ConnectionsManager.cpp:1096] api request constructor 0x96a18d5, don't parse
12-08 07:05:50.999  1992  2055 D tgnet   : connection(0x7f2708d30270, account0, dc1, type 2) received object 13TL_rpc_result
12-08 07:05:50.999  1992  2055 D tgnet   : [ConnectionsManager.cpp:1008] connection(0x7f2708d30270, account0, dc1, type 2) received object 13TL_rpc_result
12-08 07:05:50.999  1992  2055 D tgnet   : process server response 0x7f2648c54150 - 13TL_rpc_result
12-08 07:05:50.999  1992  2055 D tgnet   : [ConnectionsManager.cpp:1122] process server response 0x7f2648c54150 - 13TL_rpc_result
12-08 07:05:50.999  1992  2055 D tgnet   : message_id 7581379850714647185 connection(0x7f2708d30270, account0, dc1, type 2) received rpc_result with 15TL_api_response
12-08 07:05:50.999  1992  2055 D tgnet   : [ConnectionsManager.cpp:1267] message_id 7581379850714647185 connection(0x7f2708d30270, account0, dc1, type 2) received rpc_result with 15TL_api_response
12-08 07:05:50.999  1992  2055 D tgnet   : got response for request 0x7f2648c5a930 - 14TL_api_request
12-08 07:05:50.999  1992  2055 D tgnet   : [ConnectionsManager.cpp:1303] got response for request 0x7f2648c5a930 - 14TL_api_request
12-08 07:05:50.999  1992  2055 D tmessages: CM java buff saved to /sdcard/Android/data/org.chatengine.messenger.beta/files/buff_1765177550999.bin
12-08 07:05:50.999  1992  2055 D tmessages: java received org.telegram.tgnet.TLRPC$TL_upload_file@a5a70ad error = null
12-08 07:05:50.999  1992  2055 D tgnet   : connection(0x7f2708d35620) reset last event time, on connect
12-08 07:05:50.999  1992  2055 D tgnet   : [  ConnectionSocket.cpp: 959] connection(0x7f2708d35620) reset last event time, on connect
12-08 07:05:50.999  1992  2055 D tgnet   : connection(0x7f2708d35620, account0, dc1, type 2) connected to 43.155.11.190:10443
12-08 07:05:50.999  1992  2055 D tgnet   : [        Connection.cpp: 831] connection(0x7f2708d35620, account0, dc1, type 2) connected to 43.155.11.190:10443
12-08 07:05:50.999  1992  2055 D tgnet   : called from onConnectionConnected
12-08 07:05:50.999  1992  2055 D tgnet   : [ConnectionsManager.cpp: 817] called from onConnectionConnected
12-08 07:05:50.999  1992  2055 D tgnet   : send message (session: 0xabcd5d79503fff9f, seqno: 23, messageid: 7581379852882019328  0x693678ceee560400): 14TL_api_request(0x7f2648c58ef0)
12-08 07:05:50.999  1992  2055 D tgnet   : [        Datacenter.cpp:1186] send message (session: 0xabcd5d79503fff9f, seqno: 23, messageid: 7581379852882019328  0x693678ceee560400): 14TL_api_request(0x7f2648c58ef0)
12-08 07:05:50.999  1992  2043 D tmessages: debug_loading: 1_1655888074694987777.tgs time=107 dcId=1 cdn=false conType=2 reqId40
12-08 07:05:50.999  1992  2055 D tgnet   : send message (session: 0xabcd5d79503fff9f, seqno: 25, messageid: 7581379852907789312  0x693678ceefdf3c00): 14TL_api_request(0x7f2648c53d30)
12-08 07:05:50.999  1992  2055 D tgnet   : [        Datacenter.cpp:1186] send message (session: 0xabcd5d79503fff9f, seqno: 25, messageid: 7581379852907789312  0x693678ceefdf3c00): 14TL_api_request(0x7f2648c53d30)
12-08 07:05:50.999  1992  2055 D tgnet   : send message (session: 0xabcd5d79503fff9f, seqno: 27, messageid: 7581379852942148608  0x693678cef1eb8400): 14TL_api_request(0x7f2648c56250)
12-08 07:05:50.999  1992  2055 D tgnet   : [        Datacenter.cpp:1186] send message (session: 0xabcd5d79503fff9f, seqno: 27, messageid: 7581379852942148608  0x693678cef1eb8400): 14TL_api_request(0x7f2648c56250)
12-08 07:05:50.999  1992  2055 D tgnet   : send message (session: 0xabcd5d79503fff9f, seqno: 29, messageid: 7581379853045228544  0x693678cef8106400): 14TL_api_request(0x7f2648c57990)
12-08 07:05:50.999  1992  2055 D tgnet   : [        Datacenter.cpp:1186] send message (session: 0xabcd5d79503fff9f, seqno: 29, messageid: 7581379853045228544  0x693678cef8106400): 14TL_api_request(0x7f2648c57990)
12-08 07:05:50.999  1992  2055 D tgnet   : send message (session: 0xabcdca306b2f5ff2, seqno: 1, messageid: 7581379853049523200  0x693678cef851ec00): 14TL_api_request(0x7f2648c53f70)
12-08 07:05:50.999  1992  2055 D tgnet   : [        Datacenter.cpp:1186] send message (session: 0xabcdca306b2f5ff2, seqno: 1, messageid: 7581379853049523200  0x693678cef851ec00): 14TL_api_request(0x7f2648c53f70)
12-08 07:05:51.004  1992  2055 D tgnet   : received message len 200 (currentPacketLength) equal to packet size
12-08 07:05:51.005  1992  2055 D tgnet   : [        Connection.cpp: 275] received message len 200 (currentPacketLength) equal to packet size
12-08 07:05:51.005  1992  2055 D tgnet   : api request constructor 0x3b6d152e, don't parse
12-08 07:05:51.005  1992  2055 D tgnet   : [ConnectionsManager.cpp:1096] api request constructor 0x3b6d152e, don't parse
12-08 07:05:51.005  1992  2055 D tgnet   : connection(0x7f2708c08070, account0, dc1, type 1) received object 13TL_rpc_result
12-08 07:05:51.005  1992  2055 D tgnet   : [ConnectionsManager.cpp:1008] connection(0x7f2708c08070, account0, dc1, type 1) received object 13TL_rpc_result
12-08 07:05:51.005  1992  2055 D tgnet   : process server response 0x7f2648c54150 - 13TL_rpc_result
12-08 07:05:51.005  1992  2055 D tgnet   : [ConnectionsManager.cpp:1122] process server response 0x7f2648c54150 - 13TL_rpc_result
12-08 07:05:51.005  1992  2055 D tgnet   : message_id 7581379850752395945 connection(0x7f2708c08070, account0, dc1, type 1) received rpc_result with 15TL_api_response
12-08 07:05:51.005  1992  2055 D tgnet   : [ConnectionsManager.cpp:1267] message_id 7581379850752395945 connection(0x7f2708c08070, account0, dc1, type 1) received rpc_result with 15TL_api_response
12-08 07:05:51.005  1992  2055 D tgnet   : got response for request 0x7f2648c58a70 - 14TL_api_request
12-08 07:05:51.005  1992  2055 D tgnet   : [ConnectionsManager.cpp:1303] got response for request 0x7f2648c58a70 - 14TL_api_request
12-08 07:05:51.006  1992  2055 D tmessages: CM java buff saved to /sdcard/Android/data/org.chatengine.messenger.beta/files/buff_1765177551005.bin
12-08 07:05:51.006  1992  2038 D tmessages: start loading file to temp = /storage/emulated/0/Android/data/org.chatengine.messenger.beta/cache/1_1655889310752182273.temp final = /storage/emulated/0/Android/data/org.chatengine.messenger.beta/cache/1_1655889310752182273.tgs priority0
12-08 07:05:51.006  1992  2043 D tmessages: finished downloading file to /storage/emulated/0/Android/data/org.chatengine.messenger.beta/cache/1_1655888074694987777.tgs time = 37 dc = 1 size = 17.7 KB
12-08 07:05:51.006  1992  2055 D tmessages: java received org.telegram.tgnet.TLRPC$TL_users_userFull@c0d7fcf error = null
12-08 07:05:51.009  1992  2055 D tgnet   : connection(0x7f2708c08070, account0, dc1, type 1) received message len (currentPacketLength) 184 but packet (buffer->remaining()) larger 3225
12-08 07:05:51.009  1992  2055 D tgnet   : [        Connection.cpp: 269] connection(0x7f2708c08070, account0, dc1, type 1) received message len (currentPacketLength) 184 but packet (buffer->remaining()) larger 3225
12-08 07:05:51.009  1992  2033 D MTProto : requestMsgId=139799395009840 requestingTime=105 request_token=45
12-08 07:05:51.009  1992  2033 D MTProto : req -> TL_users_getFullUser : {"id":{"access_hash":0,"user_id":0}}
12-08 07:05:51.009  1992  2055 D tgnet   : api request constructor 0xeae87e42, don't parse
12-08 07:05:51.009  1992  2033 D MTProto : res -> TL_users_userFull : {"chats":[],"full_user":{"blocked":false,"can_pin_message":true,"common_chats_count":0,"flags":128,"folder_id":0,"has_scheduled":false,"id":1271292291,"notify_settings":{"events_mask":0,"flags":0,"mute_until":0,"show_previews":false,"silent":false},"phone_calls_available":false,"phone_calls_private":false,"pinned_msg_id":0,"premium_gifts":[],"settings":{"add_contact":false,"autoarchived":false,"block_contact":false,"flags":0,"geo_distance":0,"invite_members":false,"need_contacts_exception":false,"report_geo":false,"report_spam":false,"request_chat_broadcast":false,"request_chat_date":0,"share_contact":false},"translations_disabled":false,"ttl_period":0,"video_calls_available":false,"voice_messages_forbidden":false},"users":[{"access_hash":1987210240484221045,"apply_min_photo":false,"attach_menu_enabled":false,"bot":false,"bot_attach_menu":false,"bot_chat_history":false,"bot_info_version":0,"bot_inline_geo":false,"bot_menu_webview":false,"bot_nochats":false,"contact":true,"deleted":false,"explicit_content":false,"fake":false,"first_name":"U","flags":7255,"flags2":0,"id":1271292291,"inactive":false,"last_name":"7","min":false,"mutual_contact":true,"premium":false,"restricted":false,"restriction_reason":[],"scam":false,"self":true,"status":{"expires":0},"support":false,"usernames":[],"verified":false}]}
12-08 07:05:51.009  1992  2033 D MTProto :  
12-08 07:05:51.009  1992  2055 D tgnet   : [ConnectionsManager.cpp:1096] api request constructor 0xeae87e42, don't parse
12-08 07:05:51.009  1992  2055 D tgnet   : connection(0x7f2708c08070, account0, dc1, type 1) received object 13TL_rpc_result
12-08 07:05:51.009  1992  2055 D tgnet   : [ConnectionsManager.cpp:1008] connection(0x7f2708c08070, account0, dc1, type 1) received object 13TL_rpc_result
12-08 07:05:51.009  1992  2055 D tgnet   : process server response 0x7f2648c54150 - 13TL_rpc_result
12-08 07:05:51.009  1992  2055 D tgnet   : [ConnectionsManager.cpp:1122] process server response 0x7f2648c54150 - 13TL_rpc_result
12-08 07:05:51.009  1992  2055 D tgnet   : message_id 7581379850758687409 connection(0x7f2708c08070, account0, dc1, type 1) received rpc_result with 15TL_api_response
12-08 07:05:51.009  1992  2055 D tgnet   : [ConnectionsManager.cpp:1267] message_id 7581379850758687409 connection(0x7f2708c08070, account0, dc1, type 1) received rpc_result with 15TL_api_response
12-08 07:05:51.009  1992  2055 D tgnet   : got response for request 0x7f2648c59730 - 14TL_api_request
12-08 07:05:51.009  1992  2055 D tgnet   : [ConnectionsManager.cpp:1303] got response for request 0x7f2648c59730 - 14TL_api_request
12-08 07:05:51.009  1992  2055 D tmessages: CM java buff saved to /sdcard/Android/data/org.chatengine.messenger.beta/files/buff_1765177551009.bin
12-08 07:05:51.018  1992  2038 D tmessages: start loading file to temp = /storage/emulated/0/Android/data/org.chatengine.messenger.beta/cache/1_1655891575886057472.temp final = /storage/emulated/0/Android/data/org.chatengine.messenger.beta/cache/1_1655891575886057472.tgs priority65536
12-08 07:05:51.018  1992  2055 D tmessages: java received org.telegram.tgnet.TLRPC$TL_contacts_contacts@a33fabf error = null
12-08 07:05:51.018  1992  2043 D tmessages: send request org.telegram.tgnet.TLRPC$TL_upload_getFile@d42258c with token = 62
12-08 07:05:51.018  1992  2043 D tmessages: debug_loading: 1_1655889310752182273.tgs send reqId 62
12-08 07:05:51.018  1992  2043 D tmessages: send request org.telegram.tgnet.TLRPC$TL_upload_getFile@fb783db with token = 63
12-08 07:05:51.018  1992  2043 D tmessages: debug_loading: 1_1655889310752182273.tgs send reqId 63
12-08 07:05:51.019  1992  2055 D tgnet   : connection(0x7f2708c08070, account0, dc1, type 1) received message len (currentPacketLength) 264 but packet (buffer->remaining()) larger 3040
12-08 07:05:51.019  1992  2055 D tgnet   : [        Connection.cpp: 269] connection(0x7f2708c08070, account0, dc1, type 1) received message len (currentPacketLength) 264 but packet (buffer->remaining()) larger 3040
12-08 07:05:51.019  1992  2033 D MTProto : requestMsgId=139799395009840 requestingTime=116 request_token=43
12-08 07:05:51.019  1992  2033 D MTProto : req -> TL_contacts_getContacts : {"hash":0}
12-08 07:05:51.019  1992  2055 D tgnet   : api request constructor 0x3371c354, don't parse
12-08 07:05:51.019  1992  2055 D tgnet   : [ConnectionsManager.cpp:1096] api request constructor 0x3371c354, don't parse
12-08 07:05:51.019  1992  2033 D MTProto : res -> TL_contacts_contacts : {"contacts":[{"mutual":false,"user_id":1271284286}],"saved_count":0,"users":[{"access_hash":7248528399095271617,"apply_min_photo":false,"attach_menu_enabled":false,"bot":false,"bot_attach_menu":false,"bot_chat_history":false,"bot_info_version":0,"bot_inline_geo":false,"bot_menu_webview":false,"bot_nochats":false,"contact":true,"deleted":false,"explicit_content":false,"fake":false,"first_name":"U","flags":2127,"flags2":0,"id":1271284286,"inactive":false,"last_name":"2","min":false,"mutual_contact":false,"premium":false,"restricted":false,"restriction_reason":[],"scam":false,"self":false,"status":{"expires":1765177459},"support":false,"username":"xxxxspace","usernames":[],"verified":false}]}
12-08 07:05:51.019  1992  2033 D MTProto :  
12-08 07:05:51.019  1992  2055 D tgnet   : connection(0x7f2708c08070, account0, dc1, type 1) received object 13TL_rpc_result
12-08 07:05:51.019  1992  2055 D tgnet   : [ConnectionsManager.cpp:1008] connection(0x7f2708c08070, account0, dc1, type 1) received object 13TL_rpc_result
12-08 07:05:51.019  1992  2055 D tgnet   : process server response 0x7f2648c54150 - 13TL_rpc_result
12-08 07:05:51.019  1992  2055 D tgnet   : [ConnectionsManager.cpp:1122] process server response 0x7f2648c54150 - 13TL_rpc_result
12-08 07:05:51.019  1992  2055 D tgnet   : message_id 7581379850767076025 connection(0x7f2708c08070, account0, dc1, type 1) received rpc_result with 15TL_api_response
12-08 07:05:51.019  1992  2055 D tgnet   : [ConnectionsManager.cpp:1267] message_id 7581379850767076025 connection(0x7f2708c08070, account0, dc1, type 1) received rpc_result with 15TL_api_response
12-08 07:05:51.019  1992  2055 D tgnet   : got response for request 0x7f2648c56a30 - 14TL_api_request
12-08 07:05:51.019  1992  2055 D tgnet   : [ConnectionsManager.cpp:1303] got response for request 0x7f2648c56a30 - 14TL_api_request
12-08 07:05:51.019  1992  2055 D tmessages: CM java buff saved to /sdcard/Android/data/org.chatengine.messenger.beta/files/buff_1765177551019.bin
12-08 07:05:51.019  1992  2055 D tmessages: java received org.telegram.tgnet.TLRPC$TL_messages_peerDialogs@f359a24 error = null
12-08 07:05:51.020  1992  2055 D tgnet   : connection(0x7f2708c08070, account0, dc1, type 1) received packet size less(2772) then message size(12488)
12-08 07:05:51.020  1992  2055 D tgnet   : [        Connection.cpp: 277] connection(0x7f2708c08070, account0, dc1, type 1) received packet size less(2772) then message size(12488)
12-08 07:05:51.021  1992  2055 D tgnet   : send request 0x7f2648c58a70 - 14TL_api_request
12-08 07:05:51.021  1992  2055 D tgnet   : [ConnectionsManager.cpp:1875] send request 0x7f2648c58a70 - 14TL_api_request
12-08 07:05:51.021  1992  2055 D tgnet   : send request wrapped 0x7f2648c58a70 - 14TL_api_request
12-08 07:05:51.021  1992  2055 D tgnet   : [ConnectionsManager.cpp:1882] send request wrapped 0x7f2648c58a70 - 14TL_api_request
12-08 07:05:51.021  1992  2055 D tgnet   : send request 0x7f2648c5a930 - 14TL_api_request
12-08 07:05:51.021  1992  2055 D tgnet   : [ConnectionsManager.cpp:1875] send request 0x7f2648c5a930 - 14TL_api_request
12-08 07:05:51.021  1992  2055 D tgnet   : send request wrapped 0x7f2648c5a930 - 14TL_api_request
12-08 07:05:51.021  1992  2055 D tgnet   : [ConnectionsManager.cpp:1882] send request wrapped 0x7f2648c5a930 - 14TL_api_request
12-08 07:05:51.021  1992  2055 D tgnet   : messageId for token = 62, 0x693678cf05604400
12-08 07:05:51.021  1992  2055 D tgnet   : [ConnectionsManager.cpp:2609] messageId for token = 62, 0x693678cf05604400
12-08 07:05:51.021  1992  2055 E tgnet   : connection(0x7f2708d30270) return true
12-08 07:05:51.021  1992  2055 D tgnet   : send message (session: 0xabcd5d79503fff9f, seqno: 31, messageid: 7581379853268567040  0x693678cf05604400): 14TL_api_request(0x7f2648c58a70)
12-08 07:05:51.021  1992  2055 D tgnet   : [        Datacenter.cpp:1186] send message (session: 0xabcd5d79503fff9f, seqno: 31, messageid: 7581379853268567040  0x693678cf05604400): 14TL_api_request(0x7f2648c58a70)
12-08 07:05:51.021  1992  2033 D MTProto : requestMsgId=139799395009840 requestingTime=116 request_token=44
12-08 07:05:51.021  1992  2055 D tgnet   : messageId for token = 63, 0x693678cf05604404
12-08 07:05:51.021  1992  2055 D tgnet   : [ConnectionsManager.cpp:2609] messageId for token = 63, 0x693678cf05604404
12-08 07:05:51.021  1992  2033 D MTProto : req -> TL_messages_getPeerDialogs : {"peers":[{"peer":{"access_hash":1987210240484221045,"channel_id":0,"chat_id":0,"msg_id":0,"user_id":1271292291}}]}
12-08 07:05:51.021  1992  2055 E tgnet   : connection(0x7f2708d35620) return true
12-08 07:05:51.021  1992  2033 D MTProto : res -> TL_messages_peerDialogs : {"chats":[],"dialogs":[{"flags":0,"folder_id":0,"id":0,"isFolder":false,"last_message_date":0,"notify_settings":{"events_mask":0,"flags":0,"mute_until":0,"show_previews":false,"silent":false},"peer":{"channel_id":0,"chat_id":0,"user_id":1271292291},"pinned":false,"pinnedNum":0,"pts":0,"read_inbox_max_id":0,"read_outbox_max_id":6,"top_message":0,"ttl_period":0,"unread_count":0,"unread_mark":false,"unread_mentions_count":0,"unread_reactions_count":0}],"messages":[],"state":{"date":1765177550,"pts":21,"qts":0,"seq":-1,"unread_count":0},"users":[{"access_hash":1987210240484221045,"apply_min_photo":false,"attach_menu_enabled":false,"bot":false,"bot_attach_menu":false,"bot_chat_history":false,"bot_info_version":0,"bot_inline_geo":false,"bot_menu_webview":false,"bot_nochats":false,"contact":true,"deleted":false,"explicit_content":false,"fake":false,"first_name":"U","flags":7255,"flags2":0,"id":1271292291,"inactive":false,"last_name":"7","min":false,"mutual_contact":true,"premium":false,"restricted":false,"restriction_reason":[],"scam":false,"self":true,"status":{"expires":1765177609},"support":false,"usernames":[],"verified":false}]}
12-08 07:05:51.021  1992  2033 D MTProto :  
12-08 07:05:51.021  1992  2055 D tgnet   : send message (session: 0xabcdca306b2f5ff2, seqno: 3, messageid: 7581379853268567044  0x693678cf05604404): 14TL_api_request(0x7f2648c5a930)
12-08 07:05:51.021  1992  2055 D tgnet   : [        Datacenter.cpp:1186] send message (session: 0xabcdca306b2f5ff2, seqno: 3, messageid: 7581379853268567044  0x693678cf05604404): 14TL_api_request(0x7f2648c5a930)
12-08 07:05:51.021  1992  2055 D tgnet   : connection( account0, dc1, type 1) received packet size less(5552) then message size(12492)
12-08 07:05:51.021  1992  2055 D tgnet   : [        Connection.cpp: 155] connection( account0, dc1, type 1) received packet size less(5552) then message size(12492)
12-08 07:05:51.021  1992  1992 D tmessages: peer settings loaded for 1271292291 add = false block = false spam = false share = false geo = false hide = true distance = 0 invite = false
12-08 07:05:51.021  1992  2043 D tmessages: process update TL_updateReadHistoryInbox
12-08 07:05:51.021  1992  2043 D tmessages: process update TL_updateReadHistoryOutbox
12-08 07:05:51.021  1992  2043 D tmessages: done loading contacts
12-08 07:05:51.023  1992  2038 D tmessages: create load operation fileName=1_1655891575886057472.tgs documentName=AnimatedSticker.tgssize=8.4 KB position in queue 0 account=0
12-08 07:05:51.025  1992  2055 D tgnet   : connection( account0, dc1, type 1) received packet size less(8328) then message size(12492)
12-08 07:05:51.025  1992  2055 D tgnet   : [        Connection.cpp: 155] connection( account0, dc1, type 1) received packet size less(8328) then message size(12492)
12-08 07:05:51.032  1992  2040 D tmessages: 1271292291 update unread messages count 0
12-08 07:05:51.032  1992  2040 D tmessages: 1271292291 set inbox max 0
12-08 07:05:51.035  1992  2055 D tgnet   : connection( account0, dc1, type 1) received packet size less(11104) then message size(12492)
12-08 07:05:51.035  1992  2055 D tgnet   : [        Connection.cpp: 155] connection( account0, dc1, type 1) received packet size less(11104) then message size(12492)
