12-08 06:53:09.417  1491  1580 D tgnet   : [        Connection.cpp: 155] connection( account0, dc1, type 2) received packet size less(27928) then message size(32876)
12-08 06:53:09.422  1491  1580 D tgnet   : received message len 136 (currentPacketLength) equal to packet size
12-08 06:53:09.422  1491  1580 D tgnet   : [        Connection.cpp: 275] received message len 136 (currentPacketLength) equal to packet size
12-08 06:53:09.422  1491  1580 D tgnet   : not found request to parse constructor 0x74ae4240
12-08 06:53:09.422  1491  1580 D tgnet   : [ConnectionsManager.cpp:1105] not found request to parse constructor 0x74ae4240
12-08 06:53:09.424  1491  1580 D tmessages: java received org.telegram.tgnet.TLRPC$TL_updates@5c64c13
12-08 06:53:09.425  1491  1563 D tmessages: process update TL_updateReadHistoryOutbox
12-08 06:53:09.425  1491  1580 D tgnet   : connection( account0, dc1, type 2) received packet size less(26780) then message size(32876)
12-08 06:53:09.425  1491  1580 D tgnet   : [        Connection.cpp: 155] connection( account0, dc1, type 2) received packet size less(26780) then message size(32876)
12-08 06:53:09.426  1491  1532 D MTProto : msgId=0
12-08 06:53:09.426  1491  1532 D MTProto : receive message -> TL_updates : {"chat_id":0,"chats":[],"date":1765176789,"entities":[],"flags":0,"from_id":0,"id":0,"media_unread":false,"mentioned":false,"out":false,"pts":0,"pts_count":0,"seq":0,"seq_start":0,"silent":false,"ttl_period":0,"updates":[{"max_id":5,"peer":{"channel_id":0,"chat_id":0,"user_id":1271292291},"pts":14,"pts_count":1}],"user_id":0,"users":[],"via_bot_id":0}
12-08 06:53:09.426  1491  1532 D MTProto :  
12-08 06:53:09.427  1491  1580 D tgnet   : connection( account0, dc1, type 2) received packet size less(29556) then message size(32876)
12-08 06:53:09.428  1491  1580 D tgnet   : [        Connection.cpp: 155] connection( account0, dc1, type 2) received packet size less(29556) then message size(32876)
12-08 06:53:09.428  1491  1580 D tgnet   : connection( account0, dc1, type 2) received packet size less(32332) then message size(32876)
12-08 06:53:09.428  1491  1580 D tgnet   : [        Connection.cpp: 155] connection( account0, dc1, type 2) received packet size less(32332) then message size(32876)
12-08 06:53:09.429  1491  1580 D tgnet   : received message len 32872 (currentPacketLength) equal to packet size
12-08 06:53:09.429  1491  1580 D tgnet   : [        Connection.cpp: 275] received message len 32872 (currentPacketLength) equal to packet size
12-08 06:53:09.431  1491  1580 D tgnet   : not found request to parse constructor 0x96a18d5
12-08 06:53:09.431  1491  1580 D tgnet   : [ConnectionsManager.cpp:1105] not found request to parse constructor 0x96a18d5
12-08 06:53:09.431  1491  1580 D tgnet   : connection(0x7c52c50384c0, account0, dc1, type 2) received packet size less(2228) then message size(32872)
12-08 06:53:09.431  1491  1580 D tgnet   : [        Connection.cpp: 277] connection(0x7c52c50384c0, account0, dc1, type 2) received packet size less(2228) then message size(32872)
12-08 06:53:09.431  1491  1580 D tgnet   : received message len 32872 (currentPacketLength) equal to packet size
12-08 06:53:09.431  1491  1580 D tgnet   : [        Connection.cpp: 275] received message len 32872 (currentPacketLength) equal to packet size
12-08 06:53:09.432  1491  1580 D tgnet   : api request constructor 0x96a18d5, don't parse
12-08 06:53:09.432  1491  1580 D tgnet   : [ConnectionsManager.cpp:1096] api request constructor 0x96a18d5, don't parse
12-08 06:53:09.433  1491  1580 D tgnet   : connection(0x7c52c50391a0, account0, dc1, type 2) received object 13TL_rpc_result
12-08 06:53:09.433  1491  1580 D tgnet   : [ConnectionsManager.cpp:1008] connection(0x7c52c50391a0, account0, dc1, type 2) received object 13TL_rpc_result
12-08 06:53:09.433  1491  1580 D tgnet   : process server response 0x7c5205040fd0 - 13TL_rpc_result
12-08 06:53:09.433  1491  1580 D tgnet   : [ConnectionsManager.cpp:1122] process server response 0x7c5205040fd0 - 13TL_rpc_result
12-08 06:53:09.433  1491  1580 D tgnet   : message_id 7581376580843634969 connection(0x7c52c50391a0, account0, dc1, type 2) received rpc_result with 15TL_api_response
12-08 06:53:09.433  1491  1580 D tgnet   : [ConnectionsManager.cpp:1267] message_id 7581376580843634969 connection(0x7c52c50391a0, account0, dc1, type 2) received rpc_result with 15TL_api_response
12-08 06:53:09.433  1491  1580 D tgnet   : got response for request 0x7c5205040670 - 14TL_api_request
12-08 06:53:09.433  1491  1580 D tgnet   : [ConnectionsManager.cpp:1303] got response for request 0x7c5205040670 - 14TL_api_request
12-08 06:53:09.434  1491  1580 D tmessages: CM java buff saved to /sdcard/Android/data/org.chatengine.messenger.beta/files/buff_1765176789433.bin
12-08 06:53:09.435  1491  1580 D tmessages: java received org.telegram.tgnet.TLRPC$TL_upload_file@5fab849 error = null
12-08 06:53:09.435  1491  1580 D tgnet   : connection(0x7c52c50391a0, account0, dc1, type 2) received packet size less(600) then message size(32872)
12-08 06:53:09.435  1491  1580 D tgnet   : [        Connection.cpp: 277] connection(0x7c52c50391a0, account0, dc1, type 2) received packet size less(600) then message size(32872)
12-08 06:53:09.436  1491  1563 D tmessages: debug_loading: 1_1655891440108048385.webm time=311 dcId=1 cdn=false conType=2 reqId81
12-08 06:53:09.436  1491  1580 D tgnet   : connection( account0, dc1, type 2) received packet size less(8932) then message size(32876)
12-08 06:53:09.436  1491  1580 D tgnet   : [        Connection.cpp: 155] connection( account0, dc1, type 2) received packet size less(8932) then message size(32876)
12-08 06:53:09.436  1491  1563 D tmessages: save file part 1_1655891440108048385.webm offset=65536 chunk_size=32768 isCdn=false
12-08 06:53:09.438  1491  1563 D tmessages: send request org.telegram.tgnet.TLRPC$TL_upload_getFile@15ce54e with token = 87
12-08 06:53:09.438  1491  1580 D tgnet   : send request 0x7c520503ee70 - 14TL_api_request
12-08 06:53:09.438  1491  1580 D tgnet   : [ConnectionsManager.cpp:1875] send request 0x7c520503ee70 - 14TL_api_request
12-08 06:53:09.438  1491  1563 D tmessages: debug_loading: 1_1655891440108048385.webm send reqId 87
12-08 06:53:09.438  1491  1580 D tgnet   : send request wrapped 0x7c520503ee70 - 14TL_api_request
12-08 06:53:09.438  1491  1580 D tgnet   : [ConnectionsManager.cpp:1882] send request wrapped 0x7c520503ee70 - 14TL_api_request
12-08 06:53:09.438  1491  1580 D tgnet   : messageId for token = 87, 0x693675d57020c400
12-08 06:53:09.438  1491  1580 D tgnet   : [ConnectionsManager.cpp:2609] messageId for token = 87, 0x693675d57020c400
12-08 06:53:09.438  1491  1580 E tgnet   : connection(0x7c52c50391a0) return true
12-08 06:53:09.438  1491  1580 D tgnet   : send message (session: 0xabcdf93babf801a0, seqno: 83, messageid: 7581376582294488064  0x693675d57020c400): 14TL_api_request(0x7c520503ee70)
12-08 06:53:09.439  1491  1580 D tgnet   : [        Datacenter.cpp:1186] send message (session: 0xabcdf93babf801a0, seqno: 83, messageid: 7581376582294488064  0x693675d57020c400): 14TL_api_request(0x7c520503ee70)
12-08 06:53:09.441  1491  1580 D tgnet   : connection( account0, dc1, type 2) received packet size less(11708) then message size(32876)
12-08 06:53:09.442  1491  1580 D tgnet   : [        Connection.cpp: 155] connection( account0, dc1, type 2) received packet size less(11708) then message size(32876)
12-08 06:53:09.442  1491  1580 D tgnet   : connection( account0, dc1, type 2) received packet size less(7784) then message size(32876)
12-08 06:53:09.443  1491  1580 D tgnet   : [        Connection.cpp: 155] connection( account0, dc1, type 2) received packet size less(7784) then message size(32876)
12-08 06:53:09.443  1491  1580 D tgnet   : connection( account0, dc1, type 2) received packet size less(13336) then message size(32876)
12-08 06:53:09.443  1491  1580 D tgnet   : [        Connection.cpp: 155] connection( account0, dc1, type 2) received packet size less(13336) then message size(32876)
12-08 06:53:09.444  1491  1491 D tmessages: chatItemAnimator disable notifications
12-08 06:53:09.445  1491  1491 D tmessages: animate remove impl
12-08 06:53:09.456  1491  1580 D tgnet   : connection( account0, dc1, type 2) received packet size less(14724) then message size(32876)
12-08 06:53:09.456  1491  1580 D tgnet   : [        Connection.cpp: 155] connection( account0, dc1, type 2) received packet size less(14724) then message size(32876)
12-08 06:53:09.462  1491  1580 D tgnet   : connection( account0, dc1, type 2) received packet size less(14484) then message size(32876)
12-08 06:53:09.463  1491  1580 D tgnet   : [        Connection.cpp: 155] connection( account0, dc1, type 2) received packet size less(14484) then message size(32876)
12-08 06:53:09.464  1491  1580 D tgnet   : connection( account0, dc1, type 2) received packet size less(20036) then message size(32876)
12-08 06:53:09.464  1491  1580 D tgnet   : [        Connection.cpp: 155] connection( account0, dc1, type 2) received packet size less(20036) then message size(32876)
12-08 06:53:09.465  1491  1580 D tgnet   : connection( account0, dc1, type 2) received packet size less(25588) then message size(32876)
12-08 06:53:09.465  1491  1580 D tgnet   : [        Connection.cpp: 155] connection( account0, dc1, type 2) received packet size less(25588) then message size(32876)
12-08 06:53:09.465  1491  1580 D tgnet   : connection( account0, dc1, type 2) received packet size less(31140) then message size(32876)
12-08 06:53:09.465  1491  1580 D tgnet   : [        Connection.cpp: 155] connection( account0, dc1, type 2) received packet size less(31140) then message size(32876)
12-08 06:53:09.467  1491  1580 D tgnet   : connection( account0, dc1, type 2) received packet size less(17500) then message size(32876)
12-08 06:53:09.467  1491  1580 D tgnet   : [        Connection.cpp: 155] connection( account0, dc1, type 2) received packet size less(17500) then message size(32876)
12-08 06:53:09.478  1491  1580 D tgnet   : connection( account0, dc1, type 2) received packet size less(20276) then message size(32876)
12-08 06:53:09.478  1491  1580 D tgnet   : [        Connection.cpp: 155] connection( account0, dc1, type 2) received packet size less(20276) then message size(32876)
12-08 06:53:09.479  1491  1580 D tgnet   : connection( account0, dc1, type 2) received packet size less(25828) then message size(32876)
12-08 06:53:09.479  1491  1580 D tgnet   : [        Connection.cpp: 155] connection( account0, dc1, type 2) received packet size less(25828) then message size(32876)
12-08 06:53:09.479  1491  1580 D tgnet   : connection( account0, dc1, type 2) received packet size less(31380) then message size(32876)
12-08 06:53:09.479  1491  1580 D tgnet   : [        Connection.cpp: 155] connection( account0, dc1, type 2) received packet size less(31380) then message size(32876)
12-08 06:53:09.488  1491  1580 D tgnet   : connection( account0, dc1, type 2) received packet size less(31380) then message size(32876)
12-08 06:53:09.488  1491  1580 D tgnet   : [        Connection.cpp: 155] connection( account0, dc1, type 2) received packet size less(31380) then message size(32876)
12-08 06:53:09.490  1491  1580 D tgnet   : received message len 32872 (currentPacketLength) equal to packet size
12-08 06:53:09.490  1491  1580 D tgnet   : [        Connection.cpp: 275] received message len 32872 (currentPacketLength) equal to packet size
12-08 06:53:09.492  1491  1580 D tgnet   : not found request to parse constructor 0x96a18d5
12-08 06:53:09.492  1491  1580 D tgnet   : [ConnectionsManager.cpp:1105] not found request to parse constructor 0x96a18d5
12-08 06:53:09.492  1491  1580 D tgnet   : connection(0x7c52c50391a0, account0, dc1, type 2) received packet size less(1276) then message size(32872)
12-08 06:53:09.492  1491  1580 D tgnet   : [        Connection.cpp: 277] connection(0x7c52c50391a0, account0, dc1, type 2) received packet size less(1276) then message size(32872)
12-08 06:53:09.492  1491  1580 D tgnet   : connection( account0, dc1, type 2) received packet size less(8220) then message size(32876)
12-08 06:53:09.492  1491  1580 D tgnet   : [        Connection.cpp: 155] connection( account0, dc1, type 2) received packet size less(8220) then message size(32876)
12-08 06:53:09.493  1491  1580 D tgnet   : received message len 32872 (currentPacketLength) equal to packet size
12-08 06:53:09.493  1491  1580 D tgnet   : [        Connection.cpp: 275] received message len 32872 (currentPacketLength) equal to packet size
12-08 06:53:09.494  1491  1580 D tgnet   : api request constructor 0x96a18d5, don't parse
12-08 06:53:09.494  1491  1580 D tgnet   : [ConnectionsManager.cpp:1096] api request constructor 0x96a18d5, don't parse
12-08 06:53:09.494  1491  1580 D tgnet   : connection(0x7c52c50384c0, account0, dc1, type 2) received object 13TL_rpc_result
12-08 06:53:09.494  1491  1580 D tgnet   : [ConnectionsManager.cpp:1008] connection(0x7c52c50384c0, account0, dc1, type 2) received object 13TL_rpc_result
12-08 06:53:09.494  1491  1580 D tgnet   : process server response 0x7c5205042a70 - 13TL_rpc_result
12-08 06:53:09.494  1491  1580 D tgnet   : [ConnectionsManager.cpp:1122] process server response 0x7c5205042a70 - 13TL_rpc_result
12-08 06:53:09.494  1491  1580 D tgnet   : message_id 7581376580870897977 connection(0x7c52c50384c0, account0, dc1, type 2) received rpc_result with 15TL_api_response
12-08 06:53:09.494  1491  1580 D tgnet   : [ConnectionsManager.cpp:1267] message_id 7581376580870897977 connection(0x7c52c50384c0, account0, dc1, type 2) received rpc_result with 15TL_api_response
12-08 06:53:09.495  1491  1580 D tgnet   : got response for request 0x7c5205041270 - 14TL_api_request
12-08 06:53:09.495  1491  1580 D tgnet   : [ConnectionsManager.cpp:1303] got response for request 0x7c5205041270 - 14TL_api_request
12-08 06:53:09.496  1491  1580 D tmessages: CM java buff saved to /sdcard/Android/data/org.chatengine.messenger.beta/files/buff_1765176789495.bin
12-08 06:53:09.496  1491  1580 D tmessages: java received org.telegram.tgnet.TLRPC$TL_upload_file@6fa768 error = null
12-08 06:53:09.497  1491  1580 D tgnet   : connection(0x7c52c50384c0, account0, dc1, type 2) received packet size less(5440) then message size(32872)
12-08 06:53:09.497  1491  1580 D tgnet   : [        Connection.cpp: 277] connection(0x7c52c50384c0, account0, dc1, type 2) received packet size less(5440) then message size(32872)
12-08 06:53:09.497  1491  1580 D tgnet   : connection( account0, dc1, type 2) received packet size less(6832) then message size(32876)
12-08 06:53:09.497  1491  1580 D tgnet   : [        Connection.cpp: 155] connection( account0, dc1, type 2) received packet size less(6832) then message size(32876)
12-08 06:53:09.497  1491  1563 D tmessages: debug_loading: 1_1655891440108048385.webm time=373 dcId=1 cdn=false conType=65538 reqId82
12-08 06:53:09.497  1491  1580 D tgnet   : connection( account0, dc1, type 2) received packet size less(17936) then message size(32876)
12-08 06:53:09.497  1491  1580 D tgnet   : [        Connection.cpp: 155] connection( account0, dc1, type 2) received packet size less(17936) then message size(32876)
12-08 06:53:09.498  1491  1563 D tmessages: save file part 1_1655891440108048385.webm offset=98304 chunk_size=32768 isCdn=false
12-08 06:53:09.498  1491  1563 D tmessages: send request org.telegram.tgnet.TLRPC$TL_upload_getFile@6fc2781 with token = 88
12-08 06:53:09.499  1491  1563 D tmessages: debug_loading: 1_1655891440108048385.webm send reqId 88
12-08 06:53:09.499  1491  1580 D tgnet   : send request 0x7c5205041ff0 - 14TL_api_request
12-08 06:53:09.499  1491  1580 D tgnet   : [ConnectionsManager.cpp:1875] send request 0x7c5205041ff0 - 14TL_api_request
12-08 06:53:09.499  1491  1580 D tgnet   : send request wrapped 0x7c5205041ff0 - 14TL_api_request
12-08 06:53:09.499  1491  1580 D tgnet   : [ConnectionsManager.cpp:1882] send request wrapped 0x7c5205041ff0 - 14TL_api_request
12-08 06:53:09.500  1491  1580 D tgnet   : messageId for token = 88, 0x693675d580000000
12-08 06:53:09.500  1491  1580 D tgnet   : [ConnectionsManager.cpp:2609] messageId for token = 88, 0x693675d580000000
12-08 06:53:09.500  1491  1580 E tgnet   : connection(0x7c52c50384c0) return true
12-08 06:53:09.500  1491  1580 D tgnet   : send message (session: 0xabcdff386d5ad64c, seqno: 31, messageid: 7581376582560776192  0x693675d580000000): 14TL_api_request(0x7c5205041ff0)
12-08 06:53:09.500  1491  1580 D tgnet   : [        Datacenter.cpp:1186] send message (session: 0xabcdff386d5ad64c, seqno: 31, messageid: 7581376582560776192  0x693675d580000000): 14TL_api_request(0x7c5205041ff0)
12-08 06:53:09.505  1491  1580 D tgnet   : connection( account0, dc1, type 2) received packet size less(20712) then message size(32876)
12-08 06:53:09.505  1491  1580 D tgnet   : [        Connection.cpp: 155] connection( account0, dc1, type 2) received packet size less(20712) then message size(32876)
12-08 06:53:09.513  1491  1580 D tgnet   : connection( account0, dc1, type 2) received packet size less(9608) then message size(32876)
12-08 06:53:09.513  1491  1580 D tgnet   : [        Connection.cpp: 155] connection( account0, dc1, type 2) received packet size less(9608) then message size(32876)
12-08 06:53:09.514  1491  1580 D tgnet   : connection( account0, dc1, type 2) received packet size less(12384) then message size(32876)
12-08 06:53:09.514  1491  1580 D tgnet   : [        Connection.cpp: 155] connection( account0, dc1, type 2) received packet size less(12384) then message size(32876)
12-08 06:53:09.514  1491  1580 D tgnet   : connection( account0, dc1, type 2) received packet size less(17936) then message size(32876)
12-08 06:53:09.514  1491  1580 D tgnet   : [        Connection.cpp: 155] connection( account0, dc1, type 2) received packet size less(17936) then message size(32876)
12-08 06:53:09.515  1491  1580 D tgnet   : connection( account0, dc1, type 2) received packet size less(19324) then message size(32876)
12-08 06:53:09.515  1491  1580 D tgnet   : [        Connection.cpp: 155] connection( account0, dc1, type 2) received packet size less(19324) then message size(32876)
12-08 06:53:09.515  1491  1580 D tgnet   : connection( account0, dc1, type 2) received packet size less(22100) then message size(32876)
12-08 06:53:09.515  1491  1580 D tgnet   : [        Connection.cpp: 155] connection( account0, dc1, type 2) received packet size less(22100) then message size(32876)
12-08 06:53:09.524  1491  1580 D tgnet   : connection( account0, dc1, type 2) received packet size less(24876) then message size(32876)
12-08 06:53:09.524  1491  1580 D tgnet   : [        Connection.cpp: 155] connection( account0, dc1, type 2) received packet size less(24876) then message size(32876)
12-08 06:53:09.524  1491  1580 D tgnet   : connection( account0, dc1, type 2) received packet size less(22100) then message size(32876)
12-08 06:53:09.524  1491  1580 D tgnet   : [        Connection.cpp: 155] connection( account0, dc1, type 2) received packet size less(22100) then message size(32876)
12-08 06:53:09.533  1491  1580 D tgnet   : connection( account0, dc1, type 2) received packet size less(24876) then message size(32876)
12-08 06:53:09.533  1491  1580 D tgnet   : [        Connection.cpp: 155] connection( account0, dc1, type 2) received packet size less(24876) then message size(32876)
12-08 06:53:09.534  1491  1580 D tgnet   : connection( account0, dc1, type 2) received packet size less(27652) then message size(32876)
12-08 06:53:09.534  1491  1580 D tgnet   : [        Connection.cpp: 155] connection( account0, dc1, type 2) received packet size less(27652) then message size(32876)
12-08 06:53:09.536  1491  1580 D tgnet   : connection( account0, dc1, type 2) received packet size less(31912) then message size(32876)
12-08 06:53:09.536  1491  1580 D tgnet   : [        Connection.cpp: 155] connection( account0, dc1, type 2) received packet size less(31912) then message size(32876)
12-08 06:53:09.537  1491  1580 D tgnet   : received message len 32872 (currentPacketLength) equal to packet size
12-08 06:53:09.537  1491  1580 D tgnet   : [        Connection.cpp: 275] received message len 32872 (currentPacketLength) equal to packet size
12-08 06:53:09.538  1491  1580 D tgnet   : api request constructor 0x96a18d5, don't parse
12-08 06:53:09.539  1491  1580 D tgnet   : [ConnectionsManager.cpp:1096] api request constructor 0x96a18d5, don't parse
12-08 06:53:09.539  1491  1580 D tgnet   : connection(0x7c52c50391a0, account0, dc1, type 2) received object 13TL_rpc_result
12-08 06:53:09.539  1491  1580 D tgnet   : [ConnectionsManager.cpp:1008] connection(0x7c52c50391a0, account0, dc1, type 2) received object 13TL_rpc_result
12-08 06:53:09.539  1491  1580 D tgnet   : process server response 0x7c52050428f0 - 13TL_rpc_result
12-08 06:53:09.539  1491  1580 D tgnet   : [ConnectionsManager.cpp:1122] process server response 0x7c52050428f0 - 13TL_rpc_result
12-08 06:53:09.539  1491  1580 D tgnet   : message_id 7581376581097390409 connection(0x7c52c50391a0, account0, dc1, type 2) received rpc_result with 15TL_api_response
12-08 06:53:09.539  1491  1580 D tgnet   : [ConnectionsManager.cpp:1267] message_id 7581376581097390409 connection(0x7c52c50391a0, account0, dc1, type 2) received rpc_result with 15TL_api_response
12-08 06:53:09.539  1491  1580 D tgnet   : got response for request 0x7c5205040c10 - 14TL_api_request
12-08 06:53:09.539  1491  1580 D tgnet   : [ConnectionsManager.cpp:1303] got response for request 0x7c5205040c10 - 14TL_api_request
12-08 06:53:09.540  1491  1580 D tmessages: CM java buff saved to /sdcard/Android/data/org.chatengine.messenger.beta/files/buff_1765176789539.bin
12-08 06:53:09.541  1491  1580 D tmessages: java received org.telegram.tgnet.TLRPC$TL_upload_file@2ade467 error = null
12-08 06:53:09.541  1491  1580 D tgnet   : connection(0x7c52c50391a0, account0, dc1, type 2) received packet size less(12488) then message size(32872)
12-08 06:53:09.541  1491  1580 D tgnet   : [        Connection.cpp: 277] connection(0x7c52c50391a0, account0, dc1, type 2) received packet size less(12488) then message size(32872)
12-08 06:53:09.542  1491  1563 D tmessages: debug_loading: 1_1655891440108048385.webm time=418 dcId=1 cdn=false conType=2 reqId79
12-08 06:53:09.542  1491  1563 D tmessages: save file part 1_1655891440108048385.webm offset=0 chunk_size=32768 isCdn=false
12-08 06:53:09.543  1491  1563 D tmessages: send request org.telegram.tgnet.TLRPC$TL_upload_getFile@e4bd214 with token = 89
12-08 06:53:09.543  1491  1580 D tgnet   : send request 0x7c52050428f0 - 14TL_api_request
12-08 06:53:09.543  1491  1580 D tgnet   : [ConnectionsManager.cpp:1875] send request 0x7c52050428f0 - 14TL_api_request
12-08 06:53:09.544  1491  1563 D tmessages: debug_loading: 1_1655891440108048385.webm send reqId 89
12-08 06:53:09.544  1491  1580 D tgnet   : send request wrapped 0x7c52050428f0 - 14TL_api_request
12-08 06:53:09.544  1491  1580 D tgnet   : [ConnectionsManager.cpp:1882] send request wrapped 0x7c52050428f0 - 14TL_api_request
12-08 06:53:09.544  1491  1580 D tgnet   : messageId for token = 89, 0x693675d58b439800
12-08 06:53:09.544  1491  1580 D tgnet   : [ConnectionsManager.cpp:2609] messageId for token = 89, 0x693675d58b439800
12-08 06:53:09.544  1491  1580 E tgnet   : connection(0x7c52c50391a0) return true
12-08 06:53:09.544  1491  1580 D tgnet   : send message (session: 0xabcdf93babf801a0, seqno: 85, messageid: 7581376582749755392  0x693675d58b439800): 14TL_api_request(0x7c52050428f0)
12-08 06:53:09.544  1491  1580 D tgnet   : [        Datacenter.cpp:1186] send message (session: 0xabcdf93babf801a0, seqno: 85, messageid: 7581376582749755392  0x693675d58b439800): 14TL_api_request(0x7c52050428f0)
12-08 06:53:09.548  1491  1580 D tgnet   : connection( account0, dc1, type 2) received packet size less(13880) then message size(32876)
12-08 06:53:09.549  1491  1580 D tgnet   : [        Connection.cpp: 155] connection( account0, dc1, type 2) received packet size less(13880) then message size(32876)
12-08 06:53:09.566  1491  1580 D tgnet   : connection( account0, dc1, type 2) received packet size less(19432) then message size(32876)
12-08 06:53:09.566  1491  1580 D tgnet   : [        Connection.cpp: 155] connection( account0, dc1, type 2) received packet size less(19432) then message size(32876)
12-08 06:53:09.567  1491  1580 D tgnet   : connection( account0, dc1, type 2) received packet size less(20820) then message size(32876)
12-08 06:53:09.567  1491  1580 D tgnet   : [        Connection.cpp: 155] connection( account0, dc1, type 2) received packet size less(20820) then message size(32876)
12-08 06:53:09.567  1491  1580 D tgnet   : received message len 32872 (currentPacketLength) equal to packet size
12-08 06:53:09.567  1491  1580 D tgnet   : [        Connection.cpp: 275] received message len 32872 (currentPacketLength) equal to packet size
12-08 06:53:09.568  1491  1580 D tgnet   : api request constructor 0x96a18d5, don't parse
12-08 06:53:09.569  1491  1580 D tgnet   : [ConnectionsManager.cpp:1096] api request constructor 0x96a18d5, don't parse
12-08 06:53:09.569  1491  1580 D tgnet   : connection(0x7c52c50384c0, account0, dc1, type 2) received object 13TL_rpc_result
12-08 06:53:09.569  1491  1580 D tgnet   : [ConnectionsManager.cpp:1008] connection(0x7c52c50384c0, account0, dc1, type 2) received object 13TL_rpc_result
12-08 06:53:09.569  1491  1580 D tgnet   : process server response 0x7c5205041bd0 - 13TL_rpc_result
12-08 06:53:09.569  1491  1580 D tgnet   : [ConnectionsManager.cpp:1122] process server response 0x7c5205041bd0 - 13TL_rpc_result
12-08 06:53:09.569  1491  1580 D tgnet   : message_id 7581376581061738817 connection(0x7c52c50384c0, account0, dc1, type 2) received rpc_result with 15TL_api_response
12-08 06:53:09.569  1491  1580 D tgnet   : [ConnectionsManager.cpp:1267] message_id 7581376581061738817 connection(0x7c52c50384c0, account0, dc1, type 2) received rpc_result with 15TL_api_response
12-08 06:53:09.569  1491  1580 D tgnet   : got response for request 0x7c5205041510 - 14TL_api_request
12-08 06:53:09.569  1491  1580 D tgnet   : [ConnectionsManager.cpp:1303] got response for request 0x7c5205041510 - 14TL_api_request
12-08 06:53:09.570  1491  1580 D tmessages: CM java buff saved to /sdcard/Android/data/org.chatengine.messenger.beta/files/buff_1765176789569.bin
12-08 06:53:09.571  1491  1580 D tmessages: java received org.telegram.tgnet.TLRPC$TL_upload_file@5fd48b2 error = null
12-08 06:53:09.571  1491  1563 D tmessages: debug_loading: 1_1655891440108048385.webm time=447 dcId=1 cdn=false conType=65538 reqId80
12-08 06:53:09.571  1491  1580 D tgnet   : connection( account0, dc1, type 2) received packet size less(31924) then message size(32876)
12-08 06:53:09.571  1491  1580 D tgnet   : [        Connection.cpp: 155] connection( account0, dc1, type 2) received packet size less(31924) then message size(32876)
12-08 06:53:09.571  1491  1563 D tmessages: save file part 1_1655891440108048385.webm offset=32768 chunk_size=32768 isCdn=false
12-08 06:53:09.572  1491  1563 D tmessages: send request org.telegram.tgnet.TLRPC$TL_upload_getFile@4aa6003 with token = 90
12-08 06:53:09.572  1491  1580 D tgnet   : send request 0x7c5205040670 - 14TL_api_request
12-08 06:53:09.572  1491  1563 D tmessages: debug_loading: 1_1655891440108048385.webm send reqId 90
12-08 06:53:09.572  1491  1580 D tgnet   : [ConnectionsManager.cpp:1875] send request 0x7c5205040670 - 14TL_api_request
12-08 06:53:09.573  1491  1580 D tgnet   : send request wrapped 0x7c5205040670 - 14TL_api_request
12-08 06:53:09.573  1491  1580 D tgnet   : [ConnectionsManager.cpp:1882] send request wrapped 0x7c5205040670 - 14TL_api_request
12-08 06:53:09.573  1491  1580 D tgnet   : messageId for token = 90, 0x693675d592b02000
12-08 06:53:09.573  1491  1580 D tgnet   : [ConnectionsManager.cpp:2609] messageId for token = 90, 0x693675d592b02000
12-08 06:53:09.573  1491  1580 E tgnet   : connection(0x7c52c50384c0) return true
12-08 06:53:09.573  1491  1580 D tgnet   : send message (session: 0xabcdff386d5ad64c, seqno: 33, messageid: 7581376582874308608  0x693675d592b02000): 14TL_api_request(0x7c5205040670)
12-08 06:53:09.573  1491  1580 D tgnet   : [        Datacenter.cpp:1186] send message (session: 0xabcdff386d5ad64c, seqno: 33, messageid: 7581376582874308608  0x693675d592b02000): 14TL_api_request(0x7c5205040670)
12-08 06:53:09.580  1491  1580 D tgnet   : connection(0x7c52c50384c0, account0, dc1, type 2) received packet size less(1384) then message size(32872)
12-08 06:53:09.580  1491  1580 D tgnet   : [        Connection.cpp: 277] connection(0x7c52c50384c0, account0, dc1, type 2) received packet size less(1384) then message size(32872)
12-08 06:53:09.580  1491  1580 D tgnet   : received message len 32872 (currentPacketLength) equal to packet size
12-08 06:53:09.580  1491  1580 D tgnet   : [        Connection.cpp: 275] received message len 32872 (currentPacketLength) equal to packet size
12-08 06:53:09.582  1491  1580 D tgnet   : api request constructor 0x96a18d5, don't parse
12-08 06:53:09.582  1491  1580 D tgnet   : [ConnectionsManager.cpp:1096] api request constructor 0x96a18d5, don't parse
12-08 06:53:09.582  1491  1580 D tgnet   : connection(0x7c52c50391a0, account0, dc1, type 2) received object 13TL_rpc_result
12-08 06:53:09.582  1491  1580 D tgnet   : [ConnectionsManager.cpp:1008] connection(0x7c52c50391a0, account0, dc1, type 2) received object 13TL_rpc_result
12-08 06:53:09.582  1491  1580 D tgnet   : process server response 0x7c5205042f50 - 13TL_rpc_result
12-08 06:53:09.582  1491  1580 D tgnet   : [ConnectionsManager.cpp:1122] process server response 0x7c5205042f50 - 13TL_rpc_result
12-08 06:53:09.582  1491  1580 D tgnet   : message_id 7581376581370020185 connection(0x7c52c50391a0, account0, dc1, type 2) received rpc_result with 15TL_api_response
12-08 06:53:09.582  1491  1580 D tgnet   : [ConnectionsManager.cpp:1267] message_id 7581376581370020185 connection(0x7c52c50391a0, account0, dc1, type 2) received rpc_result with 15TL_api_response
12-08 06:53:09.582  1491  1580 D tgnet   : got response for request 0x7c520503ee70 - 14TL_api_request
12-08 06:53:09.582  1491  1580 D tgnet   : [ConnectionsManager.cpp:1303] got response for request 0x7c520503ee70 - 14TL_api_request
12-08 06:53:09.583  1491  1580 D tmessages: CM java buff saved to /sdcard/Android/data/org.chatengine.messenger.beta/files/buff_1765176789582.bin
12-08 06:53:09.584  1491  1580 D tmessages: java received org.telegram.tgnet.TLRPC$TL_upload_file@3733dfe error = null
12-08 06:53:09.584  1491  1563 D tmessages: debug_loading: 1_1655891440108048385.webm time=147 dcId=1 cdn=false conType=2 reqId87
12-08 06:53:09.584  1491  1580 D tgnet   : connection( account0, dc1, type 2) received packet size less(20820) then message size(32876)
12-08 06:53:09.585  1491  1580 D tgnet   : [        Connection.cpp: 155] connection( account0, dc1, type 2) received packet size less(20820) then message size(32876)
12-08 06:53:09.585  1491  1491 D tmessages: chatItemAnimator enable notifications
12-08 06:53:09.585  1491  1563 D tmessages: save file part 1_1655891440108048385.webm offset=131072 chunk_size=32768 isCdn=false
12-08 06:53:09.585  1491  1580 D tgnet   : connection( account0, dc1, type 2) received packet size less(23596) then message size(32876)
12-08 06:53:09.585  1491  1580 D tgnet   : [        Connection.cpp: 155] connection( account0, dc1, type 2) received packet size less(23596) then message size(32876)
12-08 06:53:09.586  1491  1563 D tmessages: send request org.telegram.tgnet.TLRPC$TL_upload_getFile@568f95f with token = 91
12-08 06:53:09.586  1491  1580 D tgnet   : send request 0x7c5205042f50 - 14TL_api_request
12-08 06:53:09.586  1491  1580 D tgnet   : [ConnectionsManager.cpp:1875] send request 0x7c5205042f50 - 14TL_api_request
12-08 06:53:09.586  1491  1580 D tgnet   : send request wrapped 0x7c5205042f50 - 14TL_api_request
12-08 06:53:09.586  1491  1580 D tgnet   : [ConnectionsManager.cpp:1882] send request wrapped 0x7c5205042f50 - 14TL_api_request
12-08 06:53:09.586  1491  1563 D tmessages: debug_loading: 1_1655891440108048385.webm send reqId 91
12-08 06:53:09.586  1491  1580 D tgnet   : messageId for token = 91, 0x693675d596041800
12-08 06:53:09.586  1491  1580 D tgnet   : [ConnectionsManager.cpp:2609] messageId for token = 91, 0x693675d596041800
12-08 06:53:09.586  1491  1580 E tgnet   : connection(0x7c52c50391a0) return true
12-08 06:53:09.586  1491  1580 D tgnet   : send message (session: 0xabcdf93babf801a0, seqno: 87, messageid: 7581376582930143232  0x693675d596041800): 14TL_api_request(0x7c5205042f50)
12-08 06:53:09.586  1491  1580 D tgnet   : [        Datacenter.cpp:1186] send message (session: 0xabcdf93babf801a0, seqno: 87, messageid: 7581376582930143232  0x693675d596041800): 14TL_api_request(0x7c5205042f50)
12-08 06:53:09.595  1491  1580 D tgnet   : connection( account0, dc1, type 2) received packet size less(26444) then message size(32876)
12-08 06:53:09.595  1491  1580 D tgnet   : [        Connection.cpp: 155] connection( account0, dc1, type 2) received packet size less(26444) then message size(32876)
12-08 06:53:09.608  1491  1580 D tgnet   : connection( account0, dc1, type 2) received packet size less(29220) then message size(32876)
12-08 06:53:09.608  1491  1580 D tgnet   : [        Connection.cpp: 155] connection( account0, dc1, type 2) received packet size less(29220) then message size(32876)
12-08 06:53:09.624  1491  1580 D tgnet   : connection( account0, dc1, type 2) received packet size less(31996) then message size(32876)
12-08 06:53:09.624  1491  1580 D tgnet   : [        Connection.cpp: 155] connection( account0, dc1, type 2) received packet size less(31996) then message size(32876)
12-08 06:53:09.625  1491  1580 D tgnet   : connection(0x7c52c50391a0, account0, dc1, type 2) received packet size less(5548) then message size(32872)
12-08 06:53:09.625  1491  1580 D tgnet   : [        Connection.cpp: 277] connection(0x7c52c50391a0, account0, dc1, type 2) received packet size less(5548) then message size(32872)
12-08 06:53:09.626  1491  1580 D tgnet   : connection( account0, dc1, type 2) received packet size less(8328) then message size(32876)
12-08 06:53:09.626  1491  1580 D tgnet   : [        Connection.cpp: 155] connection( account0, dc1, type 2) received packet size less(8328) then message size(32876)
12-08 06:53:09.627  1491  1580 D tgnet   : connection( account0, dc1, type 2) received packet size less(27760) then message size(32876)
12-08 06:53:09.627  1491  1580 D tgnet   : [        Connection.cpp: 155] connection( account0, dc1, type 2) received packet size less(27760) then message size(32876)
12-08 06:53:09.635  1491  1580 D tgnet   : connection( account0, dc1, type 2) received packet size less(30608) then message size(32876)
12-08 06:53:09.635  1491  1580 D tgnet   : [        Connection.cpp: 155] connection( account0, dc1, type 2) received packet size less(30608) then message size(32876)
12-08 06:53:09.648  1491  1580 D tgnet   : connection( account0, dc1, type 2) received packet size less(31996) then message size(32876)
12-08 06:53:09.649  1491  1580 D tgnet   : [        Connection.cpp: 155] connection( account0, dc1, type 2) received packet size less(31996) then message size(32876)
12-08 06:53:09.656  1491  1580 D tgnet   : received message len 32872 (currentPacketLength) equal to packet size
12-08 06:53:09.656  1491  1580 D tgnet   : [        Connection.cpp: 275] received message len 32872 (currentPacketLength) equal to packet size
12-08 06:53:09.657  1491  1580 D tgnet   : api request constructor 0x96a18d5, don't parse
12-08 06:53:09.657  1491  1580 D tgnet   : [ConnectionsManager.cpp:1096] api request constructor 0x96a18d5, don't parse
12-08 06:53:09.657  1491  1580 D tgnet   : connection(0x7c52c50384c0, account0, dc1, type 2) received object 13TL_rpc_result
12-08 06:53:09.657  1491  1580 D tgnet   : [ConnectionsManager.cpp:1008] connection(0x7c52c50384c0, account0, dc1, type 2) received object 13TL_rpc_result
12-08 06:53:09.657  1491  1580 D tgnet   : process server response 0x7c5205042e30 - 13TL_rpc_result
12-08 06:53:09.657  1491  1580 D tgnet   : [ConnectionsManager.cpp:1122] process server response 0x7c5205042e30 - 13TL_rpc_result
12-08 06:53:09.657  1491  1580 D tgnet   : message_id 7581376581474877793 connection(0x7c52c50384c0, account0, dc1, type 2) received rpc_result with 15TL_api_response
12-08 06:53:09.657  1491  1580 D tgnet   : [ConnectionsManager.cpp:1267] message_id 7581376581474877793 connection(0x7c52c50384c0, account0, dc1, type 2) received rpc_result with 15TL_api_response
12-08 06:53:09.657  1491  1580 D tgnet   : got response for request 0x7c5205041ff0 - 14TL_api_request
12-08 06:53:09.657  1491  1580 D tgnet   : [ConnectionsManager.cpp:1303] got response for request 0x7c5205041ff0 - 14TL_api_request
12-08 06:53:09.659  1491  1580 D tmessages: CM java buff saved to /sdcard/Android/data/org.chatengine.messenger.beta/files/buff_1765176789657.bin
12-08 06:53:09.659  1491  1580 D tmessages: java received org.telegram.tgnet.TLRPC$TL_upload_file@e0b8475 error = null
12-08 06:53:09.660  1491  1580 D tgnet   : connection(0x7c52c50384c0, account0, dc1, type 2) received packet size less(1892) then message size(32872)
12-08 06:53:09.660  1491  1580 D tgnet   : [        Connection.cpp: 277] connection(0x7c52c50384c0, account0, dc1, type 2) received packet size less(1892) then message size(32872)
12-08 06:53:09.660  1491  1563 D tmessages: debug_loading: 1_1655891440108048385.webm time=162 dcId=1 cdn=false conType=65538 reqId88
12-08 06:53:09.660  1491  1580 D tgnet   : connection( account0, dc1, type 2) received packet size less(21328) then message size(32876)
12-08 06:53:09.660  1491  1580 D tgnet   : [        Connection.cpp: 155] connection( account0, dc1, type 2) received packet size less(21328) then message size(32876)
12-08 06:53:09.661  1491  1563 D tmessages: save file part 1_1655891440108048385.webm offset=163840 chunk_size=32768 isCdn=false
12-08 06:53:09.661  1491  1580 D tgnet   : connection( account0, dc1, type 2) received packet size less(26880) then message size(32876)
12-08 06:53:09.661  1491  1580 D tgnet   : [        Connection.cpp: 155] connection( account0, dc1, type 2) received packet size less(26880) then message size(32876)
12-08 06:53:09.662  1491  1563 D tmessages: send request org.telegram.tgnet.TLRPC$TL_upload_getFile@4c13c0a with token = 92
12-08 06:53:09.662  1491  1580 D tgnet   : send request 0x7c5205041ff0 - 14TL_api_request
12-08 06:53:09.662  1491  1580 D tgnet   : [ConnectionsManager.cpp:1875] send request 0x7c5205041ff0 - 14TL_api_request
12-08 06:53:09.663  1491  1563 D tmessages: debug_loading: 1_1655891440108048385.webm send reqId 92
12-08 06:53:09.663  1491  1580 D tgnet   : send request wrapped 0x7c5205041ff0 - 14TL_api_request
12-08 06:53:09.663  1491  1580 D tgnet   : [ConnectionsManager.cpp:1882] send request wrapped 0x7c5205041ff0 - 14TL_api_request
12-08 06:53:09.663  1491  1580 D tgnet   : messageId for token = 92, 0x693675d5a9ba6000
12-08 06:53:09.663  1491  1580 D tgnet   : [ConnectionsManager.cpp:2609] messageId for token = 92, 0x693675d5a9ba6000
12-08 06:53:09.663  1491  1580 E tgnet   : connection(0x7c52c50384c0) return true
12-08 06:53:09.663  1491  1580 D tgnet   : send message (session: 0xabcdff386d5ad64c, seqno: 35, messageid: 7581376583260856320  0x693675d5a9ba6000): 14TL_api_request(0x7c5205041ff0)
12-08 06:53:09.663  1491  1580 D tgnet   : [        Datacenter.cpp:1186] send message (session: 0xabcdff386d5ad64c, seqno: 35, messageid: 7581376583260856320  0x693675d5a9ba6000): 14TL_api_request(0x7c5205041ff0)
12-08 06:53:09.668  1491  1580 D tgnet   : connection( account0, dc1, type 2) received packet size less(28268) then message size(32876)
12-08 06:53:09.668  1491  1580 D tgnet   : [        Connection.cpp: 155] connection( account0, dc1, type 2) received packet size less(28268) then message size(32876)
12-08 06:53:09.675  1491  1580 D tgnet   : connection( account0, dc1, type 2) received packet size less(31044) then message size(32876)
12-08 06:53:09.675  1491  1580 D tgnet   : [        Connection.cpp: 155] connection( account0, dc1, type 2) received packet size less(31044) then message size(32876)
12-08 06:53:09.681  1491  1580 D tgnet   : connection( account0, dc1, type 2) received packet size less(32432) then message size(32876)
12-08 06:53:09.681  1491  1580 D tgnet   : [        Connection.cpp: 155] connection( account0, dc1, type 2) received packet size less(32432) then message size(32876)
12-08 06:53:09.682  1491  1580 D tgnet   : received message len 32872 (currentPacketLength) equal to packet size
12-08 06:53:09.682  1491  1580 D tgnet   : [        Connection.cpp: 275] received message len 32872 (currentPacketLength) equal to packet size
12-08 06:53:09.684  1491  1580 D tgnet   : api request constructor 0x96a18d5, don't parse
12-08 06:53:09.684  1491  1580 D tgnet   : [ConnectionsManager.cpp:1096] api request constructor 0x96a18d5, don't parse
12-08 06:53:09.684  1491  1580 D tgnet   : connection(0x7c52c50391a0, account0, dc1, type 2) received object 13TL_rpc_result
12-08 06:53:09.684  1491  1580 D tgnet   : [ConnectionsManager.cpp:1008] connection(0x7c52c50391a0, account0, dc1, type 2) received object 13TL_rpc_result
12-08 06:53:09.684  1491  1580 D tgnet   : process server response 0x7c5205041d50 - 13TL_rpc_result
12-08 06:53:09.684  1491  1580 D tgnet   : [ConnectionsManager.cpp:1122] process server response 0x7c5205041d50 - 13TL_rpc_result
12-08 06:53:09.684  1491  1580 D tgnet   : message_id 7581376581554569577 connection(0x7c52c50391a0, account0, dc1, type 2) received rpc_result with 15TL_api_response
12-08 06:53:09.684  1491  1580 D tgnet   : [ConnectionsManager.cpp:1267] message_id 7581376581554569577 connection(0x7c52c50391a0, account0, dc1, type 2) received rpc_result with 15TL_api_response
12-08 06:53:09.684  1491  1580 D tgnet   : got response for request 0x7c52050428f0 - 14TL_api_request
12-08 06:53:09.684  1491  1580 D tgnet   : [ConnectionsManager.cpp:1303] got response for request 0x7c52050428f0 - 14TL_api_request
12-08 06:53:09.686  1491  1580 D tmessages: CM java buff saved to /sdcard/Android/data/org.chatengine.messenger.beta/files/buff_1765176789684.bin
12-08 06:53:09.686  1491  1580 D tmessages: java received org.telegram.tgnet.TLRPC$TL_upload_file@78fba98 error = null
12-08 06:53:09.686  1491  1580 D tgnet   : connection(0x7c52c50391a0, account0, dc1, type 2) received packet size less(3280) then message size(32872)
12-08 06:53:09.686  1491  1580 D tgnet   : [        Connection.cpp: 277] connection(0x7c52c50391a0, account0, dc1, type 2) received packet size less(3280) then message size(32872)
12-08 06:53:09.687  1491  1563 D tmessages: debug_loading: 1_1655891440108048385.webm time=144 dcId=1 cdn=false conType=2 reqId89
12-08 06:53:09.687  1491  1580 D tgnet   : connection( account0, dc1, type 2) received packet size less(17164) then message size(32876)
12-08 06:53:09.687  1491  1580 D tgnet   : [        Connection.cpp: 155] connection( account0, dc1, type 2) received packet size less(17164) then message size(32876)
12-08 06:53:09.687  1491  1580 D tgnet   : connection( account0, dc1, type 2) received packet size less(19940) then message size(32876)
12-08 06:53:09.687  1491  1563 D tmessages: save file part 1_1655891440108048385.webm offset=196608 chunk_size=32768 isCdn=false
12-08 06:53:09.687  1491  1580 D tgnet   : [        Connection.cpp: 155] connection( account0, dc1, type 2) received packet size less(19940) then message size(32876)
12-08 06:53:09.688  1491  1580 D tgnet   : connection( account0, dc1, type 2) received packet size less(22716) then message size(32876)
12-08 06:53:09.688  1491  1580 D tgnet   : [        Connection.cpp: 155] connection( account0, dc1, type 2) received packet size less(22716) then message size(32876)
12-08 06:53:09.689  1491  1563 D tmessages: send request org.telegram.tgnet.TLRPC$TL_upload_getFile@c9cf2f1 with token = 93
12-08 06:53:09.689  1491  1580 D tgnet   : connection( account0, dc1, type 2) received packet size less(25492) then message size(32876)
12-08 06:53:09.689  1491  1580 D tgnet   : [        Connection.cpp: 155] connection( account0, dc1, type 2) received packet size less(25492) then message size(32876)
12-08 06:53:09.689  1491  1563 D tmessages: debug_loading: 1_1655891440108048385.webm send reqId 93
12-08 06:53:09.690  1491  1580 D tgnet   : send request 0x7c52050428f0 - 14TL_api_request
12-08 06:53:09.690  1491  1580 D tgnet   : [ConnectionsManager.cpp:1875] send request 0x7c52050428f0 - 14TL_api_request
12-08 06:53:09.690  1491  1580 D tgnet   : send request wrapped 0x7c52050428f0 - 14TL_api_request
12-08 06:53:09.690  1491  1580 D tgnet   : [ConnectionsManager.cpp:1882] send request wrapped 0x7c52050428f0 - 14TL_api_request
12-08 06:53:09.690  1491  1580 D tgnet   : messageId for token = 93, 0x693675d5b0a3d800
12-08 06:53:09.690  1491  1580 D tgnet   : [ConnectionsManager.cpp:2609] messageId for token = 93, 0x693675d5b0a3d800
12-08 06:53:09.690  1491  1580 E tgnet   : connection(0x7c52c50391a0) return true
12-08 06:53:09.690  1491  1580 D tgnet   : send message (session: 0xabcdf93babf801a0, seqno: 89, messageid: 7581376583376820224  0x693675d5b0a3d800): 14TL_api_request(0x7c52050428f0)
12-08 06:53:09.690  1491  1580 D tgnet   : [        Datacenter.cpp:1186] send message (session: 0xabcdf93babf801a0, seqno: 89, messageid: 7581376583376820224  0x693675d5b0a3d800): 14TL_api_request(0x7c52050428f0)
12-08 06:53:09.691  1491  1580 D tgnet   : connection( account0, dc1, type 2) received packet size less(28268) then message size(32876)
12-08 06:53:09.691  1491  1580 D tgnet   : [        Connection.cpp: 155] connection( account0, dc1, type 2) received packet size less(28268) then message size(32876)
12-08 06:53:09.701  1491  1580 D tgnet   : connection( account0, dc1, type 2) received packet size less(31044) then message size(32876)
12-08 06:53:09.701  1491  1580 D tgnet   : [        Connection.cpp: 155] connection( account0, dc1, type 2) received packet size less(31044) then message size(32876)
12-08 06:53:09.721  1491  1580 D tgnet   : connection( account0, dc1, type 2) received packet size less(32432) then message size(32876)
12-08 06:53:09.721  1491  1580 D tgnet   : [        Connection.cpp: 155] connection( account0, dc1, type 2) received packet size less(32432) then message size(32876)
12-08 06:53:09.740  1491  1580 D tgnet   : received message len 32872 (currentPacketLength) equal to packet size
12-08 06:53:09.740  1491  1580 D tgnet   : [        Connection.cpp: 275] received message len 32872 (currentPacketLength) equal to packet size
12-08 06:53:09.741  1491  1580 D tgnet   : api request constructor 0x96a18d5, don't parse
12-08 06:53:09.741  1491  1580 D tgnet   : [ConnectionsManager.cpp:1096] api request constructor 0x96a18d5, don't parse
12-08 06:53:09.742  1491  1580 D tgnet   : connection(0x7c52c50384c0, account0, dc1, type 2) received object 13TL_rpc_result
12-08 06:53:09.742  1491  1580 D tgnet   : [ConnectionsManager.cpp:1008] connection(0x7c52c50384c0, account0, dc1, type 2) received object 13TL_rpc_result
12-08 06:53:09.742  1491  1580 D tgnet   : process server response 0x7c5205040910 - 13TL_rpc_result
12-08 06:53:09.742  1491  1580 D tgnet   : [ConnectionsManager.cpp:1122] process server response 0x7c5205040910 - 13TL_rpc_result
12-08 06:53:09.742  1491  1580 D tgnet   : message_id 7581376581617484145 connection(0x7c52c50384c0, account0, dc1, type 2) received rpc_result with 15TL_api_response
12-08 06:53:09.742  1491  1580 D tgnet   : [ConnectionsManager.cpp:1267] message_id 7581376581617484145 connection(0x7c52c50384c0, account0, dc1, type 2) received rpc_result with 15TL_api_response
12-08 06:53:09.742  1491  1580 D tgnet   : got response for request 0x7c5205040670 - 14TL_api_request
12-08 06:53:09.742  1491  1580 D tgnet   : [ConnectionsManager.cpp:1303] got response for request 0x7c5205040670 - 14TL_api_request
12-08 06:53:09.743  1491  1580 D tmessages: CM java buff saved to /sdcard/Android/data/org.chatengine.messenger.beta/files/buff_1765176789742.bin
12-08 06:53:09.743  1491  1580 D tmessages: java received org.telegram.tgnet.TLRPC$TL_upload_file@f8ed8a4 error = null
12-08 06:53:09.744  1491  1580 D tgnet   : received message len 32872 (currentPacketLength) equal to packet size
12-08 06:53:09.744  1491  1580 D tgnet   : [        Connection.cpp: 275] received message len 32872 (currentPacketLength) equal to packet size
12-08 06:53:09.744  1491  1563 D tmessages: debug_loading: 1_1655891440108048385.webm time=172 dcId=1 cdn=false conType=65538 reqId90
12-08 06:53:09.744  1491  1563 D tmessages: save file part 1_1655891440108048385.webm offset=229376 chunk_size=32768 isCdn=false
12-08 06:53:09.745  1491  1580 D tgnet   : api request constructor 0x96a18d5, don't parse
12-08 06:53:09.745  1491  1580 D tgnet   : [ConnectionsManager.cpp:1096] api request constructor 0x96a18d5, don't parse
12-08 06:53:09.745  1491  1580 D tgnet   : connection(0x7c52c50391a0, account0, dc1, type 2) received object 13TL_rpc_result
12-08 06:53:09.745  1491  1580 D tgnet   : [ConnectionsManager.cpp:1008] connection(0x7c52c50391a0, account0, dc1, type 2) received object 13TL_rpc_result
12-08 06:53:09.745  1491  1563 D tmessages: send request org.telegram.tgnet.TLRPC$TL_upload_getFile@8ac660d with token = 94
12-08 06:53:09.745  1491  1580 D tgnet   : process server response 0x7c5205040670 - 13TL_rpc_result
12-08 06:53:09.746  1491  1580 D tgnet   : [ConnectionsManager.cpp:1122] process server response 0x7c5205040670 - 13TL_rpc_result
12-08 06:53:09.746  1491  1580 D tgnet   : message_id 7581376581680398713 connection(0x7c52c50391a0, account0, dc1, type 2) received rpc_result with 15TL_api_response
