12-08 06:53:09.746  1491  1580 D tgnet   : [ConnectionsManager.cpp:1267] message_id 7581376581680398713 connection(0x7c52c50391a0, account0, dc1, type 2) received rpc_result with 15TL_api_response
12-08 06:53:09.746  1491  1580 D tgnet   : got response for request 0x7c5205042f50 - 14TL_api_request
12-08 06:53:09.746  1491  1580 D tgnet   : [ConnectionsManager.cpp:1303] got response for request 0x7c5205042f50 - 14TL_api_request
12-08 06:53:09.746  1491  1563 D tmessages: debug_loading: 1_1655891440108048385.webm send reqId 94
12-08 06:53:09.747  1491  1580 D tmessages: CM java buff saved to /sdcard/Android/data/org.chatengine.messenger.beta/files/buff_1765176789746.bin
12-08 06:53:09.747  1491  1580 D tmessages: java received org.telegram.tgnet.TLRPC$TL_upload_file@62fc3d3 error = null
12-08 06:53:09.748  1491  1580 D tgnet   : send request 0x7c52050413f0 - 14TL_api_request
12-08 06:53:09.748  1491  1580 D tgnet   : [ConnectionsManager.cpp:1875] send request 0x7c52050413f0 - 14TL_api_request
12-08 06:53:09.748  1491  1580 D tgnet   : send request wrapped 0x7c52050413f0 - 14TL_api_request
12-08 06:53:09.748  1491  1580 D tgnet   : [ConnectionsManager.cpp:1882] send request wrapped 0x7c52050413f0 - 14TL_api_request
12-08 06:53:09.748  1491  1580 D tgnet   : messageId for token = 94, 0x693675d5bf7cf000
12-08 06:53:09.748  1491  1580 D tgnet   : [ConnectionsManager.cpp:2609] messageId for token = 94, 0x693675d5bf7cf000
12-08 06:53:09.748  1491  1580 E tgnet   : connection(0x7c52c50384c0) return true
12-08 06:53:09.748  1491  1580 D tgnet   : send message (session: 0xabcdff386d5ad64c, seqno: 37, messageid: 7581376583625928704  0x693675d5bf7cf000): 14TL_api_request(0x7c52050413f0)
12-08 06:53:09.748  1491  1580 D tgnet   : [        Datacenter.cpp:1186] send message (session: 0xabcdff386d5ad64c, seqno: 37, messageid: 7581376583625928704  0x693675d5bf7cf000): 14TL_api_request(0x7c52050413f0)
12-08 06:53:09.748  1491  1563 D tmessages: debug_loading: 1_1655891440108048385.webm time=163 dcId=1 cdn=false conType=2 reqId91
12-08 06:53:09.749  1491  1563 D tmessages: save file part 1_1655891440108048385.webm offset=262144 chunk_size=32768 isCdn=false
12-08 06:53:09.750  1491  1563 D tmessages: send request org.telegram.tgnet.TLRPC$TL_upload_getFile@832db10 with token = 95
12-08 06:53:09.750  1491  1563 D tmessages: debug_loading: 1_1655891440108048385.webm send reqId 95
12-08 06:53:09.750  1491  1580 D tgnet   : send request 0x7c5205040670 - 14TL_api_request
12-08 06:53:09.751  1491  1580 D tgnet   : [ConnectionsManager.cpp:1875] send request 0x7c5205040670 - 14TL_api_request
12-08 06:53:09.751  1491  1580 D tgnet   : send request wrapped 0x7c5205040670 - 14TL_api_request
12-08 06:53:09.751  1491  1580 D tgnet   : [ConnectionsManager.cpp:1882] send request wrapped 0x7c5205040670 - 14TL_api_request
12-08 06:53:09.751  1491  1580 D tgnet   : messageId for token = 95, 0x693675d5c0418800
12-08 06:53:09.751  1491  1580 D tgnet   : [ConnectionsManager.cpp:2609] messageId for token = 95, 0x693675d5c0418800
12-08 06:53:09.751  1491  1580 E tgnet   : connection(0x7c52c50391a0) return true
12-08 06:53:09.751  1491  1580 D tgnet   : send message (session: 0xabcdf93babf801a0, seqno: 91, messageid: 7581376583638812672  0x693675d5c0418800): 14TL_api_request(0x7c5205040670)
12-08 06:53:09.751  1491  1580 D tgnet   : [        Datacenter.cpp:1186] send message (session: 0xabcdf93babf801a0, seqno: 91, messageid: 7581376583638812672  0x693675d5c0418800): 14TL_api_request(0x7c5205040670)
12-08 06:53:09.756  1491  1557 D tmessages: download queue: dc1 account=0 small_operations=33 large_operations=0
12-08 06:53:09.782  1491  1580 D tgnet   : connection(0x7c52c50391a0, account0, dc1, type 2) received packet size less(2772) then message size(32872)
12-08 06:53:09.782  1491  1580 D tgnet   : [        Connection.cpp: 277] connection(0x7c52c50391a0, account0, dc1, type 2) received packet size less(2772) then message size(32872)
12-08 06:53:09.783  1491  1580 D tgnet   : connection( account0, dc1, type 2) received packet size less(8400) then message size(32876)
12-08 06:53:09.783  1491  1580 D tgnet   : [        Connection.cpp: 155] connection( account0, dc1, type 2) received packet size less(8400) then message size(32876)
12-08 06:53:09.784  1491  1580 D tgnet   : connection( account0, dc1, type 2) received packet size less(13952) then message size(32876)
12-08 06:53:09.784  1491  1580 D tgnet   : [        Connection.cpp: 155] connection( account0, dc1, type 2) received packet size less(13952) then message size(32876)
12-08 06:53:09.785  1491  1580 D tgnet   : connection( account0, dc1, type 2) received packet size less(16728) then message size(32876)
12-08 06:53:09.786  1491  1580 D tgnet   : [        Connection.cpp: 155] connection( account0, dc1, type 2) received packet size less(16728) then message size(32876)
12-08 06:53:09.786  1491  1580 D tgnet   : connection( account0, dc1, type 2) received packet size less(22280) then message size(32876)
12-08 06:53:09.786  1491  1580 D tgnet   : [        Connection.cpp: 155] connection( account0, dc1, type 2) received packet size less(22280) then message size(32876)
12-08 06:53:09.788  1491  1580 D tgnet   : connection( account0, dc1, type 2) received packet size less(30608) then message size(32876)
12-08 06:53:09.788  1491  1580 D tgnet   : [        Connection.cpp: 155] connection( account0, dc1, type 2) received packet size less(30608) then message size(32876)
12-08 06:53:09.790  1491  1580 D tgnet   : connection(0x7c52c50384c0, account0, dc1, type 2) received packet size less(1384) then message size(32872)
12-08 06:53:09.790  1491  1580 D tgnet   : [        Connection.cpp: 277] connection(0x7c52c50384c0, account0, dc1, type 2) received packet size less(1384) then message size(32872)
12-08 06:53:09.790  1491  1580 D tgnet   : connection( account0, dc1, type 2) received packet size less(31996) then message size(32876)
12-08 06:53:09.791  1491  1580 D tgnet   : [        Connection.cpp: 155] connection( account0, dc1, type 2) received packet size less(31996) then message size(32876)
12-08 06:53:09.792  1491  1580 D tgnet   : connection( account0, dc1, type 2) received packet size less(6940) then message size(32876)
12-08 06:53:09.792  1491  1580 D tgnet   : [        Connection.cpp: 155] connection( account0, dc1, type 2) received packet size less(6940) then message size(32876)
12-08 06:53:09.793  1491  1580 D tgnet   : connection( account0, dc1, type 2) received packet size less(9716) then message size(32876)
12-08 06:53:09.793  1491  1580 D tgnet   : [        Connection.cpp: 155] connection( account0, dc1, type 2) received packet size less(9716) then message size(32876)
12-08 06:53:09.796  1491  1580 D tgnet   : connection( account0, dc1, type 2) received packet size less(12708) then message size(32876)
12-08 06:53:09.796  1491  1580 D tgnet   : [        Connection.cpp: 155] connection( account0, dc1, type 2) received packet size less(12708) then message size(32876)
12-08 06:53:09.796  1491  1580 D tgnet   : connection( account0, dc1, type 2) received packet size less(15484) then message size(32876)
12-08 06:53:09.797  1491  1580 D tgnet   : [        Connection.cpp: 155] connection( account0, dc1, type 2) received packet size less(15484) then message size(32876)
12-08 06:53:09.798  1491  1580 D tgnet   : connection( account0, dc1, type 2) received packet size less(29364) then message size(32876)
12-08 06:53:09.798  1491  1580 D tgnet   : [        Connection.cpp: 155] connection( account0, dc1, type 2) received packet size less(29364) then message size(32876)
12-08 06:53:09.798  1491  1580 D tgnet   : connection( account0, dc1, type 2) received packet size less(32140) then message size(32876)
12-08 06:53:09.799  1491  1580 D tgnet   : [        Connection.cpp: 155] connection( account0, dc1, type 2) received packet size less(32140) then message size(32876)
12-08 06:53:09.808  1491  1580 D tgnet   : received message len 32872 (currentPacketLength) equal to packet size
12-08 06:53:09.808  1491  1580 D tgnet   : [        Connection.cpp: 275] received message len 32872 (currentPacketLength) equal to packet size
12-08 06:53:09.809  1491  1580 D tgnet   : api request constructor 0x96a18d5, don't parse
12-08 06:53:09.809  1491  1580 D tgnet   : [ConnectionsManager.cpp:1096] api request constructor 0x96a18d5, don't parse
12-08 06:53:09.809  1491  1580 D tgnet   : connection(0x7c52c50391a0, account0, dc1, type 2) received object 13TL_rpc_result
12-08 06:53:09.809  1491  1580 D tgnet   : [ConnectionsManager.cpp:1008] connection(0x7c52c50391a0, account0, dc1, type 2) received object 13TL_rpc_result
12-08 06:53:09.809  1491  1580 D tgnet   : process server response 0x7c5205042650 - 13TL_rpc_result
12-08 06:53:09.809  1491  1580 D tgnet   : [ConnectionsManager.cpp:1122] process server response 0x7c5205042650 - 13TL_rpc_result
12-08 06:53:09.809  1491  1580 D tgnet   : message_id 7581376581892211073 connection(0x7c52c50391a0, account0, dc1, type 2) received rpc_result with 15TL_api_response
12-08 06:53:09.809  1491  1580 D tgnet   : [ConnectionsManager.cpp:1267] message_id 7581376581892211073 connection(0x7c52c50391a0, account0, dc1, type 2) received rpc_result with 15TL_api_response
12-08 06:53:09.809  1491  1580 D tgnet   : got response for request 0x7c52050428f0 - 14TL_api_request
12-08 06:53:09.809  1491  1580 D tgnet   : [ConnectionsManager.cpp:1303] got response for request 0x7c52050428f0 - 14TL_api_request
12-08 06:53:09.811  1491  1580 D tmessages: CM java buff saved to /sdcard/Android/data/org.chatengine.messenger.beta/files/buff_1765176789809.bin
12-08 06:53:09.811  1491  1580 D tmessages: java received org.telegram.tgnet.TLRPC$TL_upload_file@89f900e error = null
12-08 06:53:09.812  1491  1563 D tmessages: debug_loading: 1_1655891440108048385.webm time=123 dcId=1 cdn=false conType=2 reqId93
12-08 06:53:09.812  1491  1563 D tmessages: save file part 1_1655891440108048385.webm offset=327680 chunk_size=32768 isCdn=false
12-08 06:53:09.813  1491  1580 D tgnet   : received message len 32872 (currentPacketLength) equal to packet size
12-08 06:53:09.813  1491  1580 D tgnet   : [        Connection.cpp: 275] received message len 32872 (currentPacketLength) equal to packet size
12-08 06:53:09.813  1491  1563 D tmessages: send request org.telegram.tgnet.TLRPC$TL_upload_getFile@2a8ca2f with token = 96
12-08 06:53:09.814  1491  1563 D tmessages: debug_loading: 1_1655891440108048385.webm send reqId 96
12-08 06:53:09.815  1491  1580 D tgnet   : api request constructor 0x96a18d5, don't parse
12-08 06:53:09.815  1491  1580 D tgnet   : [ConnectionsManager.cpp:1096] api request constructor 0x96a18d5, don't parse
12-08 06:53:09.815  1491  1580 D tgnet   : connection(0x7c52c50384c0, account0, dc1, type 2) received object 13TL_rpc_result
12-08 06:53:09.815  1491  1580 D tgnet   : [ConnectionsManager.cpp:1008] connection(0x7c52c50384c0, account0, dc1, type 2) received object 13TL_rpc_result
12-08 06:53:09.815  1491  1580 D tgnet   : process server response 0x7c5205042e30 - 13TL_rpc_result
12-08 06:53:09.815  1491  1580 D tgnet   : [ConnectionsManager.cpp:1122] process server response 0x7c5205042e30 - 13TL_rpc_result
12-08 06:53:09.815  1491  1580 D tgnet   : message_id 7581376581900599689 connection(0x7c52c50384c0, account0, dc1, type 2) received rpc_result with 15TL_api_response
12-08 06:53:09.815  1491  1580 D tgnet   : [ConnectionsManager.cpp:1267] message_id 7581376581900599689 connection(0x7c52c50384c0, account0, dc1, type 2) received rpc_result with 15TL_api_response
12-08 06:53:09.815  1491  1580 D tgnet   : got response for request 0x7c5205041ff0 - 14TL_api_request
12-08 06:53:09.815  1491  1580 D tgnet   : [ConnectionsManager.cpp:1303] got response for request 0x7c5205041ff0 - 14TL_api_request
12-08 06:53:09.818  1491  1580 D tmessages: CM java buff saved to /sdcard/Android/data/org.chatengine.messenger.beta/files/buff_1765176789816.bin
12-08 06:53:09.819  1491  1580 D tmessages: java received org.telegram.tgnet.TLRPC$TL_upload_file@47549c5 error = null
12-08 06:53:09.819  1491  1580 D tgnet   : send request 0x7c52050428f0 - 14TL_api_request
12-08 06:53:09.819  1491  1580 D tgnet   : [ConnectionsManager.cpp:1875] send request 0x7c52050428f0 - 14TL_api_request
12-08 06:53:09.820  1491  1563 D tmessages: debug_loading: 1_1655891440108048385.webm time=157 dcId=1 cdn=false conType=65538 reqId92
12-08 06:53:09.820  1491  1580 D tgnet   : send request wrapped 0x7c52050428f0 - 14TL_api_request
12-08 06:53:09.820  1491  1580 D tgnet   : [ConnectionsManager.cpp:1882] send request wrapped 0x7c52050428f0 - 14TL_api_request
12-08 06:53:09.820  1491  1563 D tmessages: save file part 1_1655891440108048385.webm offset=294912 chunk_size=32768 isCdn=false
12-08 06:53:09.820  1491  1580 D tgnet   : messageId for token = 96, 0x693675d5d1eb8400
12-08 06:53:09.820  1491  1580 D tgnet   : [ConnectionsManager.cpp:2609] messageId for token = 96, 0x693675d5d1eb8400
12-08 06:53:09.820  1491  1580 E tgnet   : connection(0x7c52c50384c0) return true
12-08 06:53:09.821  1491  1580 D tgnet   : send message (session: 0xabcdff386d5ad64c, seqno: 39, messageid: 7581376583935165440  0x693675d5d1eb8400): 14TL_api_request(0x7c52050428f0)
12-08 06:53:09.821  1491  1563 D tmessages: send request org.telegram.tgnet.TLRPC$TL_upload_getFile@5c89f1a with token = 97
12-08 06:53:09.821  1491  1580 D tgnet   : [        Datacenter.cpp:1186] send message (session: 0xabcdff386d5ad64c, seqno: 39, messageid: 7581376583935165440  0x693675d5d1eb8400): 14TL_api_request(0x7c52050428f0)
12-08 06:53:09.821  1491  1563 D tmessages: debug_loading: 1_1655891440108048385.webm send reqId 97
12-08 06:53:09.822  1491  1580 D tgnet   : send request 0x7c5205041ff0 - 14TL_api_request
12-08 06:53:09.822  1491  1580 D tgnet   : [ConnectionsManager.cpp:1875] send request 0x7c5205041ff0 - 14TL_api_request
12-08 06:53:09.823  1491  1580 D tgnet   : send request wrapped 0x7c5205041ff0 - 14TL_api_request
12-08 06:53:09.823  1491  1580 D tgnet   : [ConnectionsManager.cpp:1882] send request wrapped 0x7c5205041ff0 - 14TL_api_request
12-08 06:53:09.823  1491  1580 D tgnet   : messageId for token = 97, 0x693675d5d2b02000
12-08 06:53:09.823  1491  1580 D tgnet   : [ConnectionsManager.cpp:2609] messageId for token = 97, 0x693675d5d2b02000
12-08 06:53:09.823  1491  1580 E tgnet   : connection(0x7c52c50391a0) return true
12-08 06:53:09.823  1491  1580 D tgnet   : send message (session: 0xabcdf93babf801a0, seqno: 93, messageid: 7581376583948050432  0x693675d5d2b02000): 14TL_api_request(0x7c5205041ff0)
12-08 06:53:09.823  1491  1580 D tgnet   : [        Datacenter.cpp:1186] send message (session: 0xabcdf93babf801a0, seqno: 93, messageid: 7581376583948050432  0x693675d5d2b02000): 14TL_api_request(0x7c5205041ff0)
12-08 06:53:09.842  1491  1580 D tgnet   : connection(0x7c52c50391a0, account0, dc1, type 2) received packet size less(2772) then message size(32872)
12-08 06:53:09.842  1491  1580 D tgnet   : [        Connection.cpp: 277] connection(0x7c52c50391a0, account0, dc1, type 2) received packet size less(2772) then message size(32872)
12-08 06:53:09.842  1491  1580 D tgnet   : connection( account0, dc1, type 2) received packet size less(5552) then message size(32876)
12-08 06:53:09.842  1491  1580 D tgnet   : [        Connection.cpp: 155] connection( account0, dc1, type 2) received packet size less(5552) then message size(32876)
12-08 06:53:09.843  1491  1580 D tgnet   : connection( account0, dc1, type 2) received packet size less(8328) then message size(32876)
12-08 06:53:09.843  1491  1580 D tgnet   : [        Connection.cpp: 155] connection( account0, dc1, type 2) received packet size less(8328) then message size(32876)
12-08 06:53:09.844  1491  1580 D tgnet   : connection( account0, dc1, type 2) received packet size less(11104) then message size(32876)
12-08 06:53:09.844  1491  1580 D tgnet   : [        Connection.cpp: 155] connection( account0, dc1, type 2) received packet size less(11104) then message size(32876)
12-08 06:53:09.845  1491  1580 D tgnet   : connection( account0, dc1, type 2) received packet size less(14120) then message size(32876)
12-08 06:53:09.845  1491  1580 D tgnet   : [        Connection.cpp: 155] connection( account0, dc1, type 2) received packet size less(14120) then message size(32876)
12-08 06:53:09.846  1491  1580 D tgnet   : connection( account0, dc1, type 2) received packet size less(16896) then message size(32876)
12-08 06:53:09.846  1491  1580 D tgnet   : [        Connection.cpp: 155] connection( account0, dc1, type 2) received packet size less(16896) then message size(32876)
12-08 06:53:09.846  1491  1580 D tgnet   : connection( account0, dc1, type 2) received packet size less(19672) then message size(32876)
12-08 06:53:09.846  1491  1580 D tgnet   : [        Connection.cpp: 155] connection( account0, dc1, type 2) received packet size less(19672) then message size(32876)
12-08 06:53:09.847  1491  1580 D tgnet   : connection( account0, dc1, type 2) received packet size less(22448) then message size(32876)
12-08 06:53:09.847  1491  1580 D tgnet   : [        Connection.cpp: 155] connection( account0, dc1, type 2) received packet size less(22448) then message size(32876)
12-08 06:53:09.848  1491  1580 D tgnet   : connection( account0, dc1, type 2) received packet size less(25224) then message size(32876)
12-08 06:53:09.848  1491  1580 D tgnet   : [        Connection.cpp: 155] connection( account0, dc1, type 2) received packet size less(25224) then message size(32876)
12-08 06:53:09.855  1491  1580 D tgnet   : connection( account0, dc1, type 2) received packet size less(28000) then message size(32876)
12-08 06:53:09.856  1491  1580 D tgnet   : [        Connection.cpp: 155] connection( account0, dc1, type 2) received packet size less(28000) then message size(32876)
12-08 06:53:09.856  1491  1580 D tgnet   : connection( account0, dc1, type 2) received packet size less(32164) then message size(32876)
12-08 06:53:09.856  1491  1580 D tgnet   : [        Connection.cpp: 155] connection( account0, dc1, type 2) received packet size less(32164) then message size(32876)
12-08 06:53:09.856  1491  1580 D tgnet   : connection(0x7c52c50384c0, account0, dc1, type 2) received packet size less(1384) then message size(32872)
12-08 06:53:09.856  1491  1580 D tgnet   : [        Connection.cpp: 277] connection(0x7c52c50384c0, account0, dc1, type 2) received packet size less(1384) then message size(32872)
12-08 06:53:09.857  1491  1580 D tgnet   : connection( account0, dc1, type 2) received packet size less(4164) then message size(32876)
12-08 06:53:09.857  1491  1580 D tgnet   : [        Connection.cpp: 155] connection( account0, dc1, type 2) received packet size less(4164) then message size(32876)
12-08 06:53:09.858  1491  1580 D tgnet   : connection( account0, dc1, type 2) received packet size less(6940) then message size(32876)
12-08 06:53:09.858  1491  1580 D tgnet   : [        Connection.cpp: 155] connection( account0, dc1, type 2) received packet size less(6940) then message size(32876)
12-08 06:53:09.858  1491  1580 D tgnet   : connection( account0, dc1, type 2) received packet size less(9716) then message size(32876)
12-08 06:53:09.858  1491  1580 D tgnet   : [        Connection.cpp: 155] connection( account0, dc1, type 2) received packet size less(9716) then message size(32876)
12-08 06:53:09.860  1491  1580 D tgnet   : connection( account0, dc1, type 2) received packet size less(31924) then message size(32876)
12-08 06:53:09.860  1491  1580 D tgnet   : [        Connection.cpp: 155] connection( account0, dc1, type 2) received packet size less(31924) then message size(32876)
12-08 06:53:09.873  1491  1580 D tgnet   : received message len 32872 (currentPacketLength) equal to packet size
12-08 06:53:09.873  1491  1580 D tgnet   : [        Connection.cpp: 275] received message len 32872 (currentPacketLength) equal to packet size
12-08 06:53:09.874  1491  1580 D tgnet   : api request constructor 0x96a18d5, don't parse
12-08 06:53:09.874  1491  1580 D tgnet   : [ConnectionsManager.cpp:1096] api request constructor 0x96a18d5, don't parse
12-08 06:53:09.874  1491  1580 D tgnet   : connection(0x7c52c50384c0, account0, dc1, type 2) received object 13TL_rpc_result
12-08 06:53:09.874  1491  1580 D tgnet   : [ConnectionsManager.cpp:1008] connection(0x7c52c50384c0, account0, dc1, type 2) received object 13TL_rpc_result
12-08 06:53:09.874  1491  1580 D tgnet   : process server response 0x7c5205040d30 - 13TL_rpc_result
12-08 06:53:09.874  1491  1580 D tgnet   : [ConnectionsManager.cpp:1122] process server response 0x7c5205040d30 - 13TL_rpc_result
12-08 06:53:09.874  1491  1580 D tgnet   : message_id 7581376582034817433 connection(0x7c52c50384c0, account0, dc1, type 2) received rpc_result with 15TL_api_response
12-08 06:53:09.874  1491  1580 D tgnet   : [ConnectionsManager.cpp:1267] message_id 7581376582034817433 connection(0x7c52c50384c0, account0, dc1, type 2) received rpc_result with 15TL_api_response
12-08 06:53:09.874  1491  1580 D tgnet   : got response for request 0x7c52050413f0 - 14TL_api_request
12-08 06:53:09.874  1491  1580 D tgnet   : [ConnectionsManager.cpp:1303] got response for request 0x7c52050413f0 - 14TL_api_request
12-08 06:53:09.875  1491  1580 D tmessages: CM java buff saved to /sdcard/Android/data/org.chatengine.messenger.beta/files/buff_1765176789874.bin
12-08 06:53:09.876  1491  1580 D tmessages: java received org.telegram.tgnet.TLRPC$TL_upload_file@54efc28 error = null
12-08 06:53:09.877  1491  1580 D tgnet   : received message len 32872 (currentPacketLength) equal to packet size
12-08 06:53:09.877  1491  1580 D tgnet   : [        Connection.cpp: 275] received message len 32872 (currentPacketLength) equal to packet size
12-08 06:53:09.877  1491  1563 D tmessages: debug_loading: 1_1655891440108048385.webm time=132 dcId=1 cdn=false conType=65538 reqId94
12-08 06:53:09.877  1491  1563 D tmessages: save file part 1_1655891440108048385.webm offset=360448 chunk_size=32768 isCdn=false
12-08 06:53:09.878  1491  1580 D tgnet   : api request constructor 0x96a18d5, don't parse
12-08 06:53:09.878  1491  1580 D tgnet   : [ConnectionsManager.cpp:1096] api request constructor 0x96a18d5, don't parse
12-08 06:53:09.878  1491  1580 D tgnet   : connection(0x7c52c50391a0, account0, dc1, type 2) received object 13TL_rpc_result
12-08 06:53:09.878  1491  1580 D tgnet   : [ConnectionsManager.cpp:1008] connection(0x7c52c50391a0, account0, dc1, type 2) received object 13TL_rpc_result
12-08 06:53:09.878  1491  1580 D tgnet   : process server response 0x7c5205040d30 - 13TL_rpc_result
12-08 06:53:09.878  1491  1580 D tgnet   : [ConnectionsManager.cpp:1122] process server response 0x7c5205040d30 - 13TL_rpc_result
12-08 06:53:09.878  1491  1580 D tgnet   : message_id 7581376582024331665 connection(0x7c52c50391a0, account0, dc1, type 2) received rpc_result with 15TL_api_response
12-08 06:53:09.878  1491  1580 D tgnet   : [ConnectionsManager.cpp:1267] message_id 7581376582024331665 connection(0x7c52c50391a0, account0, dc1, type 2) received rpc_result with 15TL_api_response
12-08 06:53:09.878  1491  1580 D tgnet   : got response for request 0x7c5205040670 - 14TL_api_request
12-08 06:53:09.878  1491  1580 D tgnet   : [ConnectionsManager.cpp:1303] got response for request 0x7c5205040670 - 14TL_api_request
12-08 06:53:09.880  1491  1580 D tmessages: CM java buff saved to /sdcard/Android/data/org.chatengine.messenger.beta/files/buff_1765176789879.bin
12-08 06:53:09.880  1491  1580 D tmessages: java received org.telegram.tgnet.TLRPC$TL_upload_file@64192e6 error = null
12-08 06:53:09.880  1491  1563 D tmessages: debug_loading: 1_1655891440108048385.webm time=130 dcId=1 cdn=false conType=2 reqId95
12-08 06:53:09.881  1491  1563 D tmessages: save file part 1_1655891440108048385.webm offset=393216 chunk_size=32768 isCdn=false
12-08 06:53:09.907  1491  1580 D tgnet   : connection(0x7c52c50384c0, account0, dc1, type 2) received packet size less(2772) then message size(32872)
12-08 06:53:09.907  1491  1580 D tgnet   : [        Connection.cpp: 277] connection(0x7c52c50384c0, account0, dc1, type 2) received packet size less(2772) then message size(32872)
12-08 06:53:09.909  1491  1580 D tgnet   : connection( account0, dc1, type 2) received packet size less(5552) then message size(32876)
12-08 06:53:09.909  1491  1580 D tgnet   : [        Connection.cpp: 155] connection( account0, dc1, type 2) received packet size less(5552) then message size(32876)
12-08 06:53:09.909  1491  1580 D tgnet   : connection( account0, dc1, type 2) received packet size less(8328) then message size(32876)
12-08 06:53:09.909  1491  1580 D tgnet   : [        Connection.cpp: 155] connection( account0, dc1, type 2) received packet size less(8328) then message size(32876)
12-08 06:53:09.910  1491  1580 D tgnet   : connection( account0, dc1, type 2) received packet size less(11104) then message size(32876)
12-08 06:53:09.910  1491  1580 D tgnet   : [        Connection.cpp: 155] connection( account0, dc1, type 2) received packet size less(11104) then message size(32876)
12-08 06:53:09.911  1491  1580 D tgnet   : connection( account0, dc1, type 2) received packet size less(13880) then message size(32876)
12-08 06:53:09.911  1491  1580 D tgnet   : [        Connection.cpp: 155] connection( account0, dc1, type 2) received packet size less(13880) then message size(32876)
12-08 06:53:09.911  1491  1580 D tgnet   : connection( account0, dc1, type 2) received packet size less(16656) then message size(32876)
12-08 06:53:09.911  1491  1580 D tgnet   : [        Connection.cpp: 155] connection( account0, dc1, type 2) received packet size less(16656) then message size(32876)
12-08 06:53:09.912  1491  1580 D tgnet   : connection( account0, dc1, type 2) received packet size less(19432) then message size(32876)
12-08 06:53:09.912  1491  1580 D tgnet   : [        Connection.cpp: 155] connection( account0, dc1, type 2) received packet size less(19432) then message size(32876)
12-08 06:53:09.913  1491  1580 D tgnet   : connection( account0, dc1, type 2) received packet size less(22208) then message size(32876)
12-08 06:53:09.913  1491  1580 D tgnet   : [        Connection.cpp: 155] connection( account0, dc1, type 2) received packet size less(22208) then message size(32876)
12-08 06:53:09.913  1491  1580 D tgnet   : connection( account0, dc1, type 2) received packet size less(24984) then message size(32876)
12-08 06:53:09.913  1491  1580 D tgnet   : [        Connection.cpp: 155] connection( account0, dc1, type 2) received packet size less(24984) then message size(32876)
12-08 06:53:09.914  1491  1580 D tgnet   : connection( account0, dc1, type 2) received packet size less(27760) then message size(32876)
12-08 06:53:09.914  1491  1580 D tgnet   : [        Connection.cpp: 155] connection( account0, dc1, type 2) received packet size less(27760) then message size(32876)
12-08 06:53:09.915  1491  1580 D tgnet   : connection( account0, dc1, type 2) received packet size less(30536) then message size(32876)
12-08 06:53:09.915  1491  1580 D tgnet   : [        Connection.cpp: 155] connection( account0, dc1, type 2) received packet size less(30536) then message size(32876)
12-08 06:53:09.915  1491  1580 D tgnet   : connection( account0, dc1, type 2) received packet size less(31924) then message size(32876)
12-08 06:53:09.915  1491  1580 D tgnet   : [        Connection.cpp: 155] connection( account0, dc1, type 2) received packet size less(31924) then message size(32876)
12-08 06:53:09.915  1491  1580 D tgnet   : connection(0x7c52c50391a0, account0, dc1, type 2) received packet size less(1384) then message size(23112)
12-08 06:53:09.916  1491  1580 D tgnet   : [        Connection.cpp: 277] connection(0x7c52c50391a0, account0, dc1, type 2) received packet size less(1384) then message size(23112)
12-08 06:53:09.916  1491  1580 D tgnet   : connection( account0, dc1, type 2) received packet size less(4164) then message size(23116)
12-08 06:53:09.916  1491  1580 D tgnet   : [        Connection.cpp: 155] connection( account0, dc1, type 2) received packet size less(4164) then message size(23116)
12-08 06:53:09.917  1491  1580 D tgnet   : connection( account0, dc1, type 2) received packet size less(6940) then message size(23116)
12-08 06:53:09.917  1491  1580 D tgnet   : [        Connection.cpp: 155] connection( account0, dc1, type 2) received packet size less(6940) then message size(23116)
12-08 06:53:09.917  1491  1580 D tgnet   : connection( account0, dc1, type 2) received packet size less(9716) then message size(23116)
12-08 06:53:09.917  1491  1580 D tgnet   : [        Connection.cpp: 155] connection( account0, dc1, type 2) received packet size less(9716) then message size(23116)
12-08 06:53:09.919  1491  1580 D tgnet   : connection( account0, dc1, type 2) received packet size less(12492) then message size(23116)
12-08 06:53:09.919  1491  1580 D tgnet   : [        Connection.cpp: 155] connection( account0, dc1, type 2) received packet size less(12492) then message size(23116)
12-08 06:53:09.919  1491  1580 D tgnet   : connection( account0, dc1, type 2) received packet size less(15268) then message size(23116)
12-08 06:53:09.919  1491  1580 D tgnet   : [        Connection.cpp: 155] connection( account0, dc1, type 2) received packet size less(15268) then message size(23116)
12-08 06:53:09.920  1491  1580 D tgnet   : connection( account0, dc1, type 2) received packet size less(18044) then message size(23116)
12-08 06:53:09.920  1491  1580 D tgnet   : [        Connection.cpp: 155] connection( account0, dc1, type 2) received packet size less(18044) then message size(23116)
12-08 06:53:09.920  1491  1580 D tgnet   : connection( account0, dc1, type 2) received packet size less(20820) then message size(23116)
12-08 06:53:09.920  1491  1580 D tgnet   : [        Connection.cpp: 155] connection( account0, dc1, type 2) received packet size less(20820) then message size(23116)
12-08 06:53:09.932  1491  1580 D tgnet   : connection( account0, dc1, type 2) received packet size less(22208) then message size(23116)
12-08 06:53:09.932  1491  1580 D tgnet   : [        Connection.cpp: 155] connection( account0, dc1, type 2) received packet size less(22208) then message size(23116)
12-08 06:53:09.977  1491  1580 D tgnet   : received message len 23112 (currentPacketLength) equal to packet size
12-08 06:53:09.977  1491  1580 D tgnet   : [        Connection.cpp: 275] received message len 23112 (currentPacketLength) equal to packet size
12-08 06:53:09.979  1491  1580 D tgnet   : api request constructor 0x96a18d5, don't parse
12-08 06:53:09.979  1491  1580 D tgnet   : [ConnectionsManager.cpp:1096] api request constructor 0x96a18d5, don't parse
12-08 06:53:09.979  1491  1580 D tgnet   : connection(0x7c52c50391a0, account0, dc1, type 2) received object 13TL_rpc_result
12-08 06:53:09.979  1491  1580 D tgnet   : [ConnectionsManager.cpp:1008] connection(0x7c52c50391a0, account0, dc1, type 2) received object 13TL_rpc_result
12-08 06:53:09.979  1491  1580 D tgnet   : process server response 0x7c5205040d30 - 13TL_rpc_result
12-08 06:53:09.979  1491  1580 D tgnet   : [ConnectionsManager.cpp:1122] process server response 0x7c5205040d30 - 13TL_rpc_result
12-08 06:53:09.979  1491  1580 D tgnet   : message_id 7581376582171132329 connection(0x7c52c50391a0, account0, dc1, type 2) received rpc_result with 15TL_api_response
12-08 06:53:09.980  1491  1580 D tgnet   : [ConnectionsManager.cpp:1267] message_id 7581376582171132329 connection(0x7c52c50391a0, account0, dc1, type 2) received rpc_result with 15TL_api_response
12-08 06:53:09.980  1491  1580 D tgnet   : got response for request 0x7c5205041ff0 - 14TL_api_request
12-08 06:53:09.980  1491  1580 D tgnet   : [ConnectionsManager.cpp:1303] got response for request 0x7c5205041ff0 - 14TL_api_request
12-08 06:53:09.981  1491  1580 D tmessages: CM java buff saved to /sdcard/Android/data/org.chatengine.messenger.beta/files/buff_1765176789980.bin
12-08 06:53:09.982  1491  1580 D tmessages: java received org.telegram.tgnet.TLRPC$TL_upload_file@8abb2d4 error = null
12-08 06:53:09.982  1491  1563 D tmessages: debug_loading: 1_1655891440108048385.webm time=161 dcId=1 cdn=false conType=2 reqId97
12-08 06:53:09.983  1491  1563 D tmessages: save file part 1_1655891440108048385.webm offset=458752 chunk_size=32768 isCdn=false
12-08 06:53:10.009  1491  1580 D tgnet   : received message len 32872 (currentPacketLength) equal to packet size
12-08 06:53:10.009  1491  1580 D tgnet   : [        Connection.cpp: 275] received message len 32872 (currentPacketLength) equal to packet size
12-08 06:53:10.010  1491  1580 D tgnet   : api request constructor 0x96a18d5, don't parse
12-08 06:53:10.010  1491  1580 D tgnet   : [ConnectionsManager.cpp:1096] api request constructor 0x96a18d5, don't parse
12-08 06:53:10.010  1491  1580 D tgnet   : connection(0x7c52c50384c0, account0, dc1, type 2) received object 13TL_rpc_result
12-08 06:53:10.010  1491  1580 D tgnet   : [ConnectionsManager.cpp:1008] connection(0x7c52c50384c0, account0, dc1, type 2) received object 13TL_rpc_result
12-08 06:53:10.010  1491  1580 D tgnet   : process server response 0x7c5205040d30 - 13TL_rpc_result
12-08 06:53:10.010  1491  1580 D tgnet   : [ConnectionsManager.cpp:1122] process server response 0x7c5205040d30 - 13TL_rpc_result
12-08 06:53:10.010  1491  1580 D tgnet   : message_id 7581376582160646561 connection(0x7c52c50384c0, account0, dc1, type 2) received rpc_result with 15TL_api_response
12-08 06:53:10.010  1491  1580 D tgnet   : [ConnectionsManager.cpp:1267] message_id 7581376582160646561 connection(0x7c52c50384c0, account0, dc1, type 2) received rpc_result with 15TL_api_response
12-08 06:53:10.010  1491  1580 D tgnet   : got response for request 0x7c52050428f0 - 14TL_api_request
12-08 06:53:10.010  1491  1580 D tgnet   : [ConnectionsManager.cpp:1303] got response for request 0x7c52050428f0 - 14TL_api_request
12-08 06:53:10.012  1491  1580 D tmessages: CM java buff saved to /sdcard/Android/data/org.chatengine.messenger.beta/files/buff_1765176790011.bin
12-08 06:53:10.012  1491  1580 D tmessages: java received org.telegram.tgnet.TLRPC$TL_upload_file@e03f772 error = null
12-08 06:53:10.013  1491  1563 D tmessages: debug_loading: 1_1655891440108048385.webm time=200 dcId=1 cdn=false conType=65538 reqId96
12-08 06:53:10.013  1491  1563 D tmessages: save file part 1_1655891440108048385.webm offset=425984 chunk_size=32768 isCdn=false
12-08 06:53:10.021  1491  1563 D tmessages: finished downloading file to /storage/emulated/0/Android/data/org.chatengine.messenger.beta/cache/1_1655891440108048385.webm time = 917 dc = 1 size = 470.5 KB
12-08 06:53:10.908  1491  1563 D tmessages: send request org.telegram.tgnet.TLRPC$TL_messages_getEmojiKeywordsDifference@d8b7904 with token = 98
12-08 06:53:10.909  1491  1580 D tgnet   : send request 0x7c52050413f0 - 14TL_api_request
12-08 06:53:10.909  1491  1580 D tgnet   : [ConnectionsManager.cpp:1875] send request 0x7c52050413f0 - 14TL_api_request
12-08 06:53:10.909  1491  1580 D tgnet   : send request wrapped 0x7c52050413f0 - 14TL_api_request
12-08 06:53:10.909  1491  1580 D tgnet   : [ConnectionsManager.cpp:1882] send request wrapped 0x7c52050413f0 - 14TL_api_request
12-08 06:53:10.909  1491  1580 D tgnet   : messageId for token = 98, 0x693675d6e8b43800
12-08 06:53:10.909  1491  1580 D tgnet   : [ConnectionsManager.cpp:2609] messageId for token = 98, 0x693675d6e8b43800
12-08 06:53:10.909  1491  1580 D tgnet   : send message (session: 0xabcdf815972b6e9e, seqno: 95, messageid: 7581376588612384768  0x693675d6e8b43800): 14TL_api_request(0x7c52050413f0)
12-08 06:53:10.909  1491  1580 D tgnet   : [        Datacenter.cpp:1186] send message (session: 0xabcdf815972b6e9e, seqno: 95, messageid: 7581376588612384768  0x693675d6e8b43800): 14TL_api_request(0x7c52050413f0)
12-08 06:53:11.009  1491  1580 D tgnet   : received message len 120 (currentPacketLength) equal to packet size
12-08 06:53:11.009  1491  1580 D tgnet   : [        Connection.cpp: 275] received message len 120 (currentPacketLength) equal to packet size
12-08 06:53:11.009  1491  1580 D tgnet   : api request constructor 0x5cc761bd, don't parse
12-08 06:53:11.010  1491  1580 D tgnet   : [ConnectionsManager.cpp:1096] api request constructor 0x5cc761bd, don't parse
12-08 06:53:11.010  1491  1580 D tgnet   : connection(0x7c52c5013af0, account0, dc1, type 1) received object 13TL_rpc_result
12-08 06:53:11.010  1491  1580 D tgnet   : [ConnectionsManager.cpp:1008] connection(0x7c52c5013af0, account0, dc1, type 1) received object 13TL_rpc_result
12-08 06:53:11.010  1491  1580 D tgnet   : process server response 0x7c5205041ed0 - 13TL_rpc_result
12-08 06:53:11.010  1491  1580 D tgnet   : [ConnectionsManager.cpp:1122] process server response 0x7c5205041ed0 - 13TL_rpc_result
12-08 06:53:11.010  1491  1580 D tgnet   : message_id 7581376586638066097 connection(0x7c52c5013af0, account0, dc1, type 1) received rpc_result with 15TL_api_response
12-08 06:53:11.010  1491  1580 D tgnet   : [ConnectionsManager.cpp:1267] message_id 7581376586638066097 connection(0x7c52c5013af0, account0, dc1, type 1) received rpc_result with 15TL_api_response
12-08 06:53:11.010  1491  1580 D tgnet   : got response for request 0x7c52050413f0 - 14TL_api_request
12-08 06:53:11.010  1491  1580 D tgnet   : [ConnectionsManager.cpp:1303] got response for request 0x7c52050413f0 - 14TL_api_request
12-08 06:53:11.012  1491  1580 D tmessages: CM java buff saved to /sdcard/Android/data/org.chatengine.messenger.beta/files/buff_1765176791010.bin
12-08 06:53:11.012  1491  1580 D tmessages: java received org.telegram.tgnet.TLRPC$TL_emojiKeywordsDifference@5652122 error = null
12-08 06:53:11.015  1491  1532 D MTProto : requestMsgId=136688709088560 requestingTime=105 request_token=98
12-08 06:53:11.015  1491  1532 D MTProto : req -> TL_messages_getEmojiKeywordsDifference : {"from_version":0,"lang_code":"en-US"}
12-08 06:53:11.015  1491  1532 D MTProto : res -> TL_emojiKeywordsDifference : {"from_version":0,"keywords":[],"lang_code":"en-US","version":0}
12-08 06:53:11.015  1491  1532 D MTProto :  
12-08 06:53:15.018  1491  1580 D tgnet   : connection(0x7c52c5013af0) reset last event time, no requests
12-08 06:53:15.018  1491  1580 D tgnet   : [  ConnectionSocket.cpp:1089] connection(0x7c52c5013af0) reset last event time, no requests
12-08 06:53:17.812  1491  1563 D tmessages: send request org.telegram.tgnet.TLRPC$TL_messages_getEmojiKeywordsDifference@6ecc385 with token = 99
12-08 06:53:17.813  1491  1580 D tgnet   : send request 0x7c52050427d0 - 14TL_api_request
12-08 06:53:17.813  1491  1580 D tgnet   : [ConnectionsManager.cpp:1875] send request 0x7c52050427d0 - 14TL_api_request
12-08 06:53:17.813  1491  1580 D tgnet   : send request wrapped 0x7c52050427d0 - 14TL_api_request
12-08 06:53:17.813  1491  1580 D tgnet   : [ConnectionsManager.cpp:1882] send request wrapped 0x7c52050427d0 - 14TL_api_request
12-08 06:53:17.813  1491  1580 D tgnet   : messageId for token = 99, 0x693675ddd020c400
12-08 06:53:17.813  1491  1580 D tgnet   : [ConnectionsManager.cpp:2609] messageId for token = 99, 0x693675ddd020c400
12-08 06:53:17.813  1491  1580 D tgnet   : send message (session: 0xabcdf815972b6e9e, seqno: 97, messageid: 7581376618264839168  0x693675ddd020c400): 14TL_api_request(0x7c52050427d0)
12-08 06:53:17.814  1491  1580 D tgnet   : [        Datacenter.cpp:1186] send message (session: 0xabcdf815972b6e9e, seqno: 97, messageid: 7581376618264839168  0x693675ddd020c400): 14TL_api_request(0x7c52050427d0)
12-08 06:53:17.913  1491  1580 D tgnet   : received message len 120 (currentPacketLength) equal to packet size
12-08 06:53:17.913  1491  1580 D tgnet   : [        Connection.cpp: 275] received message len 120 (currentPacketLength) equal to packet size
12-08 06:53:17.914  1491  1580 D tgnet   : api request constructor 0x5cc761bd, don't parse
12-08 06:53:17.914  1491  1580 D tgnet   : [ConnectionsManager.cpp:1096] api request constructor 0x5cc761bd, don't parse
12-08 06:53:17.914  1491  1580 D tgnet   : connection(0x7c52c5013af0, account0, dc1, type 1) received object 13TL_rpc_result
12-08 06:53:17.915  1491  1580 D tgnet   : [ConnectionsManager.cpp:1008] connection(0x7c52c5013af0, account0, dc1, type 1) received object 13TL_rpc_result
12-08 06:53:17.915  1491  1580 D tgnet   : process server response 0x7c52050409d0 - 13TL_rpc_result
12-08 06:53:17.915  1491  1580 D tgnet   : [ConnectionsManager.cpp:1122] process server response 0x7c52050409d0 - 13TL_rpc_result
12-08 06:53:17.915  1491  1580 D tgnet   : message_id 7581376616516190649 connection(0x7c52c5013af0, account0, dc1, type 1) received rpc_result with 15TL_api_response
12-08 06:53:17.915  1491  1580 D tgnet   : [ConnectionsManager.cpp:1267] message_id 7581376616516190649 connection(0x7c52c5013af0, account0, dc1, type 1) received rpc_result with 15TL_api_response
12-08 06:53:17.915  1491  1580 D tgnet   : got response for request 0x7c52050427d0 - 14TL_api_request
12-08 06:53:17.915  1491  1580 D tgnet   : [ConnectionsManager.cpp:1303] got response for request 0x7c52050427d0 - 14TL_api_request
12-08 06:53:17.917  1491  1580 D tmessages: CM java buff saved to /sdcard/Android/data/org.chatengine.messenger.beta/files/buff_1765176797915.bin
12-08 06:53:17.917  1491  1580 D tmessages: java received org.telegram.tgnet.TLRPC$TL_emojiKeywordsDifference@cc04a0b error = null
12-08 06:53:17.919  1491  1532 D MTProto : requestMsgId=136688709088560 requestingTime=106 request_token=99
12-08 06:53:17.919  1491  1532 D MTProto : req -> TL_messages_getEmojiKeywordsDifference : {"from_version":0,"lang_code":"en-US"}
12-08 06:53:17.919  1491  1532 D MTProto : res -> TL_emojiKeywordsDifference : {"from_version":0,"keywords":[],"lang_code":"en-US","version":0}
12-08 06:53:17.919  1491  1532 D MTProto :  
12-08 06:53:19.766  1491  1557 D tmessages: download queue: dc1 account=0 small_operations=33 large_operations=0
12-08 06:53:19.798  1491  1491 D tmessages: received new messages 1 in dialog 1271284286
12-08 06:53:19.802  1491  1491 D tmessages: notify item inserted 0
12-08 06:53:19.804  1491  1491 D tmessages: send message user_id = 1271284286 chat_id = 0 channel_id = 0 access_hash = 7248528399095271617 notify = true silent = false
12-08 06:53:19.805  1491  1563 D tmessages: send request org.telegram.tgnet.TLRPC$TL_messages_sendMessage@d331500 with token = 100
12-08 06:53:19.805  1491  1580 D tgnet   : send request 0x7c5205043b50 - 14TL_api_request
12-08 06:53:19.806  1491  1580 D tgnet   : [ConnectionsManager.cpp:1875] send request 0x7c5205043b50 - 14TL_api_request
12-08 06:53:19.806  1491  1580 D tgnet   : send request wrapped 0x7c5205043b50 - 14TL_api_request
12-08 06:53:19.806  1491  1580 D tgnet   : [ConnectionsManager.cpp:1882] send request wrapped 0x7c5205043b50 - 14TL_api_request
12-08 06:53:19.806  1491  1580 D tgnet   : messageId for token = 100, 0x693675dfce560400
12-08 06:53:19.806  1491  1580 D tgnet   : [ConnectionsManager.cpp:2609] messageId for token = 100, 0x693675dfce560400
12-08 06:53:19.806  1491  1580 D tgnet   : send message (session: 0xabcdf815972b6e9e, seqno: 99, messageid: 7581376626824709120  0x693675dfce560400): 14TL_api_request(0x7c5205043b50)
12-08 06:53:19.807  1491  1580 D tgnet   : [        Datacenter.cpp:1186] send message (session: 0xabcdf815972b6e9e, seqno: 99, messageid: 7581376626824709120  0x693675dfce560400): 14TL_api_request(0x7c5205043b50)
12-08 06:53:19.824  1491  1491 D tmessages: chatItemAnimator disable notifications
12-08 06:53:19.921  1491  1580 D tgnet   : received message len 328 (currentPacketLength) equal to packet size
12-08 06:53:19.921  1491  1580 D tgnet   : [        Connection.cpp: 275] received message len 328 (currentPacketLength) equal to packet size
12-08 06:53:19.922  1491  1580 D tgnet   : api request constructor 0x74ae4240, don't parse
12-08 06:53:19.922  1491  1580 D tgnet   : [ConnectionsManager.cpp:1096] api request constructor 0x74ae4240, don't parse
12-08 06:53:19.922  1491  1580 D tgnet   : connection(0x7c52c5013af0, account0, dc1, type 1) received object 13TL_rpc_result
12-08 06:53:19.922  1491  1580 D tgnet   : [ConnectionsManager.cpp:1008] connection(0x7c52c5013af0, account0, dc1, type 1) received object 13TL_rpc_result
12-08 06:53:19.922  1491  1580 D tgnet   : process server response 0x7c52050435b0 - 13TL_rpc_result
12-08 06:53:19.922  1491  1580 D tgnet   : [ConnectionsManager.cpp:1122] process server response 0x7c52050435b0 - 13TL_rpc_result
12-08 06:53:19.922  1491  1580 D tgnet   : message_id 7581376625114513857 connection(0x7c52c5013af0, account0, dc1, type 1) received rpc_result with 15TL_api_response
12-08 06:53:19.922  1491  1580 D tgnet   : [ConnectionsManager.cpp:1267] message_id 7581376625114513857 connection(0x7c52c5013af0, account0, dc1, type 1) received rpc_result with 15TL_api_response
12-08 06:53:19.922  1491  1580 D tgnet   : got response for request 0x7c5205043b50 - 14TL_api_request
12-08 06:53:19.923  1491  1580 D tgnet   : [ConnectionsManager.cpp:1303] got response for request 0x7c5205043b50 - 14TL_api_request
12-08 06:53:19.924  1491  1580 D tmessages: CM java buff saved to /sdcard/Android/data/org.chatengine.messenger.beta/files/buff_1765176799923.bin
12-08 06:53:19.926  1491  1580 D tmessages: java received org.telegram.tgnet.TLRPC$TL_updates@63c28c1 error = null
12-08 06:53:19.929  1491  1532 D MTProto : requestMsgId=136688709088560 requestingTime=123 request_token=100
12-08 06:53:19.929  1491  1532 D MTProto : req -> TL_messages_sendMessage : {"background":false,"clear_draft":true,"entities":[],"flags":128,"no_webpage":false,"noforwards":false,"peer":{"access_hash":7248528399095271617,"channel_id":0,"chat_id":0,"msg_id":0,"user_id":1271284286},"random_id":-403486778607643539,"reply_to_msg_id":0,"schedule_date":0,"send_as":{"access_hash":1987210240484221045,"channel_id":0,"chat_id":0,"msg_id":0,"user_id":1271292291},"silent":false,"top_msg_id":0,"update_stickersets_order":false}
12-08 06:53:19.929  1491  1532 D MTProto : res -> TL_updates : {"chat_id":0,"chats":[],"date":1765176799,"entities":[],"flags":0,"from_id":0,"id":0,"media_unread":false,"mentioned":false,"out":false,"pts":0,"pts_count":0,"seq":0,"seq_start":0,"silent":false,"ttl_period":0,"updates":[{"id":6,"random_id":-403486778607643539},{"pts":15,"pts_count":1}],"user_id":0,"users":[{"access_hash":1987210240484221045,"apply_min_photo":false,"attach_menu_enabled":false,"bot":false,"bot_attach_menu":false,"bot_chat_history":false,"bot_info_version":0,"bot_inline_geo":false,"bot_menu_webview":false,"bot_nochats":false,"contact":true,"deleted":false,"explicit_content":false,"fake":false,"first_name":"U","flags":7255,"flags2":0,"id":1271292291,"inactive":false,"last_name":"7","min":false,"mutual_contact":true,"premium":false,"restricted":false,"restriction_reason":[],"scam":false,"self":true,"status":{"expires":1765176847},"support":false,"usernames":[],"verified":false},{"access_hash":7248528399095271617,"apply_min_photo":false,"attach_menu_enabled":false,"bot":false,"bot_attach_menu":false,"bot_chat_history":false,"bot_info_version":0,"bot_inline_geo":false,"bot_menu_webview":false,"bot_nochats":false,"contact":true,"deleted":false,"explicit_content":false,"fake":false,"first_name":"U","flags":2127,"flags2":0,"id":1271284286,"inactive":false,"last_name":"2","min":false,"mutual_contact":false,"premium":false,"restricted":false,"restriction_reason":[],"scam":false,"self":false,"status":{"expires":1765019305},"support":false,"username":"xxxxspace","usernames":[],"verified":false}],"via_bot_id":0}
12-08 06:53:19.929  1491  1532 D MTProto :  
12-08 06:53:19.939  1491  1563 D tmessages: processNewDifferenceParams seq = -1 pts = 15 date = -1 pts_count = 1
12-08 06:53:19.939  1491  1563 D tmessages: APPLY PTS
12-08 06:53:19.939  1491  1563 D tmessages: process update TL_updateMessageID
12-08 06:53:19.942  1491  1563 D tmessages: send request org.telegram.tgnet.TLRPC$TL_messages_getMessagesReactions@24e5866 with token = 101
12-08 06:53:19.942  1491  1580 D tgnet   : send request 0x7c5205043d30 - 14TL_api_request
12-08 06:53:19.942  1491  1580 D tgnet   : [ConnectionsManager.cpp:1875] send request 0x7c5205043d30 - 14TL_api_request
12-08 06:53:19.942  1491  1580 D tgnet   : send request wrapped 0x7c5205043d30 - 14TL_api_request
12-08 06:53:19.942  1491  1580 D tgnet   : [ConnectionsManager.cpp:1882] send request wrapped 0x7c5205043d30 - 14TL_api_request
12-08 06:53:19.942  1491  1580 D tgnet   : messageId for token = 101, 0x693675dff126ec00
12-08 06:53:19.942  1491  1580 D tgnet   : [ConnectionsManager.cpp:2609] messageId for token = 101, 0x693675dff126ec00
12-08 06:53:19.942  1491  1580 D tgnet   : send message (session: 0xabcdf815972b6e9e, seqno: 101, messageid: 7581376627408825344  0x693675dff126ec00): 14TL_api_request(0x7c5205043d30)
12-08 06:53:19.942  1491  1580 D tgnet   : [        Datacenter.cpp:1186] send message (session: 0xabcdf815972b6e9e, seqno: 101, messageid: 7581376627408825344  0x693675dff126ec00): 14TL_api_request(0x7c5205043d30)
12-08 06:53:20.049  1491  1580 D tgnet   : received message len 184 (currentPacketLength) equal to packet size
12-08 06:53:20.049  1491  1580 D tgnet   : [        Connection.cpp: 275] received message len 184 (currentPacketLength) equal to packet size
12-08 06:53:20.049  1491  1580 D tgnet   : api request constructor 0x74ae4240, don't parse
12-08 06:53:20.049  1491  1580 D tgnet   : [ConnectionsManager.cpp:1096] api request constructor 0x74ae4240, don't parse
12-08 06:53:20.049  1491  1580 D tgnet   : connection(0x7c52c5013af0, account0, dc1, type 1) received object 13TL_rpc_result
12-08 06:53:20.049  1491  1580 D tgnet   : [ConnectionsManager.cpp:1008] connection(0x7c52c5013af0, account0, dc1, type 1) received object 13TL_rpc_result
12-08 06:53:20.049  1491  1580 D tgnet   : process server response 0x7c5205042ef0 - 13TL_rpc_result
