11-16 10:23:56.772  6684  6747 D tgnet   : process server response 0x7dcded22b670 - 7TL_pong
11-16 10:23:56.772  6684  6747 D tgnet   : [ConnectionsManager.cpp:1122] process server response 0x7dcded22b670 - 7TL_pong
11-16 10:23:58.110   250  3433 I system_server: oneway function results will be dropped but finished with status OK and parcel size 4
11-16 10:23:58.774  6684  6747 D tgnet   : send message (session: 0xabcd6acb7b42141f, seqno: 6, messageid: 7573267036942687232  0x6919a63ec624dc00): 24TL_ping_delay_disconnect(0x7dcded22b670) ping_id: 4
11-16 10:23:58.774  6684  6747 D tgnet   : [        Datacenter.cpp:1184] send message (session: 0xabcd6acb7b42141f, seqno: 6, messageid: 7573267036942687232  0x6919a63ec624dc00): 24TL_ping_delay_disconnect(0x7dcded22b670) ping_id: 4
11-16 10:23:58.774  6684  6747 D tgnet   : send message (session: 0xabcd6acb7b42141f, seqno: 6, messageid: 7573267036942687232  0x6919a63ec624dc00): 24TL_ping_delay_disconnect(0x7dcded22b670)
11-16 10:23:58.774  6684  6747 D tgnet   : [        Datacenter.cpp:1186] send message (session: 0xabcd6acb7b42141f, seqno: 6, messageid: 7573267036942687232  0x6919a63ec624dc00): 24TL_ping_delay_disconnect(0x7dcded22b670)
11-16 10:23:58.776  6684  6747 D tgnet   : received message len 88 (currentPacketLength) equal to packet size
11-16 10:23:58.776  6684  6747 D tgnet   : [        Connection.cpp: 275] received message len 88 (currentPacketLength) equal to packet size
11-16 10:23:58.776  6684  6747 D tgnet   : connection(0x7dcead211190, account0, dc1, type 1) received object 7TL_pong
11-16 10:23:58.776  6684  6747 D tgnet   : [ConnectionsManager.cpp:1008] connection(0x7dcead211190, account0, dc1, type 1) received object 7TL_pong
11-16 10:23:58.776  6684  6747 D tgnet   : process server response 0x7dcded22b670 - 7TL_pong
11-16 10:23:58.776  6684  6747 D tgnet   : [ConnectionsManager.cpp:1122] process server response 0x7dcded22b670 - 7TL_pong
11-16 10:24:00.000   399   399 D KeyguardClockSwitch: Updating clock: 10:24
11-16 10:24:00.778  6684  6747 D tgnet   : send message (session: 0xabcd6acb7b42141f, seqno: 6, messageid: 7573267045549802496  0x6919a640c72b0400): 24TL_ping_delay_disconnect(0x7dcded229450) ping_id: 5
11-16 10:24:00.778  6684  6747 D tgnet   : [        Datacenter.cpp:1184] send message (session: 0xabcd6acb7b42141f, seqno: 6, messageid: 7573267045549802496  0x6919a640c72b0400): 24TL_ping_delay_disconnect(0x7dcded229450) ping_id: 5
11-16 10:24:00.778  6684  6747 D tgnet   : send message (session: 0xabcd6acb7b42141f, seqno: 6, messageid: 7573267045549802496  0x6919a640c72b0400): 24TL_ping_delay_disconnect(0x7dcded229450)
11-16 10:24:00.778  6684  6747 D tgnet   : [        Datacenter.cpp:1186] send message (session: 0xabcd6acb7b42141f, seqno: 6, messageid: 7573267045549802496  0x6919a640c72b0400): 24TL_ping_delay_disconnect(0x7dcded229450)
11-16 10:24:00.779  6684  6747 D tgnet   : received message len 88 (currentPacketLength) equal to packet size
11-16 10:24:00.780  6684  6747 D tgnet   : [        Connection.cpp: 275] received message len 88 (currentPacketLength) equal to packet size
11-16 10:24:00.780  6684  6747 D tgnet   : connection(0x7dcead211190, account0, dc1, type 1) received object 7TL_pong
11-16 10:24:00.780  6684  6747 D tgnet   : [ConnectionsManager.cpp:1008] connection(0x7dcead211190, account0, dc1, type 1) received object 7TL_pong
11-16 10:24:00.780  6684  6747 D tgnet   : process server response 0x7dcded229450 - 7TL_pong
11-16 10:24:00.780  6684  6747 D tgnet   : [ConnectionsManager.cpp:1122] process server response 0x7dcded229450 - 7TL_pong
11-16 10:24:02.781  6684  6747 D tgnet   : send message (session: 0xabcd6acb7b42141f, seqno: 6, messageid: 7573267054152622080  0x6919a642c7efa000): 24TL_ping_delay_disconnect(0x7dcded229cf0) ping_id: 6
11-16 10:24:02.781  6684  6747 D tgnet   : [        Datacenter.cpp:1184] send message (session: 0xabcd6acb7b42141f, seqno: 6, messageid: 7573267054152622080  0x6919a642c7efa000): 24TL_ping_delay_disconnect(0x7dcded229cf0) ping_id: 6
11-16 10:24:02.781  6684  6747 D tgnet   : send message (session: 0xabcd6acb7b42141f, seqno: 6, messageid: 7573267054152622080  0x6919a642c7efa000): 24TL_ping_delay_disconnect(0x7dcded229cf0)
11-16 10:24:02.781  6684  6747 D tgnet   : [        Datacenter.cpp:1186] send message (session: 0xabcd6acb7b42141f, seqno: 6, messageid: 7573267054152622080  0x6919a642c7efa000): 24TL_ping_delay_disconnect(0x7dcded229cf0)
11-16 10:24:02.782  6684  6747 D tgnet   : received message len 88 (currentPacketLength) equal to packet size
11-16 10:24:02.782  6684  6747 D tgnet   : [        Connection.cpp: 275] received message len 88 (currentPacketLength) equal to packet size
11-16 10:24:02.783  6684  6747 D tgnet   : connection(0x7dcead211190, account0, dc1, type 1) received object 7TL_pong
11-16 10:24:02.783  6684  6747 D tgnet   : [ConnectionsManager.cpp:1008] connection(0x7dcead211190, account0, dc1, type 1) received object 7TL_pong
11-16 10:24:02.783  6684  6747 D tgnet   : process server response 0x7dcded229cf0 - 7TL_pong
11-16 10:24:02.783  6684  6747 D tgnet   : [ConnectionsManager.cpp:1122] process server response 0x7dcded229cf0 - 7TL_pong
11-16 10:24:03.692  6684  6684 D tmessages: sim status = 0
11-16 10:24:03.735   250  3433 I system_server: oneway function results will be dropped but finished with status OK and parcel size 4
11-16 10:24:03.735   250  3433 I chatty  : uid=1000(system) Binder:250_1E identical 1 line
11-16 10:24:03.735   250  3433 I system_server: oneway function results will be dropped but finished with status OK and parcel size 4
11-16 10:24:03.931    98   215 W APM::AudioPolicyEngine: getDevicesForStrategy() unknown strategy: -1
11-16 10:24:03.931   250  3433 I system_server: oneway function results will be dropped but finished with status OK and parcel size 4
11-16 10:24:04.187   250  3433 I system_server: oneway function results will be dropped but finished with status OK and parcel size 4
11-16 10:24:04.379    98   215 W APM::AudioPolicyEngine: getDevicesForStrategy() unknown strategy: -1
11-16 10:24:04.379   250  3433 I system_server: oneway function results will be dropped but finished with status OK and parcel size 4
11-16 10:24:04.442  6684  6684 D tmessages: sim status = 0
11-16 10:24:04.445  6684  6735 D tmessages: send request org.telegram.tgnet.TLRPC$TL_auth_sendCode@968857f with token = 13
11-16 10:24:04.445  6684  6735 D tgnet   : called from sendRequest (Android)
11-16 10:24:04.445  6684  6735 D tgnet   : [ConnectionsManager.cpp:1849] called from sendRequest (Android)
11-16 10:24:04.452  6684  6747 D tgnet   : Config(0x7dcddd217950, /data/user/0/org.chatengine.messenger.beta/files/tgnet.dat) config write ok
11-16 10:24:04.453  6684  6747 D tgnet   : [            Config.cpp: 129] Config(0x7dcddd217950, /data/user/0/org.chatengine.messenger.beta/files/tgnet.dat) config write ok
11-16 10:24:04.453  6684  6747 D tgnet   : send request 0x7dcded22b850 - 14TL_api_request
11-16 10:24:04.453  6684  6747 D tgnet   : [ConnectionsManager.cpp:1876] send request 0x7dcded22b850 - 14TL_api_request
11-16 10:24:04.453  6684  6747 D tgnet   : send request wrapped 0x7dcded22b850 - 14TL_api_request
11-16 10:24:04.453  6684  6747 D tgnet   : [ConnectionsManager.cpp:1883] send request wrapped 0x7dcded22b850 - 14TL_api_request
11-16 10:24:04.453  6684  6747 D tgnet   : messageId for token = 13, 0x6919a64473f7d000
11-16 10:24:04.453  6684  6747 D tgnet   : [ConnectionsManager.cpp:2610] messageId for token = 13, 0x6919a64473f7d000
11-16 10:24:04.453  6684  6747 D tgnet   : send message (session: 0xabcdc7b422b38492, seqno: 1, messageid: 7573267061333807104  0x6919a64473f7d000): 14TL_api_request(0x7dcded22b850)
11-16 10:24:04.453  6684  6747 D tgnet   : [        Datacenter.cpp:1186] send message (session: 0xabcdc7b422b38492, seqno: 1, messageid: 7573267061333807104  0x6919a64473f7d000): 14TL_api_request(0x7dcded22b850)
11-16 10:24:04.456  6684  6747 D tgnet   : received message len 104 (currentPacketLength) equal to packet size
11-16 10:24:04.456  6684  6747 D tgnet   : [        Connection.cpp: 275] received message len 104 (currentPacketLength) equal to packet size
11-16 10:24:04.456  6684  6747 D tgnet   : connection(0x7dcead211190, account0, dc1, type 1) received object 22TL_new_session_created
11-16 10:24:04.456  6684  6747 D tgnet   : [ConnectionsManager.cpp:1008] connection(0x7dcead211190, account0, dc1, type 1) received object 22TL_new_session_created
11-16 10:24:04.456  6684  6747 D tgnet   : process server response 0x7dcdfd491ea0 - 22TL_new_session_created
11-16 10:24:04.456  6684  6747 D tgnet   : [ConnectionsManager.cpp:1122] process server response 0x7dcdfd491ea0 - 22TL_new_session_created
11-16 10:24:04.456  6684  6747 D tgnet   : connection(0x7dcead211190, account0, dc1, type 1) new session created (first message id: 0x6919a64473f7d000, server salt: 0xa0d740f0588345b6, unique id: 0x7f1d75a0b21207ee)
11-16 10:24:04.456  6684  6747 D tgnet   : [ConnectionsManager.cpp:1131] connection(0x7dcead211190, account0, dc1, type 1) new session created (first message id: 0x6919a64473f7d000, server salt: 0xa0d740f0588345b6, unique id: 0x7f1d75a0b21207ee)
11-16 10:24:04.462  6684  6747 D tgnet   : Config(0x7dcddd217950, /data/user/0/org.chatengine.messenger.beta/files/tgnet.dat) config write ok
11-16 10:24:04.463  6684  6747 D tgnet   : [            Config.cpp: 129] Config(0x7dcddd217950, /data/user/0/org.chatengine.messenger.beta/files/tgnet.dat) config write ok
11-16 10:24:04.463  6684  6747 D tgnet   : send message (session: 0xabcdc7b422b38492, seqno: 2, messageid: 7573267061376756736  0x6919a64476872c00): 11TL_msgs_ack(0x7dcdfd491ea0)
11-16 10:24:04.463  6684  6747 D tgnet   : [        Datacenter.cpp:1186] send message (session: 0xabcdc7b422b38492, seqno: 2, messageid: 7573267061376756736  0x6919a64476872c00): 11TL_msgs_ack(0x7dcdfd491ea0)
11-16 10:24:04.463  6684  6747 D tgnet   : received message len 104 (currentPacketLength) equal to packet size
11-16 10:24:04.463  6684  6747 D tgnet   : [        Connection.cpp: 275] received message len 104 (currentPacketLength) equal to packet size
11-16 10:24:04.463  6684  6747 D tgnet   : send message (session: 0xabcdc7b422b38492, seqno: 2, messageid: 7573267061376756740  0x6919a64476872c04): 11TL_msgs_ack(0x7dcdfd491ea0)
11-16 10:24:04.463  6684  6747 D tgnet   : [        Datacenter.cpp:1186] send message (session: 0xabcdc7b422b38492, seqno: 2, messageid: 7573267061376756740  0x6919a64476872c04): 11TL_msgs_ack(0x7dcdfd491ea0)
11-16 10:24:04.470  6684  6747 D tgnet   : received message len 152 (currentPacketLength) equal to packet size
11-16 10:24:04.470  6684  6747 D tgnet   : [        Connection.cpp: 275] received message len 152 (currentPacketLength) equal to packet size
11-16 10:24:04.470  6684  6747 D tgnet   : api request constructor 0x5e002502, don't parse
11-16 10:24:04.470  6684  6747 D tgnet   : [ConnectionsManager.cpp:1096] api request constructor 0x5e002502, don't parse
11-16 10:24:04.471  6684  6747 D tgnet   : connection(0x7dcead211190, account0, dc1, type 1) received object 13TL_rpc_result
11-16 10:24:04.471  6684  6747 D tgnet   : [ConnectionsManager.cpp:1008] connection(0x7dcead211190, account0, dc1, type 1) received object 13TL_rpc_result
11-16 10:24:04.471  6684  6747 D tgnet   : process server response 0x7dcded229870 - 13TL_rpc_result
11-16 10:24:04.471  6684  6747 D tgnet   : [ConnectionsManager.cpp:1122] process server response 0x7dcded229870 - 13TL_rpc_result
11-16 10:24:04.471  6684  6747 D tgnet   : message_id 7573267060371751009 connection(0x7dcead211190, account0, dc1, type 1) received rpc_result with 15TL_api_response
11-16 10:24:04.471  6684  6747 D tgnet   : [ConnectionsManager.cpp:1267] message_id 7573267060371751009 connection(0x7dcead211190, account0, dc1, type 1) received rpc_result with 15TL_api_response
11-16 10:24:04.471  6684  6747 D tgnet   : got response for request 0x7dcded22b850 - 14TL_api_request
11-16 10:24:04.471  6684  6747 D tgnet   : [ConnectionsManager.cpp:1303] got response for request 0x7dcded22b850 - 14TL_api_request
11-16 10:24:04.471  6684  6747 D tmessages: java received org.telegram.tgnet.TLRPC$TL_auth_sentCode@967b94c error = null
11-16 10:24:04.475  6684  6747 D tgnet   : send message (session: 0xabcdc7b422b38492, seqno: 2, messageid: 7573267061428296704  0x6919a64479999c00): 11TL_msgs_ack(0x7dcdfd491ea0)
11-16 10:24:04.475  6684  6747 D tgnet   : [        Datacenter.cpp:1186] send message (session: 0xabcdc7b422b38492, seqno: 2, messageid: 7573267061428296704  0x6919a64479999c00): 11TL_msgs_ack(0x7dcdfd491ea0)
11-16 10:24:04.475  6684  6725 D MTProto : requestMsgId=138320391198000 requestingTime=30 request_token=13
11-16 10:24:04.475  6684  6725 D MTProto : req -> TL_auth_sendCode : {"api_hash":"014b35b6184100b085b0d0572f9b5103","api_id":4,"phone_number":"6281798219323","settings":{"allow_app_hash":false,"allow_firebase":false,"allow_flashcall":false,"allow_missed_call":false,"app_sandbox":false,"current_number":false,"flags":64,"logout_tokens":[]}}
11-16 10:24:04.475  6684  6725 D MTProto : res -> TL_auth_sentCode : {"flags":6,"next_type":{},"phone_code_hash":"11a8910f55edf1a55e5f872ed42f984d","timeout":60,"type":{"apple_signin_allowed":false,"flags":0,"google_signin_allowed":false,"length":5,"next_phone_login_date":0,"push_timeout":0,"reset_available_period":0,"reset_pending_date":0,"verifiedFirebase":false}}
11-16 10:24:04.475  6684  6725 D MTProto :  
11-16 10:24:04.479  6684  6733 W GooglePlayServicesUtil: org.chatengine.messenger.beta requires the Google Play Store, but it is missing.
11-16 10:24:04.479  6684  6733 W GoogleApiManager: The service for com.google.android.gms.internal.auth-api-phone.zzw is not available: ConnectionResult{statusCode=SERVICE_INVALID, resolution=null, message=null}
11-16 10:24:04.480  6684  6733 W GooglePlayServicesUtil: org.chatengine.messenger.beta requires the Google Play Store, but it is missing.
11-16 10:24:04.480  6684  6733 W GoogleApiManager: The service for com.google.android.gms.internal.auth-api-phone.zzw is not available: ConnectionResult{statusCode=SERVICE_INVALID, resolution=null, message=null}
11-16 10:24:05.476  6684  6747 D tgnet   : send message (session: 0xabcdc7b422b38492, seqno: 2, messageid: 7573267065727558656  0x6919a64579db2400): 24TL_ping_delay_disconnect(0x7dcded22b430) ping_id: 7
11-16 10:24:05.476  6684  6747 D tgnet   : [        Datacenter.cpp:1184] send message (session: 0xabcdc7b422b38492, seqno: 2, messageid: 7573267065727558656  0x6919a64579db2400): 24TL_ping_delay_disconnect(0x7dcded22b430) ping_id: 7
11-16 10:24:05.476  6684  6747 D tgnet   : send message (session: 0xabcdc7b422b38492, seqno: 2, messageid: 7573267065727558656  0x6919a64579db2400): 24TL_ping_delay_disconnect(0x7dcded22b430)
11-16 10:24:05.476  6684  6747 D tgnet   : [        Datacenter.cpp:1186] send message (session: 0xabcdc7b422b38492, seqno: 2, messageid: 7573267065727558656  0x6919a64579db2400): 24TL_ping_delay_disconnect(0x7dcded22b430)
11-16 10:24:05.478  6684  6747 D tgnet   : received message len 88 (currentPacketLength) equal to packet size
11-16 10:24:05.478  6684  6747 D tgnet   : [        Connection.cpp: 275] received message len 88 (currentPacketLength) equal to packet size
11-16 10:24:05.478  6684  6747 D tgnet   : connection(0x7dcead211190, account0, dc1, type 1) received object 7TL_pong
11-16 10:24:05.478  6684  6747 D tgnet   : [ConnectionsManager.cpp:1008] connection(0x7dcead211190, account0, dc1, type 1) received object 7TL_pong
11-16 10:24:05.478  6684  6747 D tgnet   : process server response 0x7dcded22b430 - 7TL_pong
11-16 10:24:05.478  6684  6747 D tgnet   : [ConnectionsManager.cpp:1122] process server response 0x7dcded22b430 - 7TL_pong
11-16 10:24:07.281   250  3433 I system_server: oneway function results will be dropped but finished with status OK and parcel size 4
11-16 10:24:07.305  6684  6735 D tmessages: send request org.telegram.tgnet.TLRPC$TL_auth_signIn@e2ae29c with token = 14
11-16 10:24:07.305  6684  6735 D tgnet   : called from sendRequest (Android)
11-16 10:24:07.305  6684  6735 D tgnet   : [ConnectionsManager.cpp:1849] called from sendRequest (Android)
11-16 10:24:07.305  6684  6747 D tgnet   : send request 0x7dcded252310 - 14TL_api_request
11-16 10:24:07.305  6684  6747 D tgnet   : [ConnectionsManager.cpp:1876] send request 0x7dcded252310 - 14TL_api_request
11-16 10:24:07.305  6684  6747 D tgnet   : send request wrapped 0x7dcded252310 - 14TL_api_request
11-16 10:24:07.305  6684  6747 D tgnet   : [ConnectionsManager.cpp:1883] send request wrapped 0x7dcded252310 - 14TL_api_request
11-16 10:24:07.305  6684  6747 D tgnet   : messageId for token = 14, 0x6919a6474e147c00
11-16 10:24:07.305  6684  6747 D tgnet   : [ConnectionsManager.cpp:2610] messageId for token = 14, 0x6919a6474e147c00
11-16 10:24:07.305  6684  6747 D tgnet   : send message (session: 0xabcdc7b422b38492, seqno: 3, messageid: 7573267073583053824  0x6919a6474e147c00): 14TL_api_request(0x7dcded252310)
11-16 10:24:07.305  6684  6747 D tgnet   : [        Datacenter.cpp:1186] send message (session: 0xabcdc7b422b38492, seqno: 3, messageid: 7573267073583053824  0x6919a6474e147c00): 14TL_api_request(0x7dcded252310)
11-16 10:24:07.313  6684  6747 D tgnet   : received message len 88 (currentPacketLength) equal to packet size
11-16 10:24:07.313  6684  6747 D tgnet   : [        Connection.cpp: 275] received message len 88 (currentPacketLength) equal to packet size
11-16 10:24:07.313  6684  6747 D tgnet   : api request constructor 0x44747e9a, don't parse
11-16 10:24:07.313  6684  6747 D tgnet   : [ConnectionsManager.cpp:1096] api request constructor 0x44747e9a, don't parse
11-16 10:24:07.313  6684  6747 D tgnet   : connection(0x7dcead211190, account0, dc1, type 1) received object 13TL_rpc_result
11-16 10:24:07.313  6684  6747 D tgnet   : [ConnectionsManager.cpp:1008] connection(0x7dcead211190, account0, dc1, type 1) received object 13TL_rpc_result
11-16 10:24:07.313  6684  6747 D tgnet   : process server response 0x7dcded252e50 - 13TL_rpc_result
11-16 10:24:07.313  6684  6747 D tgnet   : [ConnectionsManager.cpp:1122] process server response 0x7dcded252e50 - 13TL_rpc_result
11-16 10:24:07.313  6684  6747 D tgnet   : message_id 7573267072927400049 connection(0x7dcead211190, account0, dc1, type 1) received rpc_result with 15TL_api_response
11-16 10:24:07.313  6684  6747 D tgnet   : [ConnectionsManager.cpp:1267] message_id 7573267072927400049 connection(0x7dcead211190, account0, dc1, type 1) received rpc_result with 15TL_api_response
11-16 10:24:07.313  6684  6747 D tgnet   : got response for request 0x7dcded252310 - 14TL_api_request
11-16 10:24:07.313  6684  6747 D tgnet   : [ConnectionsManager.cpp:1303] got response for request 0x7dcded252310 - 14TL_api_request
11-16 10:24:07.313  6684  6747 D tmessages: java received org.telegram.tgnet.TLRPC$TL_auth_authorizationSignUpRequired@5518c88 error = null
11-16 10:24:07.316  6684  6747 D tgnet   : send message (session: 0xabcdc7b422b38492, seqno: 4, messageid: 7573267073630298112  0x6919a64750e56000): 11TL_msgs_ack(0x7dcdfd493b80)
11-16 10:24:07.316  6684  6747 D tgnet   : [        Datacenter.cpp:1186] send message (session: 0xabcdc7b422b38492, seqno: 4, messageid: 7573267073630298112  0x6919a64750e56000): 11TL_msgs_ack(0x7dcdfd493b80)
11-16 10:24:07.316  6684  6725 D MTProto : requestMsgId=138320391198000 requestingTime=11 request_token=14
11-16 10:24:07.316  6684  6725 D MTProto : req -> TL_auth_signIn : {"flags":1,"phone_code":"12345","phone_code_hash":"11a8910f55edf1a55e5f872ed42f984d","phone_number":"6281798219323"}
11-16 10:24:07.316  6684  6725 D MTProto : res -> TL_auth_authorizationSignUpRequired : {"flags":0}
11-16 10:24:07.316  6684  6725 D MTProto :  
11-16 10:24:08.217   869   869 W SubtypeLocaleUtils: KeyboardLayoutSet not found, use QWERTY: locale=en_AU extraValue=TrySuppressingImeSwitcher,AsciiCapable,SupportTouchPositionCorrection,EmojiCapable
11-16 10:24:08.217   869   869 W SubtypeLocaleUtils: KeyboardLayoutSet not found, use QWERTY: locale=hu_ZZ extraValue=AsciiCapable,SupportTouchPositionCorrection,EmojiCapable
11-16 10:24:08.217   869   869 W RichInputMethodSubtype: Can't find emoji subtype
11-16 10:24:08.217   869   869 W RichInputMethodSubtype: No input method subtype found; returning dummy subtype: Multi-lingual subtype: android.view.inputmethod.InputMethodSubtype@d78b2ed0, zz
11-16 10:24:08.248   869   890 W putmethod.lati: Reducing the number of considered missed Gc histogram windows from 5696 to 100
11-16 10:24:08.266   869   869 I EmojiCategory: Last Emoji category id is 8
11-16 10:24:08.273   869   869 W ViewPager: Requested offscreen page limit 0 too small; defaulting to 1
11-16 10:24:08.276   869   869 I LatinIME: Starting input. Cursor position = 0,0
11-16 10:24:08.310   869   869 W InputAttributes: Unexpected input class: inputType=0x00002000 imeOptions=0x1c000005
11-16 10:24:08.317  6684  6747 D tgnet   : send message (session: 0xabcdc7b422b38492, seqno: 4, messageid: 7573267077929561088  0x6919a6485126ec00): 24TL_ping_delay_disconnect(0x7dcded255c70) ping_id: 8
11-16 10:24:08.317  6684  6747 D tgnet   : [        Datacenter.cpp:1184] send message (session: 0xabcdc7b422b38492, seqno: 4, messageid: 7573267077929561088  0x6919a6485126ec00): 24TL_ping_delay_disconnect(0x7dcded255c70) ping_id: 8
11-16 10:24:08.317  6684  6747 D tgnet   : send message (session: 0xabcdc7b422b38492, seqno: 4, messageid: 7573267077929561088  0x6919a6485126ec00): 24TL_ping_delay_disconnect(0x7dcded255c70)
11-16 10:24:08.317  6684  6747 D tgnet   : [        Datacenter.cpp:1186] send message (session: 0xabcdc7b422b38492, seqno: 4, messageid: 7573267077929561088  0x6919a6485126ec00): 24TL_ping_delay_disconnect(0x7dcded255c70)
11-16 10:24:08.319  6684  6747 D tgnet   : received message len 88 (currentPacketLength) equal to packet size
11-16 10:24:08.319  6684  6747 D tgnet   : [        Connection.cpp: 275] received message len 88 (currentPacketLength) equal to packet size
11-16 10:24:08.319  6684  6747 D tgnet   : connection(0x7dcead211190, account0, dc1, type 1) received object 7TL_pong
11-16 10:24:08.319  6684  6747 D tgnet   : [ConnectionsManager.cpp:1008] connection(0x7dcead211190, account0, dc1, type 1) received object 7TL_pong
11-16 10:24:08.319  6684  6747 D tgnet   : process server response 0x7dcded229150 - 7TL_pong
11-16 10:24:08.319  6684  6747 D tgnet   : [ConnectionsManager.cpp:1122] process server response 0x7dcded229150 - 7TL_pong
11-16 10:24:08.334   869   869 D ActivityThread: ViewRootImpl.ConfigChangedCallback for IME, config={1.0 ?mcc?mnc [en_US] ldltr sw936dp w1706dp h856dp 180dpi xlrg long land finger qwerty/v/v -nav/h winConfig={ mBounds=Rect(0, 0 - 1920, 1054) mAppBounds=Rect(0, 0 - 1920, 991) mWindowingMode=fullscreen mDisplayWindowingMode=fullscreen mActivityType=undefined mAlwaysOnTop=undefined mRotation=ROTATION_0} s.6}
11-16 10:24:08.336    27    27 I hwservicemanager: getTransport: Cannot find entry android.hardware.graphics.mapper@4.0::IMapper/default in either framework or device manifest.
11-16 10:24:08.336   869   978 W MESA    : Using gralloc header from libdrm/android/gralloc_handle.h.  This is not recommended for new distributions.  Initializing a fallback gralloc as a helper:
11-16 10:24:08.337   869   978 I MESA    : Using fallback gralloc implementation
11-16 10:24:08.337   869   978 W EGL-MAIN: failed to get driver name for fd -1
11-16 10:24:08.337   869   978 W EGL-MAIN: MESA-LOADER: failed to retrieve device information
11-16 10:24:08.337   869   978 W EGL-MAIN: failed to get driver name for fd -1
11-16 10:24:08.352    27    27 I hwservicemanager: getTransport: Cannot find entry android.hardware.graphics.mapper@4.0::IMapper/default in either framework or device manifest.
11-16 10:24:08.352   869   978 I Gralloc4: mapper 4.x is not supported
11-16 10:24:08.353    27    27 I hwservicemanager: getTransport: Cannot find entry android.hardware.graphics.mapper@3.0::IMapper/default in either framework or device manifest.
11-16 10:24:08.353   869   978 W Gralloc3: mapper 3.x is not supported
11-16 10:24:08.387   399   666 D EglHelper: createEglContext start
11-16 10:24:08.390   399   666 D EglHelper: createEglContext done
11-16 10:24:08.390   399   666 D EglHelper: createEglSurface start
11-16 10:24:08.400   399   666 D EglHelper: createEglSurface done
11-16 10:24:08.496   250  2462 E WayDroidService: InputMethod
11-16 10:24:09.508  6684  6733 W GooglePlayServicesUtil: org.chatengine.messenger.beta requires the Google Play Store, but it is missing.
11-16 10:24:09.508  6684  6733 W GoogleApiManager: The service for com.google.android.gms.common.internal.service.zap is not available: ConnectionResult{statusCode=SERVICE_INVALID, resolution=null, message=null}
11-16 10:24:09.508  6684  6733 W GooglePlayServicesUtil: org.chatengine.messenger.beta requires the Google Play Store, but it is missing.
11-16 10:24:09.508  6684  6733 W GoogleApiManager: The service for com.google.android.gms.common.internal.service.zap is not available: ConnectionResult{statusCode=SERVICE_INVALID, resolution=null, message=null}
11-16 10:24:10.321  6684  6747 D tgnet   : send message (session: 0xabcdc7b422b38492, seqno: 4, messageid: 7573267086536675328  0x6919a64a522d1000): 24TL_ping_delay_disconnect(0x7dcded254950) ping_id: 9
11-16 10:24:10.321  6684  6747 D tgnet   : [        Datacenter.cpp:1184] send message (session: 0xabcdc7b422b38492, seqno: 4, messageid: 7573267086536675328  0x6919a64a522d1000): 24TL_ping_delay_disconnect(0x7dcded254950) ping_id: 9
11-16 10:24:10.321  6684  6747 D tgnet   : send message (session: 0xabcdc7b422b38492, seqno: 4, messageid: 7573267086536675328  0x6919a64a522d1000): 24TL_ping_delay_disconnect(0x7dcded254950)
11-16 10:24:10.321  6684  6747 D tgnet   : [        Datacenter.cpp:1186] send message (session: 0xabcdc7b422b38492, seqno: 4, messageid: 7573267086536675328  0x6919a64a522d1000): 24TL_ping_delay_disconnect(0x7dcded254950)
11-16 10:24:10.323  6684  6747 D tgnet   : received message len 88 (currentPacketLength) equal to packet size
11-16 10:24:10.323  6684  6747 D tgnet   : [        Connection.cpp: 275] received message len 88 (currentPacketLength) equal to packet size
11-16 10:24:10.324  6684  6747 D tgnet   : connection(0x7dcead211190, account0, dc1, type 1) received object 7TL_pong
11-16 10:24:10.324  6684  6747 D tgnet   : [ConnectionsManager.cpp:1008] connection(0x7dcead211190, account0, dc1, type 1) received object 7TL_pong
11-16 10:24:10.324  6684  6747 D tgnet   : process server response 0x7dcded254950 - 7TL_pong
11-16 10:24:10.324  6684  6747 D tgnet   : [ConnectionsManager.cpp:1122] process server response 0x7dcded254950 - 7TL_pong
11-16 10:24:12.265   869   869 I LatinIME: Starting input. Cursor position = 0,0
11-16 10:24:12.289   869   869 W InputAttributes: Unexpected input class: inputType=0x00002000 imeOptions=0x10000006
11-16 10:24:12.326  6684  6747 D tgnet   : send message (session: 0xabcdc7b422b38492, seqno: 4, messageid: 7573267095148084224  0x6919a64c5374bc00): 24TL_ping_delay_disconnect(0x7dcded25e670) ping_id: 10
11-16 10:24:12.326  6684  6747 D tgnet   : [        Datacenter.cpp:1184] send message (session: 0xabcdc7b422b38492, seqno: 4, messageid: 7573267095148084224  0x6919a64c5374bc00): 24TL_ping_delay_disconnect(0x7dcded25e670) ping_id: 10
11-16 10:24:12.326  6684  6747 D tgnet   : send message (session: 0xabcdc7b422b38492, seqno: 4, messageid: 7573267095148084224  0x6919a64c5374bc00): 24TL_ping_delay_disconnect(0x7dcded25e670)
11-16 10:24:12.326  6684  6747 D tgnet   : [        Datacenter.cpp:1186] send message (session: 0xabcdc7b422b38492, seqno: 4, messageid: 7573267095148084224  0x6919a64c5374bc00): 24TL_ping_delay_disconnect(0x7dcded25e670)
11-16 10:24:12.328  6684  6747 D tgnet   : received message len 88 (currentPacketLength) equal to packet size
11-16 10:24:12.328  6684  6747 D tgnet   : [        Connection.cpp: 275] received message len 88 (currentPacketLength) equal to packet size
11-16 10:24:12.328  6684  6747 D tgnet   : connection(0x7dcead211190, account0, dc1, type 1) received object 7TL_pong
11-16 10:24:12.328  6684  6747 D tgnet   : [ConnectionsManager.cpp:1008] connection(0x7dcead211190, account0, dc1, type 1) received object 7TL_pong
11-16 10:24:12.328  6684  6747 D tgnet   : process server response 0x7dcded25e670 - 7TL_pong
11-16 10:24:12.328  6684  6747 D tgnet   : [ConnectionsManager.cpp:1122] process server response 0x7dcded25e670 - 7TL_pong
11-16 10:24:13.971  6684  6735 D tmessages: send request org.telegram.tgnet.TLRPC$TL_auth_signUp@c61f9d8 with token = 15
11-16 10:24:13.971  6684  6735 D tgnet   : called from sendRequest (Android)
11-16 10:24:13.971  6684  6735 D tgnet   : [ConnectionsManager.cpp:1849] called from sendRequest (Android)
11-16 10:24:13.971  6684  6747 D tgnet   : send request 0x7dcded25cb70 - 14TL_api_request
11-16 10:24:13.971  6684  6747 D tgnet   : [ConnectionsManager.cpp:1876] send request 0x7dcded25cb70 - 14TL_api_request
11-16 10:24:13.971  6684  6747 D tgnet   : send request wrapped 0x7dcded25cb70 - 14TL_api_request
11-16 10:24:13.971  6684  6747 D tgnet   : [ConnectionsManager.cpp:1883] send request wrapped 0x7dcded25cb70 - 14TL_api_request
11-16 10:24:13.971  6684  6747 D tgnet   : messageId for token = 15, 0x6919a64df8937400
11-16 10:24:13.971  6684  6747 D tgnet   : [ConnectionsManager.cpp:2610] messageId for token = 15, 0x6919a64df8937400
11-16 10:24:13.971  6684  6747 D tgnet   : send message (session: 0xabcdc7b422b38492, seqno: 5, messageid: 7573267102213305344  0x6919a64df8937400): 14TL_api_request(0x7dcded25cb70)
11-16 10:24:13.971  6684  6747 D tgnet   : [        Datacenter.cpp:1186] send message (session: 0xabcdc7b422b38492, seqno: 5, messageid: 7573267102213305344  0x6919a64df8937400): 14TL_api_request(0x7dcded25cb70)
11-16 10:24:14.013   250  2462 I system_server: oneway function results will be dropped but finished with status OK and parcel size 4
11-16 10:24:14.013   250  2462 I chatty  : uid=1000(system) Binder:250_15 identical 1 line
11-16 10:24:14.013   250  2462 I system_server: oneway function results will be dropped but finished with status OK and parcel size 4
11-16 10:24:14.035  6684  6747 D tgnet   : received message len 152 (currentPacketLength) equal to packet size
11-16 10:24:14.035  6684  6747 D tgnet   : [        Connection.cpp: 275] received message len 152 (currentPacketLength) equal to packet size
11-16 10:24:14.035  6684  6747 D tgnet   : api request constructor 0x2ea2c0d4, don't parse
11-16 10:24:14.035  6684  6747 D tgnet   : [ConnectionsManager.cpp:1096] api request constructor 0x2ea2c0d4, don't parse
11-16 10:24:14.035  6684  6747 D tgnet   : connection(0x7dcead211190, account0, dc1, type 1) received object 13TL_rpc_result
11-16 10:24:14.035  6684  6747 D tgnet   : [ConnectionsManager.cpp:1008] connection(0x7dcead211190, account0, dc1, type 1) received object 13TL_rpc_result
11-16 10:24:14.035  6684  6747 D tgnet   : process server response 0x7dcded25e790 - 13TL_rpc_result
11-16 10:24:14.035  6684  6747 D tgnet   : [ConnectionsManager.cpp:1122] process server response 0x7dcded25e790 - 13TL_rpc_result
11-16 10:24:14.036  6684  6747 D tgnet   : message_id 7573267102411260049 connection(0x7dcead211190, account0, dc1, type 1) received rpc_result with 15TL_api_response
11-16 10:24:14.036  6684  6747 D tgnet   : [ConnectionsManager.cpp:1267] message_id 7573267102411260049 connection(0x7dcead211190, account0, dc1, type 1) received rpc_result with 15TL_api_response
11-16 10:24:14.036  6684  6747 D tgnet   : got response for request 0x7dcded25cb70 - 14TL_api_request
11-16 10:24:14.036  6684  6747 D tgnet   : [ConnectionsManager.cpp:1303] got response for request 0x7dcded25cb70 - 14TL_api_request
11-16 10:24:14.036  6684  6747 D tmessages: java received org.telegram.tgnet.TLRPC$TL_auth_authorization@ee8db84 error = null
11-16 10:24:14.044  6684  6747 D tgnet   : send message (session: 0xabcdc7b422b38492, seqno: 6, messageid: 7573267102526838784  0x6919a64e0b439800): 11TL_msgs_ack(0x7dcdfd44af50)
11-16 10:24:14.044  6684  6747 D tgnet   : [        Datacenter.cpp:1186] send message (session: 0xabcdc7b422b38492, seqno: 6, messageid: 7573267102526838784  0x6919a64e0b439800): 11TL_msgs_ack(0x7dcdfd44af50)
11-16 10:24:14.045  6684  6725 D MTProto : requestMsgId=138320391198000 requestingTime=73 request_token=15
11-16 10:24:14.045  6684  6725 D MTProto : req -> TL_auth_signUp : {"first_name":"U","last_name":"R","phone_code_hash":"11a8910f55edf1a55e5f872ed42f984d","phone_number":"6281798219323"}
11-16 10:24:14.045  6684  6725 D MTProto : res -> TL_auth_authorization : {"flags":0,"otherwise_relogin_days":0,"setup_password_required":false,"tmp_sessions":0,"user":{"access_hash":7207592502733309759,"apply_min_photo":false,"attach_menu_enabled":false,"bot":false,"bot_attach_menu":false,"bot_chat_history":false,"bot_info_version":0,"bot_inline_geo":false,"bot_menu_webview":false,"bot_nochats":false,"contact":true,"deleted":false,"explicit_content":false,"fake":false,"first_name":"U","flags":7255,"flags2":0,"id":777005,"inactive":false,"last_name":"R","min":false,"mutual_contact":true,"premium":false,"restricted":false,"restriction_reason":[],"scam":false,"self":true,"status":{"expires":1763288713},"support":false,"usernames":[],"verified":false}}
11-16 10:24:14.045  6684  6725 D MTProto :  
11-16 10:24:14.245  6684  6812 E ShortcutInfoCompatSaver: Failed to load saved values from file /data/user/0/org.chatengine.messenger.beta/files/ShortcutInfoCompatSaver_share_targets/targets.xml. Old state removed, new added
11-16 10:24:14.245  6684  6812 E ShortcutInfoCompatSaver: java.io.FileNotFoundException: /data/user/0/org.chatengine.messenger.beta/files/ShortcutInfoCompatSaver_share_targets/targets.xml: open failed: ENOENT (No such file or directory)
11-16 10:24:14.245  6684  6812 E ShortcutInfoCompatSaver: 	at libcore.io.IoBridge.open(IoBridge.java:492)
11-16 10:24:14.245  6684  6812 E ShortcutInfoCompatSaver: 	at java.io.FileInputStream.<init>(FileInputStream.java:160)
11-16 10:24:14.245  6684  6812 E ShortcutInfoCompatSaver: 	at androidx.sharetarget.ShortcutsInfoSerialization.loadFromXml(ShortcutsInfoSerialization.java:123)
11-16 10:24:14.245  6684  6812 E ShortcutInfoCompatSaver: 	at androidx.sharetarget.ShortcutInfoCompatSaverImpl$1.run(ShortcutInfoCompatSaverImpl.java:140)
11-16 10:24:14.245  6684  6812 E ShortcutInfoCompatSaver: 	at java.util.concurrent.Executors$RunnableAdapter.call(Executors.java:462)
11-16 10:24:14.245  6684  6812 E ShortcutInfoCompatSaver: 	at java.util.concurrent.FutureTask.run(FutureTask.java:266)
11-16 10:24:14.245  6684  6812 E ShortcutInfoCompatSaver: 	at java.util.concurrent.ThreadPoolExecutor.runWorker(ThreadPoolExecutor.java:1167)
11-16 10:24:14.245  6684  6812 E ShortcutInfoCompatSaver: 	at java.util.concurrent.ThreadPoolExecutor$Worker.run(ThreadPoolExecutor.java:641)
11-16 10:24:14.245  6684  6812 E ShortcutInfoCompatSaver: 	at java.lang.Thread.run(Thread.java:923)
11-16 10:24:14.245  6684  6812 E ShortcutInfoCompatSaver: Caused by: android.system.ErrnoException: open failed: ENOENT (No such file or directory)
11-16 10:24:14.245  6684  6812 E ShortcutInfoCompatSaver: 	at libcore.io.Linux.open(Native Method)
11-16 10:24:14.245  6684  6812 E ShortcutInfoCompatSaver: 	at libcore.io.ForwardingOs.open(ForwardingOs.java:166)
11-16 10:24:14.245  6684  6812 E ShortcutInfoCompatSaver: 	at libcore.io.BlockGuardOs.open(BlockGuardOs.java:254)
11-16 10:24:14.245  6684  6812 E ShortcutInfoCompatSaver: 	at libcore.io.ForwardingOs.open(ForwardingOs.java:166)
11-16 10:24:14.245  6684  6812 E ShortcutInfoCompatSaver: 	at android.app.ActivityThread$AndroidOs.open(ActivityThread.java:7551)
11-16 10:24:14.245  6684  6812 E ShortcutInfoCompatSaver: 	at libcore.io.IoBridge.open(IoBridge.java:478)
11-16 10:24:14.245  6684  6812 E ShortcutInfoCompatSaver: 	... 8 more
11-16 10:24:14.262    98   215 W APM::AudioPolicyEngine: getDevicesForStrategy() unknown strategy: -1
11-16 10:24:14.262   250  3725 I system_server: oneway function results will be dropped but finished with status OK and parcel size 4
11-16 10:24:14.303  6684  6735 D tmessages: send request org.telegram.tgnet.TLRPC$TL_help_getPromoData@7606c49 with token = 16
11-16 10:24:14.303  6684  6735 D tgnet   : called from sendRequest (Android)
11-16 10:24:14.303  6684  6735 D tgnet   : [ConnectionsManager.cpp:1849] called from sendRequest (Android)
11-16 10:24:14.303  6684  6747 D tgnet   : send request 0x7dcded25f930 - 14TL_api_request
11-16 10:24:14.303  6684  6747 D tgnet   : [ConnectionsManager.cpp:1876] send request 0x7dcded25f930 - 14TL_api_request
11-16 10:24:14.303  6684  6747 D tgnet   : send request wrapped 0x7dcded25f930 - 14TL_api_request
11-16 10:24:14.303  6684  6747 D tgnet   : [ConnectionsManager.cpp:1883] send request wrapped 0x7dcded25f930 - 14TL_api_request
11-16 10:24:14.303  6684  6747 D tgnet   : messageId for token = 16, 0x6919a64e4d916800
11-16 10:24:14.303  6684  6747 D tgnet   : [ConnectionsManager.cpp:2610] messageId for token = 16, 0x6919a64e4d916800
11-16 10:24:14.304  6684  6747 D tgnet   : send message (session: 0xabcdc7b422b38492, seqno: 7, messageid: 7573267103639234560  0x6919a64e4d916800): 14TL_api_request(0x7dcded25f930)
11-16 10:24:14.304  6684  6747 D tgnet   : [        Datacenter.cpp:1186] send message (session: 0xabcdc7b422b38492, seqno: 7, messageid: 7573267103639234560  0x6919a64e4d916800): 14TL_api_request(0x7dcded25f930)
11-16 10:24:14.306  6684  6747 D tgnet   : received message len 88 (currentPacketLength) equal to packet size
11-16 10:24:14.306  6684  6747 D tgnet   : [        Connection.cpp: 275] received message len 88 (currentPacketLength) equal to packet size
11-16 10:24:14.306  6684  6747 D tgnet   : api request constructor 0x98f6ac75, don't parse
11-16 10:24:14.306  6684  6747 D tgnet   : [ConnectionsManager.cpp:1096] api request constructor 0x98f6ac75, don't parse
11-16 10:24:14.306  6684  6747 D tgnet   : connection(0x7dcead211190, account0, dc1, type 1) received object 13TL_rpc_result
11-16 10:24:14.306  6684  6747 D tgnet   : [ConnectionsManager.cpp:1008] connection(0x7dcead211190, account0, dc1, type 1) received object 13TL_rpc_result
11-16 10:24:14.306  6684  6747 D tgnet   : process server response 0x7dcded25d0b0 - 13TL_rpc_result
11-16 10:24:14.307  6684  6747 D tgnet   : [ConnectionsManager.cpp:1122] process server response 0x7dcded25d0b0 - 13TL_rpc_result
11-16 10:24:14.307  6684  6747 D tgnet   : message_id 7573267102977491097 connection(0x7dcead211190, account0, dc1, type 1) received rpc_result with 15TL_api_response
11-16 10:24:14.307  6684  6747 D tgnet   : [ConnectionsManager.cpp:1267] message_id 7573267102977491097 connection(0x7dcead211190, account0, dc1, type 1) received rpc_result with 15TL_api_response
11-16 10:24:14.307  6684  6747 D tgnet   : got response for request 0x7dcded25f930 - 14TL_api_request
11-16 10:24:14.307  6684  6747 D tgnet   : [ConnectionsManager.cpp:1303] got response for request 0x7dcded25f930 - 14TL_api_request
11-16 10:24:14.326  6684  6747 D tmessages: java received org.telegram.tgnet.TLRPC$TL_help_promoDataEmpty@13a8405 error = null
11-16 10:24:14.326  6684  6747 D tgnet   : send message (session: 0xabcdc7b422b38492, seqno: 8, messageid: 7573267103738018816  0x6919a64e5374bc00): 11TL_msgs_ack(0x7dcdfd487e10)
11-16 10:24:14.326  6684  6747 D tgnet   : [        Datacenter.cpp:1186] send message (session: 0xabcdc7b422b38492, seqno: 8, messageid: 7573267103738018816  0x6919a64e5374bc00): 11TL_msgs_ack(0x7dcdfd487e10)
11-16 10:24:14.327  6684  6725 D MTProto : requestMsgId=138320391198000 requestingTime=23 request_token=16
11-16 10:24:14.327  6684  6725 D MTProto : req -> TL_help_getPromoData : {}
11-16 10:24:14.327  6684  6725 D MTProto : res -> TL_help_promoDataEmpty : {"expires":1763292254}
11-16 10:24:14.327  6684  6725 D MTProto :  
11-16 10:24:14.327  6684  6747 D tgnet   : send message (session: 0xabcdc7b422b38492, seqno: 8, messageid: 7573267103742314496  0x6919a64e53b64800): 24TL_ping_delay_disconnect(0x7dcded25d0b0) ping_id: 11
11-16 10:24:14.327  6684  6747 D tgnet   : [        Datacenter.cpp:1184] send message (session: 0xabcdc7b422b38492, seqno: 8, messageid: 7573267103742314496  0x6919a64e53b64800): 24TL_ping_delay_disconnect(0x7dcded25d0b0) ping_id: 11
11-16 10:24:14.327  6684  6747 D tgnet   : send message (session: 0xabcdc7b422b38492, seqno: 8, messageid: 7573267103742314496  0x6919a64e53b64800): 24TL_ping_delay_disconnect(0x7dcded25d0b0)
11-16 10:24:14.327  6684  6747 D tgnet   : [        Datacenter.cpp:1186] send message (session: 0xabcdc7b422b38492, seqno: 8, messageid: 7573267103742314496  0x6919a64e53b64800): 24TL_ping_delay_disconnect(0x7dcded25d0b0)
11-16 10:24:14.329  6684  6747 D tgnet   : received message len 88 (currentPacketLength) equal to packet size
11-16 10:24:14.329  6684  6747 D tgnet   : [        Connection.cpp: 275] received message len 88 (currentPacketLength) equal to packet size
11-16 10:24:14.329  6684  6747 D tgnet   : connection(0x7dcead211190, account0, dc1, type 1) received object 7TL_pong
11-16 10:24:14.329  6684  6747 D tgnet   : [ConnectionsManager.cpp:1008] connection(0x7dcead211190, account0, dc1, type 1) received object 7TL_pong
11-16 10:24:14.329  6684  6747 D tgnet   : process server response 0x7dcded25d0b0 - 7TL_pong
11-16 10:24:14.329  6684  6747 D tgnet   : [ConnectionsManager.cpp:1122] process server response 0x7dcded25d0b0 - 7TL_pong
11-16 10:24:14.347  6684  6735 D tmessages: load contacts from cache
11-16 10:24:14.348  6684  6684 D tmessages: onAuthSuccess future_auth_token is empty
11-16 10:24:14.348  6684  6735 D tmessages: send request org.telegram.tgnet.TLRPC$TL_help_getPromoData@9a89614 with token = 17
11-16 10:24:14.348  6684  6735 D tgnet   : called from sendRequest (Android)
11-16 10:24:14.348  6684  6735 D tgnet   : [ConnectionsManager.cpp:1849] called from sendRequest (Android)
11-16 10:24:14.348  6684  6747 D tgnet   : send request 0x7dcded25d0b0 - 14TL_api_request
11-16 10:24:14.348  6684  6747 D tgnet   : [ConnectionsManager.cpp:1876] send request 0x7dcded25d0b0 - 14TL_api_request
11-16 10:24:14.348  6684  6747 D tgnet   : send request wrapped 0x7dcded25d0b0 - 14TL_api_request
11-16 10:24:14.348  6684  6747 D tgnet   : [ConnectionsManager.cpp:1883] send request wrapped 0x7dcded25d0b0 - 14TL_api_request
11-16 10:24:14.348  6684  6747 D tgnet   : messageId for token = 17, 0x6919a64e59168800
11-16 10:24:14.348  6684  6747 D tgnet   : [ConnectionsManager.cpp:2610] messageId for token = 17, 0x6919a64e59168800
11-16 10:24:14.348  6684  6747 D tgnet   : send message (session: 0xabcdc7b422b38492, seqno: 9, messageid: 7573267103832508416  0x6919a64e59168800): 14TL_api_request(0x7dcded25d0b0)
11-16 10:24:14.348  6684  6747 D tgnet   : [        Datacenter.cpp:1186] send message (session: 0xabcdc7b422b38492, seqno: 9, messageid: 7573267103832508416  0x6919a64e59168800): 14TL_api_request(0x7dcded25d0b0)
11-16 10:24:14.349  6684  6735 D tmessages: send request org.telegram.tgnet.TLRPC$TL_account_updateStatus@4f1acb2 with token = 18
11-16 10:24:14.349  6684  6735 D tgnet   : called from sendRequest (Android)
11-16 10:24:14.349  6684  6735 D tgnet   : [ConnectionsManager.cpp:1849] called from sendRequest (Android)
11-16 10:24:14.349  6684  6747 D tgnet   : send request 0x7dcded25cbd0 - 14TL_api_request
11-16 10:24:14.349  6684  6735 D tmessages: send request org.telegram.tgnet.TLRPC$TL_help_getTermsOfServiceUpdate@130f403 with token = 19
11-16 10:24:14.349  6684  6747 D tgnet   : [ConnectionsManager.cpp:1876] send request 0x7dcded25cbd0 - 14TL_api_request
11-16 10:24:14.349  6684  6747 D tgnet   : send request wrapped 0x7dcded25cbd0 - 14TL_api_request
11-16 10:24:14.349  6684  6747 D tgnet   : [ConnectionsManager.cpp:1883] send request wrapped 0x7dcded25cbd0 - 14TL_api_request
11-16 10:24:14.349  6684  6747 D tgnet   : messageId for token = 18, 0x6919a64e59581000
11-16 10:24:14.349  6684  6747 D tgnet   : [ConnectionsManager.cpp:2610] messageId for token = 18, 0x6919a64e59581000
11-16 10:24:14.349  6684  6735 D tgnet   : called from sendRequest (Android)
11-16 10:24:14.349  6684  6747 E tgnet   : connection(0x6919a64e59168800) request (msg_id: 0)
11-16 10:24:14.349  6684  6747 E tgnet   : connection(0x7dcead211190) (type: 1 == 1 && num: 0 == 0) || (token: 1 == 1)
11-16 10:24:14.349  6684  6735 D tgnet   : [ConnectionsManager.cpp:1849] called from sendRequest (Android)
11-16 10:24:14.349  6684  6747 D tgnet   : send message (session: 0xabcdc7b422b38492, seqno: 11, messageid: 7573267103836803072  0x6919a64e59581000): 14TL_api_request(0x7dcded25cbd0)
11-16 10:24:14.349  6684  6747 D tgnet   : [        Datacenter.cpp:1186] send message (session: 0xabcdc7b422b38492, seqno: 11, messageid: 7573267103836803072  0x6919a64e59581000): 14TL_api_request(0x7dcded25cbd0)
11-16 10:24:14.349  6684  6747 D tgnet   : send request 0x7dcded25f930 - 14TL_api_request
11-16 10:24:14.349  6684  6747 D tgnet   : [ConnectionsManager.cpp:1876] send request 0x7dcded25f930 - 14TL_api_request
11-16 10:24:14.349  6684  6747 D tgnet   : send request wrapped 0x7dcded25f930 - 14TL_api_request
11-16 10:24:14.349  6684  6747 D tgnet   : [ConnectionsManager.cpp:1883] send request wrapped 0x7dcded25f930 - 14TL_api_request
11-16 10:24:14.349  6684  6747 D tgnet   : messageId for token = 19, 0x6919a64e59581004
11-16 10:24:14.349  6684  6747 D tgnet   : [ConnectionsManager.cpp:2610] messageId for token = 19, 0x6919a64e59581004
11-16 10:24:14.349  6684  6747 E tgnet   : connection(0x6919a64e59168800) request (msg_id: 0)
11-16 10:24:14.349  6684  6747 E tgnet   : connection(0x7dcead211190) (type: 1 == 1 && num: 0 == 0) || (token: 1 == 1)
11-16 10:24:14.349  6684  6747 D tgnet   : send message (session: 0xabcdc7b422b38492, seqno: 13, messageid: 7573267103836803076  0x6919a64e59581004): 14TL_api_request(0x7dcded25f930)
11-16 10:24:14.349  6684  6747 D tgnet   : [        Datacenter.cpp:1186] send message (session: 0xabcdc7b422b38492, seqno: 13, messageid: 7573267103836803076  0x6919a64e59581004): 14TL_api_request(0x7dcded25f930)
11-16 10:24:14.351  6684  6747 D tgnet   : received message len 88 (currentPacketLength) equal to packet size
11-16 10:24:14.351  6684  6747 D tgnet   : [        Connection.cpp: 275] received message len 88 (currentPacketLength) equal to packet size
11-16 10:24:14.351  6684  6747 D tgnet   : api request constructor 0x98f6ac75, don't parse
11-16 10:24:14.351  6684  6747 D tgnet   : [ConnectionsManager.cpp:1096] api request constructor 0x98f6ac75, don't parse
11-16 10:24:14.351  6684  6747 D tgnet   : connection(0x7dcead211190, account0, dc1, type 1) received object 13TL_rpc_result
11-16 10:24:14.351  6684  6747 D tgnet   : [ConnectionsManager.cpp:1008] connection(0x7dcead211190, account0, dc1, type 1) received object 13TL_rpc_result
11-16 10:24:14.351  6684  6747 D tgnet   : process server response 0x7dcded25e310 - 13TL_rpc_result
11-16 10:24:14.351  6684  6747 D tgnet   : [ConnectionsManager.cpp:1122] process server response 0x7dcded25e310 - 13TL_rpc_result
11-16 10:24:14.351  6684  6747 D tgnet   : message_id 7573267103071862953 connection(0x7dcead211190, account0, dc1, type 1) received rpc_result with 15TL_api_response
11-16 10:24:14.351  6684  6747 D tgnet   : [ConnectionsManager.cpp:1267] message_id 7573267103071862953 connection(0x7dcead211190, account0, dc1, type 1) received rpc_result with 15TL_api_response
11-16 10:24:14.351  6684  6747 D tgnet   : got response for request 0x7dcded25d0b0 - 14TL_api_request
11-16 10:24:14.351  6684  6747 D tgnet   : [ConnectionsManager.cpp:1303] got response for request 0x7dcded25d0b0 - 14TL_api_request
11-16 10:24:14.351  6684  6747 D tmessages: java received org.telegram.tgnet.TLRPC$TL_help_promoDataEmpty@982ff80 error = null
11-16 10:24:14.352  6684  6747 D tgnet   : send message (session: 0xabcdc7b422b38492, seqno: 14, messageid: 7573267103849688064  0x6919a64e5a1cac00): 11TL_msgs_ack(0x7dcdfd487e10)
11-16 10:24:14.352  6684  6747 D tgnet   : [        Datacenter.cpp:1186] send message (session: 0xabcdc7b422b38492, seqno: 14, messageid: 7573267103849688064  0x6919a64e5a1cac00): 11TL_msgs_ack(0x7dcdfd487e10)
11-16 10:24:14.352  6684  6725 D MTProto : requestMsgId=138320391198000 requestingTime=4 request_token=17
11-16 10:24:14.352  6684  6725 D MTProto : req -> TL_help_getPromoData : {}
11-16 10:24:14.352  6684  6725 D MTProto : res -> TL_help_promoDataEmpty : {"expires":1763292254}
11-16 10:24:14.352  6684  6725 D MTProto :  
11-16 10:24:14.356  6684  6747 D tgnet   : received message len 88 (currentPacketLength) equal to packet size
11-16 10:24:14.356  6684  6747 D tgnet   : [        Connection.cpp: 275] received message len 88 (currentPacketLength) equal to packet size
11-16 10:24:14.357  6684  6747 D tgnet   : api request constructor 0xe3309f7f, don't parse
11-16 10:24:14.357  6684  6747 D tgnet   : [ConnectionsManager.cpp:1096] api request constructor 0xe3309f7f, don't parse
11-16 10:24:14.357  6684  6747 D tgnet   : connection(0x7dcead211190, account0, dc1, type 1) received object 13TL_rpc_result
11-16 10:24:14.357  6684  6747 D tgnet   : [ConnectionsManager.cpp:1008] connection(0x7dcead211190, account0, dc1, type 1) received object 13TL_rpc_result
11-16 10:24:14.357  6684  6747 D tgnet   : process server response 0x7dcded25e310 - 13TL_rpc_result
11-16 10:24:14.357  6684  6747 D tgnet   : [ConnectionsManager.cpp:1122] process server response 0x7dcded25e310 - 13TL_rpc_result
11-16 10:24:14.357  6684  6747 D tgnet   : message_id 7573267103082348721 connection(0x7dcead211190, account0, dc1, type 1) received rpc_result with 15TL_api_response
11-16 10:24:14.357  6684  6747 D tgnet   : [ConnectionsManager.cpp:1267] message_id 7573267103082348721 connection(0x7dcead211190, account0, dc1, type 1) received rpc_result with 15TL_api_response
11-16 10:24:14.357  6684  6747 D tgnet   : got response for request 0x7dcded25f930 - 14TL_api_request
