11-16 10:24:14.357  6684  6747 D tgnet   : [ConnectionsManager.cpp:1303] got response for request 0x7dcded25f930 - 14TL_api_request
11-16 10:24:14.357  6684  6747 D tmessages: java received org.telegram.tgnet.TLRPC$TL_help_termsOfServiceUpdateEmpty@39ff9b9 error = null
11-16 10:24:14.359  6684  6747 D tgnet   : send message (session: 0xabcdc7b422b38492, seqno: 14, messageid: 7573267103879752704  0x6919a64e5be76c00): 11TL_msgs_ack(0x7dcdfd487e10)
11-16 10:24:14.359  6684  6747 D tgnet   : [        Datacenter.cpp:1186] send message (session: 0xabcdc7b422b38492, seqno: 14, messageid: 7573267103879752704  0x6919a64e5be76c00): 11TL_msgs_ack(0x7dcdfd487e10)
11-16 10:24:14.359  6684  6725 D MTProto : requestMsgId=138320391198000 requestingTime=10 request_token=19
11-16 10:24:14.359  6684  6725 D MTProto : req -> TL_help_getTermsOfServiceUpdate : {}
11-16 10:24:14.359  6684  6725 D MTProto : res -> TL_help_termsOfServiceUpdateEmpty : {"expires":1763292254}
11-16 10:24:14.359  6684  6725 D MTProto :  
11-16 10:24:14.359  6684  6747 D tgnet   : received message len 88 (currentPacketLength) equal to packet size
11-16 10:24:14.359  6684  6747 D tgnet   : [        Connection.cpp: 275] received message len 88 (currentPacketLength) equal to packet size
11-16 10:24:14.359  6684  6747 D tgnet   : api request constructor 0x997275b5, don't parse
11-16 10:24:14.359  6684  6747 D tgnet   : [ConnectionsManager.cpp:1096] api request constructor 0x997275b5, don't parse
11-16 10:24:14.359  6684  6747 D tgnet   : connection(0x7dcead211190, account0, dc1, type 1) received object 13TL_rpc_result
11-16 10:24:14.359  6684  6747 D tgnet   : [ConnectionsManager.cpp:1008] connection(0x7dcead211190, account0, dc1, type 1) received object 13TL_rpc_result
11-16 10:24:14.359  6684  6747 D tgnet   : process server response 0x7dcded25e310 - 13TL_rpc_result
11-16 10:24:14.359  6684  6747 D tgnet   : [ConnectionsManager.cpp:1122] process server response 0x7dcded25e310 - 13TL_rpc_result
11-16 10:24:14.359  6684  6747 D tgnet   : message_id 7573267103086543033 connection(0x7dcead211190, account0, dc1, type 1) received rpc_result with 15TL_api_response
11-16 10:24:14.359  6684  6747 D tgnet   : [ConnectionsManager.cpp:1267] message_id 7573267103086543033 connection(0x7dcead211190, account0, dc1, type 1) received rpc_result with 15TL_api_response
11-16 10:24:14.359  6684  6747 D tgnet   : got response for request 0x7dcded25cbd0 - 14TL_api_request
11-16 10:24:14.359  6684  6747 D tgnet   : [ConnectionsManager.cpp:1303] got response for request 0x7dcded25cbd0 - 14TL_api_request
11-16 10:24:14.360  6684  6747 D tmessages: java received org.telegram.tgnet.TLRPC$TL_boolTrue@95e200a error = null
11-16 10:24:14.361  6684  6747 D tgnet   : send message (session: 0xabcdc7b422b38492, seqno: 14, messageid: 7573267103888343040  0x6919a64e5c6a8000): 11TL_msgs_ack(0x7dcdfd487e10)
11-16 10:24:14.361  6684  6747 D tgnet   : [        Datacenter.cpp:1186] send message (session: 0xabcdc7b422b38492, seqno: 14, messageid: 7573267103888343040  0x6919a64e5c6a8000): 11TL_msgs_ack(0x7dcdfd487e10)
11-16 10:24:14.361  6684  6725 D MTProto : requestMsgId=138320391198000 requestingTime=12 request_token=18
11-16 10:24:14.361  6684  6725 D MTProto : req -> TL_account_updateStatus : {"offline":false}
11-16 10:24:14.361  6684  6725 D MTProto : res -> TL_boolTrue : {}
11-16 10:24:14.361  6684  6725 D MTProto :  
11-16 10:24:14.367  6684  6684 D tmessages: folderId = 0 load cacheOffset = 0 count = 100 cache = true
11-16 10:24:14.371  6684  6735 D tmessages: send request org.telegram.tgnet.TLRPC$TL_account_getNotifySettings@c55c329 with token = 20
11-16 10:24:14.371  6684  6735 D tgnet   : called from sendRequest (Android)
11-16 10:24:14.371  6684  6735 D tgnet   : [ConnectionsManager.cpp:1849] called from sendRequest (Android)
11-16 10:24:14.371  6684  6747 D tgnet   : send request 0x7dcded25f930 - 14TL_api_request
11-16 10:24:14.371  6684  6747 D tgnet   : [ConnectionsManager.cpp:1876] send request 0x7dcded25f930 - 14TL_api_request
11-16 10:24:14.371  6684  6735 D tmessages: send request org.telegram.tgnet.TLRPC$TL_account_getNotifySettings@cb0c6ae with token = 21
11-16 10:24:14.371  6684  6747 D tgnet   : send request wrapped 0x7dcded25f930 - 14TL_api_request
11-16 10:24:14.371  6684  6747 D tgnet   : [ConnectionsManager.cpp:1883] send request wrapped 0x7dcded25f930 - 14TL_api_request
11-16 10:24:14.371  6684  6747 D tgnet   : messageId for token = 20, 0x6919a64e5ef9dc00
11-16 10:24:14.371  6684  6747 D tgnet   : [ConnectionsManager.cpp:2610] messageId for token = 20, 0x6919a64e5ef9dc00
11-16 10:24:14.371  6684  6735 D tgnet   : called from sendRequest (Android)
11-16 10:24:14.371  6684  6735 D tgnet   : [ConnectionsManager.cpp:1849] called from sendRequest (Android)
11-16 10:24:14.371  6684  6747 D tgnet   : send message (session: 0xabcdc7b422b38492, seqno: 15, messageid: 7573267103931292672  0x6919a64e5ef9dc00): 14TL_api_request(0x7dcded25f930)
11-16 10:24:14.371  6684  6747 D tgnet   : [        Datacenter.cpp:1186] send message (session: 0xabcdc7b422b38492, seqno: 15, messageid: 7573267103931292672  0x6919a64e5ef9dc00): 14TL_api_request(0x7dcded25f930)
11-16 10:24:14.371  6684  6735 D tmessages: send request org.telegram.tgnet.TLRPC$TL_account_getNotifySettings@c61cc4f with token = 22
11-16 10:24:14.371  6684  6735 D tgnet   : called from sendRequest (Android)
11-16 10:24:14.371  6684  6735 D tgnet   : [ConnectionsManager.cpp:1849] called from sendRequest (Android)
11-16 10:24:14.372  6684  6735 D tmessages: send request org.telegram.tgnet.TLRPC$TL_account_getContactSignUpNotification@5fe3fdc with token = 23
11-16 10:24:14.372  6684  6747 D tgnet   : send request 0x7dcded213c10 - 14TL_api_request
11-16 10:24:14.372  6684  6747 D tgnet   : [ConnectionsManager.cpp:1876] send request 0x7dcded213c10 - 14TL_api_request
11-16 10:24:14.372  6684  6747 D tgnet   : send request wrapped 0x7dcded213c10 - 14TL_api_request
11-16 10:24:14.372  6684  6747 D tgnet   : [ConnectionsManager.cpp:1883] send request wrapped 0x7dcded213c10 - 14TL_api_request
11-16 10:24:14.372  6684  6735 D tgnet   : called from sendRequest (Android)
11-16 10:24:14.372  6684  6747 D tgnet   : messageId for token = 21, 0x6919a64e5f3b6400
11-16 10:24:14.372  6684  6747 D tgnet   : [ConnectionsManager.cpp:2610] messageId for token = 21, 0x6919a64e5f3b6400
11-16 10:24:14.372  6684  6735 D tgnet   : [ConnectionsManager.cpp:1849] called from sendRequest (Android)
11-16 10:24:14.372  6684  6747 E tgnet   : connection(0x6919a64e5ef9dc00) request (msg_id: 0)
11-16 10:24:14.372  6684  6747 E tgnet   : connection(0x7dcead211190) (type: 1 == 1 && num: 0 == 0) || (token: 1 == 1)
11-16 10:24:14.372  6684  6747 D tgnet   : send message (session: 0xabcdc7b422b38492, seqno: 17, messageid: 7573267103935587328  0x6919a64e5f3b6400): 14TL_api_request(0x7dcded213c10)
11-16 10:24:14.372  6684  6747 D tgnet   : [        Datacenter.cpp:1186] send message (session: 0xabcdc7b422b38492, seqno: 17, messageid: 7573267103935587328  0x6919a64e5f3b6400): 14TL_api_request(0x7dcded213c10)
11-16 10:24:14.372  6684  6735 D tmessages: send request org.telegram.tgnet.TLRPC$TL_help_getInviteText@4de68e5 with token = 24
11-16 10:24:14.372  6684  6735 D tgnet   : called from sendRequest (Android)
11-16 10:24:14.372  6684  6735 D tgnet   : [ConnectionsManager.cpp:1849] called from sendRequest (Android)
11-16 10:24:14.372  6684  6735 D tmessages: send request org.telegram.tgnet.TLRPC$TL_messages_getStickers@cc69fba with token = 25
11-16 10:24:14.372  6684  6747 D tgnet   : send request 0x7dcded21a450 - 14TL_api_request
11-16 10:24:14.372  6684  6747 D tgnet   : [ConnectionsManager.cpp:1876] send request 0x7dcded21a450 - 14TL_api_request
11-16 10:24:14.372  6684  6747 D tgnet   : send request wrapped 0x7dcded21a450 - 14TL_api_request
11-16 10:24:14.372  6684  6747 D tgnet   : [ConnectionsManager.cpp:1883] send request wrapped 0x7dcded21a450 - 14TL_api_request
11-16 10:24:14.372  6684  6747 D tgnet   : messageId for token = 22, 0x6919a64e5f3b6404
11-16 10:24:14.372  6684  6747 D tgnet   : [ConnectionsManager.cpp:2610] messageId for token = 22, 0x6919a64e5f3b6404
11-16 10:24:14.372  6684  6747 E tgnet   : connection(0x6919a64e5ef9dc00) request (msg_id: 0)
11-16 10:24:14.372  6684  6747 E tgnet   : connection(0x7dcead211190) (type: 1 == 1 && num: 0 == 0) || (token: 1 == 1)
11-16 10:24:14.372  6684  6747 D tgnet   : send message (session: 0xabcdc7b422b38492, seqno: 19, messageid: 7573267103935587332  0x6919a64e5f3b6404): 14TL_api_request(0x7dcded21a450)
11-16 10:24:14.372  6684  6747 D tgnet   : [        Datacenter.cpp:1186] send message (session: 0xabcdc7b422b38492, seqno: 19, messageid: 7573267103935587332  0x6919a64e5f3b6404): 14TL_api_request(0x7dcded21a450)
11-16 10:24:14.372  6684  6735 D tgnet   : called from sendRequest (Android)
11-16 10:24:14.372  6684  6735 D tgnet   : [ConnectionsManager.cpp:1849] called from sendRequest (Android)
11-16 10:24:14.372  6684  6747 D tgnet   : send request 0x7dcded21a750 - 14TL_api_request
11-16 10:24:14.372  6684  6747 D tgnet   : [ConnectionsManager.cpp:1876] send request 0x7dcded21a750 - 14TL_api_request
11-16 10:24:14.372  6684  6747 D tgnet   : send request wrapped 0x7dcded21a750 - 14TL_api_request
11-16 10:24:14.372  6684  6747 D tgnet   : [ConnectionsManager.cpp:1883] send request wrapped 0x7dcded21a750 - 14TL_api_request
11-16 10:24:14.372  6684  6735 D tmessages: send request org.telegram.tgnet.TLRPC$TL_messages_getStickerSet@918de6b with token = 26
11-16 10:24:14.372  6684  6747 D tgnet   : messageId for token = 23, 0x6919a64e5f3b6408
11-16 10:24:14.372  6684  6747 D tgnet   : [ConnectionsManager.cpp:2610] messageId for token = 23, 0x6919a64e5f3b6408
11-16 10:24:14.372  6684  6735 D tgnet   : called from sendRequest (Android)
11-16 10:24:14.372  6684  6735 D tgnet   : [ConnectionsManager.cpp:1849] called from sendRequest (Android)
11-16 10:24:14.372  6684  6747 E tgnet   : connection(0x6919a64e5ef9dc00) request (msg_id: 0)
11-16 10:24:14.372  6684  6747 E tgnet   : connection(0x7dcead211190) (type: 1 == 1 && num: 0 == 0) || (token: 1 == 1)
11-16 10:24:14.372  6684  6735 D tmessages: send request org.telegram.tgnet.TLRPC$TL_messages_getStickerSet@51d7dc8 with token = 27
11-16 10:24:14.372  6684  6747 D tgnet   : send message (session: 0xabcdc7b422b38492, seqno: 21, messageid: 7573267103935587336  0x6919a64e5f3b6408): 14TL_api_request(0x7dcded21a750)
11-16 10:24:14.372  6684  6747 D tgnet   : [        Datacenter.cpp:1186] send message (session: 0xabcdc7b422b38492, seqno: 21, messageid: 7573267103935587336  0x6919a64e5f3b6408): 14TL_api_request(0x7dcded21a750)
11-16 10:24:14.372  6684  6735 D tgnet   : called from sendRequest (Android)
11-16 10:24:14.372  6684  6735 D tgnet   : [ConnectionsManager.cpp:1849] called from sendRequest (Android)
11-16 10:24:14.372  6684  6735 D tmessages: send request org.telegram.tgnet.TLRPC$TL_messages_getPinnedDialogs@a91ae61 with token = 28
11-16 10:24:14.372  6684  6747 D tgnet   : send request 0x7dcded232ff0 - 14TL_api_request
11-16 10:24:14.372  6684  6747 D tgnet   : [ConnectionsManager.cpp:1876] send request 0x7dcded232ff0 - 14TL_api_request
11-16 10:24:14.372  6684  6747 D tgnet   : send request wrapped 0x7dcded232ff0 - 14TL_api_request
11-16 10:24:14.372  6684  6735 D tgnet   : called from sendRequest (Android)
11-16 10:24:14.372  6684  6735 D tgnet   : [ConnectionsManager.cpp:1849] called from sendRequest (Android)
11-16 10:24:14.372  6684  6747 D tgnet   : [ConnectionsManager.cpp:1883] send request wrapped 0x7dcded232ff0 - 14TL_api_request
11-16 10:24:14.372  6684  6747 D tgnet   : messageId for token = 24, 0x6919a64e5f3b640c
11-16 10:24:14.372  6684  6747 D tgnet   : [ConnectionsManager.cpp:2610] messageId for token = 24, 0x6919a64e5f3b640c
11-16 10:24:14.372  6684  6747 E tgnet   : connection(0x6919a64e5ef9dc00) request (msg_id: 0)
11-16 10:24:14.372  6684  6747 E tgnet   : connection(0x7dcead211190) (type: 1 == 1 && num: 0 == 0) || (token: 1 == 1)
11-16 10:24:14.372  6684  6747 D tgnet   : send message (session: 0xabcdc7b422b38492, seqno: 23, messageid: 7573267103935587340  0x6919a64e5f3b640c): 14TL_api_request(0x7dcded232ff0)
11-16 10:24:14.372  6684  6747 D tgnet   : [        Datacenter.cpp:1186] send message (session: 0xabcdc7b422b38492, seqno: 23, messageid: 7573267103935587340  0x6919a64e5f3b640c): 14TL_api_request(0x7dcded232ff0)
11-16 10:24:14.372  6684  6747 D tgnet   : send request 0x7dcded2192b0 - 14TL_api_request
11-16 10:24:14.372  6684  6747 D tgnet   : [ConnectionsManager.cpp:1876] send request 0x7dcded2192b0 - 14TL_api_request
11-16 10:24:14.372  6684  6747 D tgnet   : send request wrapped 0x7dcded2192b0 - 14TL_api_request
11-16 10:24:14.372  6684  6747 D tgnet   : [ConnectionsManager.cpp:1883] send request wrapped 0x7dcded2192b0 - 14TL_api_request
11-16 10:24:14.373  6684  6747 D tgnet   : messageId for token = 25, 0x6919a64e5f7cf000
11-16 10:24:14.373  6684  6747 D tgnet   : [ConnectionsManager.cpp:2610] messageId for token = 25, 0x6919a64e5f7cf000
11-16 10:24:14.373  6684  6747 E tgnet   : connection(0x6919a64e5ef9dc00) request (msg_id: 0)
11-16 10:24:14.373  6684  6747 E tgnet   : connection(0x7dcead211190) (type: 1 == 1 && num: 0 == 0) || (token: 1 == 1)
11-16 10:24:14.373  6684  6747 D tgnet   : send message (session: 0xabcdc7b422b38492, seqno: 25, messageid: 7573267103939883008  0x6919a64e5f7cf000): 14TL_api_request(0x7dcded2192b0)
11-16 10:24:14.373  6684  6747 D tgnet   : [        Datacenter.cpp:1186] send message (session: 0xabcdc7b422b38492, seqno: 25, messageid: 7573267103939883008  0x6919a64e5f7cf000): 14TL_api_request(0x7dcded2192b0)
11-16 10:24:14.373  6684  6747 D tgnet   : send request 0x7dcded217b70 - 14TL_api_request
11-16 10:24:14.373  6684  6747 D tgnet   : [ConnectionsManager.cpp:1876] send request 0x7dcded217b70 - 14TL_api_request
11-16 10:24:14.373  6684  6747 D tgnet   : send request wrapped 0x7dcded217b70 - 14TL_api_request
11-16 10:24:14.373  6684  6747 D tgnet   : [ConnectionsManager.cpp:1883] send request wrapped 0x7dcded217b70 - 14TL_api_request
11-16 10:24:14.373  6684  6747 D tgnet   : messageId for token = 26, 0x6919a64e5f7cf004
11-16 10:24:14.373  6684  6747 D tgnet   : [ConnectionsManager.cpp:2610] messageId for token = 26, 0x6919a64e5f7cf004
11-16 10:24:14.373  6684  6747 E tgnet   : connection(0x6919a64e5ef9dc00) request (msg_id: 0)
11-16 10:24:14.373  6684  6747 E tgnet   : connection(0x7dcead211190) (type: 1 == 1 && num: 0 == 0) || (token: 1 == 1)
11-16 10:24:14.373  6684  6747 D tgnet   : send message (session: 0xabcdc7b422b38492, seqno: 27, messageid: 7573267103939883012  0x6919a64e5f7cf004): 14TL_api_request(0x7dcded217b70)
11-16 10:24:14.373  6684  6747 D tgnet   : [        Datacenter.cpp:1186] send message (session: 0xabcdc7b422b38492, seqno: 27, messageid: 7573267103939883012  0x6919a64e5f7cf004): 14TL_api_request(0x7dcded217b70)
11-16 10:24:14.373  6684  6747 D tgnet   : send request 0x7dcded217f90 - 14TL_api_request
11-16 10:24:14.373  6684  6747 D tgnet   : [ConnectionsManager.cpp:1876] send request 0x7dcded217f90 - 14TL_api_request
11-16 10:24:14.373  6684  6747 D tgnet   : send request wrapped 0x7dcded217f90 - 14TL_api_request
11-16 10:24:14.373  6684  6747 D tgnet   : [ConnectionsManager.cpp:1883] send request wrapped 0x7dcded217f90 - 14TL_api_request
11-16 10:24:14.373  6684  6747 D tgnet   : messageId for token = 27, 0x6919a64e5f7cf008
11-16 10:24:14.373  6684  6747 D tgnet   : [ConnectionsManager.cpp:2610] messageId for token = 27, 0x6919a64e5f7cf008
11-16 10:24:14.373  6684  6747 E tgnet   : connection(0x6919a64e5ef9dc00) request (msg_id: 0)
11-16 10:24:14.373  6684  6747 E tgnet   : connection(0x7dcead211190) (type: 1 == 1 && num: 0 == 0) || (token: 1 == 1)
11-16 10:24:14.373  6684  6747 D tgnet   : send message (session: 0xabcdc7b422b38492, seqno: 29, messageid: 7573267103939883016  0x6919a64e5f7cf008): 14TL_api_request(0x7dcded217f90)
11-16 10:24:14.373  6684  6747 D tgnet   : [        Datacenter.cpp:1186] send message (session: 0xabcdc7b422b38492, seqno: 29, messageid: 7573267103939883016  0x6919a64e5f7cf008): 14TL_api_request(0x7dcded217f90)
11-16 10:24:14.373  6684  6747 D tgnet   : send request 0x7dcded2136d0 - 14TL_api_request
11-16 10:24:14.373  6684  6747 D tgnet   : [ConnectionsManager.cpp:1876] send request 0x7dcded2136d0 - 14TL_api_request
11-16 10:24:14.373  6684  6747 D tgnet   : send request wrapped 0x7dcded2136d0 - 14TL_api_request
11-16 10:24:14.373  6684  6747 D tgnet   : [ConnectionsManager.cpp:1883] send request wrapped 0x7dcded2136d0 - 14TL_api_request
11-16 10:24:14.373  6684  6747 D tgnet   : messageId for token = 28, 0x6919a64e5f7cf00c
11-16 10:24:14.373  6684  6747 D tgnet   : [ConnectionsManager.cpp:2610] messageId for token = 28, 0x6919a64e5f7cf00c
11-16 10:24:14.373  6684  6747 E tgnet   : connection(0x6919a64e5ef9dc00) request (msg_id: 0)
11-16 10:24:14.373  6684  6747 E tgnet   : connection(0x7dcead211190) (type: 1 == 1 && num: 0 == 0) || (token: 1 == 1)
11-16 10:24:14.373  6684  6747 D tgnet   : send message (session: 0xabcdc7b422b38492, seqno: 31, messageid: 7573267103939883020  0x6919a64e5f7cf00c): 14TL_api_request(0x7dcded2136d0)
11-16 10:24:14.373  6684  6747 D tgnet   : [        Datacenter.cpp:1186] send message (session: 0xabcdc7b422b38492, seqno: 31, messageid: 7573267103939883020  0x6919a64e5f7cf00c): 14TL_api_request(0x7dcded2136d0)
11-16 10:24:14.388  6684  6732 D tmessages: create new database
11-16 10:24:14.404  6684  6747 D tgnet   : received message len 152 (currentPacketLength) equal to packet size
11-16 10:24:14.404  6684  6747 D tgnet   : [        Connection.cpp: 275] received message len 152 (currentPacketLength) equal to packet size
11-16 10:24:14.404  6684  6747 D tgnet   : api request constructor 0x3371c354, don't parse
11-16 10:24:14.404  6684  6747 D tgnet   : [ConnectionsManager.cpp:1096] api request constructor 0x3371c354, don't parse
11-16 10:24:14.404  6684  6747 D tgnet   : connection(0x7dcead211190, account0, dc1, type 1) received object 13TL_rpc_result
11-16 10:24:14.404  6684  6747 D tgnet   : [ConnectionsManager.cpp:1008] connection(0x7dcead211190, account0, dc1, type 1) received object 13TL_rpc_result
11-16 10:24:14.404  6684  6747 D tgnet   : process server response 0x7dcded25f0f0 - 13TL_rpc_result
11-16 10:24:14.404  6684  6747 D tgnet   : [ConnectionsManager.cpp:1122] process server response 0x7dcded25f0f0 - 13TL_rpc_result
11-16 10:24:14.404  6684  6747 D tgnet   : message_id 7573267103183012033 connection(0x7dcead211190, account0, dc1, type 1) received rpc_result with 15TL_api_response
11-16 10:24:14.404  6684  6747 D tgnet   : [ConnectionsManager.cpp:1267] message_id 7573267103183012033 connection(0x7dcead211190, account0, dc1, type 1) received rpc_result with 15TL_api_response
11-16 10:24:14.404  6684  6747 D tgnet   : got response for request 0x7dcded2136d0 - 14TL_api_request
11-16 10:24:14.404  6684  6747 D tgnet   : [ConnectionsManager.cpp:1303] got response for request 0x7dcded2136d0 - 14TL_api_request
11-16 10:24:14.405  6684  6747 D tmessages: java received org.telegram.tgnet.TLRPC$TL_messages_peerDialogs@bb2375e error = null
11-16 10:24:14.413  6684  6684 W .messenger.bet: Accessing hidden field Landroid/widget/PopupWindow;->mOnScrollChangedListener:Landroid/view/ViewTreeObserver$OnScrollChangedListener; (greylist-max-p, reflection, denied)
11-16 10:24:14.438  6684  6747 D tgnet   : send message (session: 0xabcdc7b422b38492, seqno: 32, messageid: 7573267104219055104  0x6919a64e7020c400): 11TL_msgs_ack(0x7dcdfd48f9e0)
11-16 10:24:14.438  6684  6747 D tgnet   : [        Datacenter.cpp:1186] send message (session: 0xabcdc7b422b38492, seqno: 32, messageid: 7573267104219055104  0x6919a64e7020c400): 11TL_msgs_ack(0x7dcdfd48f9e0)
11-16 10:24:14.438  6684  6747 D tgnet   : connection(0x7dcead211190, account0, dc1, type 1) received message len (currentPacketLength) 88 but packet (buffer->remaining()) larger 807
11-16 10:24:14.438  6684  6747 D tgnet   : [        Connection.cpp: 269] connection(0x7dcead211190, account0, dc1, type 1) received message len (currentPacketLength) 88 but packet (buffer->remaining()) larger 807
11-16 10:24:14.438  6684  6725 D MTProto : requestMsgId=138320391198000 requestingTime=66 request_token=28
11-16 10:24:14.438  6684  6747 D tgnet   : api request constructor 0xd3f924eb, don't parse
11-16 10:24:14.438  6684  6747 D tgnet   : [ConnectionsManager.cpp:1096] api request constructor 0xd3f924eb, don't parse
11-16 10:24:14.438  6684  6725 D MTProto : req -> TL_messages_getPinnedDialogs : {"folder_id":0}
11-16 10:24:14.438  6684  6747 D tgnet   : connection(0x7dcead211190, account0, dc1, type 1) received object 13TL_rpc_result
11-16 10:24:14.438  6684  6747 D tgnet   : [ConnectionsManager.cpp:1008] connection(0x7dcead211190, account0, dc1, type 1) received object 13TL_rpc_result
11-16 10:24:14.438  6684  6747 D tgnet   : process server response 0x7dcded25f0f0 - 13TL_rpc_result
11-16 10:24:14.438  6684  6747 D tgnet   : [ConnectionsManager.cpp:1122] process server response 0x7dcded25f0f0 - 13TL_rpc_result
11-16 10:24:14.438  6684  6725 D MTProto : res -> TL_messages_peerDialogs : {"chats":[],"dialogs":[],"messages":[],"state":{"date":1763288654,"pts":1,"qts":0,"seq":-1,"unread_count":0},"users":[]}
11-16 10:24:14.438  6684  6747 D tgnet   : message_id 7573267103185109193 connection(0x7dcead211190, account0, dc1, type 1) received rpc_result with 15TL_api_response
11-16 10:24:14.438  6684  6747 D tgnet   : [ConnectionsManager.cpp:1267] message_id 7573267103185109193 connection(0x7dcead211190, account0, dc1, type 1) received rpc_result with 15TL_api_response
11-16 10:24:14.438  6684  6725 D MTProto :  
11-16 10:24:14.438  6684  6747 D tgnet   : got response for request 0x7dcded217f90 - 14TL_api_request
11-16 10:24:14.438  6684  6747 D tgnet   : [ConnectionsManager.cpp:1303] got response for request 0x7dcded217f90 - 14TL_api_request
11-16 10:24:14.439  6684  6747 W System.err: java.lang.RuntimeException: read int32 error
11-16 10:24:14.439  6684  6747 W System.err: 	at org.telegram.tgnet.NativeByteBuffer.readInt32(NativeByteBuffer.java:388)
11-16 10:24:14.439  6684  6747 W System.err: 	at org.telegram.tgnet.TLRPC$TL_messages_stickerSet.readParams(TLRPC.java:10231)
11-16 10:24:14.439  6684  6747 W System.err: 	at org.telegram.tgnet.TLRPC$messages_StickerSet.TLdeserialize(TLRPC.java:10166)
11-16 10:24:14.439  6684  6747 W System.err: 	at org.telegram.tgnet.TLRPC$TL_messages_getStickerSet.deserializeResponse(TLRPC.java:54427)
11-16 10:24:14.439  6684  6747 W System.err: 	at org.telegram.tgnet.ConnectionsManager.lambda$sendRequestInternal$2$org-telegram-tgnet-ConnectionsManager(ConnectionsManager.java:334)
11-16 10:24:14.439  6684  6747 W System.err: 	at org.telegram.tgnet.ConnectionsManager$$ExternalSyntheticLambda6.run(Unknown Source:38)
11-16 10:24:14.439  6684  6747 W System.err: Caused by: java.nio.BufferUnderflowException
11-16 10:24:14.439  6684  6747 W System.err: 	at java.nio.Buffer.nextGetIndex(Buffer.java:521)
11-16 10:24:14.439  6684  6747 W System.err: 	at java.nio.DirectByteBuffer.getInt(DirectByteBuffer.java:562)
11-16 10:24:14.439  6684  6747 W System.err: 	at org.telegram.tgnet.NativeByteBuffer.readInt32(NativeByteBuffer.java:385)
11-16 10:24:14.439  6684  6747 W System.err: 	... 5 more
11-16 10:24:14.439  6684  6747 D tgnet   : send message (session: 0xabcdc7b422b38492, seqno: 32, messageid: 7573267104223350784  0x6919a64e70625000): 11TL_msgs_ack(0x7dcdfd48f9e0)
11-16 10:24:14.439  6684  6747 D tgnet   : [        Datacenter.cpp:1186] send message (session: 0xabcdc7b422b38492, seqno: 32, messageid: 7573267104223350784  0x6919a64e70625000): 11TL_msgs_ack(0x7dcdfd48f9e0)
11-16 10:24:14.439  6684  6747 D tgnet   : connection(0x7dcead211190, account0, dc1, type 1) received message len (currentPacketLength) 104 but packet (buffer->remaining()) larger 718
11-16 10:24:14.439  6684  6747 D tgnet   : [        Connection.cpp: 269] connection(0x7dcead211190, account0, dc1, type 1) received message len (currentPacketLength) 104 but packet (buffer->remaining()) larger 718
11-16 10:24:14.439  6684  6747 D tgnet   : api request constructor 0xa83b0426, don't parse
11-16 10:24:14.439  6684  6747 D tgnet   : [ConnectionsManager.cpp:1096] api request constructor 0xa83b0426, don't parse
11-16 10:24:14.439  6684  6747 D tgnet   : connection(0x7dcead211190, account0, dc1, type 1) received object 13TL_rpc_result
11-16 10:24:14.439  6684  6747 D tgnet   : [ConnectionsManager.cpp:1008] connection(0x7dcead211190, account0, dc1, type 1) received object 13TL_rpc_result
11-16 10:24:14.439  6684  6747 D tgnet   : process server response 0x7dcded25f0f0 - 13TL_rpc_result
11-16 10:24:14.439  6684  6747 D tgnet   : [ConnectionsManager.cpp:1122] process server response 0x7dcded25f0f0 - 13TL_rpc_result
11-16 10:24:14.439  6684  6747 D tgnet   : message_id 7573267103199789265 connection(0x7dcead211190, account0, dc1, type 1) received rpc_result with 15TL_api_response
11-16 10:24:14.439  6684  6747 D tgnet   : [ConnectionsManager.cpp:1267] message_id 7573267103199789265 connection(0x7dcead211190, account0, dc1, type 1) received rpc_result with 15TL_api_response
11-16 10:24:14.439  6684  6747 D tgnet   : got response for request 0x7dcded21a450 - 14TL_api_request
11-16 10:24:14.439  6684  6747 D tgnet   : [ConnectionsManager.cpp:1303] got response for request 0x7dcded21a450 - 14TL_api_request
11-16 10:24:14.440  6684  6747 D tmessages: java received org.telegram.tgnet.TLRPC$TL_peerNotifySettings@e2a922a error = null
11-16 10:24:14.441  6684  6747 D tgnet   : send message (session: 0xabcdc7b422b38492, seqno: 32, messageid: 7573267104231940096  0x6919a64e70e56000): 11TL_msgs_ack(0x7dcdfd48f9e0)
11-16 10:24:14.441  6684  6747 D tgnet   : [        Datacenter.cpp:1186] send message (session: 0xabcdc7b422b38492, seqno: 32, messageid: 7573267104231940096  0x6919a64e70e56000): 11TL_msgs_ack(0x7dcdfd48f9e0)
11-16 10:24:14.441  6684  6747 D tgnet   : connection(0x7dcead211190, account0, dc1, type 1) received message len (currentPacketLength) 104 but packet (buffer->remaining()) larger 613
11-16 10:24:14.441  6684  6747 D tgnet   : [        Connection.cpp: 269] connection(0x7dcead211190, account0, dc1, type 1) received message len (currentPacketLength) 104 but packet (buffer->remaining()) larger 613
11-16 10:24:14.441  6684  6725 D MTProto : requestMsgId=138320391198000 requestingTime=70 request_token=22
11-16 10:24:14.441  6684  6725 D MTProto : req -> TL_account_getNotifySettings : {"peer":{}}
11-16 10:24:14.441  6684  6747 D tgnet   : api request constructor 0xa83b0426, don't parse
11-16 10:24:14.441  6684  6747 D tgnet   : [ConnectionsManager.cpp:1096] api request constructor 0xa83b0426, don't parse
11-16 10:24:14.441  6684  6725 D MTProto : res -> TL_peerNotifySettings : {"events_mask":0,"flags":7,"mute_until":0,"show_previews":true,"silent":false}
11-16 10:24:14.441  6684  6725 D MTProto :  
11-16 10:24:14.441  6684  6747 D tgnet   : connection(0x7dcead211190, account0, dc1, type 1) received object 13TL_rpc_result
11-16 10:24:14.441  6684  6747 D tgnet   : [ConnectionsManager.cpp:1008] connection(0x7dcead211190, account0, dc1, type 1) received object 13TL_rpc_result
11-16 10:24:14.441  6684  6747 D tgnet   : process server response 0x7dcded25f0f0 - 13TL_rpc_result
11-16 10:24:14.441  6684  6747 D tgnet   : [ConnectionsManager.cpp:1122] process server response 0x7dcded25f0f0 - 13TL_rpc_result
11-16 10:24:14.441  6684  6747 D tgnet   : message_id 7573267103212372185 connection(0x7dcead211190, account0, dc1, type 1) received rpc_result with 15TL_api_response
11-16 10:24:14.441  6684  6747 D tgnet   : [ConnectionsManager.cpp:1267] message_id 7573267103212372185 connection(0x7dcead211190, account0, dc1, type 1) received rpc_result with 15TL_api_response
11-16 10:24:14.441  6684  6747 D tgnet   : got response for request 0x7dcded213c10 - 14TL_api_request
11-16 10:24:14.441  6684  6747 D tgnet   : [ConnectionsManager.cpp:1303] got response for request 0x7dcded213c10 - 14TL_api_request
11-16 10:24:14.441  6684  6747 D tmessages: java received org.telegram.tgnet.TLRPC$TL_peerNotifySettings@1553af7 error = null
11-16 10:24:14.442  6684  6747 D tgnet   : send message (session: 0xabcdc7b422b38492, seqno: 32, messageid: 7573267104236235776  0x6919a64e7126ec00): 11TL_msgs_ack(0x7dcdfd48f820)
11-16 10:24:14.442  6684  6747 D tgnet   : [        Datacenter.cpp:1186] send message (session: 0xabcdc7b422b38492, seqno: 32, messageid: 7573267104236235776  0x6919a64e7126ec00): 11TL_msgs_ack(0x7dcdfd48f820)
11-16 10:24:14.442  6684  6725 D MTProto : requestMsgId=138320391198000 requestingTime=71 request_token=21
11-16 10:24:14.442  6684  6747 D tgnet   : connection(0x7dcead211190, account0, dc1, type 1) received message len (currentPacketLength) 88 but packet (buffer->remaining()) larger 508
11-16 10:24:14.442  6684  6725 D MTProto : req -> TL_account_getNotifySettings : {"peer":{}}
11-16 10:24:14.442  6684  6747 D tgnet   : [        Connection.cpp: 269] connection(0x7dcead211190, account0, dc1, type 1) received message len (currentPacketLength) 88 but packet (buffer->remaining()) larger 508
11-16 10:24:14.442  6684  6725 D MTProto : res -> TL_peerNotifySettings : {"events_mask":0,"flags":7,"mute_until":0,"show_previews":true,"silent":false}
11-16 10:24:14.442  6684  6725 D MTProto :  
11-16 10:24:14.442  6684  6747 D tgnet   : api request constructor 0xd3f924eb, don't parse
11-16 10:24:14.442  6684  6747 D tgnet   : [ConnectionsManager.cpp:1096] api request constructor 0xd3f924eb, don't parse
11-16 10:24:14.442  6684  6747 D tgnet   : connection(0x7dcead211190, account0, dc1, type 1) received object 13TL_rpc_result
11-16 10:24:14.442  6684  6747 D tgnet   : [ConnectionsManager.cpp:1008] connection(0x7dcead211190, account0, dc1, type 1) received object 13TL_rpc_result
11-16 10:24:14.442  6684  6747 D tgnet   : process server response 0x7dcded25f0f0 - 13TL_rpc_result
11-16 10:24:14.442  6684  6747 D tgnet   : [ConnectionsManager.cpp:1122] process server response 0x7dcded25f0f0 - 13TL_rpc_result
11-16 10:24:14.442  6684  6747 D tgnet   : message_id 7573267103214469345 connection(0x7dcead211190, account0, dc1, type 1) received rpc_result with 15TL_api_response
11-16 10:24:14.442  6684  6747 D tgnet   : [ConnectionsManager.cpp:1267] message_id 7573267103214469345 connection(0x7dcead211190, account0, dc1, type 1) received rpc_result with 15TL_api_response
11-16 10:24:14.442  6684  6747 D tgnet   : got response for request 0x7dcded217b70 - 14TL_api_request
11-16 10:24:14.442  6684  6747 D tgnet   : [ConnectionsManager.cpp:1303] got response for request 0x7dcded217b70 - 14TL_api_request
11-16 10:24:14.442  6684  6747 W System.err: java.lang.RuntimeException: read int32 error
11-16 10:24:14.442  6684  6747 W System.err: 	at org.telegram.tgnet.NativeByteBuffer.readInt32(NativeByteBuffer.java:388)
11-16 10:24:14.442  6684  6747 W System.err: 	at org.telegram.tgnet.TLRPC$TL_messages_stickerSet.readParams(TLRPC.java:10231)
11-16 10:24:14.442  6684  6747 W System.err: 	at org.telegram.tgnet.TLRPC$messages_StickerSet.TLdeserialize(TLRPC.java:10166)
11-16 10:24:14.443  6684  6747 W System.err: 	at org.telegram.tgnet.TLRPC$TL_messages_getStickerSet.deserializeResponse(TLRPC.java:54427)
11-16 10:24:14.443  6684  6747 W System.err: 	at org.telegram.tgnet.ConnectionsManager.lambda$sendRequestInternal$2$org-telegram-tgnet-ConnectionsManager(ConnectionsManager.java:334)
11-16 10:24:14.443  6684  6747 W System.err: 	at org.telegram.tgnet.ConnectionsManager$$ExternalSyntheticLambda6.run(Unknown Source:38)
11-16 10:24:14.443  6684  6747 W System.err: Caused by: java.nio.BufferUnderflowException
11-16 10:24:14.443  6684  6747 W System.err: 	at java.nio.Buffer.nextGetIndex(Buffer.java:521)
11-16 10:24:14.443  6684  6747 W System.err: 	at java.nio.DirectByteBuffer.getInt(DirectByteBuffer.java:562)
11-16 10:24:14.443  6684  6747 W System.err: 	at org.telegram.tgnet.NativeByteBuffer.readInt32(NativeByteBuffer.java:385)
11-16 10:24:14.443  6684  6747 W System.err: 	... 5 more
11-16 10:24:14.443  6684  6747 D tgnet   : send message (session: 0xabcdc7b422b38492, seqno: 32, messageid: 7573267104240530432  0x6919a64e71687400): 11TL_msgs_ack(0x7dcdfd48f820)
11-16 10:24:14.443  6684  6747 D tgnet   : [        Datacenter.cpp:1186] send message (session: 0xabcdc7b422b38492, seqno: 32, messageid: 7573267104240530432  0x6919a64e71687400): 11TL_msgs_ack(0x7dcdfd48f820)
11-16 10:24:14.443  6684  6747 D tgnet   : connection(0x7dcead211190, account0, dc1, type 1) received message len (currentPacketLength) 88 but packet (buffer->remaining()) larger 419
11-16 10:24:14.443  6684  6747 D tgnet   : [        Connection.cpp: 269] connection(0x7dcead211190, account0, dc1, type 1) received message len (currentPacketLength) 88 but packet (buffer->remaining()) larger 419
11-16 10:24:14.443  6684  6747 D tgnet   : api request constructor 0x997275b5, don't parse
11-16 10:24:14.443  6684  6747 D tgnet   : [ConnectionsManager.cpp:1096] api request constructor 0x997275b5, don't parse
11-16 10:24:14.443  6684  6747 D tgnet   : connection(0x7dcead211190, account0, dc1, type 1) received object 13TL_rpc_result
11-16 10:24:14.443  6684  6747 D tgnet   : [ConnectionsManager.cpp:1008] connection(0x7dcead211190, account0, dc1, type 1) received object 13TL_rpc_result
11-16 10:24:14.443  6684  6747 D tgnet   : process server response 0x7dcded25f0f0 - 13TL_rpc_result
11-16 10:24:14.443  6684  6747 D tgnet   : [ConnectionsManager.cpp:1122] process server response 0x7dcded25f0f0 - 13TL_rpc_result
11-16 10:24:14.443  6684  6747 D tgnet   : message_id 7573267103220760809 connection(0x7dcead211190, account0, dc1, type 1) received rpc_result with 15TL_api_response
11-16 10:24:14.443  6684  6747 D tgnet   : [ConnectionsManager.cpp:1267] message_id 7573267103220760809 connection(0x7dcead211190, account0, dc1, type 1) received rpc_result with 15TL_api_response
11-16 10:24:14.443  6684  6747 D tgnet   : got response for request 0x7dcded21a750 - 14TL_api_request
11-16 10:24:14.443  6684  6747 D tgnet   : [ConnectionsManager.cpp:1303] got response for request 0x7dcded21a750 - 14TL_api_request
11-16 10:24:14.443  6684  6747 D tmessages: java received org.telegram.tgnet.TLRPC$TL_boolTrue@9188f93 error = null
11-16 10:24:14.444  6684  6747 D tgnet   : send message (session: 0xabcdc7b422b38492, seqno: 32, messageid: 7573267104244825088  0x6919a64e71a9fc00): 11TL_msgs_ack(0x7dcdfd48f820)
11-16 10:24:14.444  6684  6747 D tgnet   : [        Datacenter.cpp:1186] send message (session: 0xabcdc7b422b38492, seqno: 32, messageid: 7573267104244825088  0x6919a64e71a9fc00): 11TL_msgs_ack(0x7dcdfd48f820)
11-16 10:24:14.444  6684  6747 D tgnet   : connection(0x7dcead211190, account0, dc1, type 1) received message len (currentPacketLength) 120 but packet (buffer->remaining()) larger 330
11-16 10:24:14.444  6684  6747 D tgnet   : [        Connection.cpp: 269] connection(0x7dcead211190, account0, dc1, type 1) received message len (currentPacketLength) 120 but packet (buffer->remaining()) larger 330
11-16 10:24:14.444  6684  6725 D MTProto : requestMsgId=138320391198000 requestingTime=72 request_token=23
11-16 10:24:14.444  6684  6725 D MTProto : req -> TL_account_getContactSignUpNotification : {}
11-16 10:24:14.444  6684  6725 D MTProto : res -> TL_boolTrue : {}
11-16 10:24:14.444  6684  6747 D tgnet   : connection(0x7dcead211190, account0, dc1, type 1) received object 13TL_rpc_result
11-16 10:24:14.444  6684  6747 D tgnet   : [ConnectionsManager.cpp:1008] connection(0x7dcead211190, account0, dc1, type 1) received object 13TL_rpc_result
11-16 10:24:14.444  6684  6747 D tgnet   : process server response 0x7dcded25f0f0 - 13TL_rpc_result
11-16 10:24:14.444  6684  6747 D tgnet   : [ConnectionsManager.cpp:1122] process server response 0x7dcded25f0f0 - 13TL_rpc_result
11-16 10:24:14.444  6684  6747 D tgnet   : message_id 7573267103224955121 connection(0x7dcead211190, account0, dc1, type 1) received rpc_result with 12TL_rpc_error
11-16 10:24:14.444  6684  6747 D tgnet   : [ConnectionsManager.cpp:1267] message_id 7573267103224955121 connection(0x7dcead211190, account0, dc1, type 1) received rpc_result with 12TL_rpc_error
11-16 10:24:14.444  6684  6747 E tgnet   : message_id 7573267103224955121 connection(0x7dcead211190, account0, dc1, type 1) rpc error 400: ERR_ENTERPRISE_IS_BLOCKED
11-16 10:24:14.444  6684  6747 D tgnet   : got response for request 0x7dcded232ff0 - 14TL_api_request
11-16 10:24:14.444  6684  6747 D tgnet   : [ConnectionsManager.cpp:1303] got response for request 0x7dcded232ff0 - 14TL_api_request
11-16 10:24:14.444  6684  6747 E tgnet   : request 0x7dce5d273710 rpc error 400: ERR_ENTERPRISE_IS_BLOCKED
11-16 10:24:14.444  6684  6725 D MTProto :  
11-16 10:24:14.444  6684  6747 E tmessages: org.telegram.tgnet.TLRPC$TL_help_getInviteText@4de68e5 got error 400 ERR_ENTERPRISE_IS_BLOCKED
11-16 10:24:14.444  6684  6747 D tmessages: java received null error = org.telegram.tgnet.TLRPC$TL_error@65367c9
11-16 10:24:14.445  6684  6747 D tgnet   : send message (session: 0xabcdc7b422b38492, seqno: 32, messageid: 7573267104249119744  0x6919a64e71eb8400): 11TL_msgs_ack(0x7dcdfd48f820)
11-16 10:24:14.445  6684  6747 D tgnet   : [        Datacenter.cpp:1186] send message (session: 0xabcdc7b422b38492, seqno: 32, messageid: 7573267104249119744  0x6919a64e71eb8400): 11TL_msgs_ack(0x7dcdfd48f820)
11-16 10:24:14.445  6684  6725 D MTProto : requestMsgId=138320391198000 requestingTime=73 request_token=24
11-16 10:24:14.445  6684  6725 D MTProto : req -> TL_help_getInviteText : {}
11-16 10:24:14.445  6684  6725 D MTProto : err -> TL_error : {"code":400,"text":"ERR_ENTERPRISE_IS_BLOCKED"}
11-16 10:24:14.445  6684  6725 D MTProto :  
11-16 10:24:14.445  6684  6747 D tgnet   : connection(0x7dcead211190, account0, dc1, type 1) received message len (currentPacketLength) 104 but packet (buffer->remaining()) larger 209
11-16 10:24:14.445  6684  6747 D tgnet   : [        Connection.cpp: 269] connection(0x7dcead211190, account0, dc1, type 1) received message len (currentPacketLength) 104 but packet (buffer->remaining()) larger 209
11-16 10:24:14.445  6684  6747 D tgnet   : api request constructor 0xa83b0426, don't parse
11-16 10:24:14.445  6684  6747 D tgnet   : [ConnectionsManager.cpp:1096] api request constructor 0xa83b0426, don't parse
11-16 10:24:14.445  6684  6747 D tgnet   : connection(0x7dcead211190, account0, dc1, type 1) received object 13TL_rpc_result
11-16 10:24:14.445  6684  6747 D tgnet   : [ConnectionsManager.cpp:1008] connection(0x7dcead211190, account0, dc1, type 1) received object 13TL_rpc_result
11-16 10:24:14.445  6684  6747 D tgnet   : process server response 0x7dcded25cf30 - 13TL_rpc_result
11-16 10:24:14.445  6684  6747 D tgnet   : [ConnectionsManager.cpp:1122] process server response 0x7dcded25cf30 - 13TL_rpc_result
11-16 10:24:14.445  6684  6747 D tgnet   : message_id 7573267103235440889 connection(0x7dcead211190, account0, dc1, type 1) received rpc_result with 15TL_api_response
11-16 10:24:14.445  6684  6747 D tgnet   : [ConnectionsManager.cpp:1267] message_id 7573267103235440889 connection(0x7dcead211190, account0, dc1, type 1) received rpc_result with 15TL_api_response
11-16 10:24:14.445  6684  6747 D tgnet   : got response for request 0x7dcded25f930 - 14TL_api_request
11-16 10:24:14.445  6684  6747 D tgnet   : [ConnectionsManager.cpp:1303] got response for request 0x7dcded25f930 - 14TL_api_request
11-16 10:24:14.445  6684  6747 D tmessages: java received org.telegram.tgnet.TLRPC$TL_peerNotifySettings@f21b785 error = null
11-16 10:24:14.446  6684  6747 D tgnet   : send message (session: 0xabcdc7b422b38492, seqno: 32, messageid: 7573267104253415424  0x6919a64e722d1000): 11TL_msgs_ack(0x7dcdfd44be30)
11-16 10:24:14.446  6684  6747 D tgnet   : [        Datacenter.cpp:1186] send message (session: 0xabcdc7b422b38492, seqno: 32, messageid: 7573267104253415424  0x6919a64e722d1000): 11TL_msgs_ack(0x7dcdfd44be30)
11-16 10:24:14.446  6684  6747 D tgnet   : received message len 104 (currentPacketLength) equal to packet size
11-16 10:24:14.446  6684  6747 D tgnet   : [        Connection.cpp: 275] received message len 104 (currentPacketLength) equal to packet size
11-16 10:24:14.446  6684  6725 D MTProto : requestMsgId=138320391198000 requestingTime=75 request_token=20
11-16 10:24:14.446  6684  6725 D MTProto : req -> TL_account_getNotifySettings : {"peer":{}}
11-16 10:24:14.446  6684  6747 D tgnet   : api request constructor 0x30a6ec7e, don't parse
11-16 10:24:14.446  6684  6747 D tgnet   : [ConnectionsManager.cpp:1096] api request constructor 0x30a6ec7e, don't parse
11-16 10:24:14.446  6684  6747 D tgnet   : connection(0x7dcead211190, account0, dc1, type 1) received object 13TL_rpc_result
11-16 10:24:14.446  6684  6747 D tgnet   : [ConnectionsManager.cpp:1008] connection(0x7dcead211190, account0, dc1, type 1) received object 13TL_rpc_result
11-16 10:24:14.446  6684  6725 D MTProto : res -> TL_peerNotifySettings : {"events_mask":0,"flags":7,"mute_until":0,"show_previews":true,"silent":false}
11-16 10:24:14.446  6684  6747 D tgnet   : process server response 0x7dcded25cf30 - 13TL_rpc_result
11-16 10:24:14.446  6684  6725 D MTProto :  
11-16 10:24:14.446  6684  6747 D tgnet   : [ConnectionsManager.cpp:1122] process server response 0x7dcded25cf30 - 13TL_rpc_result
11-16 10:24:14.446  6684  6747 D tgnet   : message_id 7573267103239635201 connection(0x7dcead211190, account0, dc1, type 1) received rpc_result with 15TL_api_response
11-16 10:24:14.446  6684  6747 D tgnet   : [ConnectionsManager.cpp:1267] message_id 7573267103239635201 connection(0x7dcead211190, account0, dc1, type 1) received rpc_result with 15TL_api_response
11-16 10:24:14.446  6684  6747 D tgnet   : got response for request 0x7dcded2192b0 - 14TL_api_request
11-16 10:24:14.446  6684  6747 D tgnet   : [ConnectionsManager.cpp:1303] got response for request 0x7dcded2192b0 - 14TL_api_request
11-16 10:24:14.446  6684  6747 D tmessages: java received org.telegram.tgnet.TLRPC$TL_messages_stickers@d405e0b error = null
11-16 10:24:14.447  6684  6747 D tgnet   : send message (session: 0xabcdc7b422b38492, seqno: 32, messageid: 7573267104257710080  0x6919a64e726e9800): 11TL_msgs_ack(0x7dcdfd44be30)
11-16 10:24:14.447  6684  6747 D tgnet   : [        Datacenter.cpp:1186] send message (session: 0xabcdc7b422b38492, seqno: 32, messageid: 7573267104257710080  0x6919a64e726e9800): 11TL_msgs_ack(0x7dcdfd44be30)
11-16 10:24:14.447  6684  6725 D MTProto : requestMsgId=138320391198000 requestingTime=75 request_token=25
11-16 10:24:14.447  6684  6725 D MTProto : req -> TL_messages_getStickers : {"emoticon":"","hash":0}
11-16 10:24:14.447  6684  6725 D MTProto : res -> TL_messages_stickers : {"hash":0,"stickers":[]}
11-16 10:24:14.447  6684  6725 D MTProto :  
11-16 10:24:14.507  6684  6684 D CompatibilityChangeReporter: Compat change id reported: 149924527; UID 10525; state: ENABLED
11-16 10:24:14.507  6684  6684 D CompatibilityChangeReporter: Compat change id reported: 132649864; UID 10525; state: DISABLED
11-16 10:24:14.519  6684  6735 D tmessages: send request org.telegram.tgnet.TLRPC$TL_langpack_getLanguages@aabc230 with token = 29
11-16 10:24:14.519  6684  6735 D tgnet   : called from sendRequest (Android)
11-16 10:24:14.519  6684  6735 D tgnet   : [ConnectionsManager.cpp:1849] called from sendRequest (Android)
11-16 10:24:14.519  6684  6747 D tgnet   : send request 0x7dcded232ff0 - 14TL_api_request
11-16 10:24:14.519  6684  6747 D tgnet   : [ConnectionsManager.cpp:1876] send request 0x7dcded232ff0 - 14TL_api_request
11-16 10:24:14.519  6684  6747 D tgnet   : send request wrapped 0x7dcded232ff0 - 14TL_api_request
11-16 10:24:14.519  6684  6747 D tgnet   : [ConnectionsManager.cpp:1883] send request wrapped 0x7dcded232ff0 - 14TL_api_request
11-16 10:24:14.519  6684  6747 D tgnet   : messageId for token = 29, 0x6919a64e84dd3000
11-16 10:24:14.519  6684  6747 D tgnet   : [ConnectionsManager.cpp:2610] messageId for token = 29, 0x6919a64e84dd3000
11-16 10:24:14.519  6684  6747 D tgnet   : send message (session: 0xabcdc7b422b38492, seqno: 33, messageid: 7573267104566947840  0x6919a64e84dd3000): 14TL_api_request(0x7dcded232ff0)
11-16 10:24:14.519  6684  6747 D tgnet   : [        Datacenter.cpp:1186] send message (session: 0xabcdc7b422b38492, seqno: 33, messageid: 7573267104566947840  0x6919a64e84dd3000): 14TL_api_request(0x7dcded232ff0)
11-16 10:24:14.521  6684  6747 D tgnet   : received message len 88 (currentPacketLength) equal to packet size
11-16 10:24:14.521  6684  6747 D tgnet   : [        Connection.cpp: 275] received message len 88 (currentPacketLength) equal to packet size
11-16 10:24:14.521  6684  6747 D tgnet   : api request constructor 0x1cb5c415, don't parse
11-16 10:24:14.521  6684  6747 D tgnet   : [ConnectionsManager.cpp:1096] api request constructor 0x1cb5c415, don't parse
11-16 10:24:14.521  6684  6747 D tgnet   : connection(0x7dcead211190, account0, dc1, type 1) received object 13TL_rpc_result
11-16 10:24:14.521  6684  6747 D tgnet   : [ConnectionsManager.cpp:1008] connection(0x7dcead211190, account0, dc1, type 1) received object 13TL_rpc_result
11-16 10:24:14.521  6684  6747 D tgnet   : process server response 0x7dcded25fd50 - 13TL_rpc_result
11-16 10:24:14.521  6684  6747 D tgnet   : [ConnectionsManager.cpp:1122] process server response 0x7dcded25fd50 - 13TL_rpc_result
11-16 10:24:14.521  6684  6747 D tgnet   : message_id 7573267103428378889 connection(0x7dcead211190, account0, dc1, type 1) received rpc_result with 15TL_api_response
11-16 10:24:14.521  6684  6747 D tgnet   : [ConnectionsManager.cpp:1267] message_id 7573267103428378889 connection(0x7dcead211190, account0, dc1, type 1) received rpc_result with 15TL_api_response
11-16 10:24:14.521  6684  6747 D tgnet   : got response for request 0x7dcded232ff0 - 14TL_api_request
11-16 10:24:14.521  6684  6747 D tgnet   : [ConnectionsManager.cpp:1303] got response for request 0x7dcded232ff0 - 14TL_api_request
11-16 10:24:14.521  6684  6747 D tmessages: java received org.telegram.tgnet.TLRPC$Vector@97f9c2e error = null
11-16 10:24:14.522  6684  6747 D tgnet   : send message (session: 0xabcdc7b422b38492, seqno: 34, messageid: 7573267104579832832  0x6919a64e85a1cc00): 11TL_msgs_ack(0x7dcdfd48f270)
11-16 10:24:14.522  6684  6747 D tgnet   : [        Datacenter.cpp:1186] send message (session: 0xabcdc7b422b38492, seqno: 34, messageid: 7573267104579832832  0x6919a64e85a1cc00): 11TL_msgs_ack(0x7dcdfd48f270)
11-16 10:24:14.522  6684  6725 D MTProto : requestMsgId=138320391198000 requestingTime=3 request_token=29
11-16 10:24:14.522  6684  6725 D MTProto : req -> TL_langpack_getLanguages : {}
11-16 10:24:14.522  6684  6725 D MTProto : res -> Vector : {"objects":[]}
11-16 10:24:14.522  6684  6725 D MTProto :  
11-16 10:24:14.522  6684  6684 I Choreographer: Skipped 45 frames!  The application may be doing too much work on its main thread.
11-16 10:24:14.563  6684  6735 D tmessages: send request org.telegram.tgnet.TLRPC$TL_help_getPremiumPromo@f363b42 with token = 30
11-16 10:24:14.563  6684  6735 D tgnet   : called from sendRequest (Android)
11-16 10:24:14.563  6684  6735 D tgnet   : [ConnectionsManager.cpp:1849] called from sendRequest (Android)
11-16 10:24:14.563  6684  6747 D tgnet   : send request 0x7dcded261250 - 14TL_api_request
11-16 10:24:14.563  6684  6747 D tgnet   : [ConnectionsManager.cpp:1876] send request 0x7dcded261250 - 14TL_api_request
11-16 10:24:14.563  6684  6735 D tmessages: send request org.telegram.tgnet.TLRPC$TL_messages_getAvailableReactions@7318753 with token = 31
11-16 10:24:14.563  6684  6747 D tgnet   : send request wrapped 0x7dcded261250 - 14TL_api_request
11-16 10:24:14.563  6684  6747 D tgnet   : [ConnectionsManager.cpp:1883] send request wrapped 0x7dcded261250 - 14TL_api_request
11-16 10:24:14.563  6684  6747 D tgnet   : messageId for token = 30, 0x6919a64e9020c400
11-16 10:24:14.563  6684  6735 D tgnet   : called from sendRequest (Android)
11-16 10:24:14.563  6684  6735 D tgnet   : [ConnectionsManager.cpp:1849] called from sendRequest (Android)
11-16 10:24:14.563  6684  6747 D tgnet   : [ConnectionsManager.cpp:2610] messageId for token = 30, 0x6919a64e9020c400
11-16 10:24:14.563  6684  6747 D tgnet   : send message (session: 0xabcdc7b422b38492, seqno: 35, messageid: 7573267104755926016  0x6919a64e9020c400): 14TL_api_request(0x7dcded261250)
11-16 10:24:14.563  6684  6747 D tgnet   : [        Datacenter.cpp:1186] send message (session: 0xabcdc7b422b38492, seqno: 35, messageid: 7573267104755926016  0x6919a64e9020c400): 14TL_api_request(0x7dcded261250)
11-16 10:24:14.563  6684  6747 D tgnet   : send request 0x7dcded262c90 - 14TL_api_request
11-16 10:24:14.563  6684  6747 D tgnet   : [ConnectionsManager.cpp:1876] send request 0x7dcded262c90 - 14TL_api_request
11-16 10:24:14.563  6684  6747 D tgnet   : send request wrapped 0x7dcded262c90 - 14TL_api_request
11-16 10:24:14.563  6684  6747 D tgnet   : [ConnectionsManager.cpp:1883] send request wrapped 0x7dcded262c90 - 14TL_api_request
11-16 10:24:14.563  6684  6747 D tgnet   : messageId for token = 31, 0x6919a64e9020c404
11-16 10:24:14.563  6684  6747 D tgnet   : [ConnectionsManager.cpp:2610] messageId for token = 31, 0x6919a64e9020c404
11-16 10:24:14.563  6684  6747 E tgnet   : connection(0x6919a64e9020c400) request (msg_id: 0)
11-16 10:24:14.563  6684  6747 E tgnet   : connection(0x7dcead211190) (type: 1 == 1 && num: 0 == 0) || (token: 1 == 1)
11-16 10:24:14.563  6684  6747 D tgnet   : send message (session: 0xabcdc7b422b38492, seqno: 37, messageid: 7573267104755926020  0x6919a64e9020c404): 14TL_api_request(0x7dcded262c90)
11-16 10:24:14.563  6684  6747 D tgnet   : [        Datacenter.cpp:1186] send message (session: 0xabcdc7b422b38492, seqno: 37, messageid: 7573267104755926020  0x6919a64e9020c404): 14TL_api_request(0x7dcded262c90)
