11-16 10:24:14.566  6684  6747 D tgnet   : received message len 120 (currentPacketLength) equal to packet size
11-16 10:24:14.566  6684  6747 D tgnet   : [        Connection.cpp: 275] received message len 120 (currentPacketLength) equal to packet size
11-16 10:24:14.566  6684  6747 D tgnet   : connection(0x7dcead211190, account0, dc1, type 1) received object 13TL_rpc_result
11-16 10:24:14.566  6684  6747 D tgnet   : [ConnectionsManager.cpp:1008] connection(0x7dcead211190, account0, dc1, type 1) received object 13TL_rpc_result
11-16 10:24:14.566  6684  6747 D tgnet   : process server response 0x7dcded262690 - 13TL_rpc_result
11-16 10:24:14.566  6684  6747 D tgnet   : [ConnectionsManager.cpp:1122] process server response 0x7dcded262690 - 13TL_rpc_result
11-16 10:24:14.566  6684  6747 D tgnet   : message_id 7573267103522750737 connection(0x7dcead211190, account0, dc1, type 1) received rpc_result with 12TL_rpc_error
11-16 10:24:14.566  6684  6747 D tgnet   : [ConnectionsManager.cpp:1267] message_id 7573267103522750737 connection(0x7dcead211190, account0, dc1, type 1) received rpc_result with 12TL_rpc_error
11-16 10:24:14.566  6684  6747 E tgnet   : message_id 7573267103522750737 connection(0x7dcead211190, account0, dc1, type 1) rpc error 400: ERR_ENTERPRISE_IS_BLOCKED
11-16 10:24:14.566  6684  6747 D tgnet   : got response for request 0x7dcded261250 - 14TL_api_request
11-16 10:24:14.566  6684  6747 D tgnet   : [ConnectionsManager.cpp:1303] got response for request 0x7dcded261250 - 14TL_api_request
11-16 10:24:14.566  6684  6747 E tgnet   : request 0x7dce5d284490 rpc error 400: ERR_ENTERPRISE_IS_BLOCKED
11-16 10:24:14.566  6684  6747 E tmessages: org.telegram.tgnet.TLRPC$TL_help_getPremiumPromo@f363b42 got error 400 ERR_ENTERPRISE_IS_BLOCKED
11-16 10:24:14.566  6684  6747 D tmessages: java received null error = org.telegram.tgnet.TLRPC$TL_error@ff0c98e
11-16 10:24:14.567  6684  6747 D tgnet   : send message (session: 0xabcdc7b422b38492, seqno: 38, messageid: 7573267104773106688  0x6919a64e9126ec00): 11TL_msgs_ack(0x7dcdfd2140a0)
11-16 10:24:14.567  6684  6747 D tgnet   : [        Datacenter.cpp:1186] send message (session: 0xabcdc7b422b38492, seqno: 38, messageid: 7573267104773106688  0x6919a64e9126ec00): 11TL_msgs_ack(0x7dcdfd2140a0)
11-16 10:24:14.567  6684  6725 D MTProto : requestMsgId=138320391198000 requestingTime=4 request_token=30
11-16 10:24:14.567  6684  6725 D MTProto : req -> TL_help_getPremiumPromo : {}
11-16 10:24:14.567  6684  6725 D MTProto : err -> TL_error : {"code":400,"text":"ERR_ENTERPRISE_IS_BLOCKED"}
11-16 10:24:14.567  6684  6725 D MTProto :  
11-16 10:24:14.568  6684  6747 D tgnet   : received message len 104 (currentPacketLength) equal to packet size
11-16 10:24:14.568  6684  6747 D tgnet   : [        Connection.cpp: 275] received message len 104 (currentPacketLength) equal to packet size
11-16 10:24:14.568  6684  6747 D tgnet   : api request constructor 0x768e3aad, don't parse
11-16 10:24:14.568  6684  6747 D tgnet   : [ConnectionsManager.cpp:1096] api request constructor 0x768e3aad, don't parse
11-16 10:24:14.568  6684  6747 D tgnet   : connection(0x7dcead211190, account0, dc1, type 1) received object 13TL_rpc_result
11-16 10:24:14.568  6684  6747 D tgnet   : [ConnectionsManager.cpp:1008] connection(0x7dcead211190, account0, dc1, type 1) received object 13TL_rpc_result
11-16 10:24:14.568  6684  6747 D tgnet   : process server response 0x7dcded262690 - 13TL_rpc_result
11-16 10:24:14.568  6684  6747 D tgnet   : [ConnectionsManager.cpp:1122] process server response 0x7dcded262690 - 13TL_rpc_result
11-16 10:24:14.568  6684  6747 D tgnet   : message_id 7573267103524847897 connection(0x7dcead211190, account0, dc1, type 1) received rpc_result with 15TL_api_response
11-16 10:24:14.568  6684  6747 D tgnet   : [ConnectionsManager.cpp:1267] message_id 7573267103524847897 connection(0x7dcead211190, account0, dc1, type 1) received rpc_result with 15TL_api_response
11-16 10:24:14.568  6684  6747 D tgnet   : got response for request 0x7dcded262c90 - 14TL_api_request
11-16 10:24:14.568  6684  6747 D tgnet   : [ConnectionsManager.cpp:1303] got response for request 0x7dcded262c90 - 14TL_api_request
11-16 10:24:14.568  6684  6747 D tmessages: java received org.telegram.tgnet.TLRPC$TL_messages_availableReactions@eba2dbc error = null
11-16 10:24:14.570  6684  6747 D tgnet   : send message (session: 0xabcdc7b422b38492, seqno: 38, messageid: 7573267104785990656  0x6919a64e91eb8400): 11TL_msgs_ack(0x7dcdfd2140a0)
11-16 10:24:14.570  6684  6747 D tgnet   : [        Datacenter.cpp:1186] send message (session: 0xabcdc7b422b38492, seqno: 38, messageid: 7573267104785990656  0x6919a64e91eb8400): 11TL_msgs_ack(0x7dcdfd2140a0)
11-16 10:24:14.570  6684  6725 D MTProto : requestMsgId=138320391198000 requestingTime=7 request_token=31
11-16 10:24:14.570  6684  6725 D MTProto : req -> TL_messages_getAvailableReactions : {"hash":0}
11-16 10:24:14.570  6684  6725 D MTProto : res -> TL_messages_availableReactions : {"hash":0,"reactions":[]}
11-16 10:24:14.570  6684  6725 D MTProto :  
11-16 10:24:14.609  6684  6735 D tmessages: send request org.telegram.tgnet.TLRPC$TL_messages_getAttachMenuBots@407854 with token = 32
11-16 10:24:14.610  6684  6735 D tgnet   : called from sendRequest (Android)
11-16 10:24:14.610  6684  6735 D tgnet   : [ConnectionsManager.cpp:1849] called from sendRequest (Android)
11-16 10:24:14.610  6684  6747 D tgnet   : send request 0x7dcded260ad0 - 14TL_api_request
11-16 10:24:14.610  6684  6747 D tgnet   : [ConnectionsManager.cpp:1876] send request 0x7dcded260ad0 - 14TL_api_request
11-16 10:24:14.610  6684  6747 D tgnet   : send request wrapped 0x7dcded260ad0 - 14TL_api_request
11-16 10:24:14.610  6684  6747 D tgnet   : [ConnectionsManager.cpp:1883] send request wrapped 0x7dcded260ad0 - 14TL_api_request
11-16 10:24:14.610  6684  6747 D tgnet   : messageId for token = 32, 0x6919a64e9c28f800
11-16 10:24:14.610  6684  6747 D tgnet   : [ConnectionsManager.cpp:2610] messageId for token = 32, 0x6919a64e9c28f800
11-16 10:24:14.610  6684  6747 D tgnet   : send message (session: 0xabcdc7b422b38492, seqno: 39, messageid: 7573267104957790208  0x6919a64e9c28f800): 14TL_api_request(0x7dcded260ad0)
11-16 10:24:14.610  6684  6747 D tgnet   : [        Datacenter.cpp:1186] send message (session: 0xabcdc7b422b38492, seqno: 39, messageid: 7573267104957790208  0x6919a64e9c28f800): 14TL_api_request(0x7dcded260ad0)
11-16 10:24:14.613  6684  6747 D tgnet   : received message len 120 (currentPacketLength) equal to packet size
11-16 10:24:14.613  6684  6747 D tgnet   : [        Connection.cpp: 275] received message len 120 (currentPacketLength) equal to packet size
11-16 10:24:14.613  6684  6747 D tgnet   : connection(0x7dcead211190, account0, dc1, type 1) received object 13TL_rpc_result
11-16 10:24:14.613  6684  6747 D tgnet   : [ConnectionsManager.cpp:1008] connection(0x7dcead211190, account0, dc1, type 1) received object 13TL_rpc_result
11-16 10:24:14.613  6684  6747 D tgnet   : process server response 0x7dcded261250 - 13TL_rpc_result
11-16 10:24:14.613  6684  6747 D tgnet   : [ConnectionsManager.cpp:1122] process server response 0x7dcded261250 - 13TL_rpc_result
11-16 10:24:14.613  6684  6747 D tgnet   : message_id 7573267103621316897 connection(0x7dcead211190, account0, dc1, type 1) received rpc_result with 12TL_rpc_error
11-16 10:24:14.613  6684  6747 D tgnet   : [ConnectionsManager.cpp:1267] message_id 7573267103621316897 connection(0x7dcead211190, account0, dc1, type 1) received rpc_result with 12TL_rpc_error
11-16 10:24:14.613  6684  6747 E tgnet   : message_id 7573267103621316897 connection(0x7dcead211190, account0, dc1, type 1) rpc error 400: ERR_ENTERPRISE_IS_BLOCKED
11-16 10:24:14.613  6684  6747 D tgnet   : got response for request 0x7dcded260ad0 - 14TL_api_request
11-16 10:24:14.613  6684  6747 D tgnet   : [ConnectionsManager.cpp:1303] got response for request 0x7dcded260ad0 - 14TL_api_request
11-16 10:24:14.613  6684  6747 E tgnet   : request 0x7dce5d285670 rpc error 400: ERR_ENTERPRISE_IS_BLOCKED
11-16 10:24:14.613  6684  6747 E tmessages: org.telegram.tgnet.TLRPC$TL_messages_getAttachMenuBots@407854 got error 400 ERR_ENTERPRISE_IS_BLOCKED
11-16 10:24:14.614  6684  6747 D tmessages: java received null error = org.telegram.tgnet.TLRPC$TL_error@dfaeb43
11-16 10:24:14.616  6684  6747 D tgnet   : send message (session: 0xabcdc7b422b38492, seqno: 40, messageid: 7573267104983559168  0x6919a64e9db22c00): 11TL_msgs_ack(0x7dcdfd491500)
11-16 10:24:14.616  6684  6747 D tgnet   : [        Datacenter.cpp:1186] send message (session: 0xabcdc7b422b38492, seqno: 40, messageid: 7573267104983559168  0x6919a64e9db22c00): 11TL_msgs_ack(0x7dcdfd491500)
11-16 10:24:14.616  6684  6725 D MTProto : requestMsgId=138320391198000 requestingTime=6 request_token=32
11-16 10:24:14.617  6684  6725 D MTProto : req -> TL_messages_getAttachMenuBots : {"hash":0}
11-16 10:24:14.617  6684  6725 D MTProto : err -> TL_error : {"code":400,"text":"ERR_ENTERPRISE_IS_BLOCKED"}
11-16 10:24:14.617  6684  6725 D MTProto :  
11-16 10:24:14.706  6684  6684 D tmessages: applyLanguage: currentLocaleInfo is set
11-16 10:24:15.194  6684  6735 D tmessages: send request org.telegram.tgnet.TLRPC$TL_updates_getState@ce75845 with token = 33
11-16 10:24:15.194  6684  6735 D tgnet   : called from sendRequest (Android)
11-16 10:24:15.194  6684  6735 D tgnet   : [ConnectionsManager.cpp:1849] called from sendRequest (Android)
11-16 10:24:15.194  6684  6747 D tgnet   : send request 0x7dcded2683f0 - 14TL_api_request
11-16 10:24:15.194  6684  6747 D tgnet   : [ConnectionsManager.cpp:1876] send request 0x7dcded2683f0 - 14TL_api_request
11-16 10:24:15.194  6684  6747 D tgnet   : send request wrapped 0x7dcded2683f0 - 14TL_api_request
11-16 10:24:15.194  6684  6747 D tgnet   : [ConnectionsManager.cpp:1883] send request wrapped 0x7dcded2683f0 - 14TL_api_request
11-16 10:24:15.194  6684  6747 D tgnet   : messageId for token = 33, 0x6919a64f31a9fc00
11-16 10:24:15.194  6684  6747 D tgnet   : [ConnectionsManager.cpp:2610] messageId for token = 33, 0x6919a64f31a9fc00
11-16 10:24:15.194  6684  6747 D tgnet   : send message (session: 0xabcdc7b422b38492, seqno: 41, messageid: 7573267107466050560  0x6919a64f31a9fc00): 14TL_api_request(0x7dcded2683f0)
11-16 10:24:15.194  6684  6747 D tgnet   : [        Datacenter.cpp:1186] send message (session: 0xabcdc7b422b38492, seqno: 41, messageid: 7573267107466050560  0x6919a64f31a9fc00): 14TL_api_request(0x7dcded2683f0)
11-16 10:24:15.201  6684  6735 D tmessages: loaded folderId 0 loadType 1 count 0
11-16 10:24:15.202  6684  6735 D tmessages: send request org.telegram.tgnet.TLRPC$TL_messages_getAttachMenuBots@5c3cb9a with token = 34
11-16 10:24:15.202  6684  6735 D tgnet   : called from sendRequest (Android)
11-16 10:24:15.202  6684  6735 D tgnet   : [ConnectionsManager.cpp:1849] called from sendRequest (Android)
11-16 10:24:15.202  6684  6747 D tgnet   : send request 0x7dcded26a670 - 14TL_api_request
11-16 10:24:15.202  6684  6747 D tgnet   : [ConnectionsManager.cpp:1876] send request 0x7dcded26a670 - 14TL_api_request
11-16 10:24:15.202  6684  6747 D tgnet   : send request wrapped 0x7dcded26a670 - 14TL_api_request
11-16 10:24:15.202  6684  6747 D tgnet   : [ConnectionsManager.cpp:1883] send request wrapped 0x7dcded26a670 - 14TL_api_request
11-16 10:24:15.202  6684  6747 D tgnet   : messageId for token = 34, 0x6919a64f33b64800
11-16 10:24:15.202  6684  6747 D tgnet   : [ConnectionsManager.cpp:2610] messageId for token = 34, 0x6919a64f33b64800
11-16 10:24:15.202  6684  6747 E tgnet   : connection(0x6919a64f31a9fc00) request (msg_id: 0)
11-16 10:24:15.202  6684  6747 E tgnet   : connection(0x7dcead211190) (type: 1 == 1 && num: 0 == 0) || (token: 1 == 1)
11-16 10:24:15.202  6684  6747 D tgnet   : send message (session: 0xabcdc7b422b38492, seqno: 43, messageid: 7573267107500410880  0x6919a64f33b64800): 14TL_api_request(0x7dcded26a670)
11-16 10:24:15.202  6684  6747 D tgnet   : [        Datacenter.cpp:1186] send message (session: 0xabcdc7b422b38492, seqno: 43, messageid: 7573267107500410880  0x6919a64f33b64800): 14TL_api_request(0x7dcded26a670)
11-16 10:24:15.202  6684  6747 D tgnet   : received message len 104 (currentPacketLength) equal to packet size
11-16 10:24:15.202  6684  6747 D tgnet   : [        Connection.cpp: 275] received message len 104 (currentPacketLength) equal to packet size
11-16 10:24:15.202  6684  6747 D tgnet   : api request constructor 0xa56c2a3e, don't parse
11-16 10:24:15.202  6684  6747 D tgnet   : [ConnectionsManager.cpp:1096] api request constructor 0xa56c2a3e, don't parse
11-16 10:24:15.203  6684  6747 D tgnet   : connection(0x7dcead211190, account0, dc1, type 1) received object 13TL_rpc_result
11-16 10:24:15.203  6684  6747 D tgnet   : [ConnectionsManager.cpp:1008] connection(0x7dcead211190, account0, dc1, type 1) received object 13TL_rpc_result
11-16 10:24:15.203  6684  6747 D tgnet   : process server response 0x7dcded2679d0 - 13TL_rpc_result
11-16 10:24:15.203  6684  6747 D tgnet   : [ConnectionsManager.cpp:1122] process server response 0x7dcded2679d0 - 13TL_rpc_result
11-16 10:24:15.203  6684  6747 D tgnet   : message_id 7573267107054354729 connection(0x7dcead211190, account0, dc1, type 1) received rpc_result with 15TL_api_response
11-16 10:24:15.203  6684  6747 D tgnet   : [ConnectionsManager.cpp:1267] message_id 7573267107054354729 connection(0x7dcead211190, account0, dc1, type 1) received rpc_result with 15TL_api_response
11-16 10:24:15.203  6684  6747 D tgnet   : got response for request 0x7dcded2683f0 - 14TL_api_request
11-16 10:24:15.203  6684  6747 D tgnet   : [ConnectionsManager.cpp:1303] got response for request 0x7dcded2683f0 - 14TL_api_request
11-16 10:24:15.203  6684  6747 D tmessages: java received org.telegram.tgnet.TLRPC$TL_updates_state@f82cccb error = null
11-16 10:24:15.203  6684  6747 D tgnet   : send message (session: 0xabcdc7b422b38492, seqno: 44, messageid: 7573267107504705536  0x6919a64f33f7d000): 11TL_msgs_ack(0x7dcdfd496c10)
11-16 10:24:15.203  6684  6747 D tgnet   : [        Datacenter.cpp:1186] send message (session: 0xabcdc7b422b38492, seqno: 44, messageid: 7573267107504705536  0x6919a64f33f7d000): 11TL_msgs_ack(0x7dcdfd496c10)
11-16 10:24:15.203  6684  6725 D MTProto : requestMsgId=138320391198000 requestingTime=9 request_token=33
11-16 10:24:15.203  6684  6725 D MTProto : req -> TL_updates_getState : {}
11-16 10:24:15.203  6684  6725 D MTProto : res -> TL_updates_state : {"date":1763288655,"pts":1,"qts":0,"seq":-1,"unread_count":0}
11-16 10:24:15.203  6684  6725 D MTProto :  
11-16 10:24:15.206  6684  6747 D tgnet   : received message len 120 (currentPacketLength) equal to packet size
11-16 10:24:15.206  6684  6747 D tgnet   : [        Connection.cpp: 275] received message len 120 (currentPacketLength) equal to packet size
11-16 10:24:15.206  6684  6747 D tgnet   : connection(0x7dcead211190, account0, dc1, type 1) received object 13TL_rpc_result
11-16 10:24:15.206  6684  6747 D tgnet   : [ConnectionsManager.cpp:1008] connection(0x7dcead211190, account0, dc1, type 1) received object 13TL_rpc_result
11-16 10:24:15.206  6684  6747 D tgnet   : process server response 0x7dcded2679d0 - 13TL_rpc_result
11-16 10:24:15.206  6684  6747 D tgnet   : [ConnectionsManager.cpp:1122] process server response 0x7dcded2679d0 - 13TL_rpc_result
11-16 10:24:15.206  6684  6747 D tgnet   : message_id 7573267107062743345 connection(0x7dcead211190, account0, dc1, type 1) received rpc_result with 12TL_rpc_error
11-16 10:24:15.206  6684  6747 D tgnet   : [ConnectionsManager.cpp:1267] message_id 7573267107062743345 connection(0x7dcead211190, account0, dc1, type 1) received rpc_result with 12TL_rpc_error
11-16 10:24:15.206  6684  6747 E tgnet   : message_id 7573267107062743345 connection(0x7dcead211190, account0, dc1, type 1) rpc error 400: ERR_ENTERPRISE_IS_BLOCKED
11-16 10:24:15.206  6684  6747 D tgnet   : got response for request 0x7dcded26a670 - 14TL_api_request
11-16 10:24:15.206  6684  6747 D tgnet   : [ConnectionsManager.cpp:1303] got response for request 0x7dcded26a670 - 14TL_api_request
11-16 10:24:15.206  6684  6747 E tgnet   : request 0x7dce5d2900f0 rpc error 400: ERR_ENTERPRISE_IS_BLOCKED
11-16 10:24:15.206  6684  6735 D tmessages: done loading contacts
11-16 10:24:15.207  6684  6747 E tmessages: org.telegram.tgnet.TLRPC$TL_messages_getAttachMenuBots@5c3cb9a got error 400 ERR_ENTERPRISE_IS_BLOCKED
11-16 10:24:15.207  6684  6747 D tmessages: java received null error = org.telegram.tgnet.TLRPC$TL_error@e2a33c1
11-16 10:24:15.207  6684  6735 D tmessages: load contacts from server
11-16 10:24:15.207  6684  6735 D tmessages: send request org.telegram.tgnet.TLRPC$TL_messages_getStickerSet@c030766 with token = 35
11-16 10:24:15.207  6684  6747 D tgnet   : send message (session: 0xabcdc7b422b38492, seqno: 44, messageid: 7573267107521885184  0x6919a64f34fdf400): 11TL_msgs_ack(0x7dcdfd499290)
11-16 10:24:15.207  6684  6747 D tgnet   : [        Datacenter.cpp:1186] send message (session: 0xabcdc7b422b38492, seqno: 44, messageid: 7573267107521885184  0x6919a64f34fdf400): 11TL_msgs_ack(0x7dcdfd499290)
11-16 10:24:15.207  6684  6735 D tgnet   : called from sendRequest (Android)
11-16 10:24:15.207  6684  6735 D tgnet   : [ConnectionsManager.cpp:1849] called from sendRequest (Android)
11-16 10:24:15.207  6684  6735 D tmessages: send request org.telegram.tgnet.TLRPC$TL_contacts_getContacts@86f6aa7 with token = 36
11-16 10:24:15.207  6684  6747 D tgnet   : send request 0x7dcded26a670 - 14TL_api_request
11-16 10:24:15.207  6684  6747 D tgnet   : [ConnectionsManager.cpp:1876] send request 0x7dcded26a670 - 14TL_api_request
11-16 10:24:15.207  6684  6735 D tgnet   : called from sendRequest (Android)
11-16 10:24:15.207  6684  6735 D tgnet   : [ConnectionsManager.cpp:1849] called from sendRequest (Android)
11-16 10:24:15.207  6684  6747 D tgnet   : send request wrapped 0x7dcded26a670 - 14TL_api_request
11-16 10:24:15.207  6684  6747 D tgnet   : [ConnectionsManager.cpp:1883] send request wrapped 0x7dcded26a670 - 14TL_api_request
11-16 10:24:15.207  6684  6747 D tgnet   : messageId for token = 35, 0x6919a64f34fdf404
11-16 10:24:15.207  6684  6747 D tgnet   : [ConnectionsManager.cpp:2610] messageId for token = 35, 0x6919a64f34fdf404
11-16 10:24:15.207  6684  6747 D tgnet   : send message (session: 0xabcdc7b422b38492, seqno: 45, messageid: 7573267107521885188  0x6919a64f34fdf404): 14TL_api_request(0x7dcded26a670)
11-16 10:24:15.208  6684  6725 D MTProto : requestMsgId=138320391198000 requestingTime=5 request_token=34
11-16 10:24:15.208  6684  6725 D MTProto : req -> TL_messages_getAttachMenuBots : {"hash":0}
11-16 10:24:15.208  6684  6725 D MTProto : err -> TL_error : {"code":400,"text":"ERR_ENTERPRISE_IS_BLOCKED"}
11-16 10:24:15.208  6684  6735 D tmessages: send request org.telegram.tgnet.TLRPC$TL_messages_getPeerDialogs@e197b54 with token = 37
11-16 10:24:15.208  6684  6747 D tgnet   : [        Datacenter.cpp:1186] send message (session: 0xabcdc7b422b38492, seqno: 45, messageid: 7573267107521885188  0x6919a64f34fdf404): 14TL_api_request(0x7dcded26a670)
11-16 10:24:15.208  6684  6725 D MTProto :  
11-16 10:24:15.208  6684  6735 D tgnet   : called from sendRequest (Android)
11-16 10:24:15.208  6684  6735 D tgnet   : [ConnectionsManager.cpp:1849] called from sendRequest (Android)
11-16 10:24:15.208  6684  6735 D tmessages: send request org.telegram.tgnet.TLRPC$TL_users_getFullUser@b654afd with token = 38
11-16 10:24:15.208  6684  6735 D tgnet   : called from sendRequest (Android)
11-16 10:24:15.208  6684  6735 D tgnet   : [ConnectionsManager.cpp:1849] called from sendRequest (Android)
11-16 10:24:15.208  6684  6747 D tgnet   : send request 0x7dcded2679d0 - 14TL_api_request
11-16 10:24:15.208  6684  6747 D tgnet   : [ConnectionsManager.cpp:1876] send request 0x7dcded2679d0 - 14TL_api_request
11-16 10:24:15.208  6684  6735 D tmessages: send request org.telegram.tgnet.TLRPC$TL_messages_getFavedStickers@3a833f2 with token = 39
11-16 10:24:15.208  6684  6747 D tgnet   : send request wrapped 0x7dcded2679d0 - 14TL_api_request
11-16 10:24:15.208  6684  6747 D tgnet   : [ConnectionsManager.cpp:1883] send request wrapped 0x7dcded2679d0 - 14TL_api_request
11-16 10:24:15.208  6684  6747 D tgnet   : messageId for token = 36, 0x6919a64f353f7c00
11-16 10:24:15.208  6684  6747 D tgnet   : [ConnectionsManager.cpp:2610] messageId for token = 36, 0x6919a64f353f7c00
11-16 10:24:15.208  6684  6747 E tgnet   : connection(0x6919a64f34fdf404) request (msg_id: 0)
11-16 10:24:15.208  6684  6747 E tgnet   : connection(0x7dcead211190) (type: 1 == 1 && num: 0 == 0) || (token: 1 == 1)
11-16 10:24:15.208  6684  6747 D tgnet   : send message (session: 0xabcdc7b422b38492, seqno: 47, messageid: 7573267107526179840  0x6919a64f353f7c00): 14TL_api_request(0x7dcded2679d0)
11-16 10:24:15.208  6684  6747 D tgnet   : [        Datacenter.cpp:1186] send message (session: 0xabcdc7b422b38492, seqno: 47, messageid: 7573267107526179840  0x6919a64f353f7c00): 14TL_api_request(0x7dcded2679d0)
11-16 10:24:15.208  6684  6735 D tgnet   : called from sendRequest (Android)
11-16 10:24:15.208  6684  6735 D tgnet   : [ConnectionsManager.cpp:1849] called from sendRequest (Android)
11-16 10:24:15.208  6684  6747 D tgnet   : send request 0x7dcded267850 - 14TL_api_request
11-16 10:24:15.208  6684  6747 D tgnet   : [ConnectionsManager.cpp:1876] send request 0x7dcded267850 - 14TL_api_request
11-16 10:24:15.208  6684  6747 D tgnet   : send request wrapped 0x7dcded267850 - 14TL_api_request
11-16 10:24:15.208  6684  6747 D tgnet   : [ConnectionsManager.cpp:1883] send request wrapped 0x7dcded267850 - 14TL_api_request
11-16 10:24:15.208  6684  6747 D tgnet   : messageId for token = 37, 0x6919a64f353f7c04
11-16 10:24:15.208  6684  6747 D tgnet   : [ConnectionsManager.cpp:2610] messageId for token = 37, 0x6919a64f353f7c04
11-16 10:24:15.208  6684  6747 E tgnet   : connection(0x6919a64f34fdf404) request (msg_id: 0)
11-16 10:24:15.208  6684  6747 E tgnet   : connection(0x7dcead211190) (type: 1 == 1 && num: 0 == 0) || (token: 1 == 1)
11-16 10:24:15.208  6684  6747 D tgnet   : send message (session: 0xabcdc7b422b38492, seqno: 49, messageid: 7573267107526179844  0x6919a64f353f7c04): 14TL_api_request(0x7dcded267850)
11-16 10:24:15.208  6684  6747 D tgnet   : [        Datacenter.cpp:1186] send message (session: 0xabcdc7b422b38492, seqno: 49, messageid: 7573267107526179844  0x6919a64f353f7c04): 14TL_api_request(0x7dcded267850)
11-16 10:24:15.208  6684  6747 D tgnet   : send request 0x7dcded26acd0 - 14TL_api_request
11-16 10:24:15.208  6684  6747 D tgnet   : [ConnectionsManager.cpp:1876] send request 0x7dcded26acd0 - 14TL_api_request
11-16 10:24:15.208  6684  6747 D tgnet   : send request wrapped 0x7dcded26acd0 - 14TL_api_request
11-16 10:24:15.208  6684  6747 D tgnet   : [ConnectionsManager.cpp:1883] send request wrapped 0x7dcded26acd0 - 14TL_api_request
11-16 10:24:15.208  6684  6747 D tgnet   : messageId for token = 38, 0x6919a64f353f7c08
11-16 10:24:15.208  6684  6747 D tgnet   : [ConnectionsManager.cpp:2610] messageId for token = 38, 0x6919a64f353f7c08
11-16 10:24:15.208  6684  6747 E tgnet   : connection(0x6919a64f34fdf404) request (msg_id: 0)
11-16 10:24:15.208  6684  6747 E tgnet   : connection(0x7dcead211190) (type: 1 == 1 && num: 0 == 0) || (token: 1 == 1)
11-16 10:24:15.208  6684  6747 D tgnet   : send message (session: 0xabcdc7b422b38492, seqno: 51, messageid: 7573267107526179848  0x6919a64f353f7c08): 14TL_api_request(0x7dcded26acd0)
11-16 10:24:15.208  6684  6747 D tgnet   : [        Datacenter.cpp:1186] send message (session: 0xabcdc7b422b38492, seqno: 51, messageid: 7573267107526179848  0x6919a64f353f7c08): 14TL_api_request(0x7dcded26acd0)
11-16 10:24:15.208  6684  6747 D tgnet   : send request 0x7dcded26bed0 - 14TL_api_request
11-16 10:24:15.208  6684  6747 D tgnet   : [ConnectionsManager.cpp:1876] send request 0x7dcded26bed0 - 14TL_api_request
11-16 10:24:15.208  6684  6747 D tgnet   : send request wrapped 0x7dcded26bed0 - 14TL_api_request
11-16 10:24:15.208  6684  6747 D tgnet   : [ConnectionsManager.cpp:1883] send request wrapped 0x7dcded26bed0 - 14TL_api_request
11-16 10:24:15.208  6684  6747 D tgnet   : messageId for token = 39, 0x6919a64f353f7c0c
11-16 10:24:15.208  6684  6747 D tgnet   : [ConnectionsManager.cpp:2610] messageId for token = 39, 0x6919a64f353f7c0c
11-16 10:24:15.208  6684  6747 E tgnet   : connection(0x6919a64f34fdf404) request (msg_id: 0)
11-16 10:24:15.208  6684  6747 E tgnet   : connection(0x7dcead211190) (type: 1 == 1 && num: 0 == 0) || (token: 1 == 1)
11-16 10:24:15.208  6684  6747 D tgnet   : send message (session: 0xabcdc7b422b38492, seqno: 53, messageid: 7573267107526179852  0x6919a64f353f7c0c): 14TL_api_request(0x7dcded26bed0)
11-16 10:24:15.208  6684  6747 D tgnet   : [        Datacenter.cpp:1186] send message (session: 0xabcdc7b422b38492, seqno: 53, messageid: 7573267107526179852  0x6919a64f353f7c0c): 14TL_api_request(0x7dcded26bed0)
11-16 10:24:15.209  6684  6684 D tmessages: folderId = 0 load cacheOffset = 0 count = 100 cache = false
11-16 10:24:15.209  6684  6735 D tmessages: send request org.telegram.tgnet.TLRPC$TL_messages_getDialogs@d9e0a43 with token = 40
11-16 10:24:15.209  6684  6735 D tgnet   : called from sendRequest (Android)
11-16 10:24:15.209  6684  6735 D tgnet   : [ConnectionsManager.cpp:1849] called from sendRequest (Android)
11-16 10:24:15.210  6684  6747 D tgnet   : send request 0x7dcded268ab0 - 14TL_api_request
11-16 10:24:15.210  6684  6747 D tgnet   : [ConnectionsManager.cpp:1876] send request 0x7dcded268ab0 - 14TL_api_request
11-16 10:24:15.210  6684  6747 D tgnet   : send request wrapped 0x7dcded268ab0 - 14TL_api_request
11-16 10:24:15.210  6684  6747 D tgnet   : [ConnectionsManager.cpp:1883] send request wrapped 0x7dcded268ab0 - 14TL_api_request
11-16 10:24:15.210  6684  6747 D tgnet   : messageId for token = 40, 0x6919a64f35c29000
11-16 10:24:15.210  6684  6747 D tgnet   : [ConnectionsManager.cpp:2610] messageId for token = 40, 0x6919a64f35c29000
11-16 10:24:15.210  6684  6747 E tgnet   : connection(0x6919a64f34fdf404) request (msg_id: 0)
11-16 10:24:15.210  6684  6747 E tgnet   : connection(0x7dcead211190) (type: 1 == 1 && num: 0 == 0) || (token: 1 == 1)
11-16 10:24:15.210  6684  6747 D tgnet   : send message (session: 0xabcdc7b422b38492, seqno: 55, messageid: 7573267107534770176  0x6919a64f35c29000): 14TL_api_request(0x7dcded268ab0)
11-16 10:24:15.210  6684  6747 D tgnet   : [        Datacenter.cpp:1186] send message (session: 0xabcdc7b422b38492, seqno: 55, messageid: 7573267107534770176  0x6919a64f35c29000): 14TL_api_request(0x7dcded268ab0)
11-16 10:24:15.210  6684  6735 D tmessages: send request org.telegram.tgnet.TLRPC$TL_messages_getStickers@63cf8c0 with token = 41
11-16 10:24:15.210  6684  6735 D tgnet   : called from sendRequest (Android)
11-16 10:24:15.210  6684  6735 D tgnet   : [ConnectionsManager.cpp:1849] called from sendRequest (Android)
11-16 10:24:15.210  6684  6735 D tmessages: send request org.telegram.tgnet.TLRPC$TL_messages_getAvailableReactions@4099f9 with token = 42
11-16 10:24:15.210  6684  6747 D tgnet   : send request 0x7dcded269710 - 14TL_api_request
11-16 10:24:15.210  6684  6747 D tgnet   : [ConnectionsManager.cpp:1876] send request 0x7dcded269710 - 14TL_api_request
11-16 10:24:15.211  6684  6747 D tgnet   : send request wrapped 0x7dcded269710 - 14TL_api_request
11-16 10:24:15.211  6684  6747 D tgnet   : [ConnectionsManager.cpp:1883] send request wrapped 0x7dcded269710 - 14TL_api_request
11-16 10:24:15.211  6684  6747 D tgnet   : messageId for token = 41, 0x6919a64f36041800
11-16 10:24:15.211  6684  6747 D tgnet   : [ConnectionsManager.cpp:2610] messageId for token = 41, 0x6919a64f36041800
11-16 10:24:15.211  6684  6747 E tgnet   : connection(0x6919a64f34fdf404) request (msg_id: 0)
11-16 10:24:15.211  6684  6747 E tgnet   : connection(0x7dcead211190) (type: 1 == 1 && num: 0 == 0) || (token: 1 == 1)
11-16 10:24:15.211  6684  6747 D tgnet   : send message (session: 0xabcdc7b422b38492, seqno: 57, messageid: 7573267107539064832  0x6919a64f36041800): 14TL_api_request(0x7dcded269710)
11-16 10:24:15.212  6684  6747 D tgnet   : [        Datacenter.cpp:1186] send message (session: 0xabcdc7b422b38492, seqno: 57, messageid: 7573267107539064832  0x6919a64f36041800): 14TL_api_request(0x7dcded269710)
11-16 10:24:15.212  6684  6735 D tgnet   : called from sendRequest (Android)
11-16 10:24:15.212  6684  6735 D tgnet   : [ConnectionsManager.cpp:1849] called from sendRequest (Android)
11-16 10:24:15.212  6684  6747 D tgnet   : received message len 88 (currentPacketLength) equal to packet size
11-16 10:24:15.212  6684  6747 D tgnet   : [        Connection.cpp: 275] received message len 88 (currentPacketLength) equal to packet size
11-16 10:24:15.212  6684  6747 D tgnet   : api request constructor 0xd3f924eb, don't parse
11-16 10:24:15.212  6684  6747 D tgnet   : [ConnectionsManager.cpp:1096] api request constructor 0xd3f924eb, don't parse
11-16 10:24:15.212  6684  6747 D tgnet   : connection(0x7dcead211190, account0, dc1, type 1) received object 13TL_rpc_result
11-16 10:24:15.212  6684  6747 D tgnet   : [ConnectionsManager.cpp:1008] connection(0x7dcead211190, account0, dc1, type 1) received object 13TL_rpc_result
11-16 10:24:15.212  6684  6735 D tmessages: send request org.telegram.tgnet.TLRPC$TL_messages_getFeaturedStickers@c8d079f with token = 43
11-16 10:24:15.212  6684  6747 D tgnet   : process server response 0x7dcded269110 - 13TL_rpc_result
11-16 10:24:15.212  6684  6747 D tgnet   : [ConnectionsManager.cpp:1122] process server response 0x7dcded269110 - 13TL_rpc_result
11-16 10:24:15.212  6684  6747 D tgnet   : message_id 7573267107073229113 connection(0x7dcead211190, account0, dc1, type 1) received rpc_result with 15TL_api_response
11-16 10:24:15.212  6684  6747 D tgnet   : [ConnectionsManager.cpp:1267] message_id 7573267107073229113 connection(0x7dcead211190, account0, dc1, type 1) received rpc_result with 15TL_api_response
11-16 10:24:15.212  6684  6747 D tgnet   : got response for request 0x7dcded26a670 - 14TL_api_request
11-16 10:24:15.212  6684  6747 D tgnet   : [ConnectionsManager.cpp:1303] got response for request 0x7dcded26a670 - 14TL_api_request
11-16 10:24:15.212  6684  6735 D tgnet   : called from sendRequest (Android)
11-16 10:24:15.212  6684  6735 D tgnet   : [ConnectionsManager.cpp:1849] called from sendRequest (Android)
11-16 10:24:15.212  6684  6735 D tmessages: send request org.telegram.tgnet.TLRPC$TL_messages_getFeaturedEmojiStickers@458e0ec with token = 44
11-16 10:24:15.212  6684  6735 D tgnet   : called from sendRequest (Android)
11-16 10:24:15.212  6684  6735 D tgnet   : [ConnectionsManager.cpp:1849] called from sendRequest (Android)
11-16 10:24:15.212  6684  6747 W System.err: java.lang.RuntimeException: read int32 error
11-16 10:24:15.212  6684  6747 W System.err: 	at org.telegram.tgnet.NativeByteBuffer.readInt32(NativeByteBuffer.java:388)
11-16 10:24:15.212  6684  6747 W System.err: 	at org.telegram.tgnet.TLRPC$TL_messages_stickerSet.readParams(TLRPC.java:10231)
11-16 10:24:15.212  6684  6747 W System.err: 	at org.telegram.tgnet.TLRPC$messages_StickerSet.TLdeserialize(TLRPC.java:10166)
11-16 10:24:15.213  6684  6747 W System.err: 	at org.telegram.tgnet.TLRPC$TL_messages_getStickerSet.deserializeResponse(TLRPC.java:54427)
11-16 10:24:15.213  6684  6747 W System.err: 	at org.telegram.tgnet.ConnectionsManager.lambda$sendRequestInternal$2$org-telegram-tgnet-ConnectionsManager(ConnectionsManager.java:334)
11-16 10:24:15.213  6684  6747 W System.err: 	at org.telegram.tgnet.ConnectionsManager$$ExternalSyntheticLambda6.run(Unknown Source:38)
11-16 10:24:15.213  6684  6747 W System.err: Caused by: java.nio.BufferUnderflowException
11-16 10:24:15.213  6684  6747 W System.err: 	at java.nio.Buffer.nextGetIndex(Buffer.java:521)
11-16 10:24:15.213  6684  6747 W System.err: 	at java.nio.DirectByteBuffer.getInt(DirectByteBuffer.java:562)
11-16 10:24:15.213  6684  6747 W System.err: 	at org.telegram.tgnet.NativeByteBuffer.readInt32(NativeByteBuffer.java:385)
11-16 10:24:15.213  6684  6747 W System.err: 	... 5 more
11-16 10:24:15.213  6684  6747 D tgnet   : send message (session: 0xabcdc7b422b38492, seqno: 58, messageid: 7573267107547655168  0x6919a64f36872c00): 11TL_msgs_ack(0x7dcdfd499290)
11-16 10:24:15.213  6684  6747 D tgnet   : [        Datacenter.cpp:1186] send message (session: 0xabcdc7b422b38492, seqno: 58, messageid: 7573267107547655168  0x6919a64f36872c00): 11TL_msgs_ack(0x7dcdfd499290)
11-16 10:24:15.213  6684  6747 D tgnet   : send request 0x7dcded269230 - 14TL_api_request
11-16 10:24:15.214  6684  6747 D tgnet   : [ConnectionsManager.cpp:1876] send request 0x7dcded269230 - 14TL_api_request
11-16 10:24:15.214  6684  6747 D tgnet   : send request wrapped 0x7dcded269230 - 14TL_api_request
11-16 10:24:15.214  6684  6747 D tgnet   : [ConnectionsManager.cpp:1883] send request wrapped 0x7dcded269230 - 14TL_api_request
11-16 10:24:15.214  6684  6747 D tgnet   : messageId for token = 42, 0x6919a64f36c8b400
11-16 10:24:15.214  6684  6747 D tgnet   : [ConnectionsManager.cpp:2610] messageId for token = 42, 0x6919a64f36c8b400
11-16 10:24:15.214  6684  6747 E tgnet   : connection(0x6919a64f353f7c00) request (msg_id: 0)
11-16 10:24:15.214  6684  6747 E tgnet   : connection(0x7dcead211190) (type: 1 == 1 && num: 0 == 0) || (token: 1 == 1)
11-16 10:24:15.214  6684  6747 D tgnet   : send message (session: 0xabcdc7b422b38492, seqno: 59, messageid: 7573267107551949824  0x6919a64f36c8b400): 14TL_api_request(0x7dcded269230)
11-16 10:24:15.214  6684  6747 D tgnet   : [        Datacenter.cpp:1186] send message (session: 0xabcdc7b422b38492, seqno: 59, messageid: 7573267107551949824  0x6919a64f36c8b400): 14TL_api_request(0x7dcded269230)
11-16 10:24:15.214  6684  6747 D tgnet   : send request 0x7dcded26a0d0 - 14TL_api_request
11-16 10:24:15.214  6684  6747 D tgnet   : [ConnectionsManager.cpp:1876] send request 0x7dcded26a0d0 - 14TL_api_request
11-16 10:24:15.214  6684  6747 D tgnet   : send request wrapped 0x7dcded26a0d0 - 14TL_api_request
11-16 10:24:15.214  6684  6747 D tgnet   : [ConnectionsManager.cpp:1883] send request wrapped 0x7dcded26a0d0 - 14TL_api_request
11-16 10:24:15.214  6684  6747 D tgnet   : messageId for token = 43, 0x6919a64f36c8b404
11-16 10:24:15.214  6684  6747 D tgnet   : [ConnectionsManager.cpp:2610] messageId for token = 43, 0x6919a64f36c8b404
11-16 10:24:15.214  6684  6747 E tgnet   : connection(0x6919a64f353f7c00) request (msg_id: 0)
11-16 10:24:15.214  6684  6747 E tgnet   : connection(0x7dcead211190) (type: 1 == 1 && num: 0 == 0) || (token: 1 == 1)
11-16 10:24:15.214  6684  6747 D tgnet   : send message (session: 0xabcdc7b422b38492, seqno: 61, messageid: 7573267107551949828  0x6919a64f36c8b404): 14TL_api_request(0x7dcded26a0d0)
11-16 10:24:15.214  6684  6747 D tgnet   : [        Datacenter.cpp:1186] send message (session: 0xabcdc7b422b38492, seqno: 61, messageid: 7573267107551949828  0x6919a64f36c8b404): 14TL_api_request(0x7dcded26a0d0)
11-16 10:24:15.214  6684  6747 D tgnet   : send request 0x7dcded26a9d0 - 14TL_api_request
11-16 10:24:15.214  6684  6747 D tgnet   : [ConnectionsManager.cpp:1876] send request 0x7dcded26a9d0 - 14TL_api_request
11-16 10:24:15.214  6684  6747 D tgnet   : send request wrapped 0x7dcded26a9d0 - 14TL_api_request
11-16 10:24:15.214  6684  6747 D tgnet   : [ConnectionsManager.cpp:1883] send request wrapped 0x7dcded26a9d0 - 14TL_api_request
11-16 10:24:15.214  6684  6747 D tgnet   : messageId for token = 44, 0x6919a64f36c8b408
11-16 10:24:15.214  6684  6747 D tgnet   : [ConnectionsManager.cpp:2610] messageId for token = 44, 0x6919a64f36c8b408
11-16 10:24:15.214  6684  6747 E tgnet   : connection(0x6919a64f353f7c00) request (msg_id: 0)
11-16 10:24:15.214  6684  6747 E tgnet   : connection(0x7dcead211190) (type: 1 == 1 && num: 0 == 0) || (token: 1 == 1)
11-16 10:24:15.214  6684  6747 D tgnet   : send message (session: 0xabcdc7b422b38492, seqno: 63, messageid: 7573267107551949832  0x6919a64f36c8b408): 14TL_api_request(0x7dcded26a9d0)
11-16 10:24:15.214  6684  6747 D tgnet   : [        Datacenter.cpp:1186] send message (session: 0xabcdc7b422b38492, seqno: 63, messageid: 7573267107551949832  0x6919a64f36c8b408): 14TL_api_request(0x7dcded26a9d0)
11-16 10:24:15.222  6684  6747 D tgnet   : received message len 200 (currentPacketLength) equal to packet size
11-16 10:24:15.223  6684  6747 D tgnet   : [        Connection.cpp: 275] received message len 200 (currentPacketLength) equal to packet size
11-16 10:24:15.223  6684  6735 D tmessages: send request org.telegram.tgnet.TLRPC$TL_messages_getStickerSet@2447ebb with token = 45
11-16 10:24:15.223  6684  6747 D tgnet   : api request constructor 0x3b6d152e, don't parse
11-16 10:24:15.223  6684  6747 D tgnet   : [ConnectionsManager.cpp:1096] api request constructor 0x3b6d152e, don't parse
11-16 10:24:15.223  6684  6747 D tgnet   : connection(0x7dcead211190, account0, dc1, type 1) received object 13TL_rpc_result
11-16 10:24:15.223  6684  6747 D tgnet   : [ConnectionsManager.cpp:1008] connection(0x7dcead211190, account0, dc1, type 1) received object 13TL_rpc_result
11-16 10:24:15.223  6684  6747 D tgnet   : process server response 0x7dcded269110 - 13TL_rpc_result
11-16 10:24:15.223  6684  6747 D tgnet   : [ConnectionsManager.cpp:1122] process server response 0x7dcded269110 - 13TL_rpc_result
11-16 10:24:15.223  6684  6747 D tgnet   : message_id 7573267107098394945 connection(0x7dcead211190, account0, dc1, type 1) received rpc_result with 15TL_api_response
11-16 10:24:15.223  6684  6747 D tgnet   : [ConnectionsManager.cpp:1267] message_id 7573267107098394945 connection(0x7dcead211190, account0, dc1, type 1) received rpc_result with 15TL_api_response
11-16 10:24:15.223  6684  6747 D tgnet   : got response for request 0x7dcded26acd0 - 14TL_api_request
11-16 10:24:15.223  6684  6747 D tgnet   : [ConnectionsManager.cpp:1303] got response for request 0x7dcded26acd0 - 14TL_api_request
11-16 10:24:15.223  6684  6735 D tgnet   : called from sendRequest (Android)
11-16 10:24:15.223  6684  6735 D tgnet   : [ConnectionsManager.cpp:1849] called from sendRequest (Android)
11-16 10:24:15.223  6684  6735 D tmessages: send request org.telegram.tgnet.TLRPC$TL_messages_getStickerSet@5691fd8 with token = 46
11-16 10:24:15.223  6684  6735 D tgnet   : called from sendRequest (Android)
11-16 10:24:15.223  6684  6735 D tgnet   : [ConnectionsManager.cpp:1849] called from sendRequest (Android)
11-16 10:24:15.224  6684  6747 D tmessages: java received org.telegram.tgnet.TLRPC$TL_users_userFull@e868f31 error = null
11-16 10:24:15.224  6684  6735 D tmessages: send request org.telegram.tgnet.TLRPC$TL_contacts_getTopPeers@fd21616 with token = 47
11-16 10:24:15.224  6684  6735 D tgnet   : called from sendRequest (Android)
11-16 10:24:15.224  6684  6735 D tgnet   : [ConnectionsManager.cpp:1849] called from sendRequest (Android)
11-16 10:24:15.224  6684  6735 D tmessages: send request org.telegram.tgnet.TLRPC$TL_messages_getStickerSet@83c6184 with token = 48
11-16 10:24:15.225  6684  6735 D tgnet   : called from sendRequest (Android)
11-16 10:24:15.225  6684  6735 D tgnet   : [ConnectionsManager.cpp:1849] called from sendRequest (Android)
11-16 10:24:15.233  6684  6747 D tgnet   : send message (session: 0xabcdc7b422b38492, seqno: 64, messageid: 7573267107633554432  0x6919a64f3ba5e400): 11TL_msgs_ack(0x7dcdfd48e710)
11-16 10:24:15.233  6684  6747 D tgnet   : [        Datacenter.cpp:1186] send message (session: 0xabcdc7b422b38492, seqno: 64, messageid: 7573267107633554432  0x6919a64f3ba5e400): 11TL_msgs_ack(0x7dcdfd48e710)
11-16 10:24:15.233  6684  6747 D tgnet   : send request 0x7dcded26a670 - 14TL_api_request
11-16 10:24:15.233  6684  6747 D tgnet   : [ConnectionsManager.cpp:1876] send request 0x7dcded26a670 - 14TL_api_request
11-16 10:24:15.233  6684  6747 D tgnet   : send request wrapped 0x7dcded26a670 - 14TL_api_request
11-16 10:24:15.233  6684  6747 D tgnet   : [ConnectionsManager.cpp:1883] send request wrapped 0x7dcded26a670 - 14TL_api_request
11-16 10:24:15.233  6684  6747 D tgnet   : messageId for token = 45, 0x6919a64f3ba5e404
11-16 10:24:15.233  6684  6747 D tgnet   : [ConnectionsManager.cpp:2610] messageId for token = 45, 0x6919a64f3ba5e404
11-16 10:24:15.233  6684  6747 E tgnet   : connection(0x6919a64f353f7c00) request (msg_id: 0)
11-16 10:24:15.233  6684  6725 D MTProto : requestMsgId=138320391198000 requestingTime=25 request_token=38
11-16 10:24:15.233  6684  6747 E tgnet   : connection(0x7dcead211190) (type: 1 == 1 && num: 0 == 0) || (token: 1 == 1)
11-16 10:24:15.233  6684  6725 D MTProto : req -> TL_users_getFullUser : {"id":{"access_hash":0,"user_id":0}}
11-16 10:24:15.233  6684  6747 D tgnet   : send message (session: 0xabcdc7b422b38492, seqno: 65, messageid: 7573267107633554436  0x6919a64f3ba5e404): 14TL_api_request(0x7dcded26a670)
11-16 10:24:15.233  6684  6725 D MTProto : res -> TL_users_userFull : {"chats":[],"full_user":{"blocked":false,"can_pin_message":true,"common_chats_count":0,"flags":128,"folder_id":0,"has_scheduled":false,"id":777005,"notify_settings":{"events_mask":0,"flags":0,"mute_until":0,"show_previews":false,"silent":false},"phone_calls_available":false,"phone_calls_private":false,"pinned_msg_id":0,"premium_gifts":[],"settings":{"add_contact":false,"autoarchived":false,"block_contact":false,"flags":0,"geo_distance":0,"invite_members":false,"need_contacts_exception":false,"report_geo":false,"report_spam":false,"request_chat_broadcast":false,"request_chat_date":0,"share_contact":false},"translations_disabled":false,"ttl_period":0,"video_calls_available":false,"voice_messages_forbidden":false},"users":[{"access_hash":7207592502733309759,"apply_min_photo":false,"attach_menu_enabled":false,"bot":false,"bot_attach_menu":false,"bot_chat_history":false,"bot_info_version":0,"bot_inline_geo":false,"bot_menu_webview":false,"bot_nochats":false,"contact":true,"deleted":false,"explicit_content":false,"fake":false,"first_name":"U","flags":7255,"flags2":0,"id":777005,"inactive":false,"last_name":"R","min":false,"mutual_contact":true,"premium":false,"restricted":false,"restriction_reason":[],"scam":false,"self":true,"status":{"expires":0},"support":false,"usernames":[],"verified":false}]}
11-16 10:24:15.233  6684  6725 D MTProto :  
11-16 10:24:15.233  6684  6747 D tgnet   : [        Datacenter.cpp:1186] send message (session: 0xabcdc7b422b38492, seqno: 65, messageid: 7573267107633554436  0x6919a64f3ba5e404): 14TL_api_request(0x7dcded26a670)
11-16 10:24:15.233  6684  6747 D tgnet   : send request 0x7dcded26b390 - 14TL_api_request
11-16 10:24:15.233  6684  6747 D tgnet   : [ConnectionsManager.cpp:1876] send request 0x7dcded26b390 - 14TL_api_request
11-16 10:24:15.233  6684  6747 D tgnet   : send request wrapped 0x7dcded26b390 - 14TL_api_request
11-16 10:24:15.233  6684  6747 D tgnet   : [ConnectionsManager.cpp:1883] send request wrapped 0x7dcded26b390 - 14TL_api_request
11-16 10:24:15.234  6684  6747 D tgnet   : messageId for token = 46, 0x6919a64f3be76c00
11-16 10:24:15.234  6684  6747 D tgnet   : [ConnectionsManager.cpp:2610] messageId for token = 46, 0x6919a64f3be76c00
11-16 10:24:15.234  6684  6747 E tgnet   : connection(0x6919a64f353f7c00) request (msg_id: 0)
11-16 10:24:15.234  6684  6747 E tgnet   : connection(0x7dcead211190) (type: 1 == 1 && num: 0 == 0) || (token: 1 == 1)
11-16 10:24:15.234  6684  6747 D tgnet   : send message (session: 0xabcdc7b422b38492, seqno: 67, messageid: 7573267107637849088  0x6919a64f3be76c00): 14TL_api_request(0x7dcded26b390)
11-16 10:24:15.234  6684  6747 D tgnet   : [        Datacenter.cpp:1186] send message (session: 0xabcdc7b422b38492, seqno: 67, messageid: 7573267107637849088  0x6919a64f3be76c00): 14TL_api_request(0x7dcded26b390)
11-16 10:24:15.234  6684  6747 D tgnet   : send request 0x7dcded26cb90 - 14TL_api_request
11-16 10:24:15.234  6684  6747 D tgnet   : [ConnectionsManager.cpp:1876] send request 0x7dcded26cb90 - 14TL_api_request
11-16 10:24:15.234  6684  6747 D tgnet   : send request wrapped 0x7dcded26cb90 - 14TL_api_request
11-16 10:24:15.234  6684  6747 D tgnet   : [ConnectionsManager.cpp:1883] send request wrapped 0x7dcded26cb90 - 14TL_api_request
11-16 10:24:15.234  6684  6747 D tgnet   : messageId for token = 47, 0x6919a64f3be76c04
11-16 10:24:15.234  6684  6747 D tgnet   : [ConnectionsManager.cpp:2610] messageId for token = 47, 0x6919a64f3be76c04
11-16 10:24:15.234  6684  6747 E tgnet   : connection(0x6919a64f353f7c00) request (msg_id: 0)
11-16 10:24:15.234  6684  6747 E tgnet   : connection(0x7dcead211190) (type: 1 == 1 && num: 0 == 0) || (token: 1 == 1)
11-16 10:24:15.234  6684  6747 D tgnet   : send message (session: 0xabcdc7b422b38492, seqno: 69, messageid: 7573267107637849092  0x6919a64f3be76c04): 14TL_api_request(0x7dcded26cb90)
11-16 10:24:15.234  6684  6747 D tgnet   : [        Datacenter.cpp:1186] send message (session: 0xabcdc7b422b38492, seqno: 69, messageid: 7573267107637849092  0x6919a64f3be76c04): 14TL_api_request(0x7dcded26cb90)
11-16 10:24:15.234  6684  6747 D tgnet   : send request 0x7dcded26cbf0 - 14TL_api_request
11-16 10:24:15.234  6684  6747 D tgnet   : [ConnectionsManager.cpp:1876] send request 0x7dcded26cbf0 - 14TL_api_request
11-16 10:24:15.234  6684  6747 D tgnet   : send request wrapped 0x7dcded26cbf0 - 14TL_api_request
11-16 10:24:15.234  6684  6747 D tgnet   : [ConnectionsManager.cpp:1883] send request wrapped 0x7dcded26cbf0 - 14TL_api_request
11-16 10:24:15.234  6684  6747 D tgnet   : messageId for token = 48, 0x6919a64f3be76c08
11-16 10:24:15.234  6684  6747 D tgnet   : [ConnectionsManager.cpp:2610] messageId for token = 48, 0x6919a64f3be76c08
11-16 10:24:15.234  6684  6747 E tgnet   : connection(0x6919a64f353f7c00) request (msg_id: 0)
11-16 10:24:15.234  6684  6747 E tgnet   : connection(0x7dcead211190) (type: 1 == 1 && num: 0 == 0) || (token: 1 == 1)
11-16 10:24:15.234  6684  6747 D tgnet   : send message (session: 0xabcdc7b422b38492, seqno: 71, messageid: 7573267107637849096  0x6919a64f3be76c08): 14TL_api_request(0x7dcded26cbf0)
11-16 10:24:15.234  6684  6747 D tgnet   : [        Datacenter.cpp:1186] send message (session: 0xabcdc7b422b38492, seqno: 71, messageid: 7573267107637849096  0x6919a64f3be76c08): 14TL_api_request(0x7dcded26cbf0)
11-16 10:24:15.234  6684  6747 D tgnet   : connection(0x7dcead211190, account0, dc1, type 1) received message len (currentPacketLength) 104 but packet (buffer->remaining()) larger 225
11-16 10:24:15.234  6684  6747 D tgnet   : [        Connection.cpp: 269] connection(0x7dcead211190, account0, dc1, type 1) received message len (currentPacketLength) 104 but packet (buffer->remaining()) larger 225
11-16 10:24:15.234  6684  6747 D tgnet   : api request constructor 0xeae87e42, don't parse
11-16 10:24:15.234  6684  6747 D tgnet   : [ConnectionsManager.cpp:1096] api request constructor 0xeae87e42, don't parse
11-16 10:24:15.234  6684  6747 D tgnet   : connection(0x7dcead211190, account0, dc1, type 1) received object 13TL_rpc_result
11-16 10:24:15.234  6684  6747 D tgnet   : [ConnectionsManager.cpp:1008] connection(0x7dcead211190, account0, dc1, type 1) received object 13TL_rpc_result
11-16 10:24:15.234  6684  6747 D tgnet   : process server response 0x7dcded269110 - 13TL_rpc_result
11-16 10:24:15.234  6684  6747 D tgnet   : [ConnectionsManager.cpp:1122] process server response 0x7dcded269110 - 13TL_rpc_result
11-16 10:24:15.234  6684  6747 D tgnet   : message_id 7573267107106783561 connection(0x7dcead211190, account0, dc1, type 1) received rpc_result with 15TL_api_response
11-16 10:24:15.234  6684  6747 D tgnet   : [ConnectionsManager.cpp:1267] message_id 7573267107106783561 connection(0x7dcead211190, account0, dc1, type 1) received rpc_result with 15TL_api_response
11-16 10:24:15.234  6684  6747 D tgnet   : got response for request 0x7dcded2679d0 - 14TL_api_request
11-16 10:24:15.234  6684  6747 D tgnet   : [ConnectionsManager.cpp:1303] got response for request 0x7dcded2679d0 - 14TL_api_request
11-16 10:24:15.248  6684  6747 D tmessages: java received org.telegram.tgnet.TLRPC$TL_contacts_contacts@1bd33b4 error = null
11-16 10:24:15.250  6684  6735 D tmessages: send request org.telegram.tgnet.TLRPC$TL_messages_getDialogFilters@a68929e with token = 49
11-16 10:24:15.250  6684  6735 D tgnet   : called from sendRequest (Android)
11-16 10:24:15.250  6684  6735 D tgnet   : [ConnectionsManager.cpp:1849] called from sendRequest (Android)
11-16 10:24:15.250  6684  6747 D tgnet   : send message (session: 0xabcdc7b422b38492, seqno: 72, messageid: 7573267107706568704  0x6919a64f40000000): 11TL_msgs_ack(0x7dcdfd49b590)
11-16 10:24:15.250  6684  6747 D tgnet   : [        Datacenter.cpp:1186] send message (session: 0xabcdc7b422b38492, seqno: 72, messageid: 7573267107706568704  0x6919a64f40000000): 11TL_msgs_ack(0x7dcdfd49b590)
11-16 10:24:15.250  6684  6747 D tgnet   : received message len 120 (currentPacketLength) equal to packet size
11-16 10:24:15.250  6684  6747 D tgnet   : [        Connection.cpp: 275] received message len 120 (currentPacketLength) equal to packet size
11-16 10:24:15.250  6684  6747 D tgnet   : api request constructor 0x2cb51097, don't parse
11-16 10:24:15.250  6684  6747 D tgnet   : [ConnectionsManager.cpp:1096] api request constructor 0x2cb51097, don't parse
11-16 10:24:15.250  6684  6747 D tgnet   : connection(0x7dcead211190, account0, dc1, type 1) received object 13TL_rpc_result
11-16 10:24:15.250  6684  6747 D tgnet   : [ConnectionsManager.cpp:1008] connection(0x7dcead211190, account0, dc1, type 1) received object 13TL_rpc_result
11-16 10:24:15.251  6684  6747 D tgnet   : process server response 0x7dcded269110 - 13TL_rpc_result
11-16 10:24:15.251  6684  6725 D MTProto : requestMsgId=138320391198000 requestingTime=43 request_token=36
11-16 10:24:15.251  6684  6725 D MTProto : req -> TL_contacts_getContacts : {"hash":0}
11-16 10:24:15.251  6684  6747 D tgnet   : [ConnectionsManager.cpp:1122] process server response 0x7dcded269110 - 13TL_rpc_result
