11-16 10:24:15.251  6684  6725 D MTProto : res -> TL_contacts_contacts : {"contacts":[],"saved_count":0,"users":[]}
11-16 10:24:15.251  6684  6747 D tgnet   : message_id 7573267107110977873 connection(0x7dcead211190, account0, dc1, type 1) received rpc_result with 15TL_api_response
11-16 10:24:15.251  6684  6747 D tgnet   : [ConnectionsManager.cpp:1267] message_id 7573267107110977873 connection(0x7dcead211190, account0, dc1, type 1) received rpc_result with 15TL_api_response
11-16 10:24:15.251  6684  6725 D MTProto :  
11-16 10:24:15.251  6684  6747 D tgnet   : got response for request 0x7dcded26bed0 - 14TL_api_request
11-16 10:24:15.251  6684  6747 D tgnet   : [ConnectionsManager.cpp:1303] got response for request 0x7dcded26bed0 - 14TL_api_request
11-16 10:24:15.251  6684  6747 D tmessages: java received org.telegram.tgnet.TLRPC$TL_messages_favedStickers@f66c17f error = null
11-16 10:24:15.253  6684  6747 D tgnet   : send message (session: 0xabcdc7b422b38492, seqno: 72, messageid: 7573267107719453696  0x6919a64f40c49c00): 11TL_msgs_ack(0x7dcdfd49b590)
11-16 10:24:15.253  6684  6747 D tgnet   : [        Datacenter.cpp:1186] send message (session: 0xabcdc7b422b38492, seqno: 72, messageid: 7573267107719453696  0x6919a64f40c49c00): 11TL_msgs_ack(0x7dcdfd49b590)
11-16 10:24:15.253  6684  6747 D tgnet   : send request 0x7dcded2676d0 - 14TL_api_request
11-16 10:24:15.253  6684  6747 D tgnet   : [ConnectionsManager.cpp:1876] send request 0x7dcded2676d0 - 14TL_api_request
11-16 10:24:15.253  6684  6747 D tgnet   : send request wrapped 0x7dcded2676d0 - 14TL_api_request
11-16 10:24:15.253  6684  6747 D tgnet   : [ConnectionsManager.cpp:1883] send request wrapped 0x7dcded2676d0 - 14TL_api_request
11-16 10:24:15.253  6684  6747 D tgnet   : messageId for token = 49, 0x6919a64f40c49c04
11-16 10:24:15.253  6684  6747 D tgnet   : [ConnectionsManager.cpp:2610] messageId for token = 49, 0x6919a64f40c49c04
11-16 10:24:15.253  6684  6747 E tgnet   : connection(0x6919a64f353f7c04) request (msg_id: 0)
11-16 10:24:15.253  6684  6747 E tgnet   : connection(0x7dcead211190) (type: 1 == 1 && num: 0 == 0) || (token: 1 == 1)
11-16 10:24:15.253  6684  6747 D tgnet   : send message (session: 0xabcdc7b422b38492, seqno: 73, messageid: 7573267107719453700  0x6919a64f40c49c04): 14TL_api_request(0x7dcded2676d0)
11-16 10:24:15.253  6684  6747 D tgnet   : [        Datacenter.cpp:1186] send message (session: 0xabcdc7b422b38492, seqno: 73, messageid: 7573267107719453700  0x6919a64f40c49c04): 14TL_api_request(0x7dcded2676d0)
11-16 10:24:15.253  6684  6747 D tgnet   : connection(0x7dcead211190, account0, dc1, type 1) received message len (currentPacketLength) 152 but packet (buffer->remaining()) larger 604
11-16 10:24:15.253  6684  6747 D tgnet   : [        Connection.cpp: 269] connection(0x7dcead211190, account0, dc1, type 1) received message len (currentPacketLength) 152 but packet (buffer->remaining()) larger 604
11-16 10:24:15.253  6684  6725 D MTProto : requestMsgId=138320391198000 requestingTime=45 request_token=39
11-16 10:24:15.253  6684  6725 D MTProto : req -> TL_messages_getFavedStickers : {"hash":0}
11-16 10:24:15.253  6684  6747 D tgnet   : api request constructor 0x3371c354, don't parse
11-16 10:24:15.253  6684  6747 D tgnet   : [ConnectionsManager.cpp:1096] api request constructor 0x3371c354, don't parse
11-16 10:24:15.253  6684  6747 D tgnet   : connection(0x7dcead211190, account0, dc1, type 1) received object 13TL_rpc_result
11-16 10:24:15.253  6684  6747 D tgnet   : [ConnectionsManager.cpp:1008] connection(0x7dcead211190, account0, dc1, type 1) received object 13TL_rpc_result
11-16 10:24:15.253  6684  6747 D tgnet   : process server response 0x7dcded269110 - 13TL_rpc_result
11-16 10:24:15.253  6684  6747 D tgnet   : [ConnectionsManager.cpp:1122] process server response 0x7dcded269110 - 13TL_rpc_result
11-16 10:24:15.253  6684  6747 D tgnet   : message_id 7573267107138240857 connection(0x7dcead211190, account0, dc1, type 1) received rpc_result with 15TL_api_response
11-16 10:24:15.253  6684  6747 D tgnet   : [ConnectionsManager.cpp:1267] message_id 7573267107138240857 connection(0x7dcead211190, account0, dc1, type 1) received rpc_result with 15TL_api_response
11-16 10:24:15.253  6684  6747 D tgnet   : got response for request 0x7dcded267850 - 14TL_api_request
11-16 10:24:15.253  6684  6747 D tgnet   : [ConnectionsManager.cpp:1303] got response for request 0x7dcded267850 - 14TL_api_request
11-16 10:24:15.253  6684  6725 D MTProto : res -> TL_messages_favedStickers : {"hash":0,"packs":[],"stickers":[]}
11-16 10:24:15.253  6684  6725 D MTProto :  
11-16 10:24:15.254  6684  6747 D tmessages: java received org.telegram.tgnet.TLRPC$TL_messages_peerDialogs@5716a38 error = null
11-16 10:24:15.256  6684  6747 D tgnet   : send message (session: 0xabcdc7b422b38492, seqno: 74, messageid: 7573267107732338688  0x6919a64f41893800): 11TL_msgs_ack(0x7dcdfd49b590)
11-16 10:24:15.256  6684  6747 D tgnet   : [        Datacenter.cpp:1186] send message (session: 0xabcdc7b422b38492, seqno: 74, messageid: 7573267107732338688  0x6919a64f41893800): 11TL_msgs_ack(0x7dcdfd49b590)
11-16 10:24:15.256  6684  6747 D tgnet   : connection(0x7dcead211190, account0, dc1, type 1) received message len (currentPacketLength) 120 but packet (buffer->remaining()) larger 451
11-16 10:24:15.256  6684  6747 D tgnet   : [        Connection.cpp: 269] connection(0x7dcead211190, account0, dc1, type 1) received message len (currentPacketLength) 120 but packet (buffer->remaining()) larger 451
11-16 10:24:15.257  6684  6725 D MTProto : requestMsgId=138320391198000 requestingTime=48 request_token=37
11-16 10:24:15.257  6684  6725 D MTProto : req -> TL_messages_getPeerDialogs : {"peers":[{"peer":{"access_hash":7207592502733309759,"channel_id":0,"chat_id":0,"msg_id":0,"user_id":777005}}]}
11-16 10:24:15.257  6684  6725 D MTProto : res -> TL_messages_peerDialogs : {"chats":[],"dialogs":[],"messages":[],"state":{"date":1763288655,"pts":1,"qts":0,"seq":-1,"unread_count":0},"users":[]}
11-16 10:24:15.257  6684  6725 D MTProto :  
11-16 10:24:15.257  6684  6747 D tgnet   : api request constructor 0x71e094f3, don't parse
11-16 10:24:15.257  6684  6747 D tgnet   : [ConnectionsManager.cpp:1096] api request constructor 0x71e094f3, don't parse
11-16 10:24:15.257  6684  6747 D tgnet   : connection(0x7dcead211190, account0, dc1, type 1) received object 13TL_rpc_result
11-16 10:24:15.257  6684  6747 D tgnet   : [ConnectionsManager.cpp:1008] connection(0x7dcead211190, account0, dc1, type 1) received object 13TL_rpc_result
11-16 10:24:15.257  6684  6747 D tgnet   : process server response 0x7dcded269110 - 13TL_rpc_result
11-16 10:24:15.257  6684  6747 D tgnet   : [ConnectionsManager.cpp:1122] process server response 0x7dcded269110 - 13TL_rpc_result
11-16 10:24:15.257  6684  6747 D tgnet   : message_id 7573267107148726625 connection(0x7dcead211190, account0, dc1, type 1) received rpc_result with 15TL_api_response
11-16 10:24:15.257  6684  6747 D tgnet   : [ConnectionsManager.cpp:1267] message_id 7573267107148726625 connection(0x7dcead211190, account0, dc1, type 1) received rpc_result with 15TL_api_response
11-16 10:24:15.257  6684  6747 D tgnet   : got response for request 0x7dcded268ab0 - 14TL_api_request
11-16 10:24:15.257  6684  6747 D tgnet   : [ConnectionsManager.cpp:1303] got response for request 0x7dcded268ab0 - 14TL_api_request
11-16 10:24:15.257  6684  6747 D tmessages: java received org.telegram.tgnet.TLRPC$TL_messages_dialogsSlice@8a87502 error = null
11-16 10:24:15.259  6684  6747 D tgnet   : send message (session: 0xabcdc7b422b38492, seqno: 74, messageid: 7573267107745223680  0x6919a64f424dd400): 11TL_msgs_ack(0x7dcdfd49b590)
11-16 10:24:15.259  6684  6747 D tgnet   : [        Datacenter.cpp:1186] send message (session: 0xabcdc7b422b38492, seqno: 74, messageid: 7573267107745223680  0x6919a64f424dd400): 11TL_msgs_ack(0x7dcdfd49b590)
11-16 10:24:15.259  6684  6747 D tgnet   : connection(0x7dcead211190, account0, dc1, type 1) received message len (currentPacketLength) 104 but packet (buffer->remaining()) larger 330
11-16 10:24:15.259  6684  6725 D MTProto : requestMsgId=138320391198000 requestingTime=50 request_token=40
11-16 10:24:15.259  6684  6725 D MTProto : req -> TL_messages_getDialogs : {"exclude_pinned":true,"flags":1,"folder_id":0,"hash":0,"limit":100,"offset_date":0,"offset_id":0,"offset_peer":{"access_hash":0,"channel_id":0,"chat_id":0,"msg_id":0,"user_id":0}}
11-16 10:24:15.259  6684  6725 D MTProto : res -> TL_messages_dialogsSlice : {"chats":[],"count":0,"dialogs":[],"messages":[],"users":[]}
11-16 10:24:15.259  6684  6725 D MTProto :  
11-16 10:24:15.259  6684  6735 D tmessages: loaded folderId 0 loadType 0 count 0
11-16 10:24:15.260  6684  6747 D tgnet   : [        Connection.cpp: 269] connection(0x7dcead211190, account0, dc1, type 1) received message len (currentPacketLength) 104 but packet (buffer->remaining()) larger 330
11-16 10:24:15.260  6684  6684 D tmessages: peer settings loaded for 777005 add = false block = false spam = false share = false geo = false hide = true distance = 0 invite = false
11-16 10:24:15.260  6684  6747 D tgnet   : api request constructor 0x30a6ec7e, don't parse
11-16 10:24:15.260  6684  6747 D tgnet   : [ConnectionsManager.cpp:1096] api request constructor 0x30a6ec7e, don't parse
11-16 10:24:15.260  6684  6747 D tgnet   : connection(0x7dcead211190, account0, dc1, type 1) received object 13TL_rpc_result
11-16 10:24:15.260  6684  6747 D tgnet   : [ConnectionsManager.cpp:1008] connection(0x7dcead211190, account0, dc1, type 1) received object 13TL_rpc_result
11-16 10:24:15.260  6684  6747 D tgnet   : process server response 0x7dcded269110 - 13TL_rpc_result
11-16 10:24:15.260  6684  6747 D tgnet   : [ConnectionsManager.cpp:1122] process server response 0x7dcded269110 - 13TL_rpc_result
11-16 10:24:15.260  6684  6747 D tgnet   : message_id 7573267107150823785 connection(0x7dcead211190, account0, dc1, type 1) received rpc_result with 15TL_api_response
11-16 10:24:15.260  6684  6747 D tgnet   : [ConnectionsManager.cpp:1267] message_id 7573267107150823785 connection(0x7dcead211190, account0, dc1, type 1) received rpc_result with 15TL_api_response
11-16 10:24:15.260  6684  6747 D tgnet   : got response for request 0x7dcded269710 - 14TL_api_request
11-16 10:24:15.260  6684  6747 D tgnet   : [ConnectionsManager.cpp:1303] got response for request 0x7dcded269710 - 14TL_api_request
11-16 10:24:15.260  6684  6747 D tmessages: java received org.telegram.tgnet.TLRPC$TL_messages_stickers@7515205 error = null
11-16 10:24:15.261  6684  6747 D tgnet   : send message (session: 0xabcdc7b422b38492, seqno: 74, messageid: 7573267107753812992  0x6919a64f42d0e400): 11TL_msgs_ack(0x7dcdfd49b590)
11-16 10:24:15.261  6684  6747 D tgnet   : [        Datacenter.cpp:1186] send message (session: 0xabcdc7b422b38492, seqno: 74, messageid: 7573267107753812992  0x6919a64f42d0e400): 11TL_msgs_ack(0x7dcdfd49b590)
11-16 10:24:15.261  6684  6725 D MTProto : requestMsgId=138320391198000 requestingTime=51 request_token=41
11-16 10:24:15.261  6684  6725 D MTProto : req -> TL_messages_getStickers : {"emoticon":"","hash":0}
11-16 10:24:15.261  6684  6725 D MTProto : res -> TL_messages_stickers : {"hash":0,"stickers":[]}
11-16 10:24:15.261  6684  6725 D MTProto :  
11-16 10:24:15.261  6684  6747 D tgnet   : connection(0x7dcead211190, account0, dc1, type 1) received message len (currentPacketLength) 104 but packet (buffer->remaining()) larger 225
11-16 10:24:15.261  6684  6747 D tgnet   : [        Connection.cpp: 269] connection(0x7dcead211190, account0, dc1, type 1) received message len (currentPacketLength) 104 but packet (buffer->remaining()) larger 225
11-16 10:24:15.261  6684  6747 D tgnet   : api request constructor 0x768e3aad, don't parse
11-16 10:24:15.261  6684  6747 D tgnet   : [ConnectionsManager.cpp:1096] api request constructor 0x768e3aad, don't parse
11-16 10:24:15.261  6684  6747 D tgnet   : connection(0x7dcead211190, account0, dc1, type 1) received object 13TL_rpc_result
11-16 10:24:15.261  6684  6747 D tgnet   : [ConnectionsManager.cpp:1008] connection(0x7dcead211190, account0, dc1, type 1) received object 13TL_rpc_result
11-16 10:24:15.261  6684  6747 D tgnet   : process server response 0x7dcded269110 - 13TL_rpc_result
11-16 10:24:15.261  6684  6747 D tgnet   : [ConnectionsManager.cpp:1122] process server response 0x7dcded269110 - 13TL_rpc_result
11-16 10:24:15.261  6684  6747 D tgnet   : message_id 7573267107157115249 connection(0x7dcead211190, account0, dc1, type 1) received rpc_result with 15TL_api_response
11-16 10:24:15.261  6684  6747 D tgnet   : [ConnectionsManager.cpp:1267] message_id 7573267107157115249 connection(0x7dcead211190, account0, dc1, type 1) received rpc_result with 15TL_api_response
11-16 10:24:15.261  6684  6747 D tgnet   : got response for request 0x7dcded269230 - 14TL_api_request
11-16 10:24:15.261  6684  6747 D tgnet   : [ConnectionsManager.cpp:1303] got response for request 0x7dcded269230 - 14TL_api_request
11-16 10:24:15.262  6684  6747 D tmessages: java received org.telegram.tgnet.TLRPC$TL_messages_availableReactions@b7bc8b error = null
11-16 10:24:15.262  6684  6747 D tgnet   : send message (session: 0xabcdc7b422b38492, seqno: 74, messageid: 7573267107758108672  0x6919a64f43127000): 11TL_msgs_ack(0x7dcdfd49b590)
11-16 10:24:15.262  6684  6747 D tgnet   : [        Datacenter.cpp:1186] send message (session: 0xabcdc7b422b38492, seqno: 74, messageid: 7573267107758108672  0x6919a64f43127000): 11TL_msgs_ack(0x7dcdfd49b590)
11-16 10:24:15.262  6684  6725 D MTProto : requestMsgId=138320391198000 requestingTime=52 request_token=42
11-16 10:24:15.262  6684  6725 D MTProto : req -> TL_messages_getAvailableReactions : {"hash":0}
11-16 10:24:15.262  6684  6725 D MTProto : res -> TL_messages_availableReactions : {"hash":0,"reactions":[]}
11-16 10:24:15.262  6684  6725 D MTProto :  
11-16 10:24:15.262  6684  6747 D tgnet   : received message len 120 (currentPacketLength) equal to packet size
11-16 10:24:15.262  6684  6747 D tgnet   : [        Connection.cpp: 275] received message len 120 (currentPacketLength) equal to packet size
11-16 10:24:15.262  6684  6747 D tgnet   : api request constructor 0xbe382906, don't parse
11-16 10:24:15.262  6684  6747 D tgnet   : [ConnectionsManager.cpp:1096] api request constructor 0xbe382906, don't parse
11-16 10:24:15.263  6684  6747 D tgnet   : connection(0x7dcead211190, account0, dc1, type 1) received object 13TL_rpc_result
11-16 10:24:15.263  6684  6747 D tgnet   : [ConnectionsManager.cpp:1008] connection(0x7dcead211190, account0, dc1, type 1) received object 13TL_rpc_result
11-16 10:24:15.263  6684  6747 D tgnet   : process server response 0x7dcded269110 - 13TL_rpc_result
11-16 10:24:15.263  6684  6747 D tgnet   : [ConnectionsManager.cpp:1122] process server response 0x7dcded269110 - 13TL_rpc_result
11-16 10:24:15.263  6684  6747 D tgnet   : message_id 7573267107161309561 connection(0x7dcead211190, account0, dc1, type 1) received rpc_result with 15TL_api_response
11-16 10:24:15.263  6684  6747 D tgnet   : [ConnectionsManager.cpp:1267] message_id 7573267107161309561 connection(0x7dcead211190, account0, dc1, type 1) received rpc_result with 15TL_api_response
11-16 10:24:15.263  6684  6747 D tgnet   : got response for request 0x7dcded26a0d0 - 14TL_api_request
11-16 10:24:15.263  6684  6747 D tgnet   : [ConnectionsManager.cpp:1303] got response for request 0x7dcded26a0d0 - 14TL_api_request
11-16 10:24:15.263  6684  6747 D tmessages: java received org.telegram.tgnet.TLRPC$TL_messages_featuredStickers@82fd168 error = null
11-16 10:24:15.265  6684  6747 D tgnet   : send message (session: 0xabcdc7b422b38492, seqno: 74, messageid: 7573267107770993664  0x6919a64f43d70c00): 11TL_msgs_ack(0x7dcdfd49b590)
11-16 10:24:15.265  6684  6747 D tgnet   : [        Datacenter.cpp:1186] send message (session: 0xabcdc7b422b38492, seqno: 74, messageid: 7573267107770993664  0x6919a64f43d70c00): 11TL_msgs_ack(0x7dcdfd49b590)
11-16 10:24:15.265  6684  6725 D MTProto : requestMsgId=138320391198000 requestingTime=53 request_token=43
11-16 10:24:15.265  6684  6747 D tgnet   : connection(0x7dcead211190, account0, dc1, type 1) received message len (currentPacketLength) 120 but packet (buffer->remaining()) larger 508
11-16 10:24:15.265  6684  6725 D MTProto : req -> TL_messages_getFeaturedStickers : {"hash":0}
11-16 10:24:15.265  6684  6747 D tgnet   : [        Connection.cpp: 269] connection(0x7dcead211190, account0, dc1, type 1) received message len (currentPacketLength) 120 but packet (buffer->remaining()) larger 508
11-16 10:24:15.265  6684  6725 D MTProto : res -> TL_messages_featuredStickers : {"count":0,"flags":0,"hash":0,"premium":false,"sets":[],"unread":[]}
11-16 10:24:15.265  6684  6725 D MTProto :  
11-16 10:24:15.265  6684  6747 D tgnet   : api request constructor 0xbe382906, don't parse
11-16 10:24:15.265  6684  6747 D tgnet   : [ConnectionsManager.cpp:1096] api request constructor 0xbe382906, don't parse
11-16 10:24:15.265  6684  6747 D tgnet   : connection(0x7dcead211190, account0, dc1, type 1) received object 13TL_rpc_result
11-16 10:24:15.265  6684  6747 D tgnet   : [ConnectionsManager.cpp:1008] connection(0x7dcead211190, account0, dc1, type 1) received object 13TL_rpc_result
11-16 10:24:15.265  6684  6747 D tgnet   : process server response 0x7dcded269110 - 13TL_rpc_result
11-16 10:24:15.265  6684  6747 D tgnet   : [ConnectionsManager.cpp:1122] process server response 0x7dcded269110 - 13TL_rpc_result
11-16 10:24:15.265  6684  6747 D tgnet   : message_id 7573267107163406721 connection(0x7dcead211190, account0, dc1, type 1) received rpc_result with 15TL_api_response
11-16 10:24:15.265  6684  6747 D tgnet   : [ConnectionsManager.cpp:1267] message_id 7573267107163406721 connection(0x7dcead211190, account0, dc1, type 1) received rpc_result with 15TL_api_response
11-16 10:24:15.265  6684  6747 D tgnet   : got response for request 0x7dcded26a9d0 - 14TL_api_request
11-16 10:24:15.265  6684  6747 D tgnet   : [ConnectionsManager.cpp:1303] got response for request 0x7dcded26a9d0 - 14TL_api_request
11-16 10:24:15.266  6684  6747 D tmessages: java received org.telegram.tgnet.TLRPC$TL_messages_featuredStickers@62c22b2 error = null
11-16 10:24:15.267  6684  6747 D tgnet   : send message (session: 0xabcdc7b422b38492, seqno: 74, messageid: 7573267107779582976  0x6919a64f445a1c00): 11TL_msgs_ack(0x7dcdfd49b590)
11-16 10:24:15.267  6684  6747 D tgnet   : [        Datacenter.cpp:1186] send message (session: 0xabcdc7b422b38492, seqno: 74, messageid: 7573267107779582976  0x6919a64f445a1c00): 11TL_msgs_ack(0x7dcdfd49b590)
11-16 10:24:15.267  6684  6747 D tgnet   : connection(0x7dcead211190, account0, dc1, type 1) received message len (currentPacketLength) 88 but packet (buffer->remaining()) larger 387
11-16 10:24:15.267  6684  6747 D tgnet   : [        Connection.cpp: 269] connection(0x7dcead211190, account0, dc1, type 1) received message len (currentPacketLength) 88 but packet (buffer->remaining()) larger 387
11-16 10:24:15.267  6684  6725 D MTProto : requestMsgId=138320391198000 requestingTime=55 request_token=44
11-16 10:24:15.267  6684  6725 D MTProto : req -> TL_messages_getFeaturedEmojiStickers : {"hash":0}
11-16 10:24:15.267  6684  6725 D MTProto : res -> TL_messages_featuredStickers : {"count":0,"flags":0,"hash":0,"premium":false,"sets":[],"unread":[]}
11-16 10:24:15.267  6684  6725 D MTProto :  
11-16 10:24:15.267  6684  6747 D tgnet   : api request constructor 0xd3f924eb, don't parse
11-16 10:24:15.267  6684  6747 D tgnet   : [ConnectionsManager.cpp:1096] api request constructor 0xd3f924eb, don't parse
11-16 10:24:15.267  6684  6747 D tgnet   : connection(0x7dcead211190, account0, dc1, type 1) received object 13TL_rpc_result
11-16 10:24:15.267  6684  6747 D tgnet   : [ConnectionsManager.cpp:1008] connection(0x7dcead211190, account0, dc1, type 1) received object 13TL_rpc_result
11-16 10:24:15.267  6684  6747 D tgnet   : process server response 0x7dcded26a0d0 - 13TL_rpc_result
11-16 10:24:15.267  6684  6747 D tgnet   : [ConnectionsManager.cpp:1122] process server response 0x7dcded26a0d0 - 13TL_rpc_result
11-16 10:24:15.267  6684  6747 D tgnet   : message_id 7573267107171795337 connection(0x7dcead211190, account0, dc1, type 1) received rpc_result with 15TL_api_response
11-16 10:24:15.267  6684  6747 D tgnet   : [ConnectionsManager.cpp:1267] message_id 7573267107171795337 connection(0x7dcead211190, account0, dc1, type 1) received rpc_result with 15TL_api_response
11-16 10:24:15.267  6684  6747 D tgnet   : got response for request 0x7dcded26a670 - 14TL_api_request
11-16 10:24:15.267  6684  6747 D tgnet   : [ConnectionsManager.cpp:1303] got response for request 0x7dcded26a670 - 14TL_api_request
11-16 10:24:15.267  6684  6747 W System.err: java.lang.RuntimeException: read int32 error
11-16 10:24:15.267  6684  6747 W System.err: 	at org.telegram.tgnet.NativeByteBuffer.readInt32(NativeByteBuffer.java:388)
11-16 10:24:15.267  6684  6747 W System.err: 	at org.telegram.tgnet.TLRPC$TL_messages_stickerSet.readParams(TLRPC.java:10231)
11-16 10:24:15.268  6684  6747 W System.err: 	at org.telegram.tgnet.TLRPC$messages_StickerSet.TLdeserialize(TLRPC.java:10166)
11-16 10:24:15.268  6684  6747 W System.err: 	at org.telegram.tgnet.TLRPC$TL_messages_getStickerSet.deserializeResponse(TLRPC.java:54427)
11-16 10:24:15.268  6684  6747 W System.err: 	at org.telegram.tgnet.ConnectionsManager.lambda$sendRequestInternal$2$org-telegram-tgnet-ConnectionsManager(ConnectionsManager.java:334)
11-16 10:24:15.268  6684  6747 W System.err: 	at org.telegram.tgnet.ConnectionsManager$$ExternalSyntheticLambda6.run(Unknown Source:38)
11-16 10:24:15.268  6684  6747 W System.err: Caused by: java.nio.BufferUnderflowException
11-16 10:24:15.268  6684  6747 W System.err: 	at java.nio.Buffer.nextGetIndex(Buffer.java:521)
11-16 10:24:15.268  6684  6747 W System.err: 	at java.nio.DirectByteBuffer.getInt(DirectByteBuffer.java:562)
11-16 10:24:15.268  6684  6747 W System.err: 	at org.telegram.tgnet.NativeByteBuffer.readInt32(NativeByteBuffer.java:385)
11-16 10:24:15.268  6684  6747 W System.err: 	... 5 more
11-16 10:24:15.268  6684  6747 D tgnet   : send message (session: 0xabcdc7b422b38492, seqno: 74, messageid: 7573267107783878656  0x6919a64f449ba800): 11TL_msgs_ack(0x7dcdfd49b590)
11-16 10:24:15.268  6684  6747 D tgnet   : [        Datacenter.cpp:1186] send message (session: 0xabcdc7b422b38492, seqno: 74, messageid: 7573267107783878656  0x6919a64f449ba800): 11TL_msgs_ack(0x7dcdfd49b590)
11-16 10:24:15.268  6684  6747 D tgnet   : connection(0x7dcead211190, account0, dc1, type 1) received message len (currentPacketLength) 88 but packet (buffer->remaining()) larger 298
11-16 10:24:15.268  6684  6747 D tgnet   : [        Connection.cpp: 269] connection(0x7dcead211190, account0, dc1, type 1) received message len (currentPacketLength) 88 but packet (buffer->remaining()) larger 298
11-16 10:24:15.268  6684  6747 D tgnet   : api request constructor 0xd3f924eb, don't parse
11-16 10:24:15.268  6684  6747 D tgnet   : [ConnectionsManager.cpp:1096] api request constructor 0xd3f924eb, don't parse
11-16 10:24:15.268  6684  6747 D tgnet   : connection(0x7dcead211190, account0, dc1, type 1) received object 13TL_rpc_result
11-16 10:24:15.268  6684  6747 D tgnet   : [ConnectionsManager.cpp:1008] connection(0x7dcead211190, account0, dc1, type 1) received object 13TL_rpc_result
11-16 10:24:15.268  6684  6747 D tgnet   : process server response 0x7dcded26a0d0 - 13TL_rpc_result
11-16 10:24:15.268  6684  6747 D tgnet   : [ConnectionsManager.cpp:1122] process server response 0x7dcded26a0d0 - 13TL_rpc_result
11-16 10:24:15.268  6684  6747 D tgnet   : message_id 7573267107175989649 connection(0x7dcead211190, account0, dc1, type 1) received rpc_result with 15TL_api_response
11-16 10:24:15.268  6684  6747 D tgnet   : [ConnectionsManager.cpp:1267] message_id 7573267107175989649 connection(0x7dcead211190, account0, dc1, type 1) received rpc_result with 15TL_api_response
11-16 10:24:15.268  6684  6747 D tgnet   : got response for request 0x7dcded26b390 - 14TL_api_request
11-16 10:24:15.268  6684  6747 D tgnet   : [ConnectionsManager.cpp:1303] got response for request 0x7dcded26b390 - 14TL_api_request
11-16 10:24:15.268  6684  6747 W System.err: java.lang.RuntimeException: read int32 error
11-16 10:24:15.268  6684  6747 W System.err: 	at org.telegram.tgnet.NativeByteBuffer.readInt32(NativeByteBuffer.java:388)
11-16 10:24:15.268  6684  6747 W System.err: 	at org.telegram.tgnet.TLRPC$TL_messages_stickerSet.readParams(TLRPC.java:10231)
11-16 10:24:15.268  6684  6747 W System.err: 	at org.telegram.tgnet.TLRPC$messages_StickerSet.TLdeserialize(TLRPC.java:10166)
11-16 10:24:15.268  6684  6747 W System.err: 	at org.telegram.tgnet.TLRPC$TL_messages_getStickerSet.deserializeResponse(TLRPC.java:54427)
11-16 10:24:15.269  6684  6747 W System.err: 	at org.telegram.tgnet.ConnectionsManager.lambda$sendRequestInternal$2$org-telegram-tgnet-ConnectionsManager(ConnectionsManager.java:334)
11-16 10:24:15.269  6684  6747 W System.err: 	at org.telegram.tgnet.ConnectionsManager$$ExternalSyntheticLambda6.run(Unknown Source:38)
11-16 10:24:15.269  6684  6747 W System.err: Caused by: java.nio.BufferUnderflowException
11-16 10:24:15.269  6684  6747 W System.err: 	at java.nio.Buffer.nextGetIndex(Buffer.java:521)
11-16 10:24:15.269  6684  6747 W System.err: 	at java.nio.DirectByteBuffer.getInt(DirectByteBuffer.java:562)
11-16 10:24:15.269  6684  6747 W System.err: 	at org.telegram.tgnet.NativeByteBuffer.readInt32(NativeByteBuffer.java:385)
11-16 10:24:15.269  6684  6747 W System.err: 	... 5 more
11-16 10:24:15.269  6684  6747 D tgnet   : send message (session: 0xabcdc7b422b38492, seqno: 74, messageid: 7573267107788173312  0x6919a64f44dd3000): 11TL_msgs_ack(0x7dcdfd49b590)
11-16 10:24:15.269  6684  6747 D tgnet   : [        Datacenter.cpp:1186] send message (session: 0xabcdc7b422b38492, seqno: 74, messageid: 7573267107788173312  0x6919a64f44dd3000): 11TL_msgs_ack(0x7dcdfd49b590)
11-16 10:24:15.269  6684  6747 D tgnet   : connection(0x7dcead211190, account0, dc1, type 1) received message len (currentPacketLength) 120 but packet (buffer->remaining()) larger 209
11-16 10:24:15.269  6684  6747 D tgnet   : [        Connection.cpp: 269] connection(0x7dcead211190, account0, dc1, type 1) received message len (currentPacketLength) 120 but packet (buffer->remaining()) larger 209
11-16 10:24:15.269  6684  6747 D tgnet   : api request constructor 0x70b772a8, don't parse
11-16 10:24:15.269  6684  6747 D tgnet   : [ConnectionsManager.cpp:1096] api request constructor 0x70b772a8, don't parse
11-16 10:24:15.269  6684  6747 D tgnet   : connection(0x7dcead211190, account0, dc1, type 1) received object 13TL_rpc_result
11-16 10:24:15.269  6684  6747 D tgnet   : [ConnectionsManager.cpp:1008] connection(0x7dcead211190, account0, dc1, type 1) received object 13TL_rpc_result
11-16 10:24:15.269  6684  6747 D tgnet   : process server response 0x7dcded26a0d0 - 13TL_rpc_result
11-16 10:24:15.269  6684  6747 D tgnet   : [ConnectionsManager.cpp:1122] process server response 0x7dcded26a0d0 - 13TL_rpc_result
11-16 10:24:15.269  6684  6747 D tgnet   : message_id 7573267107178086809 connection(0x7dcead211190, account0, dc1, type 1) received rpc_result with 15TL_api_response
11-16 10:24:15.269  6684  6747 D tgnet   : [ConnectionsManager.cpp:1267] message_id 7573267107178086809 connection(0x7dcead211190, account0, dc1, type 1) received rpc_result with 15TL_api_response
11-16 10:24:15.269  6684  6747 D tgnet   : got response for request 0x7dcded26cb90 - 14TL_api_request
11-16 10:24:15.269  6684  6747 D tgnet   : [ConnectionsManager.cpp:1303] got response for request 0x7dcded26cb90 - 14TL_api_request
11-16 10:24:15.277  6684  6747 D tmessages: java received org.telegram.tgnet.TLRPC$TL_contacts_topPeers@1a3c675 error = null
11-16 10:24:15.277  6684  6735 D tmessages: done loading contacts
11-16 10:24:15.279  6684  6747 D tgnet   : send message (session: 0xabcdc7b422b38492, seqno: 74, messageid: 7573267107831122944  0x6919a64f476c8c00): 11TL_msgs_ack(0x7dcdfd49b590)
11-16 10:24:15.279  6684  6747 D tgnet   : [        Datacenter.cpp:1186] send message (session: 0xabcdc7b422b38492, seqno: 74, messageid: 7573267107831122944  0x6919a64f476c8c00): 11TL_msgs_ack(0x7dcdfd49b590)
11-16 10:24:15.279  6684  6747 D tgnet   : received message len 88 (currentPacketLength) equal to packet size
11-16 10:24:15.279  6684  6747 D tgnet   : [        Connection.cpp: 275] received message len 88 (currentPacketLength) equal to packet size
11-16 10:24:15.279  6684  6725 D MTProto : requestMsgId=138320391198000 requestingTime=55 request_token=47
11-16 10:24:15.279  6684  6747 D tgnet   : api request constructor 0xd3f924eb, don't parse
11-16 10:24:15.279  6684  6747 D tgnet   : [ConnectionsManager.cpp:1096] api request constructor 0xd3f924eb, don't parse
11-16 10:24:15.279  6684  6747 D tgnet   : connection(0x7dcead211190, account0, dc1, type 1) received object 13TL_rpc_result
11-16 10:24:15.279  6684  6747 D tgnet   : [ConnectionsManager.cpp:1008] connection(0x7dcead211190, account0, dc1, type 1) received object 13TL_rpc_result
11-16 10:24:15.279  6684  6747 D tgnet   : process server response 0x7dcded26a0d0 - 13TL_rpc_result
11-16 10:24:15.279  6684  6747 D tgnet   : [ConnectionsManager.cpp:1122] process server response 0x7dcded26a0d0 - 13TL_rpc_result
11-16 10:24:15.279  6684  6747 D tgnet   : message_id 7573267107180183969 connection(0x7dcead211190, account0, dc1, type 1) received rpc_result with 15TL_api_response
11-16 10:24:15.279  6684  6747 D tgnet   : [ConnectionsManager.cpp:1267] message_id 7573267107180183969 connection(0x7dcead211190, account0, dc1, type 1) received rpc_result with 15TL_api_response
11-16 10:24:15.279  6684  6725 D MTProto : req -> TL_contacts_getTopPeers : {"bots_inline":true,"bots_pm":false,"channels":false,"correspondents":true,"flags":5,"forward_chats":false,"forward_users":false,"groups":false,"hash":0,"limit":20,"offset":0,"phone_calls":false}
11-16 10:24:15.279  6684  6747 D tgnet   : got response for request 0x7dcded26cbf0 - 14TL_api_request
11-16 10:24:15.279  6684  6725 D MTProto : res -> TL_contacts_topPeers : {"categories":[],"chats":[],"users":[]}
11-16 10:24:15.279  6684  6747 D tgnet   : [ConnectionsManager.cpp:1303] got response for request 0x7dcded26cbf0 - 14TL_api_request
11-16 10:24:15.279  6684  6725 D MTProto :  
11-16 10:24:15.279  6684  6747 W System.err: java.lang.RuntimeException: read int32 error
11-16 10:24:15.279  6684  6747 W System.err: 	at org.telegram.tgnet.NativeByteBuffer.readInt32(NativeByteBuffer.java:388)
11-16 10:24:15.279  6684  6747 W System.err: 	at org.telegram.tgnet.TLRPC$TL_messages_stickerSet.readParams(TLRPC.java:10231)
11-16 10:24:15.279  6684  6747 W System.err: 	at org.telegram.tgnet.TLRPC$messages_StickerSet.TLdeserialize(TLRPC.java:10166)
11-16 10:24:15.279  6684  6747 W System.err: 	at org.telegram.tgnet.TLRPC$TL_messages_getStickerSet.deserializeResponse(TLRPC.java:54427)
11-16 10:24:15.279  6684  6747 W System.err: 	at org.telegram.tgnet.ConnectionsManager.lambda$sendRequestInternal$2$org-telegram-tgnet-ConnectionsManager(ConnectionsManager.java:334)
11-16 10:24:15.279  6684  6747 W System.err: 	at org.telegram.tgnet.ConnectionsManager$$ExternalSyntheticLambda6.run(Unknown Source:38)
11-16 10:24:15.279  6684  6747 W System.err: Caused by: java.nio.BufferUnderflowException
11-16 10:24:15.280  6684  6747 W System.err: 	at java.nio.Buffer.nextGetIndex(Buffer.java:521)
11-16 10:24:15.280  6684  6747 W System.err: 	at java.nio.DirectByteBuffer.getInt(DirectByteBuffer.java:562)
11-16 10:24:15.280  6684  6747 W System.err: 	at org.telegram.tgnet.NativeByteBuffer.readInt32(NativeByteBuffer.java:385)
11-16 10:24:15.280  6684  6747 W System.err: 	... 5 more
11-16 10:24:15.280  6684  6747 D tgnet   : send message (session: 0xabcdc7b422b38492, seqno: 74, messageid: 7573267107835417600  0x6919a64f47ae1400): 11TL_msgs_ack(0x7dcdfd49b590)
11-16 10:24:15.280  6684  6747 D tgnet   : [        Datacenter.cpp:1186] send message (session: 0xabcdc7b422b38492, seqno: 74, messageid: 7573267107835417600  0x6919a64f47ae1400): 11TL_msgs_ack(0x7dcdfd49b590)
11-16 10:24:15.280  6684  6747 D tgnet   : received message len 120 (currentPacketLength) equal to packet size
11-16 10:24:15.280  6684  6747 D tgnet   : [        Connection.cpp: 275] received message len 120 (currentPacketLength) equal to packet size
11-16 10:24:15.280  6684  6747 D tgnet   : connection(0x7dcead211190, account0, dc1, type 1) received object 13TL_rpc_result
11-16 10:24:15.280  6684  6747 D tgnet   : [ConnectionsManager.cpp:1008] connection(0x7dcead211190, account0, dc1, type 1) received object 13TL_rpc_result
11-16 10:24:15.280  6684  6747 D tgnet   : process server response 0x7dcded26acd0 - 13TL_rpc_result
11-16 10:24:15.280  6684  6747 D tgnet   : [ConnectionsManager.cpp:1122] process server response 0x7dcded26acd0 - 13TL_rpc_result
11-16 10:24:15.280  6684  6747 D tgnet   : message_id 7573267107192766889 connection(0x7dcead211190, account0, dc1, type 1) received rpc_result with 12TL_rpc_error
11-16 10:24:15.280  6684  6747 D tgnet   : [ConnectionsManager.cpp:1267] message_id 7573267107192766889 connection(0x7dcead211190, account0, dc1, type 1) received rpc_result with 12TL_rpc_error
11-16 10:24:15.280  6684  6747 E tgnet   : message_id 7573267107192766889 connection(0x7dcead211190, account0, dc1, type 1) rpc error 400: ERR_ENTERPRISE_IS_BLOCKED
11-16 10:24:15.280  6684  6747 D tgnet   : got response for request 0x7dcded2676d0 - 14TL_api_request
11-16 10:24:15.280  6684  6747 D tgnet   : [ConnectionsManager.cpp:1303] got response for request 0x7dcded2676d0 - 14TL_api_request
11-16 10:24:15.280  6684  6747 E tgnet   : request 0x7dce5d26d990 rpc error 400: ERR_ENTERPRISE_IS_BLOCKED
11-16 10:24:15.280  6684  6747 E tmessages: org.telegram.tgnet.TLRPC$TL_messages_getDialogFilters@a68929e got error 400 ERR_ENTERPRISE_IS_BLOCKED
11-16 10:24:15.284  6684  6747 D tmessages: java received null error = org.telegram.tgnet.TLRPC$TL_error@42aa1f3
11-16 10:24:15.285  6684  6747 D tgnet   : send message (session: 0xabcdc7b422b38492, seqno: 74, messageid: 7573267107856892928  0x6919a64f48f5c400): 11TL_msgs_ack(0x7dcdfd4993e0)
11-16 10:24:15.285  6684  6747 D tgnet   : [        Datacenter.cpp:1186] send message (session: 0xabcdc7b422b38492, seqno: 74, messageid: 7573267107856892928  0x6919a64f48f5c400): 11TL_msgs_ack(0x7dcdfd4993e0)
11-16 10:24:15.286  6684  6725 D MTProto : requestMsgId=138320391198000 requestingTime=35 request_token=49
11-16 10:24:15.286  6684  6725 D MTProto : req -> TL_messages_getDialogFilters : {}
11-16 10:24:15.286  6684  6725 D MTProto : err -> TL_error : {"code":400,"text":"ERR_ENTERPRISE_IS_BLOCKED"}
11-16 10:24:15.286  6684  6725 D MTProto :  
11-16 10:24:15.289  6684  6735 D tmessages: send request org.telegram.tgnet.TLRPC$TL_messages_getAllDrafts@8ab129 with token = 50
11-16 10:24:15.290  6684  6735 D tgnet   : called from sendRequest (Android)
11-16 10:24:15.290  6684  6735 D tgnet   : [ConnectionsManager.cpp:1849] called from sendRequest (Android)
11-16 10:24:15.290  6684  6747 D tgnet   : send request 0x7dcded26acd0 - 14TL_api_request
11-16 10:24:15.290  6684  6747 D tgnet   : [ConnectionsManager.cpp:1876] send request 0x7dcded26acd0 - 14TL_api_request
11-16 10:24:15.290  6684  6747 D tgnet   : send request wrapped 0x7dcded26acd0 - 14TL_api_request
11-16 10:24:15.290  6684  6747 D tgnet   : [ConnectionsManager.cpp:1883] send request wrapped 0x7dcded26acd0 - 14TL_api_request
11-16 10:24:15.290  6684  6747 D tgnet   : messageId for token = 50, 0x6919a64f4a3d7000
11-16 10:24:15.290  6684  6747 D tgnet   : [ConnectionsManager.cpp:2610] messageId for token = 50, 0x6919a64f4a3d7000
11-16 10:24:15.290  6684  6747 D tgnet   : send message (session: 0xabcdc7b422b38492, seqno: 75, messageid: 7573267107878367232  0x6919a64f4a3d7000): 14TL_api_request(0x7dcded26acd0)
11-16 10:24:15.290  6684  6747 D tgnet   : [        Datacenter.cpp:1186] send message (session: 0xabcdc7b422b38492, seqno: 75, messageid: 7573267107878367232  0x6919a64f4a3d7000): 14TL_api_request(0x7dcded26acd0)
11-16 10:24:15.298  6684  6747 D tgnet   : received message len 184 (currentPacketLength) equal to packet size
11-16 10:24:15.298  6684  6747 D tgnet   : [        Connection.cpp: 275] received message len 184 (currentPacketLength) equal to packet size
11-16 10:24:15.299  6684  6747 D tgnet   : api request constructor 0x74ae4240, don't parse
11-16 10:24:15.299  6684  6747 D tgnet   : [ConnectionsManager.cpp:1096] api request constructor 0x74ae4240, don't parse
11-16 10:24:15.299  6684  6747 D tgnet   : connection(0x7dcead211190, account0, dc1, type 1) received object 13TL_rpc_result
11-16 10:24:15.299  6684  6747 D tgnet   : [ConnectionsManager.cpp:1008] connection(0x7dcead211190, account0, dc1, type 1) received object 13TL_rpc_result
11-16 10:24:15.299  6684  6747 D tgnet   : process server response 0x7dcded26ad90 - 13TL_rpc_result
11-16 10:24:15.299  6684  6747 D tgnet   : [ConnectionsManager.cpp:1122] process server response 0x7dcded26ad90 - 13TL_rpc_result
11-16 10:24:15.299  6684  6747 D tgnet   : message_id 7573267107255681457 connection(0x7dcead211190, account0, dc1, type 1) received rpc_result with 15TL_api_response
11-16 10:24:15.299  6684  6747 D tgnet   : [ConnectionsManager.cpp:1267] message_id 7573267107255681457 connection(0x7dcead211190, account0, dc1, type 1) received rpc_result with 15TL_api_response
11-16 10:24:15.299  6684  6747 D tgnet   : got response for request 0x7dcded26acd0 - 14TL_api_request
11-16 10:24:15.299  6684  6747 D tgnet   : [ConnectionsManager.cpp:1303] got response for request 0x7dcded26acd0 - 14TL_api_request
11-16 10:24:15.299  6684  6747 D tmessages: java received org.telegram.tgnet.TLRPC$TL_updates@9436a4f error = null
11-16 10:24:15.302  6684  6747 D tgnet   : send message (session: 0xabcdc7b422b38492, seqno: 76, messageid: 7573267107929907200  0x6919a64f4d4fe000): 11TL_msgs_ack(0x7dcdfd494980)
11-16 10:24:15.302  6684  6747 D tgnet   : [        Datacenter.cpp:1186] send message (session: 0xabcdc7b422b38492, seqno: 76, messageid: 7573267107929907200  0x6919a64f4d4fe000): 11TL_msgs_ack(0x7dcdfd494980)
11-16 10:24:15.302  6684  6725 D MTProto : requestMsgId=138320391198000 requestingTime=12 request_token=50
11-16 10:24:15.302  6684  6725 D MTProto : req -> TL_messages_getAllDrafts : {}
11-16 10:24:15.302  6684  6725 D MTProto : res -> TL_updates : {"chat_id":0,"chats":[],"date":1763288655,"entities":[],"flags":0,"from_id":0,"id":0,"media_unread":false,"mentioned":false,"out":false,"pts":0,"pts_count":0,"seq":0,"seq_start":0,"silent":false,"ttl_period":0,"updates":[],"user_id":0,"users":[{"access_hash":7207592502733309759,"apply_min_photo":false,"attach_menu_enabled":false,"bot":false,"bot_attach_menu":false,"bot_chat_history":false,"bot_info_version":0,"bot_inline_geo":false,"bot_menu_webview":false,"bot_nochats":false,"contact":true,"deleted":false,"explicit_content":false,"fake":false,"first_name":"U","flags":7255,"flags2":0,"id":777005,"inactive":false,"last_name":"R","min":false,"mutual_contact":true,"premium":false,"restricted":false,"restriction_reason":[],"scam":false,"self":true,"status":{"expires":1763288714},"support":false,"usernames":[],"verified":false}],"via_bot_id":0}
11-16 10:24:15.302  6684  6725 D MTProto :  
11-16 10:24:15.307  6684  6735 D tmessages: send request org.telegram.tgnet.TLRPC$TL_contacts_getStatuses@6b65c61 with token = 51
11-16 10:24:15.307  6684  6735 D tgnet   : called from sendRequest (Android)
11-16 10:24:15.307  6684  6735 D tgnet   : [ConnectionsManager.cpp:1849] called from sendRequest (Android)
11-16 10:24:15.307  6684  6747 D tgnet   : send request 0x7dcded26ad90 - 14TL_api_request
11-16 10:24:15.307  6684  6747 D tgnet   : [ConnectionsManager.cpp:1876] send request 0x7dcded26ad90 - 14TL_api_request
11-16 10:24:15.307  6684  6747 D tgnet   : send request wrapped 0x7dcded26ad90 - 14TL_api_request
11-16 10:24:15.307  6684  6747 D tgnet   : [ConnectionsManager.cpp:1883] send request wrapped 0x7dcded26ad90 - 14TL_api_request
11-16 10:24:15.307  6684  6747 D tgnet   : messageId for token = 51, 0x6919a64f4e978c00
11-16 10:24:15.307  6684  6747 D tgnet   : [ConnectionsManager.cpp:2610] messageId for token = 51, 0x6919a64f4e978c00
11-16 10:24:15.307  6684  6747 D tgnet   : send message (session: 0xabcdc7b422b38492, seqno: 77, messageid: 7573267107951381504  0x6919a64f4e978c00): 14TL_api_request(0x7dcded26ad90)
11-16 10:24:15.307  6684  6747 D tgnet   : [        Datacenter.cpp:1186] send message (session: 0xabcdc7b422b38492, seqno: 77, messageid: 7573267107951381504  0x6919a64f4e978c00): 14TL_api_request(0x7dcded26ad90)
11-16 10:24:15.312  6684  6732 D tmessages: 0 current cached contacts count = 0
11-16 10:24:15.313  6684  6736 D tmessages: start read contacts from phone
11-16 10:24:15.313  6684  6736 D tmessages: app has no contacts permissions
11-16 10:24:15.313  6684  6736 D tmessages: done processing contacts
11-16 10:24:15.314  6684  6747 D tgnet   : received message len 88 (currentPacketLength) equal to packet size
11-16 10:24:15.314  6684  6747 D tgnet   : [        Connection.cpp: 275] received message len 88 (currentPacketLength) equal to packet size
11-16 10:24:15.314  6684  6747 D tgnet   : api request constructor 0x1cb5c415, don't parse
11-16 10:24:15.314  6684  6747 D tgnet   : [ConnectionsManager.cpp:1096] api request constructor 0x1cb5c415, don't parse
11-16 10:24:15.314  6684  6747 D tgnet   : connection(0x7dcead211190, account0, dc1, type 1) received object 13TL_rpc_result
11-16 10:24:15.314  6684  6747 D tgnet   : [ConnectionsManager.cpp:1008] connection(0x7dcead211190, account0, dc1, type 1) received object 13TL_rpc_result
11-16 10:24:15.314  6684  6747 D tgnet   : process server response 0x7dcded2676d0 - 13TL_rpc_result
11-16 10:24:15.314  6684  6747 D tgnet   : [ConnectionsManager.cpp:1122] process server response 0x7dcded2676d0 - 13TL_rpc_result
11-16 10:24:15.314  6684  6747 D tgnet   : message_id 7573267107289235897 connection(0x7dcead211190, account0, dc1, type 1) received rpc_result with 15TL_api_response
11-16 10:24:15.314  6684  6747 D tgnet   : [ConnectionsManager.cpp:1267] message_id 7573267107289235897 connection(0x7dcead211190, account0, dc1, type 1) received rpc_result with 15TL_api_response
11-16 10:24:15.314  6684  6747 D tgnet   : got response for request 0x7dcded26ad90 - 14TL_api_request
11-16 10:24:15.314  6684  6747 D tgnet   : [ConnectionsManager.cpp:1303] got response for request 0x7dcded26ad90 - 14TL_api_request
11-16 10:24:15.314  6684  6747 D tmessages: java received org.telegram.tgnet.TLRPC$Vector@f9c5447 error = null
11-16 10:24:15.315  6684  6747 D tgnet   : send message (session: 0xabcdc7b422b38492, seqno: 78, messageid: 7573267107985741824  0x6919a64f50a3d800): 11TL_msgs_ack(0x7dcdfd494980)
11-16 10:24:15.315  6684  6747 D tgnet   : [        Datacenter.cpp:1186] send message (session: 0xabcdc7b422b38492, seqno: 78, messageid: 7573267107985741824  0x6919a64f50a3d800): 11TL_msgs_ack(0x7dcdfd494980)
11-16 10:24:15.315  6684  6725 D MTProto : requestMsgId=138320391198000 requestingTime=8 request_token=51
11-16 10:24:15.315  6684  6725 D MTProto : req -> TL_contacts_getStatuses : {}
11-16 10:24:15.315  6684  6725 D MTProto : res -> Vector : {"objects":[]}
11-16 10:24:15.315  6684  6725 D MTProto :  
11-16 10:24:15.320   250   275 W NotificationHistory: Attempted to remove conversation for locked/gone/disabled user 0
11-16 10:24:17.163   250  2462 I system_server: oneway function results will be dropped but finished with status OK and parcel size 4
11-16 10:24:17.317  6684  6747 D tgnet   : send message (session: 0xabcdc7b422b38492, seqno: 78, messageid: 7573267116584266752  0x6919a6515126ec00): 24TL_ping_delay_disconnect(0x7dcded268570) ping_id: 12
11-16 10:24:17.317  6684  6747 D tgnet   : [        Datacenter.cpp:1184] send message (session: 0xabcdc7b422b38492, seqno: 78, messageid: 7573267116584266752  0x6919a6515126ec00): 24TL_ping_delay_disconnect(0x7dcded268570) ping_id: 12
11-16 10:24:17.317  6684  6747 D tgnet   : send message (session: 0xabcdc7b422b38492, seqno: 78, messageid: 7573267116584266752  0x6919a6515126ec00): 24TL_ping_delay_disconnect(0x7dcded268570)
11-16 10:24:17.317  6684  6747 D tgnet   : [        Datacenter.cpp:1186] send message (session: 0xabcdc7b422b38492, seqno: 78, messageid: 7573267116584266752  0x6919a6515126ec00): 24TL_ping_delay_disconnect(0x7dcded268570)
11-16 10:24:17.319  6684  6747 D tgnet   : received message len 88 (currentPacketLength) equal to packet size
11-16 10:24:17.319  6684  6747 D tgnet   : [        Connection.cpp: 275] received message len 88 (currentPacketLength) equal to packet size
11-16 10:24:17.319  6684  6747 D tgnet   : connection(0x7dcead211190, account0, dc1, type 1) received object 7TL_pong
11-16 10:24:17.319  6684  6747 D tgnet   : [ConnectionsManager.cpp:1008] connection(0x7dcead211190, account0, dc1, type 1) received object 7TL_pong
11-16 10:24:17.319  6684  6747 D tgnet   : process server response 0x7dcded268570 - 7TL_pong
11-16 10:24:17.319  6684  6747 D tgnet   : [ConnectionsManager.cpp:1122] process server response 0x7dcded268570 - 7TL_pong
11-16 10:24:17.809  6684  6684 D ViewRootImpl[DefaultIcon]: updatePointerIcon called with position out of bounds
11-16 10:24:18.540  6684  6684 I android_os_HwBinder: HwBinder: Starting hwbinderthread pool for getting: vendor.waydroid.window@1.1::IWaydroidWindow/default
11-16 10:24:19.321  6684  6747 D tgnet   : send message (session: 0xabcdc7b422b38492, seqno: 78, messageid: 7573267125191380992  0x6919a653522d1000): 24TL_ping_delay_disconnect(0x7dcded267df0) ping_id: 13
11-16 10:24:19.321  6684  6747 D tgnet   : [        Datacenter.cpp:1184] send message (session: 0xabcdc7b422b38492, seqno: 78, messageid: 7573267125191380992  0x6919a653522d1000): 24TL_ping_delay_disconnect(0x7dcded267df0) ping_id: 13
11-16 10:24:19.321  6684  6747 D tgnet   : send message (session: 0xabcdc7b422b38492, seqno: 78, messageid: 7573267125191380992  0x6919a653522d1000): 24TL_ping_delay_disconnect(0x7dcded267df0)
11-16 10:24:19.321  6684  6747 D tgnet   : [        Datacenter.cpp:1186] send message (session: 0xabcdc7b422b38492, seqno: 78, messageid: 7573267125191380992  0x6919a653522d1000): 24TL_ping_delay_disconnect(0x7dcded267df0)
11-16 10:24:19.323  6684  6747 D tgnet   : received message len 88 (currentPacketLength) equal to packet size
11-16 10:24:19.323  6684  6747 D tgnet   : [        Connection.cpp: 275] received message len 88 (currentPacketLength) equal to packet size
11-16 10:24:19.323  6684  6747 D tgnet   : connection(0x7dcead211190, account0, dc1, type 1) received object 7TL_pong
11-16 10:24:19.323  6684  6747 D tgnet   : [ConnectionsManager.cpp:1008] connection(0x7dcead211190, account0, dc1, type 1) received object 7TL_pong
11-16 10:24:19.323  6684  6747 D tgnet   : process server response 0x7dcded267df0 - 7TL_pong
11-16 10:24:19.323  6684  6747 D tgnet   : [ConnectionsManager.cpp:1122] process server response 0x7dcded267df0 - 7TL_pong
